/Applications/Xcode_16.1.app/Contents/Developer/Toolchains/XcodeDefault.xctoolchain/usr/bin/clang -cc1 -Wundef-prefix\=TARGET_OS_ -fdiagnostics-show-note-include-stack -fmacro-backtrace-limit\=0 -ferror-limit 19 -serialize-diagnostic-file /Users/runner/Library/Developer/Xcode/DerivedData/ClaudeFiles-booopeqlitkdrwgkyxixaicupuay/Build/Intermediates.noindex/ArchiveIntermediates/ClaudeFiles/IntermediateBuildFilesPath/ClaudeFiles.build/Release-iphoneos/ClaudeFiles.build/Objects-normal/arm64/file-8d66762c6ed2c25dc282dd98fe36f0ef.dia -Wdeprecated-objc-isa-usage -Werror\=deprecated-objc-isa-usage -Werror\=implicit-function-declaration -Wnon-modular-include-in-framework-module -Werror\=non-modular-include-in-framework-module -Wno-trigraphs -Wno-missing-field-initializers -Wno-missing-prototypes -Werror\=return-type -Wdocumentation -Wunreachable-code -Wquoted-include-in-framework-header -Werror\=deprecated-objc-isa-usage -Werror\=objc-root-class -Wno-missing-braces -Wparentheses -Wswitch -Wunused-function -Wno-unused-label -Wno-unused-parameter -Wunused-variable -Wunused-value -Wempty-body -Wuninitialized -Wconditional-uninitialized -Wno-unknown-pragmas -Wno-shadow -Wno-four-char-constants -Wno-conversion -Wconstant-conversion -Wint-conversion -Wbool-conversion -Wenum-conversion -Wno-float-conversion -Wnon-literal-null-conversion -Wobjc-literal-conversion -Wshorten-64-to-32 -Wpointer-sign -Wno-newline-eof -Wno-implicit-fallthrough -Wdeprecated-declarations -Wno-sign-conversion -Winfinite-recursion -Wcomma -Wblock-capture-autoreleasing -Wstrict-prototypes -Wno-semicolon-before-method-body -Wunguarded-availability -Wno-unused-variable -Wno-shorten-64-to-32 -Wno-deprecated-declarations -Wno-unused-function -Wno-format -Wno-comma -Wno-incompatible-pointer-types-discards-qualifiers -Wno-strict-prototypes -Wno-reorder-init-list -Wno-implicit-int-float-conversion -Wno-c99-designator -Wno-final-dtor-non-final-class -Wno-extra-semi-stmt -Wno-misleading-indentation -Wno-implicit-fallthrough -Wno-enum-enum-conversion -Wno-enum-float-conversion -Wno-elaborated-enum-base -Wno-reserved-identifier -Wno-gnu-folding-constant -fmodule-map-file\=/Applications/Xcode_16.1.app/Contents/Developer/Platforms/iPhoneOS.platform/Developer/SDKs/iPhoneOS.sdk/usr/include/c_standard_library.modulemap -fmodule-map-file\=/Applications/Xcode_16.1.app/Contents/Developer/Platforms/iPhoneOS.platform/Developer/SDKs/iPhoneOS.sdk/usr/include/c_standard_library.modulemap -fmodule-map-file\=/Applications/Xcode_16.1.app/Contents/Developer/Toolchains/XcodeDefault.xctoolchain/usr/lib/clang/16/include/module.modulemap -fmodule-map-file\=/Applications/Xcode_16.1.app/Contents/Developer/Toolchains/XcodeDefault.xctoolchain/usr/lib/clang/16/include/module.modulemap -fmodule-map-file\=/Applications/Xcode_16.1.app/Contents/Developer/Platforms/iPhoneOS.platform/Developer/SDKs/iPhoneOS.sdk/usr/include/DarwinBasic.modulemap -fmodule-map-file\=/Applications/Xcode_16.1.app/Contents/Developer/Platforms/iPhoneOS.platform/Developer/SDKs/iPhoneOS.sdk/usr/include/Darwin.modulemap -o /Users/runner/Library/Developer/Xcode/DerivedData/ClaudeFiles-booopeqlitkdrwgkyxixaicupuay/Build/Intermediates.noindex/ArchiveIntermediates/ClaudeFiles/IntermediateBuildFilesPath/ClaudeFiles.build/Release-iphoneos/ClaudeFiles.build/Objects-normal/arm64/file-8d66762c6ed2c25dc282dd98fe36f0ef.o -disable-free -emit-obj -x c /Users/runner/work/ClaudeFiles/ClaudeFiles/ClaudeFiles/FilzaJailedDS-SSV-Bypass/utils/file.c -target-abi darwinpcs -target-cpu apple-a7 -target-feature +v8a -target-feature +aes -target-feature +fp-armv8 -target-feature +sha2 -target-feature +neon -target-feature +zcm -target-feature +zcz -triple arm64-apple-ios16.0.0 -target-linker-version 1115.7.3 -target-sdk-version\=18.1 -fmodules-validate-system-headers -fno-modulemap-allow-subdirectory-search -isysroot /Applications/Xcode_16.1.app/Contents/Developer/Platforms/iPhoneOS.platform/Developer/SDKs/iPhoneOS18.1.sdk -resource-dir /Applications/Xcode_16.1.app/Contents/Developer/Toolchains/XcodeDefault.xctoolchain/usr/lib/clang/16 -fmodule-format\=obj -fmodule-file\=Darwin\=/Users/runner/Library/Developer/Xcode/DerivedData/ClaudeFiles-booopeqlitkdrwgkyxixaicupuay/Build/Intermediates.noindex/ArchiveIntermediates/ClaudeFiles/IntermediateBuildFilesPath/ExplicitPrecompiledModules/Darwin-COT7K8GGHLREC37DHP0X0E15Q.pcm -fmodule-file\=_Builtin_stdbool\=/Users/runner/Library/Developer/Xcode/DerivedData/ClaudeFiles-booopeqlitkdrwgkyxixaicupuay/Build/Intermediates.noindex/ArchiveIntermediates/ClaudeFiles/IntermediateBuildFilesPath/ExplicitPrecompiledModules/_Builtin_stdbool-C7K6GWKHFZFLHIMXKBYGYW5P1.pcm -fmodule-file\=_Builtin_stdint\=/Users/runner/Library/Developer/Xcode/DerivedData/ClaudeFiles-booopeqlitkdrwgkyxixaicupuay/Build/Intermediates.noindex/ArchiveIntermediates/ClaudeFiles/IntermediateBuildFilesPath/ExplicitPrecompiledModules/_Builtin_stdint-ADHF6I6G8W6YCXLLFU2L5YLQ4.pcm -fmodule-file\=_stdio\=/Users/runner/Library/Developer/Xcode/DerivedData/ClaudeFiles-booopeqlitkdrwgkyxixaicupuay/Build/Intermediates.noindex/ArchiveIntermediates/ClaudeFiles/IntermediateBuildFilesPath/ExplicitPrecompiledModules/_stdio-8X9QF2A38P5VPKQT9GHP1DVX4.pcm -fmodule-file\=_stdlib\=/Users/runner/Library/Developer/Xcode/DerivedData/ClaudeFiles-booopeqlitkdrwgkyxixaicupuay/Build/Intermediates.noindex/ArchiveIntermediates/ClaudeFiles/IntermediateBuildFilesPath/ExplicitPrecompiledModules/_stdlib-1DGJ9QEK2CNM6D0JRBI8UT4KH.pcm -fmodule-file\=unistd\=/Users/runner/Library/Developer/Xcode/DerivedData/ClaudeFiles-booopeqlitkdrwgkyxixaicupuay/Build/Intermediates.noindex/ArchiveIntermediates/ClaudeFiles/IntermediateBuildFilesPath/ExplicitPrecompiledModules/unistd-D06ILPWOCA89SSV8WV9WXILL8.pcm -I /Users/runner/Library/Developer/Xcode/DerivedData/ClaudeFiles-booopeqlitkdrwgkyxixaicupuay/Build/Intermediates.noindex/ArchiveIntermediates/ClaudeFiles/IntermediateBuildFilesPath/ClaudeFiles.build/Release-iphoneos/ClaudeFiles.build/ClaudeFiles-own-target-headers.hmap -I /Users/runner/Library/Developer/Xcode/DerivedData/ClaudeFiles-booopeqlitkdrwgkyxixaicupuay/Build/Intermediates.noindex/ArchiveIntermediates/ClaudeFiles/IntermediateBuildFilesPath/ClaudeFiles.build/Release-iphoneos/ClaudeFiles.build/ClaudeFiles-all-target-headers.hmap -I /Users/runner/Library/Developer/Xcode/DerivedData/ClaudeFiles-booopeqlitkdrwgkyxixaicupuay/Build/Intermediates.noindex/ArchiveIntermediates/ClaudeFiles/BuildProductsPath/Release-iphoneos/include -I /Users/runner/work/ClaudeFiles/ClaudeFiles/ClaudeFiles/FilzaJailedDS-SSV-Bypass -I /Users/runner/work/ClaudeFiles/ClaudeFiles/ClaudeFiles/FilzaJailedDS-SSV-Bypass/kexploit -I /Users/runner/work/ClaudeFiles/ClaudeFiles/ClaudeFiles/FilzaJailedDS-SSV-Bypass/kpf -I /Users/runner/work/ClaudeFiles/ClaudeFiles/ClaudeFiles/FilzaJailedDS-SSV-Bypass/SSV -I /Users/runner/work/ClaudeFiles/ClaudeFiles/ClaudeFiles/FilzaJailedDS-SSV-Bypass/utils -I /Users/runner/work/ClaudeFiles/ClaudeFiles/ClaudeFiles/FilzaJailedDS-SSV-Bypass/XPF/src -I /Users/runner/work/ClaudeFiles/ClaudeFiles/ClaudeFiles/FilzaJailedDS-SSV-Bypass/XPF/external/ChOma/src -I /Users/runner/work/ClaudeFiles/ClaudeFiles/ClaudeFiles/FilzaJailedDS-SSV-Bypass/XPF/external/ChOma/include -I /Users/runner/work/ClaudeFiles/ClaudeFiles/ClaudeFiles/FilzaJailedDS-SSV-Bypass/shims -I /Users/runner/Library/Developer/Xcode/DerivedData/ClaudeFiles-booopeqlitkdrwgkyxixaicupuay/Build/Intermediates.noindex/ArchiveIntermediates/ClaudeFiles/IntermediateBuildFilesPath/ClaudeFiles.build/Release-iphoneos/ClaudeFiles.build/DerivedSources-normal/arm64 -I /Users/runner/Library/Developer/Xcode/DerivedData/ClaudeFiles-booopeqlitkdrwgkyxixaicupuay/Build/Intermediates.noindex/ArchiveIntermediates/ClaudeFiles/IntermediateBuildFilesPath/ClaudeFiles.build/Release-iphoneos/ClaudeFiles.build/DerivedSources/arm64 -I /Users/runner/Library/Developer/Xcode/DerivedData/ClaudeFiles-booopeqlitkdrwgkyxixaicupuay/Build/Intermediates.noindex/ArchiveIntermediates/ClaudeFiles/IntermediateBuildFilesPath/ClaudeFiles.build/Release-iphoneos/ClaudeFiles.build/DerivedSources -F /Users/runner/Library/Developer/Xcode/DerivedData/ClaudeFiles-booopeqlitkdrwgkyxixaicupuay/Build/Intermediates.noindex/ArchiveIntermediates/ClaudeFiles/BuildProductsPath/Release-iphoneos -iquote /Users/runner/Library/Developer/Xcode/DerivedData/ClaudeFiles-booopeqlitkdrwgkyxixaicupuay/Build/Intermediates.noindex/ArchiveIntermediates/ClaudeFiles/IntermediateBuildFilesPath/ClaudeFiles.build/Release-iphoneos/ClaudeFiles.build/ClaudeFiles-generated-files.hmap -iquote /Users/runner/Library/Developer/Xcode/DerivedData/ClaudeFiles-booopeqlitkdrwgkyxixaicupuay/Build/Intermediates.noindex/ArchiveIntermediates/ClaudeFiles/IntermediateBuildFilesPath/ClaudeFiles.build/Release-iphoneos/ClaudeFiles.build/ClaudeFiles-project-headers.hmap -isystem /Applications/Xcode_16.1.app/Contents/Developer/Platforms/iPhoneOS.platform/Developer/SDKs/iPhoneOS18.1.sdk/usr/local/include -isystem /Applications/Xcode_16.1.app/Contents/Developer/Toolchains/XcodeDefault.xctoolchain/usr/lib/clang/16/include -internal-externc-isystem /Applications/Xcode_16.1.app/Contents/Developer/Platforms/iPhoneOS.platform/Developer/SDKs/iPhoneOS18.1.sdk/usr/include -internal-externc-isystem /Applications/Xcode_16.1.app/Contents/Developer/Toolchains/XcodeDefault.xctoolchain/usr/include -ivfsstatcache /Users/runner/Library/Developer/Xcode/DerivedData/SDKStatCaches.noindex/iphoneos18.1-22B74-a5999746ac4ace560a5a822e68842f47.sdkstatcache -std\=gnu11 -fmodules -fno-implicit-modules -fmax-type-align\=16 -fpascal-strings -fstack-check -fvisibility\=hidden -fvisibility-inlines-hidden-static-local-var -mdarwin-stkchk-strong-link -fno-odr-hash-protocols -pic-level 2 -fencode-extended-block-signature -stack-protector 1 -fgnuc-version\=4.2.1 -fblocks -ffp-contract\=on -fclang-abi-compat\=4.0 -fno-experimental-relative-c++-abi-vtables -fno-file-reproducible -clang-vendor-feature\=+disableNonDependentMemberExprInCurrentInstantiation -clang-vendor-feature\=+enableAggressiveVLAFolding -clang-vendor-feature\=+revert09abecef7bbf -clang-vendor-feature\=+thisNoAlignAttr -clang-vendor-feature\=+thisNoNullAttr -clang-vendor-feature\=+disableAtImportPrivateFrameworkInImplementationError -O2 -fdebug-compilation-dir\=/Users/runner/work/ClaudeFiles/ClaudeFiles -fcoverage-compilation-dir\=/Users/runner/work/ClaudeFiles/ClaudeFiles -fobjc-msgsend-selector-stubs -fregister-global-dtors-with-atexit -fno-strict-return -dwarf-version\=4 -debugger-tuning\=lldb -disable-llvm-verifier -dwarf-ext-refs -mframe-pointer\=non-leaf -funwind-tables\=1 -vectorize-loops -vectorize-slp -clear-ast-before-backend -discard-value-names -main-file-name file.c -finline-functions -debug-info-kind\=standalone -Os -fdiagnostics-hotness-threshold\=0 -fdiagnostics-misexpect-tolerance\=0 -D __GCC_HAVE_DWARF2_CFI_ASM\=1 -MT dependencies -dependency-file /Users/runner/Library/Developer/Xcode/DerivedData/ClaudeFiles-booopeqlitkdrwgkyxixaicupuay/Build/Intermediates.noindex/ArchiveIntermediates/ClaudeFiles/IntermediateBuildFilesPath/ClaudeFiles.build/Release-iphoneos/ClaudeFiles.build/Objects-normal/arm64/file-8d66762c6ed2c25dc282dd98fe36f0ef.d -skip-unused-modulemap-deps
/Applications/Xcode_16.1.app/Contents/Developer/Toolchains/XcodeDefault.xctoolchain/usr/bin/clang -cc1 -Wundef-prefix\=TARGET_OS_ -fdiagnostics-show-note-include-stack -fmacro-backtrace-limit\=0 -ferror-limit 19 -serialize-diagnostic-file /Users/runner/Library/Developer/Xcode/DerivedData/ClaudeFiles-booopeqlitkdrwgkyxixaicupuay/Build/Intermediates.noindex/ArchiveIntermediates/ClaudeFiles/IntermediateBuildFilesPath/ClaudeFiles.build/Release-iphoneos/ClaudeFiles.build/Objects-normal/arm64/file-46ab04de521606a6184b6e9b8c8a7e1b.dia -Wdeprecated-objc-isa-usage -Werror\=deprecated-objc-isa-usage -Werror\=implicit-function-declaration -Wnon-modular-include-in-framework-module -Werror\=non-modular-include-in-framework-module -Wno-trigraphs -Wno-missing-field-initializers -Wno-missing-prototypes -Werror\=return-type -Wdocumentation -Wunreachable-code -Wquoted-include-in-framework-header -Wno-implicit-atomic-properties -Werror\=deprecated-objc-isa-usage -Wno-objc-interface-ivars -Werror\=objc-root-class -Wno-arc-repeated-use-of-weak -Wimplicit-retain-self -Wduplicate-method-match -Wno-missing-braces -Wparentheses -Wswitch -Wunused-function -Wno-unused-label -Wno-unused-parameter -Wunused-variable -Wunused-value -Wempty-body -Wuninitialized -Wconditional-uninitialized -Wno-unknown-pragmas -Wno-shadow -Wno-four-char-constants -Wno-conversion -Wconstant-conversion -Wint-conversion -Wbool-conversion -Wenum-conversion -Wno-float-conversion -Wnon-literal-null-conversion -Wobjc-literal-conversion -Wshorten-64-to-32 -Wpointer-sign -Wno-newline-eof -Wno-selector -Wno-strict-selector-match -Wundeclared-selector -Wdeprecated-implementations -Wno-implicit-fallthrough -Wprotocol -Wdeprecated-declarations -Wno-sign-conversion -Winfinite-recursion -Wcomma -Wblock-capture-autoreleasing -Wstrict-prototypes -Wno-semicolon-before-method-body -Wunguarded-availability -Wno-unused-variable -Wno-shorten-64-to-32 -Wno-deprecated-declarations -Wno-unused-function -Wno-format -Wno-comma -Wno-incompatible-pointer-types-discards-qualifiers -Wno-strict-prototypes -Wno-reorder-init-list -Wno-implicit-int-float-conversion -Wno-c99-designator -Wno-final-dtor-non-final-class -Wno-extra-semi-stmt -Wno-misleading-indentation -Wno-implicit-fallthrough -Wno-enum-enum-conversion -Wno-enum-float-conversion -Wno-elaborated-enum-base -Wno-reserved-identifier -Wno-gnu-folding-constant -fmodule-map-file\=/Applications/Xcode_16.1.app/Contents/Developer/Platforms/iPhoneOS.platform/Developer/SDKs/iPhoneOS.sdk/usr/include/c_standard_library.modulemap -fmodule-map-file\=/Applications/Xcode_16.1.app/Contents/Developer/Platforms/iPhoneOS.platform/Developer/SDKs/iPhoneOS.sdk/usr/include/c_standard_library.modulemap -fmodule-map-file\=/Applications/Xcode_16.1.app/Contents/Developer/Toolchains/XcodeDefault.xctoolchain/usr/lib/clang/16/include/module.modulemap -fmodule-map-file\=/Applications/Xcode_16.1.app/Contents/Developer/Toolchains/XcodeDefault.xctoolchain/usr/lib/clang/16/include/module.modulemap -fmodule-map-file\=/Applications/Xcode_16.1.app/Contents/Developer/Platforms/iPhoneOS.platform/Developer/SDKs/iPhoneOS.sdk/usr/include/DarwinBasic.modulemap -fmodule-map-file\=/Applications/Xcode_16.1.app/Contents/Developer/Platforms/iPhoneOS.platform/Developer/SDKs/iPhoneOS.sdk/usr/include/Darwin.modulemap -fmodule-map-file\=/Applications/Xcode_16.1.app/Contents/Developer/Platforms/iPhoneOS.platform/Developer/SDKs/iPhoneOS.sdk/System/Library/Frameworks/Foundation.framework/Modules/module.modulemap -fmodule-map-file\=/Applications/Xcode_16.1.app/Contents/Developer/Platforms/iPhoneOS.platform/Developer/SDKs/iPhoneOS.sdk/System/Library/Frameworks/UIKit.framework/Modules/module.modulemap -o /Users/runner/Library/Developer/Xcode/DerivedData/ClaudeFiles-booopeqlitkdrwgkyxixaicupuay/Build/Intermediates.noindex/ArchiveIntermediates/ClaudeFiles/IntermediateBuildFilesPath/ClaudeFiles.build/Release-iphoneos/ClaudeFiles.build/Objects-normal/arm64/file-46ab04de521606a6184b6e9b8c8a7e1b.o -disable-free -emit-obj -x objective-c /Users/runner/work/ClaudeFiles/ClaudeFiles/ClaudeFiles/FilzaJailedDS-SSV-Bypass/kexploit/file.m -target-abi darwinpcs -target-cpu apple-a7 -target-feature +v8a -target-feature +aes -target-feature +fp-armv8 -target-feature +sha2 -target-feature +neon -target-feature +zcm -target-feature +zcz -triple arm64-apple-ios16.0.0 -target-linker-version 1115.7.3 -target-sdk-version\=18.1 -fmodules-validate-system-headers -fno-modulemap-allow-subdirectory-search -isysroot /Applications/Xcode_16.1.app/Contents/Developer/Platforms/iPhoneOS.platform/Developer/SDKs/iPhoneOS18.1.sdk -resource-dir /Applications/Xcode_16.1.app/Contents/Developer/Toolchains/XcodeDefault.xctoolchain/usr/lib/clang/16 -fmodule-format\=obj -fmodule-file\=Darwin\=/Users/runner/Library/Developer/Xcode/DerivedData/ClaudeFiles-booopeqlitkdrwgkyxixaicupuay/Build/Intermediates.noindex/ArchiveIntermediates/ClaudeFiles/IntermediateBuildFilesPath/ExplicitPrecompiledModules/Darwin-CDBBDOWQKITLCUQ9B0MA5IAZ5.pcm -fmodule-file\=Foundation\=/Users/runner/Library/Developer/Xcode/DerivedData/ClaudeFiles-booopeqlitkdrwgkyxixaicupuay/Build/Intermediates.noindex/ArchiveIntermediates/ClaudeFiles/IntermediateBuildFilesPath/ExplicitPrecompiledModules/Foundation-4K90496DFYLZPYYOOTZY0E5CG.pcm -fmodule-file\=UIKit\=/Users/runner/Library/Developer/Xcode/DerivedData/ClaudeFiles-booopeqlitkdrwgkyxixaicupuay/Build/Intermediates.noindex/ArchiveIntermediates/ClaudeFiles/IntermediateBuildFilesPath/ExplicitPrecompiledModules/UIKit-2D0A5BOLV43QACMZD528CHGTV.pcm -fmodule-file\=_Builtin_stdbool\=/Users/runner/Library/Developer/Xcode/DerivedData/ClaudeFiles-booopeqlitkdrwgkyxixaicupuay/Build/Intermediates.noindex/ArchiveIntermediates/ClaudeFiles/IntermediateBuildFilesPath/ExplicitPrecompiledModules/_Builtin_stdbool-1HTZJEEL3OAGQ5TUPFOB7Z6L.pcm -fmodule-file\=_Builtin_stdint\=/Users/runner/Library/Developer/Xcode/DerivedData/ClaudeFiles-booopeqlitkdrwgkyxixaicupuay/Build/Intermediates.noindex/ArchiveIntermediates/ClaudeFiles/IntermediateBuildFilesPath/ExplicitPrecompiledModules/_Builtin_stdint-PTF71O9LC87KRQK8W857TSRW.pcm -fmodule-file\=_stdio\=/Users/runner/Library/Developer/Xcode/DerivedData/ClaudeFiles-booopeqlitkdrwgkyxixaicupuay/Build/Intermediates.noindex/ArchiveIntermediates/ClaudeFiles/IntermediateBuildFilesPath/ExplicitPrecompiledModules/_stdio-A5AB7F671YU53HWR043WNHOQ1.pcm -fmodule-file\=_stdlib\=/Users/runner/Library/Developer/Xcode/DerivedData/ClaudeFiles-booopeqlitkdrwgkyxixaicupuay/Build/Intermediates.noindex/ArchiveIntermediates/ClaudeFiles/IntermediateBuildFilesPath/ExplicitPrecompiledModules/_stdlib-94EEJ4LE5XUDPZG9SWVW0AM3F.pcm -fmodule-file\=unistd\=/Users/runner/Library/Developer/Xcode/DerivedData/ClaudeFiles-booopeqlitkdrwgkyxixaicupuay/Build/Intermediates.noindex/ArchiveIntermediates/ClaudeFiles/IntermediateBuildFilesPath/ExplicitPrecompiledModules/unistd-2E1RRGMSAOQKIO8FIC6G908YI.pcm -I /Users/runner/Library/Developer/Xcode/DerivedData/ClaudeFiles-booopeqlitkdrwgkyxixaicupuay/Build/Intermediates.noindex/ArchiveIntermediates/ClaudeFiles/IntermediateBuildFilesPath/ClaudeFiles.build/Release-iphoneos/ClaudeFiles.build/ClaudeFiles-own-target-headers.hmap -I /Users/runner/Library/Developer/Xcode/DerivedData/ClaudeFiles-booopeqlitkdrwgkyxixaicupuay/Build/Intermediates.noindex/ArchiveIntermediates/ClaudeFiles/IntermediateBuildFilesPath/ClaudeFiles.build/Release-iphoneos/ClaudeFiles.build/ClaudeFiles-all-target-headers.hmap -I /Users/runner/Library/Developer/Xcode/DerivedData/ClaudeFiles-booopeqlitkdrwgkyxixaicupuay/Build/Intermediates.noindex/ArchiveIntermediates/ClaudeFiles/BuildProductsPath/Release-iphoneos/include -I /Users/runner/work/ClaudeFiles/ClaudeFiles/ClaudeFiles/FilzaJailedDS-SSV-Bypass -I /Users/runner/work/ClaudeFiles/ClaudeFiles/ClaudeFiles/FilzaJailedDS-SSV-Bypass/kexploit -I /Users/runner/work/ClaudeFiles/ClaudeFiles/ClaudeFiles/FilzaJailedDS-SSV-Bypass/kpf -I /Users/runner/work/ClaudeFiles/ClaudeFiles/ClaudeFiles/FilzaJailedDS-SSV-Bypass/SSV -I /Users/runner/work/ClaudeFiles/ClaudeFiles/ClaudeFiles/FilzaJailedDS-SSV-Bypass/utils -I /Users/runner/work/ClaudeFiles/ClaudeFiles/ClaudeFiles/FilzaJailedDS-SSV-Bypass/XPF/src -I /Users/runner/work/ClaudeFiles/ClaudeFiles/ClaudeFiles/FilzaJailedDS-SSV-Bypass/XPF/external/ChOma/src -I /Users/runner/work/ClaudeFiles/ClaudeFiles/ClaudeFiles/FilzaJailedDS-SSV-Bypass/XPF/external/ChOma/include -I /Users/runner/work/ClaudeFiles/ClaudeFiles/ClaudeFiles/FilzaJailedDS-SSV-Bypass/shims -I /Users/runner/Library/Developer/Xcode/DerivedData/ClaudeFiles-booopeqlitkdrwgkyxixaicupuay/Build/Intermediates.noindex/ArchiveIntermediates/ClaudeFiles/IntermediateBuildFilesPath/ClaudeFiles.build/Release-iphoneos/ClaudeFiles.build/DerivedSources-normal/arm64 -I /Users/runner/Library/Developer/Xcode/DerivedData/ClaudeFiles-booopeqlitkdrwgkyxixaicupuay/Build/Intermediates.noindex/ArchiveIntermediates/ClaudeFiles/IntermediateBuildFilesPath/ClaudeFiles.build/Release-iphoneos/ClaudeFiles.build/DerivedSources/arm64 -I /Users/runner/Library/Developer/Xcode/DerivedData/ClaudeFiles-booopeqlitkdrwgkyxixaicupuay/Build/Intermediates.noindex/ArchiveIntermediates/ClaudeFiles/IntermediateBuildFilesPath/ClaudeFiles.build/Release-iphoneos/ClaudeFiles.build/DerivedSources -F /Users/runner/Library/Developer/Xcode/DerivedData/ClaudeFiles-booopeqlitkdrwgkyxixaicupuay/Build/Intermediates.noindex/ArchiveIntermediates/ClaudeFiles/BuildProductsPath/Release-iphoneos -iquote /Users/runner/Library/Developer/Xcode/DerivedData/ClaudeFiles-booopeqlitkdrwgkyxixaicupuay/Build/Intermediates.noindex/ArchiveIntermediates/ClaudeFiles/IntermediateBuildFilesPath/ClaudeFiles.build/Release-iphoneos/ClaudeFiles.build/ClaudeFiles-generated-files.hmap -iquote /Users/runner/Library/Developer/Xcode/DerivedData/ClaudeFiles-booopeqlitkdrwgkyxixaicupuay/Build/Intermediates.noindex/ArchiveIntermediates/ClaudeFiles/IntermediateBuildFilesPath/ClaudeFiles.build/Release-iphoneos/ClaudeFiles.build/ClaudeFiles-project-headers.hmap -isystem /Applications/Xcode_16.1.app/Contents/Developer/Platforms/iPhoneOS.platform/Developer/SDKs/iPhoneOS18.1.sdk/usr/local/include -isystem /Applications/Xcode_16.1.app/Contents/Developer/Toolchains/XcodeDefault.xctoolchain/usr/lib/clang/16/include -internal-externc-isystem /Applications/Xcode_16.1.app/Contents/Developer/Platforms/iPhoneOS.platform/Developer/SDKs/iPhoneOS18.1.sdk/usr/include -internal-externc-isystem /Applications/Xcode_16.1.app/Contents/Developer/Toolchains/XcodeDefault.xctoolchain/usr/include -ivfsstatcache /Users/runner/Library/Developer/Xcode/DerivedData/SDKStatCaches.noindex/iphoneos18.1-22B74-a5999746ac4ace560a5a822e68842f47.sdkstatcache -std\=gnu11 -fexceptions -fmodules -fno-implicit-modules -fobjc-exceptions -fmax-type-align\=16 -fpascal-strings -fstack-check -fvisibility\=hidden -fvisibility-inlines-hidden-static-local-var -mdarwin-stkchk-strong-link -fno-odr-hash-protocols -pic-level 2 -fencode-extended-block-signature -stack-protector 1 -fobjc-runtime\=ios-16.0.0 -fobjc-arc -fobjc-runtime-has-weak -fobjc-weak -fgnuc-version\=4.2.1 -fblocks -ffp-contract\=on -fclang-abi-compat\=4.0 -fno-experimental-relative-c++-abi-vtables -fno-file-reproducible -clang-vendor-feature\=+disableNonDependentMemberExprInCurrentInstantiation -clang-vendor-feature\=+enableAggressiveVLAFolding -clang-vendor-feature\=+revert09abecef7bbf -clang-vendor-feature\=+thisNoAlignAttr -clang-vendor-feature\=+thisNoNullAttr -clang-vendor-feature\=+disableAtImportPrivateFrameworkInImplementationError -O2 -fdebug-compilation-dir\=/Users/runner/work/ClaudeFiles/ClaudeFiles -fcoverage-compilation-dir\=/Users/runner/work/ClaudeFiles/ClaudeFiles -fobjc-msgsend-selector-stubs -fregister-global-dtors-with-atexit -fno-strict-return -dwarf-version\=4 -debugger-tuning\=lldb -disable-llvm-verifier -dwarf-ext-refs -mframe-pointer\=non-leaf -funwind-tables\=1 -vectorize-loops -vectorize-slp -clear-ast-before-backend -discard-value-names -main-file-name file.m -finline-functions -debug-info-kind\=standalone -Os -fdiagnostics-hotness-threshold\=0 -fdiagnostics-misexpect-tolerance\=0 -D NS_BLOCK_ASSERTIONS\=1 -D OBJC_OLD_DISPATCH_PROTOTYPES\=0 -D __GCC_HAVE_DWARF2_CFI_ASM\=1 -MT dependencies -dependency-file /Users/runner/Library/Developer/Xcode/DerivedData/ClaudeFiles-booopeqlitkdrwgkyxixaicupuay/Build/Intermediates.noindex/ArchiveIntermediates/ClaudeFiles/IntermediateBuildFilesPath/ClaudeFiles.build/Release-iphoneos/ClaudeFiles.build/Objects-normal/arm64/file-46ab04de521606a6184b6e9b8c8a7e1b.d -skip-unused-modulemap-deps
/Applications/Xcode_16.1.app/Contents/Developer/Toolchains/XcodeDefault.xctoolchain/usr/bin/clang -cc1 -fdiagnostics-show-note-include-stack -fmacro-backtrace-limit\=0 -ferror-limit 19 -serialize-diagnostic-file /Users/runner/Library/Developer/Xcode/DerivedData/ClaudeFiles-booopeqlitkdrwgkyxixaicupuay/Build/Intermediates.noindex/ArchiveIntermediates/ClaudeFiles/IntermediateBuildFilesPath/ExplicitPrecompiledModules/Compression-4CR9MH9QCADSIS5P0U7XU8K3L.dia -fsystem-module -fmodule-map-file\=/Applications/Xcode_16.1.app/Contents/Developer/Platforms/iPhoneOS.platform/Developer/SDKs/iPhoneOS18.1.sdk/usr/include/Darwin.modulemap -fmodule-map-file\=/Applications/Xcode_16.1.app/Contents/Developer/Platforms/iPhoneOS.platform/Developer/SDKs/iPhoneOS18.1.sdk/usr/include/DarwinBasic.modulemap -fmodule-map-file\=/Applications/Xcode_16.1.app/Contents/Developer/Platforms/iPhoneOS.platform/Developer/SDKs/iPhoneOS18.1.sdk/usr/include/os_availability.modulemap -fmodule-map-file\=/Applications/Xcode_16.1.app/Contents/Developer/Toolchains/XcodeDefault.xctoolchain/usr/lib/clang/16/include/module.modulemap -o /Users/runner/Library/Developer/Xcode/DerivedData/ClaudeFiles-booopeqlitkdrwgkyxixaicupuay/Build/Intermediates.noindex/ArchiveIntermediates/ClaudeFiles/IntermediateBuildFilesPath/ExplicitPrecompiledModules/Compression-4CR9MH9QCADSIS5P0U7XU8K3L.pcm -disable-free -emit-module -x c /Applications/Xcode_16.1.app/Contents/Developer/Platforms/iPhoneOS.platform/Developer/SDKs/iPhoneOS.sdk/usr/include/compression.modulemap -target-abi darwinpcs -target-cpu apple-a7 -target-feature +v8a -target-feature +aes -target-feature +fp-armv8 -target-feature +sha2 -target-feature +neon -target-feature +zcm -target-feature +zcz -triple arm64-apple-ios16.0.0 -target-linker-version 1115.7.3 -target-sdk-version\=18.1 -fmodules-validate-system-headers -fno-modules-prune-non-affecting-module-map-files -fno-modulemap-allow-subdirectory-search -isysroot /Applications/Xcode_16.1.app/Contents/Developer/Platforms/iPhoneOS.platform/Developer/SDKs/iPhoneOS18.1.sdk -resource-dir /Applications/Xcode_16.1.app/Contents/Developer/Toolchains/XcodeDefault.xctoolchain/usr/lib/clang/16 -fmodule-format\=obj -fmodule-file\=Darwin\=/Users/runner/Library/Developer/Xcode/DerivedData/ClaudeFiles-booopeqlitkdrwgkyxixaicupuay/Build/Intermediates.noindex/ArchiveIntermediates/ClaudeFiles/IntermediateBuildFilesPath/ExplicitPrecompiledModules/Darwin-COT7K8GGHLREC37DHP0X0E15Q.pcm -fmodule-file\=_Builtin_stdint\=/Users/runner/Library/Developer/Xcode/DerivedData/ClaudeFiles-booopeqlitkdrwgkyxixaicupuay/Build/Intermediates.noindex/ArchiveIntermediates/ClaudeFiles/IntermediateBuildFilesPath/ExplicitPrecompiledModules/_Builtin_stdint-ADHF6I6G8W6YCXLLFU2L5YLQ4.pcm -fmodule-file\=os_availability\=/Users/runner/Library/Developer/Xcode/DerivedData/ClaudeFiles-booopeqlitkdrwgkyxixaicupuay/Build/Intermediates.noindex/ArchiveIntermediates/ClaudeFiles/IntermediateBuildFilesPath/ExplicitPrecompiledModules/os_availability-BEW3JUTMJFVYZY456Z92S5KXV.pcm -fmodule-file\=sys_types\=/Users/runner/Library/Developer/Xcode/DerivedData/ClaudeFiles-booopeqlitkdrwgkyxixaicupuay/Build/Intermediates.noindex/ArchiveIntermediates/ClaudeFiles/IntermediateBuildFilesPath/ExplicitPrecompiledModules/sys_types-7YDZ4PQ40JAXREB94IZZCB6XH.pcm -isystem /Applications/Xcode_16.1.app/Contents/Developer/Toolchains/XcodeDefault.xctoolchain/usr/lib/clang/16/include -internal-externc-isystem /Applications/Xcode_16.1.app/Contents/Developer/Platforms/iPhoneOS.platform/Developer/SDKs/iPhoneOS18.1.sdk/usr/include -ivfsstatcache /Users/runner/Library/Developer/Xcode/DerivedData/SDKStatCaches.noindex/iphoneos18.1-22B74-a5999746ac4ace560a5a822e68842f47.sdkstatcache -std\=gnu11 -fmodules -fmodule-name\=Compression -fmodules-search-all -fno-implicit-modules -fmax-type-align\=16 -fstack-check -mdarwin-stkchk-strong-link -fno-odr-hash-protocols -pic-level 2 -disable-objc-default-synthesize-properties -stack-protector 1 -fgnuc-version\=4.2.1 -fblocks -ffp-contract\=off -fclang-abi-compat\=4.0 -fno-experimental-relative-c++-abi-vtables -fno-file-reproducible -clang-vendor-feature\=+disableNonDependentMemberExprInCurrentInstantiation -clang-vendor-feature\=+enableAggressiveVLAFolding -clang-vendor-feature\=+revert09abecef7bbf -clang-vendor-feature\=+thisNoAlignAttr -clang-vendor-feature\=+thisNoNullAttr -clang-vendor-feature\=+disableAtImportPrivateFrameworkInImplementationError -O2 -fcommon -fno-sanitize-address-use-odr-indicator -fno-sanitize-memory-param-retval -fmerge-all-constants -fno-verbose-asm -fregister-global-dtors-with-atexit -fno-use-init-array -funique-basic-block-section-names -dwarf-version\=4 -debugger-tuning\=lldb -llvm-verify-each -dwarf-ext-refs -no-struct-path-tbaa -fexperimental-assignment-tracking\=disabled -no-enable-noundef-analysis -stack-protector-buffer-size 0 -finline-functions -debug-info-kind\=standalone -Os -fno-unroll-loops -fdiagnostics-hotness-threshold\=0 -fdiagnostics-misexpect-tolerance\=0 -fno-split-cold-code -D __GCC_HAVE_DWARF2_CFI_ASM\=1 -MT moduledependenciestarget -dependency-file /Users/runner/Library/Developer/Xcode/DerivedData/ClaudeFiles-booopeqlitkdrwgkyxixaicupuay/Build/Intermediates.noindex/ArchiveIntermediates/ClaudeFiles/IntermediateBuildFilesPath/ExplicitPrecompiledModules/Compression-4CR9MH9QCADSIS5P0U7XU8K3L.d -skip-unused-modulemap-deps
/Applications/Xcode_16.1.app/Contents/Developer/Toolchains/XcodeDefault.xctoolchain/usr/bin/clang -cc1 -Wundef-prefix\=TARGET_OS_ -fdiagnostics-show-note-include-stack -fmacro-backtrace-limit\=0 -ferror-limit 19 -serialize-diagnostic-file /Users/runner/Library/Developer/Xcode/DerivedData/ClaudeFiles-booopeqlitkdrwgkyxixaicupuay/Build/Intermediates.noindex/ArchiveIntermediates/ClaudeFiles/IntermediateBuildFilesPath/ClaudeFiles.build/Release-iphoneos/ClaudeFiles.build/Objects-normal/arm64/decompress.dia -Wdeprecated-objc-isa-usage -Werror\=deprecated-objc-isa-usage -Werror\=implicit-function-declaration -Wnon-modular-include-in-framework-module -Werror\=non-modular-include-in-framework-module -Wno-trigraphs -Wno-missing-field-initializers -Wno-missing-prototypes -Werror\=return-type -Wdocumentation -Wunreachable-code -Wquoted-include-in-framework-header -Werror\=deprecated-objc-isa-usage -Werror\=objc-root-class -Wno-missing-braces -Wparentheses -Wswitch -Wunused-function -Wno-unused-label -Wno-unused-parameter -Wunused-variable -Wunused-value -Wempty-body -Wuninitialized -Wconditional-uninitialized -Wno-unknown-pragmas -Wno-shadow -Wno-four-char-constants -Wno-conversion -Wconstant-conversion -Wint-conversion -Wbool-conversion -Wenum-conversion -Wno-float-conversion -Wnon-literal-null-conversion -Wobjc-literal-conversion -Wshorten-64-to-32 -Wpointer-sign -Wno-newline-eof -Wno-implicit-fallthrough -Wdeprecated-declarations -Wno-sign-conversion -Winfinite-recursion -Wcomma -Wblock-capture-autoreleasing -Wstrict-prototypes -Wno-semicolon-before-method-body -Wunguarded-availability -Wno-unused-variable -Wno-shorten-64-to-32 -Wno-deprecated-declarations -Wno-unused-function -Wno-format -Wno-comma -Wno-incompatible-pointer-types-discards-qualifiers -Wno-strict-prototypes -Wno-reorder-init-list -Wno-implicit-int-float-conversion -Wno-c99-designator -Wno-final-dtor-non-final-class -Wno-extra-semi-stmt -Wno-misleading-indentation -Wno-implicit-fallthrough -Wno-enum-enum-conversion -Wno-enum-float-conversion -Wno-elaborated-enum-base -Wno-reserved-identifier -Wno-gnu-folding-constant -fmodule-map-file\=/Applications/Xcode_16.1.app/Contents/Developer/Toolchains/XcodeDefault.xctoolchain/usr/lib/clang/16/include/module.modulemap -fmodule-map-file\=/Applications/Xcode_16.1.app/Contents/Developer/Toolchains/XcodeDefault.xctoolchain/usr/lib/clang/16/include/module.modulemap -fmodule-map-file\=/Applications/Xcode_16.1.app/Contents/Developer/Platforms/iPhoneOS.platform/Developer/SDKs/iPhoneOS.sdk/usr/include/c_standard_library.modulemap -fmodule-map-file\=/Applications/Xcode_16.1.app/Contents/Developer/Platforms/iPhoneOS.platform/Developer/SDKs/iPhoneOS.sdk/usr/include/c_standard_library.modulemap -fmodule-map-file\=/Applications/Xcode_16.1.app/Contents/Developer/Platforms/iPhoneOS.platform/Developer/SDKs/iPhoneOS.sdk/usr/include/compression.modulemap -o /Users/runner/Library/Developer/Xcode/DerivedData/ClaudeFiles-booopeqlitkdrwgkyxixaicupuay/Build/Intermediates.noindex/ArchiveIntermediates/ClaudeFiles/IntermediateBuildFilesPath/ClaudeFiles.build/Release-iphoneos/ClaudeFiles.build/Objects-normal/arm64/decompress.o -disable-free -emit-obj -x c /Users/runner/work/ClaudeFiles/ClaudeFiles/ClaudeFiles/FilzaJailedDS-SSV-Bypass/XPF/src/decompress.c -target-abi darwinpcs -target-cpu apple-a7 -target-feature +v8a -target-feature +aes -target-feature +fp-armv8 -target-feature +sha2 -target-feature +neon -target-feature +zcm -target-feature +zcz -triple arm64-apple-ios16.0.0 -target-linker-version 1115.7.3 -target-sdk-version\=18.1 -fmodules-validate-system-headers -fno-modulemap-allow-subdirectory-search -isysroot /Applications/Xcode_16.1.app/Contents/Developer/Platforms/iPhoneOS.platform/Developer/SDKs/iPhoneOS18.1.sdk -resource-dir /Applications/Xcode_16.1.app/Contents/Developer/Toolchains/XcodeDefault.xctoolchain/usr/lib/clang/16 -fmodule-format\=obj -fmodule-file\=Compression\=/Users/runner/Library/Developer/Xcode/DerivedData/ClaudeFiles-booopeqlitkdrwgkyxixaicupuay/Build/Intermediates.noindex/ArchiveIntermediates/ClaudeFiles/IntermediateBuildFilesPath/ExplicitPrecompiledModules/Compression-4CR9MH9QCADSIS5P0U7XU8K3L.pcm -fmodule-file\=_Builtin_stddef\=/Users/runner/Library/Developer/Xcode/DerivedData/ClaudeFiles-booopeqlitkdrwgkyxixaicupuay/Build/Intermediates.noindex/ArchiveIntermediates/ClaudeFiles/IntermediateBuildFilesPath/ExplicitPrecompiledModules/_Builtin_stddef-8AR0LDIW298TYOBH82AB4ZCBU.pcm -fmodule-file\=_Builtin_stdint\=/Users/runner/Library/Developer/Xcode/DerivedData/ClaudeFiles-booopeqlitkdrwgkyxixaicupuay/Build/Intermediates.noindex/ArchiveIntermediates/ClaudeFiles/IntermediateBuildFilesPath/ExplicitPrecompiledModules/_Builtin_stdint-ADHF6I6G8W6YCXLLFU2L5YLQ4.pcm -fmodule-file\=_stdlib\=/Users/runner/Library/Developer/Xcode/DerivedData/ClaudeFiles-booopeqlitkdrwgkyxixaicupuay/Build/Intermediates.noindex/ArchiveIntermediates/ClaudeFiles/IntermediateBuildFilesPath/ExplicitPrecompiledModules/_stdlib-1DGJ9QEK2CNM6D0JRBI8UT4KH.pcm -fmodule-file\=_string\=/Users/runner/Library/Developer/Xcode/DerivedData/ClaudeFiles-booopeqlitkdrwgkyxixaicupuay/Build/Intermediates.noindex/ArchiveIntermediates/ClaudeFiles/IntermediateBuildFilesPath/ExplicitPrecompiledModules/_string-6FRUJBTOZ639LEJJR0TNLH8R0.pcm -I /Users/runner/Library/Developer/Xcode/DerivedData/ClaudeFiles-booopeqlitkdrwgkyxixaicupuay/Build/Intermediates.noindex/ArchiveIntermediates/ClaudeFiles/IntermediateBuildFilesPath/ClaudeFiles.build/Release-iphoneos/ClaudeFiles.build/ClaudeFiles-own-target-headers.hmap -I /Users/runner/Library/Developer/Xcode/DerivedData/ClaudeFiles-booopeqlitkdrwgkyxixaicupuay/Build/Intermediates.noindex/ArchiveIntermediates/ClaudeFiles/IntermediateBuildFilesPath/ClaudeFiles.build/Release-iphoneos/ClaudeFiles.build/ClaudeFiles-all-target-headers.hmap -I /Users/runner/Library/Developer/Xcode/DerivedData/ClaudeFiles-booopeqlitkdrwgkyxixaicupuay/Build/Intermediates.noindex/ArchiveIntermediates/ClaudeFiles/BuildProductsPath/Release-iphoneos/include -I /Users/runner/work/ClaudeFiles/ClaudeFiles/ClaudeFiles/FilzaJailedDS-SSV-Bypass -I /Users/runner/work/ClaudeFiles/ClaudeFiles/ClaudeFiles/FilzaJailedDS-SSV-Bypass/kexploit -I /Users/runner/work/ClaudeFiles/ClaudeFiles/ClaudeFiles/FilzaJailedDS-SSV-Bypass/kpf -I /Users/runner/work/ClaudeFiles/ClaudeFiles/ClaudeFiles/FilzaJailedDS-SSV-Bypass/SSV -I /Users/runner/work/ClaudeFiles/ClaudeFiles/ClaudeFiles/FilzaJailedDS-SSV-Bypass/utils -I /Users/runner/work/ClaudeFiles/ClaudeFiles/ClaudeFiles/FilzaJailedDS-SSV-Bypass/XPF/src -I /Users/runner/work/ClaudeFiles/ClaudeFiles/ClaudeFiles/FilzaJailedDS-SSV-Bypass/XPF/external/ChOma/src -I /Users/runner/work/ClaudeFiles/ClaudeFiles/ClaudeFiles/FilzaJailedDS-SSV-Bypass/XPF/external/ChOma/include -I /Users/runner/work/ClaudeFiles/ClaudeFiles/ClaudeFiles/FilzaJailedDS-SSV-Bypass/shims -I /Users/runner/Library/Developer/Xcode/DerivedData/ClaudeFiles-booopeqlitkdrwgkyxixaicupuay/Build/Intermediates.noindex/ArchiveIntermediates/ClaudeFiles/IntermediateBuildFilesPath/ClaudeFiles.build/Release-iphoneos/ClaudeFiles.build/DerivedSources-normal/arm64 -I /Users/runner/Library/Developer/Xcode/DerivedData/ClaudeFiles-booopeqlitkdrwgkyxixaicupuay/Build/Intermediates.noindex/ArchiveIntermediates/ClaudeFiles/IntermediateBuildFilesPath/ClaudeFiles.build/Release-iphoneos/ClaudeFiles.build/DerivedSources/arm64 -I /Users/runner/Library/Developer/Xcode/DerivedData/ClaudeFiles-booopeqlitkdrwgkyxixaicupuay/Build/Intermediates.noindex/ArchiveIntermediates/ClaudeFiles/IntermediateBuildFilesPath/ClaudeFiles.build/Release-iphoneos/ClaudeFiles.build/DerivedSources -F /Users/runner/Library/Developer/Xcode/DerivedData/ClaudeFiles-booopeqlitkdrwgkyxixaicupuay/Build/Intermediates.noindex/ArchiveIntermediates/ClaudeFiles/BuildProductsPath/Release-iphoneos -iquote /Users/runner/Library/Developer/Xcode/DerivedData/ClaudeFiles-booopeqlitkdrwgkyxixaicupuay/Build/Intermediates.noindex/ArchiveIntermediates/ClaudeFiles/IntermediateBuildFilesPath/ClaudeFiles.build/Release-iphoneos/ClaudeFiles.build/ClaudeFiles-generated-files.hmap -iquote /Users/runner/Library/Developer/Xcode/DerivedData/ClaudeFiles-booopeqlitkdrwgkyxixaicupuay/Build/Intermediates.noindex/ArchiveIntermediates/ClaudeFiles/IntermediateBuildFilesPath/ClaudeFiles.build/Release-iphoneos/ClaudeFiles.build/ClaudeFiles-project-headers.hmap -isystem /Applications/Xcode_16.1.app/Contents/Developer/Platforms/iPhoneOS.platform/Developer/SDKs/iPhoneOS18.1.sdk/usr/local/include -isystem /Applications/Xcode_16.1.app/Contents/Developer/Toolchains/XcodeDefault.xctoolchain/usr/lib/clang/16/include -internal-externc-isystem /Applications/Xcode_16.1.app/Contents/Developer/Platforms/iPhoneOS.platform/Developer/SDKs/iPhoneOS18.1.sdk/usr/include -internal-externc-isystem /Applications/Xcode_16.1.app/Contents/Developer/Toolchains/XcodeDefault.xctoolchain/usr/include -ivfsstatcache /Users/runner/Library/Developer/Xcode/DerivedData/SDKStatCaches.noindex/iphoneos18.1-22B74-a5999746ac4ace560a5a822e68842f47.sdkstatcache -std\=gnu11 -fmodules -fno-implicit-modules -fmax-type-align\=16 -fpascal-strings -fstack-check -fvisibility\=hidden -fvisibility-inlines-hidden-static-local-var -mdarwin-stkchk-strong-link -fno-odr-hash-protocols -pic-level 2 -fencode-extended-block-signature -stack-protector 1 -fgnuc-version\=4.2.1 -fblocks -ffp-contract\=on -fclang-abi-compat\=4.0 -fno-experimental-relative-c++-abi-vtables -fno-file-reproducible -clang-vendor-feature\=+disableNonDependentMemberExprInCurrentInstantiation -clang-vendor-feature\=+enableAggressiveVLAFolding -clang-vendor-feature\=+revert09abecef7bbf -clang-vendor-feature\=+thisNoAlignAttr -clang-vendor-feature\=+thisNoNullAttr -clang-vendor-feature\=+disableAtImportPrivateFrameworkInImplementationError -O2 -fdebug-compilation-dir\=/Users/runner/work/ClaudeFiles/ClaudeFiles -fcoverage-compilation-dir\=/Users/runner/work/ClaudeFiles/ClaudeFiles -fobjc-msgsend-selector-stubs -fregister-global-dtors-with-atexit -fno-strict-return -dwarf-version\=4 -debugger-tuning\=lldb -disable-llvm-verifier -dwarf-ext-refs -mframe-pointer\=non-leaf -funwind-tables\=1 -vectorize-loops -vectorize-slp -clear-ast-before-backend -discard-value-names -main-file-name decompress.c -finline-functions -debug-info-kind\=standalone -Os -fdiagnostics-hotness-threshold\=0 -fdiagnostics-misexpect-tolerance\=0 -D __GCC_HAVE_DWARF2_CFI_ASM\=1 -MT dependencies -dependency-file /Users/runner/Library/Developer/Xcode/DerivedData/ClaudeFiles-booopeqlitkdrwgkyxixaicupuay/Build/Intermediates.noindex/ArchiveIntermediates/ClaudeFiles/IntermediateBuildFilesPath/ClaudeFiles.build/Release-iphoneos/ClaudeFiles.build/Objects-normal/arm64/decompress.d -skip-unused-modulemap-deps
/Applications/Xcode_16.1.app/Contents/Developer/Toolchains/XcodeDefault.xctoolchain/usr/bin/clang -cc1 -Wundef-prefix\=TARGET_OS_ -fdiagnostics-show-note-include-stack -fmacro-backtrace-limit\=0 -ferror-limit 19 -serialize-diagnostic-file /Users/runner/Library/Developer/Xcode/DerivedData/ClaudeFiles-booopeqlitkdrwgkyxixaicupuay/Build/Intermediates.noindex/ArchiveIntermediates/ClaudeFiles/IntermediateBuildFilesPath/ClaudeFiles.build/Release-iphoneos/ClaudeFiles.build/Objects-normal/arm64/common.dia -Wdeprecated-objc-isa-usage -Werror\=deprecated-objc-isa-usage -Werror\=implicit-function-declaration -Wnon-modular-include-in-framework-module -Werror\=non-modular-include-in-framework-module -Wno-trigraphs -Wno-missing-field-initializers -Wno-missing-prototypes -Werror\=return-type -Wdocumentation -Wunreachable-code -Wquoted-include-in-framework-header -Werror\=deprecated-objc-isa-usage -Werror\=objc-root-class -Wno-missing-braces -Wparentheses -Wswitch -Wunused-function -Wno-unused-label -Wno-unused-parameter -Wunused-variable -Wunused-value -Wempty-body -Wuninitialized -Wconditional-uninitialized -Wno-unknown-pragmas -Wno-shadow -Wno-four-char-constants -Wno-conversion -Wconstant-conversion -Wint-conversion -Wbool-conversion -Wenum-conversion -Wno-float-conversion -Wnon-literal-null-conversion -Wobjc-literal-conversion -Wshorten-64-to-32 -Wpointer-sign -Wno-newline-eof -Wno-implicit-fallthrough -Wdeprecated-declarations -Wno-sign-conversion -Winfinite-recursion -Wcomma -Wblock-capture-autoreleasing -Wstrict-prototypes -Wno-semicolon-before-method-body -Wunguarded-availability -Wno-unused-variable -Wno-shorten-64-to-32 -Wno-deprecated-declarations -Wno-unused-function -Wno-format -Wno-comma -Wno-incompatible-pointer-types-discards-qualifiers -Wno-strict-prototypes -Wno-reorder-init-list -Wno-implicit-int-float-conversion -Wno-c99-designator -Wno-final-dtor-non-final-class -Wno-extra-semi-stmt -Wno-misleading-indentation -Wno-implicit-fallthrough -Wno-enum-enum-conversion -Wno-enum-float-conversion -Wno-elaborated-enum-base -Wno-reserved-identifier -Wno-gnu-folding-constant -fmodule-map-file\=/Applications/Xcode_16.1.app/Contents/Developer/Toolchains/XcodeDefault.xctoolchain/usr/lib/clang/16/include/module.modulemap -fmodule-map-file\=/Applications/Xcode_16.1.app/Contents/Developer/Toolchains/XcodeDefault.xctoolchain/usr/lib/clang/16/include/module.modulemap -fmodule-map-file\=/Applications/Xcode_16.1.app/Contents/Developer/Platforms/iPhoneOS.platform/Developer/SDKs/iPhoneOS.sdk/usr/include/c_standard_library.modulemap -fmodule-map-file\=/Applications/Xcode_16.1.app/Contents/Developer/Platforms/iPhoneOS.platform/Developer/SDKs/iPhoneOS.sdk/usr/include/Darwin.modulemap -fmodule-map-file\=/Applications/Xcode_16.1.app/Contents/Developer/Toolchains/XcodeDefault.xctoolchain/usr/lib/clang/16/include/module.modulemap -fmodule-map-file\=/Applications/Xcode_16.1.app/Contents/Developer/Platforms/iPhoneOS.platform/Developer/SDKs/iPhoneOS.sdk/usr/include/c_standard_library.modulemap -fmodule-map-file\=/Applications/Xcode_16.1.app/Contents/Developer/Platforms/iPhoneOS.platform/Developer/SDKs/iPhoneOS.sdk/usr/include/c_standard_library.modulemap -fmodule-map-file\=/Applications/Xcode_16.1.app/Contents/Developer/Platforms/iPhoneOS.platform/Developer/SDKs/iPhoneOS.sdk/usr/include/DarwinBasic.modulemap -fmodule-map-file\=/Applications/Xcode_16.1.app/Contents/Developer/Platforms/iPhoneOS.platform/Developer/SDKs/iPhoneOS.sdk/usr/include/mach-o/module.modulemap -fmodule-map-file\=/Applications/Xcode_16.1.app/Contents/Developer/Platforms/iPhoneOS.platform/Developer/SDKs/iPhoneOS.sdk/usr/include/xpc.modulemap -o /Users/runner/Library/Developer/Xcode/DerivedData/ClaudeFiles-booopeqlitkdrwgkyxixaicupuay/Build/Intermediates.noindex/ArchiveIntermediates/ClaudeFiles/IntermediateBuildFilesPath/ClaudeFiles.build/Release-iphoneos/ClaudeFiles.build/Objects-normal/arm64/common.o -disable-free -emit-obj -x c /Users/runner/work/ClaudeFiles/ClaudeFiles/ClaudeFiles/FilzaJailedDS-SSV-Bypass/XPF/src/common.c -target-abi darwinpcs -target-cpu apple-a7 -target-feature +v8a -target-feature +aes -target-feature +fp-armv8 -target-feature +sha2 -target-feature +neon -target-feature +zcm -target-feature +zcz -triple arm64-apple-ios16.0.0 -target-linker-version 1115.7.3 -target-sdk-version\=18.1 -fmodules-validate-system-headers -fno-modulemap-allow-subdirectory-search -isysroot /Applications/Xcode_16.1.app/Contents/Developer/Platforms/iPhoneOS.platform/Developer/SDKs/iPhoneOS18.1.sdk -resource-dir /Applications/Xcode_16.1.app/Contents/Developer/Toolchains/XcodeDefault.xctoolchain/usr/lib/clang/16 -fmodule-format\=obj -fmodule-file\=Darwin\=/Users/runner/Library/Developer/Xcode/DerivedData/ClaudeFiles-booopeqlitkdrwgkyxixaicupuay/Build/Intermediates.noindex/ArchiveIntermediates/ClaudeFiles/IntermediateBuildFilesPath/ExplicitPrecompiledModules/Darwin-COT7K8GGHLREC37DHP0X0E15Q.pcm -fmodule-file\=MachO\=/Users/runner/Library/Developer/Xcode/DerivedData/ClaudeFiles-booopeqlitkdrwgkyxixaicupuay/Build/Intermediates.noindex/ArchiveIntermediates/ClaudeFiles/IntermediateBuildFilesPath/ExplicitPrecompiledModules/MachO-1MB42U2H0CFC33UR5PQ9YUBHX.pcm -fmodule-file\=XPC\=/Users/runner/Library/Developer/Xcode/DerivedData/ClaudeFiles-booopeqlitkdrwgkyxixaicupuay/Build/Intermediates.noindex/ArchiveIntermediates/ClaudeFiles/IntermediateBuildFilesPath/ExplicitPrecompiledModules/XPC-4JQ00WKTVEMAEOEYGF94PDRMV.pcm -fmodule-file\=_Builtin_stdbool\=/Users/runner/Library/Developer/Xcode/DerivedData/ClaudeFiles-booopeqlitkdrwgkyxixaicupuay/Build/Intermediates.noindex/ArchiveIntermediates/ClaudeFiles/IntermediateBuildFilesPath/ExplicitPrecompiledModules/_Builtin_stdbool-C7K6GWKHFZFLHIMXKBYGYW5P1.pcm -fmodule-file\=_Builtin_stddef\=/Users/runner/Library/Developer/Xcode/DerivedData/ClaudeFiles-booopeqlitkdrwgkyxixaicupuay/Build/Intermediates.noindex/ArchiveIntermediates/ClaudeFiles/IntermediateBuildFilesPath/ExplicitPrecompiledModules/_Builtin_stddef-8AR0LDIW298TYOBH82AB4ZCBU.pcm -fmodule-file\=_Builtin_stdint\=/Users/runner/Library/Developer/Xcode/DerivedData/ClaudeFiles-booopeqlitkdrwgkyxixaicupuay/Build/Intermediates.noindex/ArchiveIntermediates/ClaudeFiles/IntermediateBuildFilesPath/ExplicitPrecompiledModules/_Builtin_stdint-ADHF6I6G8W6YCXLLFU2L5YLQ4.pcm -fmodule-file\=_stdio\=/Users/runner/Library/Developer/Xcode/DerivedData/ClaudeFiles-booopeqlitkdrwgkyxixaicupuay/Build/Intermediates.noindex/ArchiveIntermediates/ClaudeFiles/IntermediateBuildFilesPath/ExplicitPrecompiledModules/_stdio-8X9QF2A38P5VPKQT9GHP1DVX4.pcm -fmodule-file\=_stdlib\=/Users/runner/Library/Developer/Xcode/DerivedData/ClaudeFiles-booopeqlitkdrwgkyxixaicupuay/Build/Intermediates.noindex/ArchiveIntermediates/ClaudeFiles/IntermediateBuildFilesPath/ExplicitPrecompiledModules/_stdlib-1DGJ9QEK2CNM6D0JRBI8UT4KH.pcm -fmodule-file\=_string\=/Users/runner/Library/Developer/Xcode/DerivedData/ClaudeFiles-booopeqlitkdrwgkyxixaicupuay/Build/Intermediates.noindex/ArchiveIntermediates/ClaudeFiles/IntermediateBuildFilesPath/ExplicitPrecompiledModules/_string-6FRUJBTOZ639LEJJR0TNLH8R0.pcm -fmodule-file\=unistd\=/Users/runner/Library/Developer/Xcode/DerivedData/ClaudeFiles-booopeqlitkdrwgkyxixaicupuay/Build/Intermediates.noindex/ArchiveIntermediates/ClaudeFiles/IntermediateBuildFilesPath/ExplicitPrecompiledModules/unistd-D06ILPWOCA89SSV8WV9WXILL8.pcm -I /Users/runner/Library/Developer/Xcode/DerivedData/ClaudeFiles-booopeqlitkdrwgkyxixaicupuay/Build/Intermediates.noindex/ArchiveIntermediates/ClaudeFiles/IntermediateBuildFilesPath/ClaudeFiles.build/Release-iphoneos/ClaudeFiles.build/ClaudeFiles-own-target-headers.hmap -I /Users/runner/Library/Developer/Xcode/DerivedData/ClaudeFiles-booopeqlitkdrwgkyxixaicupuay/Build/Intermediates.noindex/ArchiveIntermediates/ClaudeFiles/IntermediateBuildFilesPath/ClaudeFiles.build/Release-iphoneos/ClaudeFiles.build/ClaudeFiles-all-target-headers.hmap -I /Users/runner/Library/Developer/Xcode/DerivedData/ClaudeFiles-booopeqlitkdrwgkyxixaicupuay/Build/Intermediates.noindex/ArchiveIntermediates/ClaudeFiles/BuildProductsPath/Release-iphoneos/include -I /Users/runner/work/ClaudeFiles/ClaudeFiles/ClaudeFiles/FilzaJailedDS-SSV-Bypass -I /Users/runner/work/ClaudeFiles/ClaudeFiles/ClaudeFiles/FilzaJailedDS-SSV-Bypass/kexploit -I /Users/runner/work/ClaudeFiles/ClaudeFiles/ClaudeFiles/FilzaJailedDS-SSV-Bypass/kpf -I /Users/runner/work/ClaudeFiles/ClaudeFiles/ClaudeFiles/FilzaJailedDS-SSV-Bypass/SSV -I /Users/runner/work/ClaudeFiles/ClaudeFiles/ClaudeFiles/FilzaJailedDS-SSV-Bypass/utils -I /Users/runner/work/ClaudeFiles/ClaudeFiles/ClaudeFiles/FilzaJailedDS-SSV-Bypass/XPF/src -I /Users/runner/work/ClaudeFiles/ClaudeFiles/ClaudeFiles/FilzaJailedDS-SSV-Bypass/XPF/external/ChOma/src -I /Users/runner/work/ClaudeFiles/ClaudeFiles/ClaudeFiles/FilzaJailedDS-SSV-Bypass/XPF/external/ChOma/include -I /Users/runner/work/ClaudeFiles/ClaudeFiles/ClaudeFiles/FilzaJailedDS-SSV-Bypass/shims -I /Users/runner/Library/Developer/Xcode/DerivedData/ClaudeFiles-booopeqlitkdrwgkyxixaicupuay/Build/Intermediates.noindex/ArchiveIntermediates/ClaudeFiles/IntermediateBuildFilesPath/ClaudeFiles.build/Release-iphoneos/ClaudeFiles.build/DerivedSources-normal/arm64 -I /Users/runner/Library/Developer/Xcode/DerivedData/ClaudeFiles-booopeqlitkdrwgkyxixaicupuay/Build/Intermediates.noindex/ArchiveIntermediates/ClaudeFiles/IntermediateBuildFilesPath/ClaudeFiles.build/Release-iphoneos/ClaudeFiles.build/DerivedSources/arm64 -I /Users/runner/Library/Developer/Xcode/DerivedData/ClaudeFiles-booopeqlitkdrwgkyxixaicupuay/Build/Intermediates.noindex/ArchiveIntermediates/ClaudeFiles/IntermediateBuildFilesPath/ClaudeFiles.build/Release-iphoneos/ClaudeFiles.build/DerivedSources -F /Users/runner/Library/Developer/Xcode/DerivedData/ClaudeFiles-booopeqlitkdrwgkyxixaicupuay/Build/Intermediates.noindex/ArchiveIntermediates/ClaudeFiles/BuildProductsPath/Release-iphoneos -iquote /Users/runner/Library/Developer/Xcode/DerivedData/ClaudeFiles-booopeqlitkdrwgkyxixaicupuay/Build/Intermediates.noindex/ArchiveIntermediates/ClaudeFiles/IntermediateBuildFilesPath/ClaudeFiles.build/Release-iphoneos/ClaudeFiles.build/ClaudeFiles-generated-files.hmap -iquote /Users/runner/Library/Developer/Xcode/DerivedData/ClaudeFiles-booopeqlitkdrwgkyxixaicupuay/Build/Intermediates.noindex/ArchiveIntermediates/ClaudeFiles/IntermediateBuildFilesPath/ClaudeFiles.build/Release-iphoneos/ClaudeFiles.build/ClaudeFiles-project-headers.hmap -isystem /Applications/Xcode_16.1.app/Contents/Developer/Platforms/iPhoneOS.platform/Developer/SDKs/iPhoneOS18.1.sdk/usr/local/include -isystem /Applications/Xcode_16.1.app/Contents/Developer/Toolchains/XcodeDefault.xctoolchain/usr/lib/clang/16/include -internal-externc-isystem /Applications/Xcode_16.1.app/Contents/Developer/Platforms/iPhoneOS.platform/Developer/SDKs/iPhoneOS18.1.sdk/usr/include -internal-externc-isystem /Applications/Xcode_16.1.app/Contents/Developer/Toolchains/XcodeDefault.xctoolchain/usr/include -ivfsstatcache /Users/runner/Library/Developer/Xcode/DerivedData/SDKStatCaches.noindex/iphoneos18.1-22B74-a5999746ac4ace560a5a822e68842f47.sdkstatcache -std\=gnu11 -fmodules -fno-implicit-modules -fmax-type-align\=16 -fpascal-strings -fstack-check -fvisibility\=hidden -fvisibility-inlines-hidden-static-local-var -mdarwin-stkchk-strong-link -fno-odr-hash-protocols -pic-level 2 -fencode-extended-block-signature -stack-protector 1 -fgnuc-version\=4.2.1 -fblocks -ffp-contract\=on -fclang-abi-compat\=4.0 -fno-experimental-relative-c++-abi-vtables -fno-file-reproducible -clang-vendor-feature\=+disableNonDependentMemberExprInCurrentInstantiation -clang-vendor-feature\=+enableAggressiveVLAFolding -clang-vendor-feature\=+revert09abecef7bbf -clang-vendor-feature\=+thisNoAlignAttr -clang-vendor-feature\=+thisNoNullAttr -clang-vendor-feature\=+disableAtImportPrivateFrameworkInImplementationError -O2 -fdebug-compilation-dir\=/Users/runner/work/ClaudeFiles/ClaudeFiles -fcoverage-compilation-dir\=/Users/runner/work/ClaudeFiles/ClaudeFiles -fobjc-msgsend-selector-stubs -fregister-global-dtors-with-atexit -fno-strict-return -dwarf-version\=4 -debugger-tuning\=lldb -disable-llvm-verifier -dwarf-ext-refs -mframe-pointer\=non-leaf -funwind-tables\=1 -vectorize-loops -vectorize-slp -clear-ast-before-backend -discard-value-names -main-file-name common.c -finline-functions -debug-info-kind\=standalone -Os -fdiagnostics-hotness-threshold\=0 -fdiagnostics-misexpect-tolerance\=0 -D __GCC_HAVE_DWARF2_CFI_ASM\=1 -MT dependencies -dependency-file /Users/runner/Library/Developer/Xcode/DerivedData/ClaudeFiles-booopeqlitkdrwgkyxixaicupuay/Build/Intermediates.noindex/ArchiveIntermediates/ClaudeFiles/IntermediateBuildFilesPath/ClaudeFiles.build/Release-iphoneos/ClaudeFiles.build/Objects-normal/arm64/common.d -skip-unused-modulemap-deps
/Applications/Xcode_16.1.app/Contents/Developer/Toolchains/XcodeDefault.xctoolchain/usr/bin/clang -cc1 -Wundef-prefix\=TARGET_OS_ -fdiagnostics-show-note-include-stack -fmacro-backtrace-limit\=0 -ferror-limit 19 -serialize-diagnostic-file /Users/runner/Library/Developer/Xcode/DerivedData/ClaudeFiles-booopeqlitkdrwgkyxixaicupuay/Build/Intermediates.noindex/ArchiveIntermediates/ClaudeFiles/IntermediateBuildFilesPath/ClaudeFiles.build/Release-iphoneos/ClaudeFiles.build/Objects-normal/arm64/bad_recovery.dia -Wdeprecated-objc-isa-usage -Werror\=deprecated-objc-isa-usage -Werror\=implicit-function-declaration -Wnon-modular-include-in-framework-module -Werror\=non-modular-include-in-framework-module -Wno-trigraphs -Wno-missing-field-initializers -Wno-missing-prototypes -Werror\=return-type -Wdocumentation -Wunreachable-code -Wquoted-include-in-framework-header -Werror\=deprecated-objc-isa-usage -Werror\=objc-root-class -Wno-missing-braces -Wparentheses -Wswitch -Wunused-function -Wno-unused-label -Wno-unused-parameter -Wunused-variable -Wunused-value -Wempty-body -Wuninitialized -Wconditional-uninitialized -Wno-unknown-pragmas -Wno-shadow -Wno-four-char-constants -Wno-conversion -Wconstant-conversion -Wint-conversion -Wbool-conversion -Wenum-conversion -Wno-float-conversion -Wnon-literal-null-conversion -Wobjc-literal-conversion -Wshorten-64-to-32 -Wpointer-sign -Wno-newline-eof -Wno-implicit-fallthrough -Wdeprecated-declarations -Wno-sign-conversion -Winfinite-recursion -Wcomma -Wblock-capture-autoreleasing -Wstrict-prototypes -Wno-semicolon-before-method-body -Wunguarded-availability -Wno-unused-variable -Wno-shorten-64-to-32 -Wno-deprecated-declarations -Wno-unused-function -Wno-format -Wno-comma -Wno-incompatible-pointer-types-discards-qualifiers -Wno-strict-prototypes -Wno-reorder-init-list -Wno-implicit-int-float-conversion -Wno-c99-designator -Wno-final-dtor-non-final-class -Wno-extra-semi-stmt -Wno-misleading-indentation -Wno-implicit-fallthrough -Wno-enum-enum-conversion -Wno-enum-float-conversion -Wno-elaborated-enum-base -Wno-reserved-identifier -Wno-gnu-folding-constant -fmodule-map-file\=/Applications/Xcode_16.1.app/Contents/Developer/Toolchains/XcodeDefault.xctoolchain/usr/lib/clang/16/include/module.modulemap -fmodule-map-file\=/Applications/Xcode_16.1.app/Contents/Developer/Toolchains/XcodeDefault.xctoolchain/usr/lib/clang/16/include/module.modulemap -fmodule-map-file\=/Applications/Xcode_16.1.app/Contents/Developer/Platforms/iPhoneOS.platform/Developer/SDKs/iPhoneOS.sdk/usr/include/c_standard_library.modulemap -fmodule-map-file\=/Applications/Xcode_16.1.app/Contents/Developer/Platforms/iPhoneOS.platform/Developer/SDKs/iPhoneOS.sdk/usr/include/Darwin.modulemap -fmodule-map-file\=/Applications/Xcode_16.1.app/Contents/Developer/Toolchains/XcodeDefault.xctoolchain/usr/lib/clang/16/include/module.modulemap -fmodule-map-file\=/Applications/Xcode_16.1.app/Contents/Developer/Platforms/iPhoneOS.platform/Developer/SDKs/iPhoneOS.sdk/usr/include/c_standard_library.modulemap -fmodule-map-file\=/Applications/Xcode_16.1.app/Contents/Developer/Platforms/iPhoneOS.platform/Developer/SDKs/iPhoneOS.sdk/usr/include/c_standard_library.modulemap -fmodule-map-file\=/Applications/Xcode_16.1.app/Contents/Developer/Platforms/iPhoneOS.platform/Developer/SDKs/iPhoneOS.sdk/usr/include/DarwinBasic.modulemap -fmodule-map-file\=/Applications/Xcode_16.1.app/Contents/Developer/Platforms/iPhoneOS.platform/Developer/SDKs/iPhoneOS.sdk/usr/include/mach-o/module.modulemap -fmodule-map-file\=/Applications/Xcode_16.1.app/Contents/Developer/Platforms/iPhoneOS.platform/Developer/SDKs/iPhoneOS.sdk/usr/include/xpc.modulemap -o /Users/runner/Library/Developer/Xcode/DerivedData/ClaudeFiles-booopeqlitkdrwgkyxixaicupuay/Build/Intermediates.noindex/ArchiveIntermediates/ClaudeFiles/IntermediateBuildFilesPath/ClaudeFiles.build/Release-iphoneos/ClaudeFiles.build/Objects-normal/arm64/bad_recovery.o -disable-free -emit-obj -x c /Users/runner/work/ClaudeFiles/ClaudeFiles/ClaudeFiles/FilzaJailedDS-SSV-Bypass/XPF/src/bad_recovery.c -target-abi darwinpcs -target-cpu apple-a7 -target-feature +v8a -target-feature +aes -target-feature +fp-armv8 -target-feature +sha2 -target-feature +neon -target-feature +zcm -target-feature +zcz -triple arm64-apple-ios16.0.0 -target-linker-version 1115.7.3 -target-sdk-version\=18.1 -fmodules-validate-system-headers -fno-modulemap-allow-subdirectory-search -isysroot /Applications/Xcode_16.1.app/Contents/Developer/Platforms/iPhoneOS.platform/Developer/SDKs/iPhoneOS18.1.sdk -resource-dir /Applications/Xcode_16.1.app/Contents/Developer/Toolchains/XcodeDefault.xctoolchain/usr/lib/clang/16 -fmodule-format\=obj -fmodule-file\=Darwin\=/Users/runner/Library/Developer/Xcode/DerivedData/ClaudeFiles-booopeqlitkdrwgkyxixaicupuay/Build/Intermediates.noindex/ArchiveIntermediates/ClaudeFiles/IntermediateBuildFilesPath/ExplicitPrecompiledModules/Darwin-COT7K8GGHLREC37DHP0X0E15Q.pcm -fmodule-file\=MachO\=/Users/runner/Library/Developer/Xcode/DerivedData/ClaudeFiles-booopeqlitkdrwgkyxixaicupuay/Build/Intermediates.noindex/ArchiveIntermediates/ClaudeFiles/IntermediateBuildFilesPath/ExplicitPrecompiledModules/MachO-1MB42U2H0CFC33UR5PQ9YUBHX.pcm -fmodule-file\=XPC\=/Users/runner/Library/Developer/Xcode/DerivedData/ClaudeFiles-booopeqlitkdrwgkyxixaicupuay/Build/Intermediates.noindex/ArchiveIntermediates/ClaudeFiles/IntermediateBuildFilesPath/ExplicitPrecompiledModules/XPC-4JQ00WKTVEMAEOEYGF94PDRMV.pcm -fmodule-file\=_Builtin_stdbool\=/Users/runner/Library/Developer/Xcode/DerivedData/ClaudeFiles-booopeqlitkdrwgkyxixaicupuay/Build/Intermediates.noindex/ArchiveIntermediates/ClaudeFiles/IntermediateBuildFilesPath/ExplicitPrecompiledModules/_Builtin_stdbool-C7K6GWKHFZFLHIMXKBYGYW5P1.pcm -fmodule-file\=_Builtin_stddef\=/Users/runner/Library/Developer/Xcode/DerivedData/ClaudeFiles-booopeqlitkdrwgkyxixaicupuay/Build/Intermediates.noindex/ArchiveIntermediates/ClaudeFiles/IntermediateBuildFilesPath/ExplicitPrecompiledModules/_Builtin_stddef-8AR0LDIW298TYOBH82AB4ZCBU.pcm -fmodule-file\=_Builtin_stdint\=/Users/runner/Library/Developer/Xcode/DerivedData/ClaudeFiles-booopeqlitkdrwgkyxixaicupuay/Build/Intermediates.noindex/ArchiveIntermediates/ClaudeFiles/IntermediateBuildFilesPath/ExplicitPrecompiledModules/_Builtin_stdint-ADHF6I6G8W6YCXLLFU2L5YLQ4.pcm -fmodule-file\=_stdio\=/Users/runner/Library/Developer/Xcode/DerivedData/ClaudeFiles-booopeqlitkdrwgkyxixaicupuay/Build/Intermediates.noindex/ArchiveIntermediates/ClaudeFiles/IntermediateBuildFilesPath/ExplicitPrecompiledModules/_stdio-8X9QF2A38P5VPKQT9GHP1DVX4.pcm -fmodule-file\=_stdlib\=/Users/runner/Library/Developer/Xcode/DerivedData/ClaudeFiles-booopeqlitkdrwgkyxixaicupuay/Build/Intermediates.noindex/ArchiveIntermediates/ClaudeFiles/IntermediateBuildFilesPath/ExplicitPrecompiledModules/_stdlib-1DGJ9QEK2CNM6D0JRBI8UT4KH.pcm -fmodule-file\=_string\=/Users/runner/Library/Developer/Xcode/DerivedData/ClaudeFiles-booopeqlitkdrwgkyxixaicupuay/Build/Intermediates.noindex/ArchiveIntermediates/ClaudeFiles/IntermediateBuildFilesPath/ExplicitPrecompiledModules/_string-6FRUJBTOZ639LEJJR0TNLH8R0.pcm -fmodule-file\=unistd\=/Users/runner/Library/Developer/Xcode/DerivedData/ClaudeFiles-booopeqlitkdrwgkyxixaicupuay/Build/Intermediates.noindex/ArchiveIntermediates/ClaudeFiles/IntermediateBuildFilesPath/ExplicitPrecompiledModules/unistd-D06ILPWOCA89SSV8WV9WXILL8.pcm -I /Users/runner/Library/Developer/Xcode/DerivedData/ClaudeFiles-booopeqlitkdrwgkyxixaicupuay/Build/Intermediates.noindex/ArchiveIntermediates/ClaudeFiles/IntermediateBuildFilesPath/ClaudeFiles.build/Release-iphoneos/ClaudeFiles.build/ClaudeFiles-own-target-headers.hmap -I /Users/runner/Library/Developer/Xcode/DerivedData/ClaudeFiles-booopeqlitkdrwgkyxixaicupuay/Build/Intermediates.noindex/ArchiveIntermediates/ClaudeFiles/IntermediateBuildFilesPath/ClaudeFiles.build/Release-iphoneos/ClaudeFiles.build/ClaudeFiles-all-target-headers.hmap -I /Users/runner/Library/Developer/Xcode/DerivedData/ClaudeFiles-booopeqlitkdrwgkyxixaicupuay/Build/Intermediates.noindex/ArchiveIntermediates/ClaudeFiles/BuildProductsPath/Release-iphoneos/include -I /Users/runner/work/ClaudeFiles/ClaudeFiles/ClaudeFiles/FilzaJailedDS-SSV-Bypass -I /Users/runner/work/ClaudeFiles/ClaudeFiles/ClaudeFiles/FilzaJailedDS-SSV-Bypass/kexploit -I /Users/runner/work/ClaudeFiles/ClaudeFiles/ClaudeFiles/FilzaJailedDS-SSV-Bypass/kpf -I /Users/runner/work/ClaudeFiles/ClaudeFiles/ClaudeFiles/FilzaJailedDS-SSV-Bypass/SSV -I /Users/runner/work/ClaudeFiles/ClaudeFiles/ClaudeFiles/FilzaJailedDS-SSV-Bypass/utils -I /Users/runner/work/ClaudeFiles/ClaudeFiles/ClaudeFiles/FilzaJailedDS-SSV-Bypass/XPF/src -I /Users/runner/work/ClaudeFiles/ClaudeFiles/ClaudeFiles/FilzaJailedDS-SSV-Bypass/XPF/external/ChOma/src -I /Users/runner/work/ClaudeFiles/ClaudeFiles/ClaudeFiles/FilzaJailedDS-SSV-Bypass/XPF/external/ChOma/include -I /Users/runner/work/ClaudeFiles/ClaudeFiles/ClaudeFiles/FilzaJailedDS-SSV-Bypass/shims -I /Users/runner/Library/Developer/Xcode/DerivedData/ClaudeFiles-booopeqlitkdrwgkyxixaicupuay/Build/Intermediates.noindex/ArchiveIntermediates/ClaudeFiles/IntermediateBuildFilesPath/ClaudeFiles.build/Release-iphoneos/ClaudeFiles.build/DerivedSources-normal/arm64 -I /Users/runner/Library/Developer/Xcode/DerivedData/ClaudeFiles-booopeqlitkdrwgkyxixaicupuay/Build/Intermediates.noindex/ArchiveIntermediates/ClaudeFiles/IntermediateBuildFilesPath/ClaudeFiles.build/Release-iphoneos/ClaudeFiles.build/DerivedSources/arm64 -I /Users/runner/Library/Developer/Xcode/DerivedData/ClaudeFiles-booopeqlitkdrwgkyxixaicupuay/Build/Intermediates.noindex/ArchiveIntermediates/ClaudeFiles/IntermediateBuildFilesPath/ClaudeFiles.build/Release-iphoneos/ClaudeFiles.build/DerivedSources -F /Users/runner/Library/Developer/Xcode/DerivedData/ClaudeFiles-booopeqlitkdrwgkyxixaicupuay/Build/Intermediates.noindex/ArchiveIntermediates/ClaudeFiles/BuildProductsPath/Release-iphoneos -iquote /Users/runner/Library/Developer/Xcode/DerivedData/ClaudeFiles-booopeqlitkdrwgkyxixaicupuay/Build/Intermediates.noindex/ArchiveIntermediates/ClaudeFiles/IntermediateBuildFilesPath/ClaudeFiles.build/Release-iphoneos/ClaudeFiles.build/ClaudeFiles-generated-files.hmap -iquote /Users/runner/Library/Developer/Xcode/DerivedData/ClaudeFiles-booopeqlitkdrwgkyxixaicupuay/Build/Intermediates.noindex/ArchiveIntermediates/ClaudeFiles/IntermediateBuildFilesPath/ClaudeFiles.build/Release-iphoneos/ClaudeFiles.build/ClaudeFiles-project-headers.hmap -isystem /Applications/Xcode_16.1.app/Contents/Developer/Platforms/iPhoneOS.platform/Developer/SDKs/iPhoneOS18.1.sdk/usr/local/include -isystem /Applications/Xcode_16.1.app/Contents/Developer/Toolchains/XcodeDefault.xctoolchain/usr/lib/clang/16/include -internal-externc-isystem /Applications/Xcode_16.1.app/Contents/Developer/Platforms/iPhoneOS.platform/Developer/SDKs/iPhoneOS18.1.sdk/usr/include -internal-externc-isystem /Applications/Xcode_16.1.app/Contents/Developer/Toolchains/XcodeDefault.xctoolchain/usr/include -ivfsstatcache /Users/runner/Library/Developer/Xcode/DerivedData/SDKStatCaches.noindex/iphoneos18.1-22B74-a5999746ac4ace560a5a822e68842f47.sdkstatcache -std\=gnu11 -fmodules -fno-implicit-modules -fmax-type-align\=16 -fpascal-strings -fstack-check -fvisibility\=hidden -fvisibility-inlines-hidden-static-local-var -mdarwin-stkchk-strong-link -fno-odr-hash-protocols -pic-level 2 -fencode-extended-block-signature -stack-protector 1 -fgnuc-version\=4.2.1 -fblocks -ffp-contract\=on -fclang-abi-compat\=4.0 -fno-experimental-relative-c++-abi-vtables -fno-file-reproducible -clang-vendor-feature\=+disableNonDependentMemberExprInCurrentInstantiation -clang-vendor-feature\=+enableAggressiveVLAFolding -clang-vendor-feature\=+revert09abecef7bbf -clang-vendor-feature\=+thisNoAlignAttr -clang-vendor-feature\=+thisNoNullAttr -clang-vendor-feature\=+disableAtImportPrivateFrameworkInImplementationError -O2 -fdebug-compilation-dir\=/Users/runner/work/ClaudeFiles/ClaudeFiles -fcoverage-compilation-dir\=/Users/runner/work/ClaudeFiles/ClaudeFiles -fobjc-msgsend-selector-stubs -fregister-global-dtors-with-atexit -fno-strict-return -dwarf-version\=4 -debugger-tuning\=lldb -disable-llvm-verifier -dwarf-ext-refs -mframe-pointer\=non-leaf -funwind-tables\=1 -vectorize-loops -vectorize-slp -clear-ast-before-backend -discard-value-names -main-file-name bad_recovery.c -finline-functions -debug-info-kind\=standalone -Os -fdiagnostics-hotness-threshold\=0 -fdiagnostics-misexpect-tolerance\=0 -D __GCC_HAVE_DWARF2_CFI_ASM\=1 -MT dependencies -dependency-file /Users/runner/Library/Developer/Xcode/DerivedData/ClaudeFiles-booopeqlitkdrwgkyxixaicupuay/Build/Intermediates.noindex/ArchiveIntermediates/ClaudeFiles/IntermediateBuildFilesPath/ClaudeFiles.build/Release-iphoneos/ClaudeFiles.build/Objects-normal/arm64/bad_recovery.d -skip-unused-modulemap-deps
/Applications/Xcode_16.1.app/Contents/Developer/Toolchains/XcodeDefault.xctoolchain/usr/bin/clang -cc1 -Wundef-prefix\=TARGET_OS_ -fdiagnostics-show-note-include-stack -fmacro-backtrace-limit\=0 -ferror-limit 19 -serialize-diagnostic-file /Users/runner/Library/Developer/Xcode/DerivedData/ClaudeFiles-booopeqlitkdrwgkyxixaicupuay/Build/Intermediates.noindex/ArchiveIntermediates/ClaudeFiles/IntermediateBuildFilesPath/ClaudeFiles.build/Release-iphoneos/ClaudeFiles.build/Objects-normal/arm64/arm64.dia -Wdeprecated-objc-isa-usage -Werror\=deprecated-objc-isa-usage -Werror\=implicit-function-declaration -Wnon-modular-include-in-framework-module -Werror\=non-modular-include-in-framework-module -Wno-trigraphs -Wno-missing-field-initializers -Wno-missing-prototypes -Werror\=return-type -Wdocumentation -Wunreachable-code -Wquoted-include-in-framework-header -Werror\=deprecated-objc-isa-usage -Werror\=objc-root-class -Wno-missing-braces -Wparentheses -Wswitch -Wunused-function -Wno-unused-label -Wno-unused-parameter -Wunused-variable -Wunused-value -Wempty-body -Wuninitialized -Wconditional-uninitialized -Wno-unknown-pragmas -Wno-shadow -Wno-four-char-constants -Wno-conversion -Wconstant-conversion -Wint-conversion -Wbool-conversion -Wenum-conversion -Wno-float-conversion -Wnon-literal-null-conversion -Wobjc-literal-conversion -Wshorten-64-to-32 -Wpointer-sign -Wno-newline-eof -Wno-implicit-fallthrough -Wdeprecated-declarations -Wno-sign-conversion -Winfinite-recursion -Wcomma -Wblock-capture-autoreleasing -Wstrict-prototypes -Wno-semicolon-before-method-body -Wunguarded-availability -Wno-unused-variable -Wno-shorten-64-to-32 -Wno-deprecated-declarations -Wno-unused-function -Wno-format -Wno-comma -Wno-incompatible-pointer-types-discards-qualifiers -Wno-strict-prototypes -Wno-reorder-init-list -Wno-implicit-int-float-conversion -Wno-c99-designator -Wno-final-dtor-non-final-class -Wno-extra-semi-stmt -Wno-misleading-indentation -Wno-implicit-fallthrough -Wno-enum-enum-conversion -Wno-enum-float-conversion -Wno-elaborated-enum-base -Wno-reserved-identifier -Wno-gnu-folding-constant -fmodule-map-file\=/Applications/Xcode_16.1.app/Contents/Developer/Toolchains/XcodeDefault.xctoolchain/usr/lib/clang/16/include/module.modulemap -fmodule-map-file\=/Applications/Xcode_16.1.app/Contents/Developer/Platforms/iPhoneOS.platform/Developer/SDKs/iPhoneOS.sdk/usr/include/c_standard_library.modulemap -fmodule-map-file\=/Applications/Xcode_16.1.app/Contents/Developer/Toolchains/XcodeDefault.xctoolchain/usr/lib/clang/16/include/module.modulemap -fmodule-map-file\=/Applications/Xcode_16.1.app/Contents/Developer/Platforms/iPhoneOS.platform/Developer/SDKs/iPhoneOS.sdk/usr/include/c_standard_library.modulemap -o /Users/runner/Library/Developer/Xcode/DerivedData/ClaudeFiles-booopeqlitkdrwgkyxixaicupuay/Build/Intermediates.noindex/ArchiveIntermediates/ClaudeFiles/IntermediateBuildFilesPath/ClaudeFiles.build/Release-iphoneos/ClaudeFiles.build/Objects-normal/arm64/arm64.o -disable-free -emit-obj -x c /Users/runner/work/ClaudeFiles/ClaudeFiles/ClaudeFiles/FilzaJailedDS-SSV-Bypass/XPF/external/ChOma/src/arm64.c -target-abi darwinpcs -target-cpu apple-a7 -target-feature +v8a -target-feature +aes -target-feature +fp-armv8 -target-feature +sha2 -target-feature +neon -target-feature +zcm -target-feature +zcz -triple arm64-apple-ios16.0.0 -target-linker-version 1115.7.3 -target-sdk-version\=18.1 -fmodules-validate-system-headers -fno-modulemap-allow-subdirectory-search -isysroot /Applications/Xcode_16.1.app/Contents/Developer/Platforms/iPhoneOS.platform/Developer/SDKs/iPhoneOS18.1.sdk -resource-dir /Applications/Xcode_16.1.app/Contents/Developer/Toolchains/XcodeDefault.xctoolchain/usr/lib/clang/16 -fmodule-format\=obj -fmodule-file\=_Builtin_stdbool\=/Users/runner/Library/Developer/Xcode/DerivedData/ClaudeFiles-booopeqlitkdrwgkyxixaicupuay/Build/Intermediates.noindex/ArchiveIntermediates/ClaudeFiles/IntermediateBuildFilesPath/ExplicitPrecompiledModules/_Builtin_stdbool-C7K6GWKHFZFLHIMXKBYGYW5P1.pcm -fmodule-file\=_Builtin_stdint\=/Users/runner/Library/Developer/Xcode/DerivedData/ClaudeFiles-booopeqlitkdrwgkyxixaicupuay/Build/Intermediates.noindex/ArchiveIntermediates/ClaudeFiles/IntermediateBuildFilesPath/ExplicitPrecompiledModules/_Builtin_stdint-ADHF6I6G8W6YCXLLFU2L5YLQ4.pcm -fmodule-file\=_stdio\=/Users/runner/Library/Developer/Xcode/DerivedData/ClaudeFiles-booopeqlitkdrwgkyxixaicupuay/Build/Intermediates.noindex/ArchiveIntermediates/ClaudeFiles/IntermediateBuildFilesPath/ExplicitPrecompiledModules/_stdio-8X9QF2A38P5VPKQT9GHP1DVX4.pcm -fmodule-file\=_stdlib\=/Users/runner/Library/Developer/Xcode/DerivedData/ClaudeFiles-booopeqlitkdrwgkyxixaicupuay/Build/Intermediates.noindex/ArchiveIntermediates/ClaudeFiles/IntermediateBuildFilesPath/ExplicitPrecompiledModules/_stdlib-1DGJ9QEK2CNM6D0JRBI8UT4KH.pcm -I /Users/runner/Library/Developer/Xcode/DerivedData/ClaudeFiles-booopeqlitkdrwgkyxixaicupuay/Build/Intermediates.noindex/ArchiveIntermediates/ClaudeFiles/IntermediateBuildFilesPath/ClaudeFiles.build/Release-iphoneos/ClaudeFiles.build/ClaudeFiles-own-target-headers.hmap -I /Users/runner/Library/Developer/Xcode/DerivedData/ClaudeFiles-booopeqlitkdrwgkyxixaicupuay/Build/Intermediates.noindex/ArchiveIntermediates/ClaudeFiles/IntermediateBuildFilesPath/ClaudeFiles.build/Release-iphoneos/ClaudeFiles.build/ClaudeFiles-all-target-headers.hmap -I /Users/runner/Library/Developer/Xcode/DerivedData/ClaudeFiles-booopeqlitkdrwgkyxixaicupuay/Build/Intermediates.noindex/ArchiveIntermediates/ClaudeFiles/BuildProductsPath/Release-iphoneos/include -I /Users/runner/work/ClaudeFiles/ClaudeFiles/ClaudeFiles/FilzaJailedDS-SSV-Bypass -I /Users/runner/work/ClaudeFiles/ClaudeFiles/ClaudeFiles/FilzaJailedDS-SSV-Bypass/kexploit -I /Users/runner/work/ClaudeFiles/ClaudeFiles/ClaudeFiles/FilzaJailedDS-SSV-Bypass/kpf -I /Users/runner/work/ClaudeFiles/ClaudeFiles/ClaudeFiles/FilzaJailedDS-SSV-Bypass/SSV -I /Users/runner/work/ClaudeFiles/ClaudeFiles/ClaudeFiles/FilzaJailedDS-SSV-Bypass/utils -I /Users/runner/work/ClaudeFiles/ClaudeFiles/ClaudeFiles/FilzaJailedDS-SSV-Bypass/XPF/src -I /Users/runner/work/ClaudeFiles/ClaudeFiles/ClaudeFiles/FilzaJailedDS-SSV-Bypass/XPF/external/ChOma/src -I /Users/runner/work/ClaudeFiles/ClaudeFiles/ClaudeFiles/FilzaJailedDS-SSV-Bypass/XPF/external/ChOma/include -I /Users/runner/work/ClaudeFiles/ClaudeFiles/ClaudeFiles/FilzaJailedDS-SSV-Bypass/shims -I /Users/runner/Library/Developer/Xcode/DerivedData/ClaudeFiles-booopeqlitkdrwgkyxixaicupuay/Build/Intermediates.noindex/ArchiveIntermediates/ClaudeFiles/IntermediateBuildFilesPath/ClaudeFiles.build/Release-iphoneos/ClaudeFiles.build/DerivedSources-normal/arm64 -I /Users/runner/Library/Developer/Xcode/DerivedData/ClaudeFiles-booopeqlitkdrwgkyxixaicupuay/Build/Intermediates.noindex/ArchiveIntermediates/ClaudeFiles/IntermediateBuildFilesPath/ClaudeFiles.build/Release-iphoneos/ClaudeFiles.build/DerivedSources/arm64 -I /Users/runner/Library/Developer/Xcode/DerivedData/ClaudeFiles-booopeqlitkdrwgkyxixaicupuay/Build/Intermediates.noindex/ArchiveIntermediates/ClaudeFiles/IntermediateBuildFilesPath/ClaudeFiles.build/Release-iphoneos/ClaudeFiles.build/DerivedSources -F /Users/runner/Library/Developer/Xcode/DerivedData/ClaudeFiles-booopeqlitkdrwgkyxixaicupuay/Build/Intermediates.noindex/ArchiveIntermediates/ClaudeFiles/BuildProductsPath/Release-iphoneos -iquote /Users/runner/Library/Developer/Xcode/DerivedData/ClaudeFiles-booopeqlitkdrwgkyxixaicupuay/Build/Intermediates.noindex/ArchiveIntermediates/ClaudeFiles/IntermediateBuildFilesPath/ClaudeFiles.build/Release-iphoneos/ClaudeFiles.build/ClaudeFiles-generated-files.hmap -iquote /Users/runner/Library/Developer/Xcode/DerivedData/ClaudeFiles-booopeqlitkdrwgkyxixaicupuay/Build/Intermediates.noindex/ArchiveIntermediates/ClaudeFiles/IntermediateBuildFilesPath/ClaudeFiles.build/Release-iphoneos/ClaudeFiles.build/ClaudeFiles-project-headers.hmap -isystem /Applications/Xcode_16.1.app/Contents/Developer/Platforms/iPhoneOS.platform/Developer/SDKs/iPhoneOS18.1.sdk/usr/local/include -isystem /Applications/Xcode_16.1.app/Contents/Developer/Toolchains/XcodeDefault.xctoolchain/usr/lib/clang/16/include -internal-externc-isystem /Applications/Xcode_16.1.app/Contents/Developer/Platforms/iPhoneOS.platform/Developer/SDKs/iPhoneOS18.1.sdk/usr/include -internal-externc-isystem /Applications/Xcode_16.1.app/Contents/Developer/Toolchains/XcodeDefault.xctoolchain/usr/include -ivfsstatcache /Users/runner/Library/Developer/Xcode/DerivedData/SDKStatCaches.noindex/iphoneos18.1-22B74-a5999746ac4ace560a5a822e68842f47.sdkstatcache -std\=gnu11 -fmodules -fno-implicit-modules -fmax-type-align\=16 -fpascal-strings -fstack-check -fvisibility\=hidden -fvisibility-inlines-hidden-static-local-var -mdarwin-stkchk-strong-link -fno-odr-hash-protocols -pic-level 2 -fencode-extended-block-signature -stack-protector 1 -fgnuc-version\=4.2.1 -fblocks -ffp-contract\=on -fclang-abi-compat\=4.0 -fno-experimental-relative-c++-abi-vtables -fno-file-reproducible -clang-vendor-feature\=+disableNonDependentMemberExprInCurrentInstantiation -clang-vendor-feature\=+enableAggressiveVLAFolding -clang-vendor-feature\=+revert09abecef7bbf -clang-vendor-feature\=+thisNoAlignAttr -clang-vendor-feature\=+thisNoNullAttr -clang-vendor-feature\=+disableAtImportPrivateFrameworkInImplementationError -O2 -fdebug-compilation-dir\=/Users/runner/work/ClaudeFiles/ClaudeFiles -fcoverage-compilation-dir\=/Users/runner/work/ClaudeFiles/ClaudeFiles -fobjc-msgsend-selector-stubs -fregister-global-dtors-with-atexit -fno-strict-return -dwarf-version\=4 -debugger-tuning\=lldb -disable-llvm-verifier -dwarf-ext-refs -mframe-pointer\=non-leaf -funwind-tables\=1 -vectorize-loops -vectorize-slp -clear-ast-before-backend -discard-value-names -main-file-name arm64.c -finline-functions -debug-info-kind\=standalone -Os -fdiagnostics-hotness-threshold\=0 -fdiagnostics-misexpect-tolerance\=0 -D __GCC_HAVE_DWARF2_CFI_ASM\=1 -MT dependencies -dependency-file /Users/runner/Library/Developer/Xcode/DerivedData/ClaudeFiles-booopeqlitkdrwgkyxixaicupuay/Build/Intermediates.noindex/ArchiveIntermediates/ClaudeFiles/IntermediateBuildFilesPath/ClaudeFiles.build/Release-iphoneos/ClaudeFiles.build/Objects-normal/arm64/arm64.d -skip-unused-modulemap-deps
/Applications/Xcode_16.1.app/Contents/Developer/Toolchains/XcodeDefault.xctoolchain/usr/bin/clang -cc1 -Wundef-prefix\=TARGET_OS_ -fdiagnostics-show-note-include-stack -fmacro-backtrace-limit\=0 -ferror-limit 19 -serialize-diagnostic-file /Users/runner/Library/Developer/Xcode/DerivedData/ClaudeFiles-booopeqlitkdrwgkyxixaicupuay/Build/Intermediates.noindex/ArchiveIntermediates/ClaudeFiles/IntermediateBuildFilesPath/ClaudeFiles.build/Release-iphoneos/ClaudeFiles.build/Objects-normal/arm64/VM.dia -Wdeprecated-objc-isa-usage -Werror\=deprecated-objc-isa-usage -Werror\=implicit-function-declaration -Wnon-modular-include-in-framework-module -Werror\=non-modular-include-in-framework-module -Wno-trigraphs -Wno-missing-field-initializers -Wno-missing-prototypes -Werror\=return-type -Wdocumentation -Wunreachable-code -Wquoted-include-in-framework-header -Wno-implicit-atomic-properties -Werror\=deprecated-objc-isa-usage -Wno-objc-interface-ivars -Werror\=objc-root-class -Wno-arc-repeated-use-of-weak -Wimplicit-retain-self -Wduplicate-method-match -Wno-missing-braces -Wparentheses -Wswitch -Wunused-function -Wno-unused-label -Wno-unused-parameter -Wunused-variable -Wunused-value -Wempty-body -Wuninitialized -Wconditional-uninitialized -Wno-unknown-pragmas -Wno-shadow -Wno-four-char-constants -Wno-conversion -Wconstant-conversion -Wint-conversion -Wbool-conversion -Wenum-conversion -Wno-float-conversion -Wnon-literal-null-conversion -Wobjc-literal-conversion -Wshorten-64-to-32 -Wpointer-sign -Wno-newline-eof -Wno-selector -Wno-strict-selector-match -Wundeclared-selector -Wdeprecated-implementations -Wno-implicit-fallthrough -Wprotocol -Wdeprecated-declarations -Wno-sign-conversion -Winfinite-recursion -Wcomma -Wblock-capture-autoreleasing -Wstrict-prototypes -Wno-semicolon-before-method-body -Wunguarded-availability -Wno-unused-variable -Wno-shorten-64-to-32 -Wno-deprecated-declarations -Wno-unused-function -Wno-format -Wno-comma -Wno-incompatible-pointer-types-discards-qualifiers -Wno-strict-prototypes -Wno-reorder-init-list -Wno-implicit-int-float-conversion -Wno-c99-designator -Wno-final-dtor-non-final-class -Wno-extra-semi-stmt -Wno-misleading-indentation -Wno-implicit-fallthrough -Wno-enum-enum-conversion -Wno-enum-float-conversion -Wno-elaborated-enum-base -Wno-reserved-identifier -Wno-gnu-folding-constant -fmodule-map-file\=/Applications/Xcode_16.1.app/Contents/Developer/Platforms/iPhoneOS.platform/Developer/SDKs/iPhoneOS.sdk/System/Library/Frameworks/Foundation.framework/Modules/module.modulemap -fmodule-map-file\=/Applications/Xcode_16.1.app/Contents/Developer/Platforms/iPhoneOS.platform/Developer/SDKs/iPhoneOS.sdk/usr/include/c_standard_library.modulemap -fmodule-map-file\=/Applications/Xcode_16.1.app/Contents/Developer/Toolchains/XcodeDefault.xctoolchain/usr/lib/clang/16/include/module.modulemap -fmodule-map-file\=/Applications/Xcode_16.1.app/Contents/Developer/Toolchains/XcodeDefault.xctoolchain/usr/lib/clang/16/include/module.modulemap -fmodule-map-file\=/Applications/Xcode_16.1.app/Contents/Developer/Platforms/iPhoneOS.platform/Developer/SDKs/iPhoneOS.sdk/usr/include/Darwin.modulemap -fmodule-map-file\=/Applications/Xcode_16.1.app/Contents/Developer/Platforms/iPhoneOS.platform/Developer/SDKs/iPhoneOS.sdk/usr/include/DarwinBasic.modulemap -fmodule-map-file\=/Applications/Xcode_16.1.app/Contents/Developer/Platforms/iPhoneOS.platform/Developer/SDKs/iPhoneOS.sdk/System/Library/Frameworks/UIKit.framework/Modules/module.modulemap -o /Users/runner/Library/Developer/Xcode/DerivedData/ClaudeFiles-booopeqlitkdrwgkyxixaicupuay/Build/Intermediates.noindex/ArchiveIntermediates/ClaudeFiles/IntermediateBuildFilesPath/ClaudeFiles.build/Release-iphoneos/ClaudeFiles.build/Objects-normal/arm64/VM.o -disable-free -emit-obj -x objective-c /Users/runner/work/ClaudeFiles/ClaudeFiles/ClaudeFiles/FilzaJailedDS-SSV-Bypass/kexploit/VM.m -target-abi darwinpcs -target-cpu apple-a7 -target-feature +v8a -target-feature +aes -target-feature +fp-armv8 -target-feature +sha2 -target-feature +neon -target-feature +zcm -target-feature +zcz -triple arm64-apple-ios16.0.0 -target-linker-version 1115.7.3 -target-sdk-version\=18.1 -fmodules-validate-system-headers -fno-modulemap-allow-subdirectory-search -isysroot /Applications/Xcode_16.1.app/Contents/Developer/Platforms/iPhoneOS.platform/Developer/SDKs/iPhoneOS18.1.sdk -resource-dir /Applications/Xcode_16.1.app/Contents/Developer/Toolchains/XcodeDefault.xctoolchain/usr/lib/clang/16 -fmodule-format\=obj -fmodule-file\=Darwin\=/Users/runner/Library/Developer/Xcode/DerivedData/ClaudeFiles-booopeqlitkdrwgkyxixaicupuay/Build/Intermediates.noindex/ArchiveIntermediates/ClaudeFiles/IntermediateBuildFilesPath/ExplicitPrecompiledModules/Darwin-CDBBDOWQKITLCUQ9B0MA5IAZ5.pcm -fmodule-file\=Foundation\=/Users/runner/Library/Developer/Xcode/DerivedData/ClaudeFiles-booopeqlitkdrwgkyxixaicupuay/Build/Intermediates.noindex/ArchiveIntermediates/ClaudeFiles/IntermediateBuildFilesPath/ExplicitPrecompiledModules/Foundation-4K90496DFYLZPYYOOTZY0E5CG.pcm -fmodule-file\=UIKit\=/Users/runner/Library/Developer/Xcode/DerivedData/ClaudeFiles-booopeqlitkdrwgkyxixaicupuay/Build/Intermediates.noindex/ArchiveIntermediates/ClaudeFiles/IntermediateBuildFilesPath/ExplicitPrecompiledModules/UIKit-2D0A5BOLV43QACMZD528CHGTV.pcm -fmodule-file\=_Builtin_stdbool\=/Users/runner/Library/Developer/Xcode/DerivedData/ClaudeFiles-booopeqlitkdrwgkyxixaicupuay/Build/Intermediates.noindex/ArchiveIntermediates/ClaudeFiles/IntermediateBuildFilesPath/ExplicitPrecompiledModules/_Builtin_stdbool-1HTZJEEL3OAGQ5TUPFOB7Z6L.pcm -fmodule-file\=_Builtin_stdint\=/Users/runner/Library/Developer/Xcode/DerivedData/ClaudeFiles-booopeqlitkdrwgkyxixaicupuay/Build/Intermediates.noindex/ArchiveIntermediates/ClaudeFiles/IntermediateBuildFilesPath/ExplicitPrecompiledModules/_Builtin_stdint-PTF71O9LC87KRQK8W857TSRW.pcm -fmodule-file\=_stdio\=/Users/runner/Library/Developer/Xcode/DerivedData/ClaudeFiles-booopeqlitkdrwgkyxixaicupuay/Build/Intermediates.noindex/ArchiveIntermediates/ClaudeFiles/IntermediateBuildFilesPath/ExplicitPrecompiledModules/_stdio-A5AB7F671YU53HWR043WNHOQ1.pcm -fmodule-file\=unistd\=/Users/runner/Library/Developer/Xcode/DerivedData/ClaudeFiles-booopeqlitkdrwgkyxixaicupuay/Build/Intermediates.noindex/ArchiveIntermediates/ClaudeFiles/IntermediateBuildFilesPath/ExplicitPrecompiledModules/unistd-2E1RRGMSAOQKIO8FIC6G908YI.pcm -I /Users/runner/Library/Developer/Xcode/DerivedData/ClaudeFiles-booopeqlitkdrwgkyxixaicupuay/Build/Intermediates.noindex/ArchiveIntermediates/ClaudeFiles/IntermediateBuildFilesPath/ClaudeFiles.build/Release-iphoneos/ClaudeFiles.build/ClaudeFiles-own-target-headers.hmap -I /Users/runner/Library/Developer/Xcode/DerivedData/ClaudeFiles-booopeqlitkdrwgkyxixaicupuay/Build/Intermediates.noindex/ArchiveIntermediates/ClaudeFiles/IntermediateBuildFilesPath/ClaudeFiles.build/Release-iphoneos/ClaudeFiles.build/ClaudeFiles-all-target-headers.hmap -I /Users/runner/Library/Developer/Xcode/DerivedData/ClaudeFiles-booopeqlitkdrwgkyxixaicupuay/Build/Intermediates.noindex/ArchiveIntermediates/ClaudeFiles/BuildProductsPath/Release-iphoneos/include -I /Users/runner/work/ClaudeFiles/ClaudeFiles/ClaudeFiles/FilzaJailedDS-SSV-Bypass -I /Users/runner/work/ClaudeFiles/ClaudeFiles/ClaudeFiles/FilzaJailedDS-SSV-Bypass/kexploit -I /Users/runner/work/ClaudeFiles/ClaudeFiles/ClaudeFiles/FilzaJailedDS-SSV-Bypass/kpf -I /Users/runner/work/ClaudeFiles/ClaudeFiles/ClaudeFiles/FilzaJailedDS-SSV-Bypass/SSV -I /Users/runner/work/ClaudeFiles/ClaudeFiles/ClaudeFiles/FilzaJailedDS-SSV-Bypass/utils -I /Users/runner/work/ClaudeFiles/ClaudeFiles/ClaudeFiles/FilzaJailedDS-SSV-Bypass/XPF/src -I /Users/runner/work/ClaudeFiles/ClaudeFiles/ClaudeFiles/FilzaJailedDS-SSV-Bypass/XPF/external/ChOma/src -I /Users/runner/work/ClaudeFiles/ClaudeFiles/ClaudeFiles/FilzaJailedDS-SSV-Bypass/XPF/external/ChOma/include -I /Users/runner/work/ClaudeFiles/ClaudeFiles/ClaudeFiles/FilzaJailedDS-SSV-Bypass/shims -I /Users/runner/Library/Developer/Xcode/DerivedData/ClaudeFiles-booopeqlitkdrwgkyxixaicupuay/Build/Intermediates.noindex/ArchiveIntermediates/ClaudeFiles/IntermediateBuildFilesPath/ClaudeFiles.build/Release-iphoneos/ClaudeFiles.build/DerivedSources-normal/arm64 -I /Users/runner/Library/Developer/Xcode/DerivedData/ClaudeFiles-booopeqlitkdrwgkyxixaicupuay/Build/Intermediates.noindex/ArchiveIntermediates/ClaudeFiles/IntermediateBuildFilesPath/ClaudeFiles.build/Release-iphoneos/ClaudeFiles.build/DerivedSources/arm64 -I /Users/runner/Library/Developer/Xcode/DerivedData/ClaudeFiles-booopeqlitkdrwgkyxixaicupuay/Build/Intermediates.noindex/ArchiveIntermediates/ClaudeFiles/IntermediateBuildFilesPath/ClaudeFiles.build/Release-iphoneos/ClaudeFiles.build/DerivedSources -F /Users/runner/Library/Developer/Xcode/DerivedData/ClaudeFiles-booopeqlitkdrwgkyxixaicupuay/Build/Intermediates.noindex/ArchiveIntermediates/ClaudeFiles/BuildProductsPath/Release-iphoneos -iquote /Users/runner/Library/Developer/Xcode/DerivedData/ClaudeFiles-booopeqlitkdrwgkyxixaicupuay/Build/Intermediates.noindex/ArchiveIntermediates/ClaudeFiles/IntermediateBuildFilesPath/ClaudeFiles.build/Release-iphoneos/ClaudeFiles.build/ClaudeFiles-generated-files.hmap -iquote /Users/runner/Library/Developer/Xcode/DerivedData/ClaudeFiles-booopeqlitkdrwgkyxixaicupuay/Build/Intermediates.noindex/ArchiveIntermediates/ClaudeFiles/IntermediateBuildFilesPath/ClaudeFiles.build/Release-iphoneos/ClaudeFiles.build/ClaudeFiles-project-headers.hmap -isystem /Applications/Xcode_16.1.app/Contents/Developer/Platforms/iPhoneOS.platform/Developer/SDKs/iPhoneOS18.1.sdk/usr/local/include -isystem /Applications/Xcode_16.1.app/Contents/Developer/Toolchains/XcodeDefault.xctoolchain/usr/lib/clang/16/include -internal-externc-isystem /Applications/Xcode_16.1.app/Contents/Developer/Platforms/iPhoneOS.platform/Developer/SDKs/iPhoneOS18.1.sdk/usr/include -internal-externc-isystem /Applications/Xcode_16.1.app/Contents/Developer/Toolchains/XcodeDefault.xctoolchain/usr/include -ivfsstatcache /Users/runner/Library/Developer/Xcode/DerivedData/SDKStatCaches.noindex/iphoneos18.1-22B74-a5999746ac4ace560a5a822e68842f47.sdkstatcache -std\=gnu11 -fexceptions -fmodules -fno-implicit-modules -fobjc-exceptions -fmax-type-align\=16 -fpascal-strings -fstack-check -fvisibility\=hidden -fvisibility-inlines-hidden-static-local-var -mdarwin-stkchk-strong-link -fno-odr-hash-protocols -pic-level 2 -fencode-extended-block-signature -stack-protector 1 -fobjc-runtime\=ios-16.0.0 -fobjc-arc -fobjc-runtime-has-weak -fobjc-weak -fgnuc-version\=4.2.1 -fblocks -ffp-contract\=on -fclang-abi-compat\=4.0 -fno-experimental-relative-c++-abi-vtables -fno-file-reproducible -clang-vendor-feature\=+disableNonDependentMemberExprInCurrentInstantiation -clang-vendor-feature\=+enableAggressiveVLAFolding -clang-vendor-feature\=+revert09abecef7bbf -clang-vendor-feature\=+thisNoAlignAttr -clang-vendor-feature\=+thisNoNullAttr -clang-vendor-feature\=+disableAtImportPrivateFrameworkInImplementationError -O2 -fdebug-compilation-dir\=/Users/runner/work/ClaudeFiles/ClaudeFiles -fcoverage-compilation-dir\=/Users/runner/work/ClaudeFiles/ClaudeFiles -fobjc-msgsend-selector-stubs -fregister-global-dtors-with-atexit -fno-strict-return -dwarf-version\=4 -debugger-tuning\=lldb -disable-llvm-verifier -dwarf-ext-refs -mframe-pointer\=non-leaf -funwind-tables\=1 -vectorize-loops -vectorize-slp -clear-ast-before-backend -discard-value-names -main-file-name VM.m -finline-functions -debug-info-kind\=standalone -Os -fdiagnostics-hotness-threshold\=0 -fdiagnostics-misexpect-tolerance\=0 -D NS_BLOCK_ASSERTIONS\=1 -D OBJC_OLD_DISPATCH_PROTOTYPES\=0 -D __GCC_HAVE_DWARF2_CFI_ASM\=1 -MT dependencies -dependency-file /Users/runner/Library/Developer/Xcode/DerivedData/ClaudeFiles-booopeqlitkdrwgkyxixaicupuay/Build/Intermediates.noindex/ArchiveIntermediates/ClaudeFiles/IntermediateBuildFilesPath/ClaudeFiles.build/Release-iphoneos/ClaudeFiles.build/Objects-normal/arm64/VM.d -skip-unused-modulemap-deps
/Applications/Xcode_16.1.app/Contents/Developer/Toolchains/XcodeDefault.xctoolchain/usr/bin/clang -cc1 -Wundef-prefix\=TARGET_OS_ -fdiagnostics-show-note-include-stack -fmacro-backtrace-limit\=0 -ferror-limit 19 -serialize-diagnostic-file /Users/runner/Library/Developer/Xcode/DerivedData/ClaudeFiles-booopeqlitkdrwgkyxixaicupuay/Build/Intermediates.noindex/ArchiveIntermediates/ClaudeFiles/IntermediateBuildFilesPath/ClaudeFiles.build/Release-iphoneos/ClaudeFiles.build/Objects-normal/arm64/Util.dia -Wdeprecated-objc-isa-usage -Werror\=deprecated-objc-isa-usage -Werror\=implicit-function-declaration -Wnon-modular-include-in-framework-module -Werror\=non-modular-include-in-framework-module -Wno-trigraphs -Wno-missing-field-initializers -Wno-missing-prototypes -Werror\=return-type -Wdocumentation -Wunreachable-code -Wquoted-include-in-framework-header -Werror\=deprecated-objc-isa-usage -Werror\=objc-root-class -Wno-missing-braces -Wparentheses -Wswitch -Wunused-function -Wno-unused-label -Wno-unused-parameter -Wunused-variable -Wunused-value -Wempty-body -Wuninitialized -Wconditional-uninitialized -Wno-unknown-pragmas -Wno-shadow -Wno-four-char-constants -Wno-conversion -Wconstant-conversion -Wint-conversion -Wbool-conversion -Wenum-conversion -Wno-float-conversion -Wnon-literal-null-conversion -Wobjc-literal-conversion -Wshorten-64-to-32 -Wpointer-sign -Wno-newline-eof -Wno-implicit-fallthrough -Wdeprecated-declarations -Wno-sign-conversion -Winfinite-recursion -Wcomma -Wblock-capture-autoreleasing -Wstrict-prototypes -Wno-semicolon-before-method-body -Wunguarded-availability -Wno-unused-variable -Wno-shorten-64-to-32 -Wno-deprecated-declarations -Wno-unused-function -Wno-format -Wno-comma -Wno-incompatible-pointer-types-discards-qualifiers -Wno-strict-prototypes -Wno-reorder-init-list -Wno-implicit-int-float-conversion -Wno-c99-designator -Wno-final-dtor-non-final-class -Wno-extra-semi-stmt -Wno-misleading-indentation -Wno-implicit-fallthrough -Wno-enum-enum-conversion -Wno-enum-float-conversion -Wno-elaborated-enum-base -Wno-reserved-identifier -Wno-gnu-folding-constant -fmodule-map-file\=/Applications/Xcode_16.1.app/Contents/Developer/Toolchains/XcodeDefault.xctoolchain/usr/lib/clang/16/include/module.modulemap -fmodule-map-file\=/Applications/Xcode_16.1.app/Contents/Developer/Platforms/iPhoneOS.platform/Developer/SDKs/iPhoneOS.sdk/usr/include/c_standard_library.modulemap -fmodule-map-file\=/Applications/Xcode_16.1.app/Contents/Developer/Toolchains/XcodeDefault.xctoolchain/usr/lib/clang/16/include/module.modulemap -fmodule-map-file\=/Applications/Xcode_16.1.app/Contents/Developer/Platforms/iPhoneOS.platform/Developer/SDKs/iPhoneOS.sdk/usr/include/c_standard_library.modulemap -fmodule-map-file\=/Applications/Xcode_16.1.app/Contents/Developer/Platforms/iPhoneOS.platform/Developer/SDKs/iPhoneOS.sdk/usr/include/DarwinBasic.modulemap -fmodule-map-file\=/Applications/Xcode_16.1.app/Contents/Developer/Platforms/iPhoneOS.platform/Developer/SDKs/iPhoneOS.sdk/usr/include/c_standard_library.modulemap -o /Users/runner/Library/Developer/Xcode/DerivedData/ClaudeFiles-booopeqlitkdrwgkyxixaicupuay/Build/Intermediates.noindex/ArchiveIntermediates/ClaudeFiles/IntermediateBuildFilesPath/ClaudeFiles.build/Release-iphoneos/ClaudeFiles.build/Objects-normal/arm64/Util.o -disable-free -emit-obj -x c /Users/runner/work/ClaudeFiles/ClaudeFiles/ClaudeFiles/FilzaJailedDS-SSV-Bypass/XPF/external/ChOma/src/Util.c -target-abi darwinpcs -target-cpu apple-a7 -target-feature +v8a -target-feature +aes -target-feature +fp-armv8 -target-feature +sha2 -target-feature +neon -target-feature +zcm -target-feature +zcz -triple arm64-apple-ios16.0.0 -target-linker-version 1115.7.3 -target-sdk-version\=18.1 -fmodules-validate-system-headers -fno-modulemap-allow-subdirectory-search -isysroot /Applications/Xcode_16.1.app/Contents/Developer/Platforms/iPhoneOS.platform/Developer/SDKs/iPhoneOS18.1.sdk -resource-dir /Applications/Xcode_16.1.app/Contents/Developer/Toolchains/XcodeDefault.xctoolchain/usr/lib/clang/16 -fmodule-format\=obj -fmodule-file\=_Builtin_stdbool\=/Users/runner/Library/Developer/Xcode/DerivedData/ClaudeFiles-booopeqlitkdrwgkyxixaicupuay/Build/Intermediates.noindex/ArchiveIntermediates/ClaudeFiles/IntermediateBuildFilesPath/ExplicitPrecompiledModules/_Builtin_stdbool-C7K6GWKHFZFLHIMXKBYGYW5P1.pcm -fmodule-file\=_Builtin_stdint\=/Users/runner/Library/Developer/Xcode/DerivedData/ClaudeFiles-booopeqlitkdrwgkyxixaicupuay/Build/Intermediates.noindex/ArchiveIntermediates/ClaudeFiles/IntermediateBuildFilesPath/ExplicitPrecompiledModules/_Builtin_stdint-ADHF6I6G8W6YCXLLFU2L5YLQ4.pcm -fmodule-file\=_stdio\=/Users/runner/Library/Developer/Xcode/DerivedData/ClaudeFiles-booopeqlitkdrwgkyxixaicupuay/Build/Intermediates.noindex/ArchiveIntermediates/ClaudeFiles/IntermediateBuildFilesPath/ExplicitPrecompiledModules/_stdio-8X9QF2A38P5VPKQT9GHP1DVX4.pcm -fmodule-file\=_stdlib\=/Users/runner/Library/Developer/Xcode/DerivedData/ClaudeFiles-booopeqlitkdrwgkyxixaicupuay/Build/Intermediates.noindex/ArchiveIntermediates/ClaudeFiles/IntermediateBuildFilesPath/ExplicitPrecompiledModules/_stdlib-1DGJ9QEK2CNM6D0JRBI8UT4KH.pcm -fmodule-file\=_string\=/Users/runner/Library/Developer/Xcode/DerivedData/ClaudeFiles-booopeqlitkdrwgkyxixaicupuay/Build/Intermediates.noindex/ArchiveIntermediates/ClaudeFiles/IntermediateBuildFilesPath/ExplicitPrecompiledModules/_string-6FRUJBTOZ639LEJJR0TNLH8R0.pcm -fmodule-file\=unistd\=/Users/runner/Library/Developer/Xcode/DerivedData/ClaudeFiles-booopeqlitkdrwgkyxixaicupuay/Build/Intermediates.noindex/ArchiveIntermediates/ClaudeFiles/IntermediateBuildFilesPath/ExplicitPrecompiledModules/unistd-D06ILPWOCA89SSV8WV9WXILL8.pcm -I /Users/runner/Library/Developer/Xcode/DerivedData/ClaudeFiles-booopeqlitkdrwgkyxixaicupuay/Build/Intermediates.noindex/ArchiveIntermediates/ClaudeFiles/IntermediateBuildFilesPath/ClaudeFiles.build/Release-iphoneos/ClaudeFiles.build/ClaudeFiles-own-target-headers.hmap -I /Users/runner/Library/Developer/Xcode/DerivedData/ClaudeFiles-booopeqlitkdrwgkyxixaicupuay/Build/Intermediates.noindex/ArchiveIntermediates/ClaudeFiles/IntermediateBuildFilesPath/ClaudeFiles.build/Release-iphoneos/ClaudeFiles.build/ClaudeFiles-all-target-headers.hmap -I /Users/runner/Library/Developer/Xcode/DerivedData/ClaudeFiles-booopeqlitkdrwgkyxixaicupuay/Build/Intermediates.noindex/ArchiveIntermediates/ClaudeFiles/BuildProductsPath/Release-iphoneos/include -I /Users/runner/work/ClaudeFiles/ClaudeFiles/ClaudeFiles/FilzaJailedDS-SSV-Bypass -I /Users/runner/work/ClaudeFiles/ClaudeFiles/ClaudeFiles/FilzaJailedDS-SSV-Bypass/kexploit -I /Users/runner/work/ClaudeFiles/ClaudeFiles/ClaudeFiles/FilzaJailedDS-SSV-Bypass/kpf -I /Users/runner/work/ClaudeFiles/ClaudeFiles/ClaudeFiles/FilzaJailedDS-SSV-Bypass/SSV -I /Users/runner/work/ClaudeFiles/ClaudeFiles/ClaudeFiles/FilzaJailedDS-SSV-Bypass/utils -I /Users/runner/work/ClaudeFiles/ClaudeFiles/ClaudeFiles/FilzaJailedDS-SSV-Bypass/XPF/src -I /Users/runner/work/ClaudeFiles/ClaudeFiles/ClaudeFiles/FilzaJailedDS-SSV-Bypass/XPF/external/ChOma/src -I /Users/runner/work/ClaudeFiles/ClaudeFiles/ClaudeFiles/FilzaJailedDS-SSV-Bypass/XPF/external/ChOma/include -I /Users/runner/work/ClaudeFiles/ClaudeFiles/ClaudeFiles/FilzaJailedDS-SSV-Bypass/shims -I /Users/runner/Library/Developer/Xcode/DerivedData/ClaudeFiles-booopeqlitkdrwgkyxixaicupuay/Build/Intermediates.noindex/ArchiveIntermediates/ClaudeFiles/IntermediateBuildFilesPath/ClaudeFiles.build/Release-iphoneos/ClaudeFiles.build/DerivedSources-normal/arm64 -I /Users/runner/Library/Developer/Xcode/DerivedData/ClaudeFiles-booopeqlitkdrwgkyxixaicupuay/Build/Intermediates.noindex/ArchiveIntermediates/ClaudeFiles/IntermediateBuildFilesPath/ClaudeFiles.build/Release-iphoneos/ClaudeFiles.build/DerivedSources/arm64 -I /Users/runner/Library/Developer/Xcode/DerivedData/ClaudeFiles-booopeqlitkdrwgkyxixaicupuay/Build/Intermediates.noindex/ArchiveIntermediates/ClaudeFiles/IntermediateBuildFilesPath/ClaudeFiles.build/Release-iphoneos/ClaudeFiles.build/DerivedSources -F /Users/runner/Library/Developer/Xcode/DerivedData/ClaudeFiles-booopeqlitkdrwgkyxixaicupuay/Build/Intermediates.noindex/ArchiveIntermediates/ClaudeFiles/BuildProductsPath/Release-iphoneos -iquote /Users/runner/Library/Developer/Xcode/DerivedData/ClaudeFiles-booopeqlitkdrwgkyxixaicupuay/Build/Intermediates.noindex/ArchiveIntermediates/ClaudeFiles/IntermediateBuildFilesPath/ClaudeFiles.build/Release-iphoneos/ClaudeFiles.build/ClaudeFiles-generated-files.hmap -iquote /Users/runner/Library/Developer/Xcode/DerivedData/ClaudeFiles-booopeqlitkdrwgkyxixaicupuay/Build/Intermediates.noindex/ArchiveIntermediates/ClaudeFiles/IntermediateBuildFilesPath/ClaudeFiles.build/Release-iphoneos/ClaudeFiles.build/ClaudeFiles-project-headers.hmap -isystem /Applications/Xcode_16.1.app/Contents/Developer/Platforms/iPhoneOS.platform/Developer/SDKs/iPhoneOS18.1.sdk/usr/local/include -isystem /Applications/Xcode_16.1.app/Contents/Developer/Toolchains/XcodeDefault.xctoolchain/usr/lib/clang/16/include -internal-externc-isystem /Applications/Xcode_16.1.app/Contents/Developer/Platforms/iPhoneOS.platform/Developer/SDKs/iPhoneOS18.1.sdk/usr/include -internal-externc-isystem /Applications/Xcode_16.1.app/Contents/Developer/Toolchains/XcodeDefault.xctoolchain/usr/include -ivfsstatcache /Users/runner/Library/Developer/Xcode/DerivedData/SDKStatCaches.noindex/iphoneos18.1-22B74-a5999746ac4ace560a5a822e68842f47.sdkstatcache -std\=gnu11 -fmodules -fno-implicit-modules -fmax-type-align\=16 -fpascal-strings -fstack-check -fvisibility\=hidden -fvisibility-inlines-hidden-static-local-var -mdarwin-stkchk-strong-link -fno-odr-hash-protocols -pic-level 2 -fencode-extended-block-signature -stack-protector 1 -fgnuc-version\=4.2.1 -fblocks -ffp-contract\=on -fclang-abi-compat\=4.0 -fno-experimental-relative-c++-abi-vtables -fno-file-reproducible -clang-vendor-feature\=+disableNonDependentMemberExprInCurrentInstantiation -clang-vendor-feature\=+enableAggressiveVLAFolding -clang-vendor-feature\=+revert09abecef7bbf -clang-vendor-feature\=+thisNoAlignAttr -clang-vendor-feature\=+thisNoNullAttr -clang-vendor-feature\=+disableAtImportPrivateFrameworkInImplementationError -O2 -fdebug-compilation-dir\=/Users/runner/work/ClaudeFiles/ClaudeFiles -fcoverage-compilation-dir\=/Users/runner/work/ClaudeFiles/ClaudeFiles -fobjc-msgsend-selector-stubs -fregister-global-dtors-with-atexit -fno-strict-return -dwarf-version\=4 -debugger-tuning\=lldb -disable-llvm-verifier -dwarf-ext-refs -mframe-pointer\=non-leaf -funwind-tables\=1 -vectorize-loops -vectorize-slp -clear-ast-before-backend -discard-value-names -main-file-name Util.c -finline-functions -debug-info-kind\=standalone -Os -fdiagnostics-hotness-threshold\=0 -fdiagnostics-misexpect-tolerance\=0 -D __GCC_HAVE_DWARF2_CFI_ASM\=1 -MT dependencies -dependency-file /Users/runner/Library/Developer/Xcode/DerivedData/ClaudeFiles-booopeqlitkdrwgkyxixaicupuay/Build/Intermediates.noindex/ArchiveIntermediates/ClaudeFiles/IntermediateBuildFilesPath/ClaudeFiles.build/Release-iphoneos/ClaudeFiles.build/Objects-normal/arm64/Util.d -skip-unused-modulemap-deps
/Applications/Xcode_16.1.app/Contents/Developer/Toolchains/XcodeDefault.xctoolchain/usr/bin/clang -cc1 -Wundef-prefix\=TARGET_OS_ -fdiagnostics-show-note-include-stack -fmacro-backtrace-limit\=0 -ferror-limit 19 -serialize-diagnostic-file /Users/runner/Library/Developer/Xcode/DerivedData/ClaudeFiles-booopeqlitkdrwgkyxixaicupuay/Build/Intermediates.noindex/ArchiveIntermediates/ClaudeFiles/IntermediateBuildFilesPath/ClaudeFiles.build/Release-iphoneos/ClaudeFiles.build/Objects-normal/arm64/Thread.dia -Wdeprecated-objc-isa-usage -Werror\=deprecated-objc-isa-usage -Werror\=implicit-function-declaration -Wnon-modular-include-in-framework-module -Werror\=non-modular-include-in-framework-module -Wno-trigraphs -Wno-missing-field-initializers -Wno-missing-prototypes -Werror\=return-type -Wdocumentation -Wunreachable-code -Wquoted-include-in-framework-header -Wno-implicit-atomic-properties -Werror\=deprecated-objc-isa-usage -Wno-objc-interface-ivars -Werror\=objc-root-class -Wno-arc-repeated-use-of-weak -Wimplicit-retain-self -Wduplicate-method-match -Wno-missing-braces -Wparentheses -Wswitch -Wunused-function -Wno-unused-label -Wno-unused-parameter -Wunused-variable -Wunused-value -Wempty-body -Wuninitialized -Wconditional-uninitialized -Wno-unknown-pragmas -Wno-shadow -Wno-four-char-constants -Wno-conversion -Wconstant-conversion -Wint-conversion -Wbool-conversion -Wenum-conversion -Wno-float-conversion -Wnon-literal-null-conversion -Wobjc-literal-conversion -Wshorten-64-to-32 -Wpointer-sign -Wno-newline-eof -Wno-selector -Wno-strict-selector-match -Wundeclared-selector -Wdeprecated-implementations -Wno-implicit-fallthrough -Wprotocol -Wdeprecated-declarations -Wno-sign-conversion -Winfinite-recursion -Wcomma -Wblock-capture-autoreleasing -Wstrict-prototypes -Wno-semicolon-before-method-body -Wunguarded-availability -Wno-unused-variable -Wno-shorten-64-to-32 -Wno-deprecated-declarations -Wno-unused-function -Wno-format -Wno-comma -Wno-incompatible-pointer-types-discards-qualifiers -Wno-strict-prototypes -Wno-reorder-init-list -Wno-implicit-int-float-conversion -Wno-c99-designator -Wno-final-dtor-non-final-class -Wno-extra-semi-stmt -Wno-misleading-indentation -Wno-implicit-fallthrough -Wno-enum-enum-conversion -Wno-enum-float-conversion -Wno-elaborated-enum-base -Wno-reserved-identifier -Wno-gnu-folding-constant -fmodule-map-file\=/Applications/Xcode_16.1.app/Contents/Developer/Toolchains/XcodeDefault.xctoolchain/usr/lib/clang/16/include/module.modulemap -fmodule-map-file\=/Applications/Xcode_16.1.app/Contents/Developer/Toolchains/XcodeDefault.xctoolchain/usr/lib/clang/16/include/module.modulemap -fmodule-map-file\=/Applications/Xcode_16.1.app/Contents/Developer/Platforms/iPhoneOS.platform/Developer/SDKs/iPhoneOS.sdk/usr/include/Darwin.modulemap -fmodule-map-file\=/Applications/Xcode_16.1.app/Contents/Developer/Platforms/iPhoneOS.platform/Developer/SDKs/iPhoneOS.sdk/usr/include/c_standard_library.modulemap -fmodule-map-file\=/Applications/Xcode_16.1.app/Contents/Developer/Platforms/iPhoneOS.platform/Developer/SDKs/iPhoneOS.sdk/usr/include/DarwinBasic.modulemap -fmodule-map-file\=/Applications/Xcode_16.1.app/Contents/Developer/Platforms/iPhoneOS.platform/Developer/SDKs/iPhoneOS.sdk/System/Library/Frameworks/Foundation.framework/Modules/module.modulemap -fmodule-map-file\=/Applications/Xcode_16.1.app/Contents/Developer/Platforms/iPhoneOS.platform/Developer/SDKs/iPhoneOS.sdk/System/Library/Frameworks/UIKit.framework/Modules/module.modulemap -o /Users/runner/Library/Developer/Xcode/DerivedData/ClaudeFiles-booopeqlitkdrwgkyxixaicupuay/Build/Intermediates.noindex/ArchiveIntermediates/ClaudeFiles/IntermediateBuildFilesPath/ClaudeFiles.build/Release-iphoneos/ClaudeFiles.build/Objects-normal/arm64/Thread.o -disable-free -emit-obj -x objective-c /Users/runner/work/ClaudeFiles/ClaudeFiles/ClaudeFiles/FilzaJailedDS-SSV-Bypass/kexploit/Thread.m -target-abi darwinpcs -target-cpu apple-a7 -target-feature +v8a -target-feature +aes -target-feature +fp-armv8 -target-feature +sha2 -target-feature +neon -target-feature +zcm -target-feature +zcz -triple arm64-apple-ios16.0.0 -target-linker-version 1115.7.3 -target-sdk-version\=18.1 -fmodules-validate-system-headers -fno-modulemap-allow-subdirectory-search -isysroot /Applications/Xcode_16.1.app/Contents/Developer/Platforms/iPhoneOS.platform/Developer/SDKs/iPhoneOS18.1.sdk -resource-dir /Applications/Xcode_16.1.app/Contents/Developer/Toolchains/XcodeDefault.xctoolchain/usr/lib/clang/16 -fmodule-format\=obj -fmodule-file\=Darwin\=/Users/runner/Library/Developer/Xcode/DerivedData/ClaudeFiles-booopeqlitkdrwgkyxixaicupuay/Build/Intermediates.noindex/ArchiveIntermediates/ClaudeFiles/IntermediateBuildFilesPath/ExplicitPrecompiledModules/Darwin-CDBBDOWQKITLCUQ9B0MA5IAZ5.pcm -fmodule-file\=Foundation\=/Users/runner/Library/Developer/Xcode/DerivedData/ClaudeFiles-booopeqlitkdrwgkyxixaicupuay/Build/Intermediates.noindex/ArchiveIntermediates/ClaudeFiles/IntermediateBuildFilesPath/ExplicitPrecompiledModules/Foundation-4K90496DFYLZPYYOOTZY0E5CG.pcm -fmodule-file\=UIKit\=/Users/runner/Library/Developer/Xcode/DerivedData/ClaudeFiles-booopeqlitkdrwgkyxixaicupuay/Build/Intermediates.noindex/ArchiveIntermediates/ClaudeFiles/IntermediateBuildFilesPath/ExplicitPrecompiledModules/UIKit-2D0A5BOLV43QACMZD528CHGTV.pcm -fmodule-file\=_Builtin_stdbool\=/Users/runner/Library/Developer/Xcode/DerivedData/ClaudeFiles-booopeqlitkdrwgkyxixaicupuay/Build/Intermediates.noindex/ArchiveIntermediates/ClaudeFiles/IntermediateBuildFilesPath/ExplicitPrecompiledModules/_Builtin_stdbool-1HTZJEEL3OAGQ5TUPFOB7Z6L.pcm -fmodule-file\=_Builtin_stdint\=/Users/runner/Library/Developer/Xcode/DerivedData/ClaudeFiles-booopeqlitkdrwgkyxixaicupuay/Build/Intermediates.noindex/ArchiveIntermediates/ClaudeFiles/IntermediateBuildFilesPath/ExplicitPrecompiledModules/_Builtin_stdint-PTF71O9LC87KRQK8W857TSRW.pcm -fmodule-file\=_stdio\=/Users/runner/Library/Developer/Xcode/DerivedData/ClaudeFiles-booopeqlitkdrwgkyxixaicupuay/Build/Intermediates.noindex/ArchiveIntermediates/ClaudeFiles/IntermediateBuildFilesPath/ExplicitPrecompiledModules/_stdio-A5AB7F671YU53HWR043WNHOQ1.pcm -fmodule-file\=unistd\=/Users/runner/Library/Developer/Xcode/DerivedData/ClaudeFiles-booopeqlitkdrwgkyxixaicupuay/Build/Intermediates.noindex/ArchiveIntermediates/ClaudeFiles/IntermediateBuildFilesPath/ExplicitPrecompiledModules/unistd-2E1RRGMSAOQKIO8FIC6G908YI.pcm -I /Users/runner/Library/Developer/Xcode/DerivedData/ClaudeFiles-booopeqlitkdrwgkyxixaicupuay/Build/Intermediates.noindex/ArchiveIntermediates/ClaudeFiles/IntermediateBuildFilesPath/ClaudeFiles.build/Release-iphoneos/ClaudeFiles.build/ClaudeFiles-own-target-headers.hmap -I /Users/runner/Library/Developer/Xcode/DerivedData/ClaudeFiles-booopeqlitkdrwgkyxixaicupuay/Build/Intermediates.noindex/ArchiveIntermediates/ClaudeFiles/IntermediateBuildFilesPath/ClaudeFiles.build/Release-iphoneos/ClaudeFiles.build/ClaudeFiles-all-target-headers.hmap -I /Users/runner/Library/Developer/Xcode/DerivedData/ClaudeFiles-booopeqlitkdrwgkyxixaicupuay/Build/Intermediates.noindex/ArchiveIntermediates/ClaudeFiles/BuildProductsPath/Release-iphoneos/include -I /Users/runner/work/ClaudeFiles/ClaudeFiles/ClaudeFiles/FilzaJailedDS-SSV-Bypass -I /Users/runner/work/ClaudeFiles/ClaudeFiles/ClaudeFiles/FilzaJailedDS-SSV-Bypass/kexploit -I /Users/runner/work/ClaudeFiles/ClaudeFiles/ClaudeFiles/FilzaJailedDS-SSV-Bypass/kpf -I /Users/runner/work/ClaudeFiles/ClaudeFiles/ClaudeFiles/FilzaJailedDS-SSV-Bypass/SSV -I /Users/runner/work/ClaudeFiles/ClaudeFiles/ClaudeFiles/FilzaJailedDS-SSV-Bypass/utils -I /Users/runner/work/ClaudeFiles/ClaudeFiles/ClaudeFiles/FilzaJailedDS-SSV-Bypass/XPF/src -I /Users/runner/work/ClaudeFiles/ClaudeFiles/ClaudeFiles/FilzaJailedDS-SSV-Bypass/XPF/external/ChOma/src -I /Users/runner/work/ClaudeFiles/ClaudeFiles/ClaudeFiles/FilzaJailedDS-SSV-Bypass/XPF/external/ChOma/include -I /Users/runner/work/ClaudeFiles/ClaudeFiles/ClaudeFiles/FilzaJailedDS-SSV-Bypass/shims -I /Users/runner/Library/Developer/Xcode/DerivedData/ClaudeFiles-booopeqlitkdrwgkyxixaicupuay/Build/Intermediates.noindex/ArchiveIntermediates/ClaudeFiles/IntermediateBuildFilesPath/ClaudeFiles.build/Release-iphoneos/ClaudeFiles.build/DerivedSources-normal/arm64 -I /Users/runner/Library/Developer/Xcode/DerivedData/ClaudeFiles-booopeqlitkdrwgkyxixaicupuay/Build/Intermediates.noindex/ArchiveIntermediates/ClaudeFiles/IntermediateBuildFilesPath/ClaudeFiles.build/Release-iphoneos/ClaudeFiles.build/DerivedSources/arm64 -I /Users/runner/Library/Developer/Xcode/DerivedData/ClaudeFiles-booopeqlitkdrwgkyxixaicupuay/Build/Intermediates.noindex/ArchiveIntermediates/ClaudeFiles/IntermediateBuildFilesPath/ClaudeFiles.build/Release-iphoneos/ClaudeFiles.build/DerivedSources -F /Users/runner/Library/Developer/Xcode/DerivedData/ClaudeFiles-booopeqlitkdrwgkyxixaicupuay/Build/Intermediates.noindex/ArchiveIntermediates/ClaudeFiles/BuildProductsPath/Release-iphoneos -iquote /Users/runner/Library/Developer/Xcode/DerivedData/ClaudeFiles-booopeqlitkdrwgkyxixaicupuay/Build/Intermediates.noindex/ArchiveIntermediates/ClaudeFiles/IntermediateBuildFilesPath/ClaudeFiles.build/Release-iphoneos/ClaudeFiles.build/ClaudeFiles-generated-files.hmap -iquote /Users/runner/Library/Developer/Xcode/DerivedData/ClaudeFiles-booopeqlitkdrwgkyxixaicupuay/Build/Intermediates.noindex/ArchiveIntermediates/ClaudeFiles/IntermediateBuildFilesPath/ClaudeFiles.build/Release-iphoneos/ClaudeFiles.build/ClaudeFiles-project-headers.hmap -isystem /Applications/Xcode_16.1.app/Contents/Developer/Platforms/iPhoneOS.platform/Developer/SDKs/iPhoneOS18.1.sdk/usr/local/include -isystem /Applications/Xcode_16.1.app/Contents/Developer/Toolchains/XcodeDefault.xctoolchain/usr/lib/clang/16/include -internal-externc-isystem /Applications/Xcode_16.1.app/Contents/Developer/Platforms/iPhoneOS.platform/Developer/SDKs/iPhoneOS18.1.sdk/usr/include -internal-externc-isystem /Applications/Xcode_16.1.app/Contents/Developer/Toolchains/XcodeDefault.xctoolchain/usr/include -ivfsstatcache /Users/runner/Library/Developer/Xcode/DerivedData/SDKStatCaches.noindex/iphoneos18.1-22B74-a5999746ac4ace560a5a822e68842f47.sdkstatcache -std\=gnu11 -fexceptions -fmodules -fno-implicit-modules -fobjc-exceptions -fmax-type-align\=16 -fpascal-strings -fstack-check -fvisibility\=hidden -fvisibility-inlines-hidden-static-local-var -mdarwin-stkchk-strong-link -fno-odr-hash-protocols -pic-level 2 -fencode-extended-block-signature -stack-protector 1 -fobjc-runtime\=ios-16.0.0 -fobjc-arc -fobjc-runtime-has-weak -fobjc-weak -fgnuc-version\=4.2.1 -fblocks -ffp-contract\=on -fclang-abi-compat\=4.0 -fno-experimental-relative-c++-abi-vtables -fno-file-reproducible -clang-vendor-feature\=+disableNonDependentMemberExprInCurrentInstantiation -clang-vendor-feature\=+enableAggressiveVLAFolding -clang-vendor-feature\=+revert09abecef7bbf -clang-vendor-feature\=+thisNoAlignAttr -clang-vendor-feature\=+thisNoNullAttr -clang-vendor-feature\=+disableAtImportPrivateFrameworkInImplementationError -O2 -fdebug-compilation-dir\=/Users/runner/work/ClaudeFiles/ClaudeFiles -fcoverage-compilation-dir\=/Users/runner/work/ClaudeFiles/ClaudeFiles -fobjc-msgsend-selector-stubs -fregister-global-dtors-with-atexit -fno-strict-return -dwarf-version\=4 -debugger-tuning\=lldb -disable-llvm-verifier -dwarf-ext-refs -mframe-pointer\=non-leaf -funwind-tables\=1 -vectorize-loops -vectorize-slp -clear-ast-before-backend -discard-value-names -main-file-name Thread.m -finline-functions -debug-info-kind\=standalone -Os -fdiagnostics-hotness-threshold\=0 -fdiagnostics-misexpect-tolerance\=0 -D NS_BLOCK_ASSERTIONS\=1 -D OBJC_OLD_DISPATCH_PROTOTYPES\=0 -D __GCC_HAVE_DWARF2_CFI_ASM\=1 -MT dependencies -dependency-file /Users/runner/Library/Developer/Xcode/DerivedData/ClaudeFiles-booopeqlitkdrwgkyxixaicupuay/Build/Intermediates.noindex/ArchiveIntermediates/ClaudeFiles/IntermediateBuildFilesPath/ClaudeFiles.build/Release-iphoneos/ClaudeFiles.build/Objects-normal/arm64/Thread.d -skip-unused-modulemap-deps
/Applications/Xcode_16.1.app/Contents/Developer/Toolchains/XcodeDefault.xctoolchain/usr/bin/clang -cc1 -Wundef-prefix\=TARGET_OS_ -fdiagnostics-show-note-include-stack -fmacro-backtrace-limit\=0 -ferror-limit 19 -serialize-diagnostic-file /Users/runner/Library/Developer/Xcode/DerivedData/ClaudeFiles-booopeqlitkdrwgkyxixaicupuay/Build/Intermediates.noindex/ArchiveIntermediates/ClaudeFiles/IntermediateBuildFilesPath/ClaudeFiles.build/Release-iphoneos/ClaudeFiles.build/Objects-normal/arm64/SSVUtils.dia -Wdeprecated-objc-isa-usage -Werror\=deprecated-objc-isa-usage -Werror\=implicit-function-declaration -Wnon-modular-include-in-framework-module -Werror\=non-modular-include-in-framework-module -Wno-trigraphs -Wno-missing-field-initializers -Wno-missing-prototypes -Werror\=return-type -Wdocumentation -Wunreachable-code -Wquoted-include-in-framework-header -Wno-implicit-atomic-properties -Werror\=deprecated-objc-isa-usage -Wno-objc-interface-ivars -Werror\=objc-root-class -Wno-arc-repeated-use-of-weak -Wimplicit-retain-self -Wduplicate-method-match -Wno-missing-braces -Wparentheses -Wswitch -Wunused-function -Wno-unused-label -Wno-unused-parameter -Wunused-variable -Wunused-value -Wempty-body -Wuninitialized -Wconditional-uninitialized -Wno-unknown-pragmas -Wno-shadow -Wno-four-char-constants -Wno-conversion -Wconstant-conversion -Wint-conversion -Wbool-conversion -Wenum-conversion -Wno-float-conversion -Wnon-literal-null-conversion -Wobjc-literal-conversion -Wshorten-64-to-32 -Wpointer-sign -Wno-newline-eof -Wno-selector -Wno-strict-selector-match -Wundeclared-selector -Wdeprecated-implementations -Wno-implicit-fallthrough -Wprotocol -Wdeprecated-declarations -Wno-sign-conversion -Winfinite-recursion -Wcomma -Wblock-capture-autoreleasing -Wstrict-prototypes -Wno-semicolon-before-method-body -Wunguarded-availability -Wno-unused-variable -Wno-shorten-64-to-32 -Wno-deprecated-declarations -Wno-unused-function -Wno-format -Wno-comma -Wno-incompatible-pointer-types-discards-qualifiers -Wno-strict-prototypes -Wno-reorder-init-list -Wno-implicit-int-float-conversion -Wno-c99-designator -Wno-final-dtor-non-final-class -Wno-extra-semi-stmt -Wno-misleading-indentation -Wno-implicit-fallthrough -Wno-enum-enum-conversion -Wno-enum-float-conversion -Wno-elaborated-enum-base -Wno-reserved-identifier -Wno-gnu-folding-constant -fmodule-map-file\=/Applications/Xcode_16.1.app/Contents/Developer/Platforms/iPhoneOS.platform/Developer/SDKs/iPhoneOS.sdk/System/Library/Frameworks/Foundation.framework/Modules/module.modulemap -fmodule-map-file\=/Applications/Xcode_16.1.app/Contents/Developer/Toolchains/XcodeDefault.xctoolchain/usr/lib/clang/16/include/module.modulemap -fmodule-map-file\=/Applications/Xcode_16.1.app/Contents/Developer/Toolchains/XcodeDefault.xctoolchain/usr/lib/clang/16/include/module.modulemap -fmodule-map-file\=/Applications/Xcode_16.1.app/Contents/Developer/Toolchains/XcodeDefault.xctoolchain/usr/lib/clang/16/include/module.modulemap -fmodule-map-file\=/Applications/Xcode_16.1.app/Contents/Developer/Platforms/iPhoneOS.platform/Developer/SDKs/iPhoneOS.sdk/usr/include/c_standard_library.modulemap -fmodule-map-file\=/Applications/Xcode_16.1.app/Contents/Developer/Platforms/iPhoneOS.platform/Developer/SDKs/iPhoneOS.sdk/usr/include/c_standard_library.modulemap -fmodule-map-file\=/Applications/Xcode_16.1.app/Contents/Developer/Toolchains/XcodeDefault.xctoolchain/usr/lib/clang/16/include/module.modulemap -fmodule-map-file\=/Applications/Xcode_16.1.app/Contents/Developer/Platforms/iPhoneOS.platform/Developer/SDKs/iPhoneOS.sdk/usr/include/c_standard_library.modulemap -fmodule-map-file\=/Applications/Xcode_16.1.app/Contents/Developer/Toolchains/XcodeDefault.xctoolchain/usr/lib/clang/16/include/module.modulemap -fmodule-map-file\=/Applications/Xcode_16.1.app/Contents/Developer/Platforms/iPhoneOS.platform/Developer/SDKs/iPhoneOS.sdk/usr/include/Darwin.modulemap -fmodule-map-file\=/Applications/Xcode_16.1.app/Contents/Developer/Platforms/iPhoneOS.platform/Developer/SDKs/iPhoneOS.sdk/usr/include/DarwinBasic.modulemap -fmodule-map-file\=/Applications/Xcode_16.1.app/Contents/Developer/Platforms/iPhoneOS.platform/Developer/SDKs/iPhoneOS.sdk/usr/include/dispatch/module.modulemap -o /Users/runner/Library/Developer/Xcode/DerivedData/ClaudeFiles-booopeqlitkdrwgkyxixaicupuay/Build/Intermediates.noindex/ArchiveIntermediates/ClaudeFiles/IntermediateBuildFilesPath/ClaudeFiles.build/Release-iphoneos/ClaudeFiles.build/Objects-normal/arm64/SSVUtils.o -disable-free -emit-obj -x objective-c /Users/runner/work/ClaudeFiles/ClaudeFiles/ClaudeFiles/FilzaJailedDS-SSV-Bypass/SSV/SSVUtils.m -target-abi darwinpcs -target-cpu apple-a7 -target-feature +v8a -target-feature +aes -target-feature +fp-armv8 -target-feature +sha2 -target-feature +neon -target-feature +zcm -target-feature +zcz -triple arm64-apple-ios16.0.0 -target-linker-version 1115.7.3 -target-sdk-version\=18.1 -fmodules-validate-system-headers -fno-modulemap-allow-subdirectory-search -isysroot /Applications/Xcode_16.1.app/Contents/Developer/Platforms/iPhoneOS.platform/Developer/SDKs/iPhoneOS18.1.sdk -resource-dir /Applications/Xcode_16.1.app/Contents/Developer/Toolchains/XcodeDefault.xctoolchain/usr/lib/clang/16 -fmodule-format\=obj -fmodule-file\=Darwin\=/Users/runner/Library/Developer/Xcode/DerivedData/ClaudeFiles-booopeqlitkdrwgkyxixaicupuay/Build/Intermediates.noindex/ArchiveIntermediates/ClaudeFiles/IntermediateBuildFilesPath/ExplicitPrecompiledModules/Darwin-CDBBDOWQKITLCUQ9B0MA5IAZ5.pcm -fmodule-file\=Dispatch\=/Users/runner/Library/Developer/Xcode/DerivedData/ClaudeFiles-booopeqlitkdrwgkyxixaicupuay/Build/Intermediates.noindex/ArchiveIntermediates/ClaudeFiles/IntermediateBuildFilesPath/ExplicitPrecompiledModules/Dispatch-BBKPEGVSR6TEA0H70LQC05ZGL.pcm -fmodule-file\=Foundation\=/Users/runner/Library/Developer/Xcode/DerivedData/ClaudeFiles-booopeqlitkdrwgkyxixaicupuay/Build/Intermediates.noindex/ArchiveIntermediates/ClaudeFiles/IntermediateBuildFilesPath/ExplicitPrecompiledModules/Foundation-4K90496DFYLZPYYOOTZY0E5CG.pcm -fmodule-file\=_Builtin_limits\=/Users/runner/Library/Developer/Xcode/DerivedData/ClaudeFiles-booopeqlitkdrwgkyxixaicupuay/Build/Intermediates.noindex/ArchiveIntermediates/ClaudeFiles/IntermediateBuildFilesPath/ExplicitPrecompiledModules/_Builtin_limits-A6Z087LDP866WAC8V4RNNU819.pcm -fmodule-file\=_Builtin_stdarg\=/Users/runner/Library/Developer/Xcode/DerivedData/ClaudeFiles-booopeqlitkdrwgkyxixaicupuay/Build/Intermediates.noindex/ArchiveIntermediates/ClaudeFiles/IntermediateBuildFilesPath/ExplicitPrecompiledModules/_Builtin_stdarg-80U3AE1B1KG113OO472C3HF5Z.pcm -fmodule-file\=_Builtin_stdbool\=/Users/runner/Library/Developer/Xcode/DerivedData/ClaudeFiles-booopeqlitkdrwgkyxixaicupuay/Build/Intermediates.noindex/ArchiveIntermediates/ClaudeFiles/IntermediateBuildFilesPath/ExplicitPrecompiledModules/_Builtin_stdbool-1HTZJEEL3OAGQ5TUPFOB7Z6L.pcm -fmodule-file\=_Builtin_stddef\=/Users/runner/Library/Developer/Xcode/DerivedData/ClaudeFiles-booopeqlitkdrwgkyxixaicupuay/Build/Intermediates.noindex/ArchiveIntermediates/ClaudeFiles/IntermediateBuildFilesPath/ExplicitPrecompiledModules/_Builtin_stddef-C42GUQY3Z56D4LT3V8V50ZTF4.pcm -fmodule-file\=_Builtin_stdint\=/Users/runner/Library/Developer/Xcode/DerivedData/ClaudeFiles-booopeqlitkdrwgkyxixaicupuay/Build/Intermediates.noindex/ArchiveIntermediates/ClaudeFiles/IntermediateBuildFilesPath/ExplicitPrecompiledModules/_Builtin_stdint-PTF71O9LC87KRQK8W857TSRW.pcm -fmodule-file\=_stdio\=/Users/runner/Library/Developer/Xcode/DerivedData/ClaudeFiles-booopeqlitkdrwgkyxixaicupuay/Build/Intermediates.noindex/ArchiveIntermediates/ClaudeFiles/IntermediateBuildFilesPath/ExplicitPrecompiledModules/_stdio-A5AB7F671YU53HWR043WNHOQ1.pcm -fmodule-file\=_stdlib\=/Users/runner/Library/Developer/Xcode/DerivedData/ClaudeFiles-booopeqlitkdrwgkyxixaicupuay/Build/Intermediates.noindex/ArchiveIntermediates/ClaudeFiles/IntermediateBuildFilesPath/ExplicitPrecompiledModules/_stdlib-94EEJ4LE5XUDPZG9SWVW0AM3F.pcm -fmodule-file\=_time\=/Users/runner/Library/Developer/Xcode/DerivedData/ClaudeFiles-booopeqlitkdrwgkyxixaicupuay/Build/Intermediates.noindex/ArchiveIntermediates/ClaudeFiles/IntermediateBuildFilesPath/ExplicitPrecompiledModules/_time-F172HVLQC62C1MGMIGTBIR0L8.pcm -fmodule-file\=unistd\=/Users/runner/Library/Developer/Xcode/DerivedData/ClaudeFiles-booopeqlitkdrwgkyxixaicupuay/Build/Intermediates.noindex/ArchiveIntermediates/ClaudeFiles/IntermediateBuildFilesPath/ExplicitPrecompiledModules/unistd-2E1RRGMSAOQKIO8FIC6G908YI.pcm -I /Users/runner/Library/Developer/Xcode/DerivedData/ClaudeFiles-booopeqlitkdrwgkyxixaicupuay/Build/Intermediates.noindex/ArchiveIntermediates/ClaudeFiles/IntermediateBuildFilesPath/ClaudeFiles.build/Release-iphoneos/ClaudeFiles.build/ClaudeFiles-own-target-headers.hmap -I /Users/runner/Library/Developer/Xcode/DerivedData/ClaudeFiles-booopeqlitkdrwgkyxixaicupuay/Build/Intermediates.noindex/ArchiveIntermediates/ClaudeFiles/IntermediateBuildFilesPath/ClaudeFiles.build/Release-iphoneos/ClaudeFiles.build/ClaudeFiles-all-target-headers.hmap -I /Users/runner/Library/Developer/Xcode/DerivedData/ClaudeFiles-booopeqlitkdrwgkyxixaicupuay/Build/Intermediates.noindex/ArchiveIntermediates/ClaudeFiles/BuildProductsPath/Release-iphoneos/include -I /Users/runner/work/ClaudeFiles/ClaudeFiles/ClaudeFiles/FilzaJailedDS-SSV-Bypass -I /Users/runner/work/ClaudeFiles/ClaudeFiles/ClaudeFiles/FilzaJailedDS-SSV-Bypass/kexploit -I /Users/runner/work/ClaudeFiles/ClaudeFiles/ClaudeFiles/FilzaJailedDS-SSV-Bypass/kpf -I /Users/runner/work/ClaudeFiles/ClaudeFiles/ClaudeFiles/FilzaJailedDS-SSV-Bypass/SSV -I /Users/runner/work/ClaudeFiles/ClaudeFiles/ClaudeFiles/FilzaJailedDS-SSV-Bypass/utils -I /Users/runner/work/ClaudeFiles/ClaudeFiles/ClaudeFiles/FilzaJailedDS-SSV-Bypass/XPF/src -I /Users/runner/work/ClaudeFiles/ClaudeFiles/ClaudeFiles/FilzaJailedDS-SSV-Bypass/XPF/external/ChOma/src -I /Users/runner/work/ClaudeFiles/ClaudeFiles/ClaudeFiles/FilzaJailedDS-SSV-Bypass/XPF/external/ChOma/include -I /Users/runner/work/ClaudeFiles/ClaudeFiles/ClaudeFiles/FilzaJailedDS-SSV-Bypass/shims -I /Users/runner/Library/Developer/Xcode/DerivedData/ClaudeFiles-booopeqlitkdrwgkyxixaicupuay/Build/Intermediates.noindex/ArchiveIntermediates/ClaudeFiles/IntermediateBuildFilesPath/ClaudeFiles.build/Release-iphoneos/ClaudeFiles.build/DerivedSources-normal/arm64 -I /Users/runner/Library/Developer/Xcode/DerivedData/ClaudeFiles-booopeqlitkdrwgkyxixaicupuay/Build/Intermediates.noindex/ArchiveIntermediates/ClaudeFiles/IntermediateBuildFilesPath/ClaudeFiles.build/Release-iphoneos/ClaudeFiles.build/DerivedSources/arm64 -I /Users/runner/Library/Developer/Xcode/DerivedData/ClaudeFiles-booopeqlitkdrwgkyxixaicupuay/Build/Intermediates.noindex/ArchiveIntermediates/ClaudeFiles/IntermediateBuildFilesPath/ClaudeFiles.build/Release-iphoneos/ClaudeFiles.build/DerivedSources -F /Users/runner/Library/Developer/Xcode/DerivedData/ClaudeFiles-booopeqlitkdrwgkyxixaicupuay/Build/Intermediates.noindex/ArchiveIntermediates/ClaudeFiles/BuildProductsPath/Release-iphoneos -iquote /Users/runner/Library/Developer/Xcode/DerivedData/ClaudeFiles-booopeqlitkdrwgkyxixaicupuay/Build/Intermediates.noindex/ArchiveIntermediates/ClaudeFiles/IntermediateBuildFilesPath/ClaudeFiles.build/Release-iphoneos/ClaudeFiles.build/ClaudeFiles-generated-files.hmap -iquote /Users/runner/Library/Developer/Xcode/DerivedData/ClaudeFiles-booopeqlitkdrwgkyxixaicupuay/Build/Intermediates.noindex/ArchiveIntermediates/ClaudeFiles/IntermediateBuildFilesPath/ClaudeFiles.build/Release-iphoneos/ClaudeFiles.build/ClaudeFiles-project-headers.hmap -isystem /Applications/Xcode_16.1.app/Contents/Developer/Platforms/iPhoneOS.platform/Developer/SDKs/iPhoneOS18.1.sdk/usr/local/include -isystem /Applications/Xcode_16.1.app/Contents/Developer/Toolchains/XcodeDefault.xctoolchain/usr/lib/clang/16/include -internal-externc-isystem /Applications/Xcode_16.1.app/Contents/Developer/Platforms/iPhoneOS.platform/Developer/SDKs/iPhoneOS18.1.sdk/usr/include -internal-externc-isystem /Applications/Xcode_16.1.app/Contents/Developer/Toolchains/XcodeDefault.xctoolchain/usr/include -ivfsstatcache /Users/runner/Library/Developer/Xcode/DerivedData/SDKStatCaches.noindex/iphoneos18.1-22B74-a5999746ac4ace560a5a822e68842f47.sdkstatcache -std\=gnu11 -fexceptions -fmodules -fno-implicit-modules -fobjc-exceptions -fmax-type-align\=16 -fpascal-strings -fstack-check -fvisibility\=hidden -fvisibility-inlines-hidden-static-local-var -mdarwin-stkchk-strong-link -fno-odr-hash-protocols -pic-level 2 -fencode-extended-block-signature -stack-protector 1 -fobjc-runtime\=ios-16.0.0 -fobjc-arc -fobjc-runtime-has-weak -fobjc-weak -fgnuc-version\=4.2.1 -fblocks -ffp-contract\=on -fclang-abi-compat\=4.0 -fno-experimental-relative-c++-abi-vtables -fno-file-reproducible -clang-vendor-feature\=+disableNonDependentMemberExprInCurrentInstantiation -clang-vendor-feature\=+enableAggressiveVLAFolding -clang-vendor-feature\=+revert09abecef7bbf -clang-vendor-feature\=+thisNoAlignAttr -clang-vendor-feature\=+thisNoNullAttr -clang-vendor-feature\=+disableAtImportPrivateFrameworkInImplementationError -O2 -fdebug-compilation-dir\=/Users/runner/work/ClaudeFiles/ClaudeFiles -fcoverage-compilation-dir\=/Users/runner/work/ClaudeFiles/ClaudeFiles -fobjc-msgsend-selector-stubs -fregister-global-dtors-with-atexit -fno-strict-return -dwarf-version\=4 -debugger-tuning\=lldb -disable-llvm-verifier -dwarf-ext-refs -mframe-pointer\=non-leaf -funwind-tables\=1 -vectorize-loops -vectorize-slp -clear-ast-before-backend -discard-value-names -main-file-name SSVUtils.m -finline-functions -debug-info-kind\=standalone -Os -fdiagnostics-hotness-threshold\=0 -fdiagnostics-misexpect-tolerance\=0 -D NS_BLOCK_ASSERTIONS\=1 -D OBJC_OLD_DISPATCH_PROTOTYPES\=0 -D __GCC_HAVE_DWARF2_CFI_ASM\=1 -MT dependencies -dependency-file /Users/runner/Library/Developer/Xcode/DerivedData/ClaudeFiles-booopeqlitkdrwgkyxixaicupuay/Build/Intermediates.noindex/ArchiveIntermediates/ClaudeFiles/IntermediateBuildFilesPath/ClaudeFiles.build/Release-iphoneos/ClaudeFiles.build/Objects-normal/arm64/SSVUtils.d -skip-unused-modulemap-deps
/Applications/Xcode_16.1.app/Contents/Developer/Toolchains/XcodeDefault.xctoolchain/usr/bin/clang -cc1 -Wundef-prefix\=TARGET_OS_ -fdiagnostics-show-note-include-stack -fmacro-backtrace-limit\=0 -ferror-limit 19 -serialize-diagnostic-file /Users/runner/Library/Developer/Xcode/DerivedData/ClaudeFiles-booopeqlitkdrwgkyxixaicupuay/Build/Intermediates.noindex/ArchiveIntermediates/ClaudeFiles/IntermediateBuildFilesPath/ClaudeFiles.build/Release-iphoneos/ClaudeFiles.build/Objects-normal/arm64/PatchFinder_arm64.dia -Wdeprecated-objc-isa-usage -Werror\=deprecated-objc-isa-usage -Werror\=implicit-function-declaration -Wnon-modular-include-in-framework-module -Werror\=non-modular-include-in-framework-module -Wno-trigraphs -Wno-missing-field-initializers -Wno-missing-prototypes -Werror\=return-type -Wdocumentation -Wunreachable-code -Wquoted-include-in-framework-header -Werror\=deprecated-objc-isa-usage -Werror\=objc-root-class -Wno-missing-braces -Wparentheses -Wswitch -Wunused-function -Wno-unused-label -Wno-unused-parameter -Wunused-variable -Wunused-value -Wempty-body -Wuninitialized -Wconditional-uninitialized -Wno-unknown-pragmas -Wno-shadow -Wno-four-char-constants -Wno-conversion -Wconstant-conversion -Wint-conversion -Wbool-conversion -Wenum-conversion -Wno-float-conversion -Wnon-literal-null-conversion -Wobjc-literal-conversion -Wshorten-64-to-32 -Wpointer-sign -Wno-newline-eof -Wno-implicit-fallthrough -Wdeprecated-declarations -Wno-sign-conversion -Winfinite-recursion -Wcomma -Wblock-capture-autoreleasing -Wstrict-prototypes -Wno-semicolon-before-method-body -Wunguarded-availability -Wno-unused-variable -Wno-shorten-64-to-32 -Wno-deprecated-declarations -Wno-unused-function -Wno-format -Wno-comma -Wno-incompatible-pointer-types-discards-qualifiers -Wno-strict-prototypes -Wno-reorder-init-list -Wno-implicit-int-float-conversion -Wno-c99-designator -Wno-final-dtor-non-final-class -Wno-extra-semi-stmt -Wno-misleading-indentation -Wno-implicit-fallthrough -Wno-enum-enum-conversion -Wno-enum-float-conversion -Wno-elaborated-enum-base -Wno-reserved-identifier -Wno-gnu-folding-constant -fmodule-map-file\=/Applications/Xcode_16.1.app/Contents/Developer/Toolchains/XcodeDefault.xctoolchain/usr/lib/clang/16/include/module.modulemap -fmodule-map-file\=/Applications/Xcode_16.1.app/Contents/Developer/Toolchains/XcodeDefault.xctoolchain/usr/lib/clang/16/include/module.modulemap -fmodule-map-file\=/Applications/Xcode_16.1.app/Contents/Developer/Toolchains/XcodeDefault.xctoolchain/usr/lib/clang/16/include/module.modulemap -fmodule-map-file\=/Applications/Xcode_16.1.app/Contents/Developer/Platforms/iPhoneOS.platform/Developer/SDKs/iPhoneOS.sdk/usr/include/mach-o/module.modulemap -fmodule-map-file\=/Applications/Xcode_16.1.app/Contents/Developer/Platforms/iPhoneOS.platform/Developer/SDKs/iPhoneOS.sdk/usr/include/Darwin.modulemap -fmodule-map-file\=/Applications/Xcode_16.1.app/Contents/Developer/Platforms/iPhoneOS.platform/Developer/SDKs/iPhoneOS.sdk/usr/include/c_standard_library.modulemap -fmodule-map-file\=/Applications/Xcode_16.1.app/Contents/Developer/Platforms/iPhoneOS.platform/Developer/SDKs/iPhoneOS.sdk/usr/include/c_standard_library.modulemap -fmodule-map-file\=/Applications/Xcode_16.1.app/Contents/Developer/Platforms/iPhoneOS.platform/Developer/SDKs/iPhoneOS.sdk/usr/include/c_standard_library.modulemap -fmodule-map-file\=/Applications/Xcode_16.1.app/Contents/Developer/Platforms/iPhoneOS.platform/Developer/SDKs/iPhoneOS.sdk/usr/include/DarwinBasic.modulemap -o /Users/runner/Library/Developer/Xcode/DerivedData/ClaudeFiles-booopeqlitkdrwgkyxixaicupuay/Build/Intermediates.noindex/ArchiveIntermediates/ClaudeFiles/IntermediateBuildFilesPath/ClaudeFiles.build/Release-iphoneos/ClaudeFiles.build/Objects-normal/arm64/PatchFinder_arm64.o -disable-free -emit-obj -x c /Users/runner/work/ClaudeFiles/ClaudeFiles/ClaudeFiles/FilzaJailedDS-SSV-Bypass/XPF/external/ChOma/src/PatchFinder_arm64.c -target-abi darwinpcs -target-cpu apple-a7 -target-feature +v8a -target-feature +aes -target-feature +fp-armv8 -target-feature +sha2 -target-feature +neon -target-feature +zcm -target-feature +zcz -triple arm64-apple-ios16.0.0 -target-linker-version 1115.7.3 -target-sdk-version\=18.1 -fmodules-validate-system-headers -fno-modulemap-allow-subdirectory-search -isysroot /Applications/Xcode_16.1.app/Contents/Developer/Platforms/iPhoneOS.platform/Developer/SDKs/iPhoneOS18.1.sdk -resource-dir /Applications/Xcode_16.1.app/Contents/Developer/Toolchains/XcodeDefault.xctoolchain/usr/lib/clang/16 -fmodule-format\=obj -fmodule-file\=Darwin\=/Users/runner/Library/Developer/Xcode/DerivedData/ClaudeFiles-booopeqlitkdrwgkyxixaicupuay/Build/Intermediates.noindex/ArchiveIntermediates/ClaudeFiles/IntermediateBuildFilesPath/ExplicitPrecompiledModules/Darwin-COT7K8GGHLREC37DHP0X0E15Q.pcm -fmodule-file\=MachO\=/Users/runner/Library/Developer/Xcode/DerivedData/ClaudeFiles-booopeqlitkdrwgkyxixaicupuay/Build/Intermediates.noindex/ArchiveIntermediates/ClaudeFiles/IntermediateBuildFilesPath/ExplicitPrecompiledModules/MachO-1MB42U2H0CFC33UR5PQ9YUBHX.pcm -fmodule-file\=_Builtin_stdbool\=/Users/runner/Library/Developer/Xcode/DerivedData/ClaudeFiles-booopeqlitkdrwgkyxixaicupuay/Build/Intermediates.noindex/ArchiveIntermediates/ClaudeFiles/IntermediateBuildFilesPath/ExplicitPrecompiledModules/_Builtin_stdbool-C7K6GWKHFZFLHIMXKBYGYW5P1.pcm -fmodule-file\=_Builtin_stddef\=/Users/runner/Library/Developer/Xcode/DerivedData/ClaudeFiles-booopeqlitkdrwgkyxixaicupuay/Build/Intermediates.noindex/ArchiveIntermediates/ClaudeFiles/IntermediateBuildFilesPath/ExplicitPrecompiledModules/_Builtin_stddef-8AR0LDIW298TYOBH82AB4ZCBU.pcm -fmodule-file\=_Builtin_stdint\=/Users/runner/Library/Developer/Xcode/DerivedData/ClaudeFiles-booopeqlitkdrwgkyxixaicupuay/Build/Intermediates.noindex/ArchiveIntermediates/ClaudeFiles/IntermediateBuildFilesPath/ExplicitPrecompiledModules/_Builtin_stdint-ADHF6I6G8W6YCXLLFU2L5YLQ4.pcm -fmodule-file\=_stdio\=/Users/runner/Library/Developer/Xcode/DerivedData/ClaudeFiles-booopeqlitkdrwgkyxixaicupuay/Build/Intermediates.noindex/ArchiveIntermediates/ClaudeFiles/IntermediateBuildFilesPath/ExplicitPrecompiledModules/_stdio-8X9QF2A38P5VPKQT9GHP1DVX4.pcm -fmodule-file\=_stdlib\=/Users/runner/Library/Developer/Xcode/DerivedData/ClaudeFiles-booopeqlitkdrwgkyxixaicupuay/Build/Intermediates.noindex/ArchiveIntermediates/ClaudeFiles/IntermediateBuildFilesPath/ExplicitPrecompiledModules/_stdlib-1DGJ9QEK2CNM6D0JRBI8UT4KH.pcm -fmodule-file\=_string\=/Users/runner/Library/Developer/Xcode/DerivedData/ClaudeFiles-booopeqlitkdrwgkyxixaicupuay/Build/Intermediates.noindex/ArchiveIntermediates/ClaudeFiles/IntermediateBuildFilesPath/ExplicitPrecompiledModules/_string-6FRUJBTOZ639LEJJR0TNLH8R0.pcm -fmodule-file\=unistd\=/Users/runner/Library/Developer/Xcode/DerivedData/ClaudeFiles-booopeqlitkdrwgkyxixaicupuay/Build/Intermediates.noindex/ArchiveIntermediates/ClaudeFiles/IntermediateBuildFilesPath/ExplicitPrecompiledModules/unistd-D06ILPWOCA89SSV8WV9WXILL8.pcm -I /Users/runner/Library/Developer/Xcode/DerivedData/ClaudeFiles-booopeqlitkdrwgkyxixaicupuay/Build/Intermediates.noindex/ArchiveIntermediates/ClaudeFiles/IntermediateBuildFilesPath/ClaudeFiles.build/Release-iphoneos/ClaudeFiles.build/ClaudeFiles-own-target-headers.hmap -I /Users/runner/Library/Developer/Xcode/DerivedData/ClaudeFiles-booopeqlitkdrwgkyxixaicupuay/Build/Intermediates.noindex/ArchiveIntermediates/ClaudeFiles/IntermediateBuildFilesPath/ClaudeFiles.build/Release-iphoneos/ClaudeFiles.build/ClaudeFiles-all-target-headers.hmap -I /Users/runner/Library/Developer/Xcode/DerivedData/ClaudeFiles-booopeqlitkdrwgkyxixaicupuay/Build/Intermediates.noindex/ArchiveIntermediates/ClaudeFiles/BuildProductsPath/Release-iphoneos/include -I /Users/runner/work/ClaudeFiles/ClaudeFiles/ClaudeFiles/FilzaJailedDS-SSV-Bypass -I /Users/runner/work/ClaudeFiles/ClaudeFiles/ClaudeFiles/FilzaJailedDS-SSV-Bypass/kexploit -I /Users/runner/work/ClaudeFiles/ClaudeFiles/ClaudeFiles/FilzaJailedDS-SSV-Bypass/kpf -I /Users/runner/work/ClaudeFiles/ClaudeFiles/ClaudeFiles/FilzaJailedDS-SSV-Bypass/SSV -I /Users/runner/work/ClaudeFiles/ClaudeFiles/ClaudeFiles/FilzaJailedDS-SSV-Bypass/utils -I /Users/runner/work/ClaudeFiles/ClaudeFiles/ClaudeFiles/FilzaJailedDS-SSV-Bypass/XPF/src -I /Users/runner/work/ClaudeFiles/ClaudeFiles/ClaudeFiles/FilzaJailedDS-SSV-Bypass/XPF/external/ChOma/src -I /Users/runner/work/ClaudeFiles/ClaudeFiles/ClaudeFiles/FilzaJailedDS-SSV-Bypass/XPF/external/ChOma/include -I /Users/runner/work/ClaudeFiles/ClaudeFiles/ClaudeFiles/FilzaJailedDS-SSV-Bypass/shims -I /Users/runner/Library/Developer/Xcode/DerivedData/ClaudeFiles-booopeqlitkdrwgkyxixaicupuay/Build/Intermediates.noindex/ArchiveIntermediates/ClaudeFiles/IntermediateBuildFilesPath/ClaudeFiles.build/Release-iphoneos/ClaudeFiles.build/DerivedSources-normal/arm64 -I /Users/runner/Library/Developer/Xcode/DerivedData/ClaudeFiles-booopeqlitkdrwgkyxixaicupuay/Build/Intermediates.noindex/ArchiveIntermediates/ClaudeFiles/IntermediateBuildFilesPath/ClaudeFiles.build/Release-iphoneos/ClaudeFiles.build/DerivedSources/arm64 -I /Users/runner/Library/Developer/Xcode/DerivedData/ClaudeFiles-booopeqlitkdrwgkyxixaicupuay/Build/Intermediates.noindex/ArchiveIntermediates/ClaudeFiles/IntermediateBuildFilesPath/ClaudeFiles.build/Release-iphoneos/ClaudeFiles.build/DerivedSources -F /Users/runner/Library/Developer/Xcode/DerivedData/ClaudeFiles-booopeqlitkdrwgkyxixaicupuay/Build/Intermediates.noindex/ArchiveIntermediates/ClaudeFiles/BuildProductsPath/Release-iphoneos -iquote /Users/runner/Library/Developer/Xcode/DerivedData/ClaudeFiles-booopeqlitkdrwgkyxixaicupuay/Build/Intermediates.noindex/ArchiveIntermediates/ClaudeFiles/IntermediateBuildFilesPath/ClaudeFiles.build/Release-iphoneos/ClaudeFiles.build/ClaudeFiles-generated-files.hmap -iquote /Users/runner/Library/Developer/Xcode/DerivedData/ClaudeFiles-booopeqlitkdrwgkyxixaicupuay/Build/Intermediates.noindex/ArchiveIntermediates/ClaudeFiles/IntermediateBuildFilesPath/ClaudeFiles.build/Release-iphoneos/ClaudeFiles.build/ClaudeFiles-project-headers.hmap -isystem /Applications/Xcode_16.1.app/Contents/Developer/Platforms/iPhoneOS.platform/Developer/SDKs/iPhoneOS18.1.sdk/usr/local/include -isystem /Applications/Xcode_16.1.app/Contents/Developer/Toolchains/XcodeDefault.xctoolchain/usr/lib/clang/16/include -internal-externc-isystem /Applications/Xcode_16.1.app/Contents/Developer/Platforms/iPhoneOS.platform/Developer/SDKs/iPhoneOS18.1.sdk/usr/include -internal-externc-isystem /Applications/Xcode_16.1.app/Contents/Developer/Toolchains/XcodeDefault.xctoolchain/usr/include -ivfsstatcache /Users/runner/Library/Developer/Xcode/DerivedData/SDKStatCaches.noindex/iphoneos18.1-22B74-a5999746ac4ace560a5a822e68842f47.sdkstatcache -std\=gnu11 -fmodules -fno-implicit-modules -fmax-type-align\=16 -fpascal-strings -fstack-check -fvisibility\=hidden -fvisibility-inlines-hidden-static-local-var -mdarwin-stkchk-strong-link -fno-odr-hash-protocols -pic-level 2 -fencode-extended-block-signature -stack-protector 1 -fgnuc-version\=4.2.1 -fblocks -ffp-contract\=on -fclang-abi-compat\=4.0 -fno-experimental-relative-c++-abi-vtables -fno-file-reproducible -clang-vendor-feature\=+disableNonDependentMemberExprInCurrentInstantiation -clang-vendor-feature\=+enableAggressiveVLAFolding -clang-vendor-feature\=+revert09abecef7bbf -clang-vendor-feature\=+thisNoAlignAttr -clang-vendor-feature\=+thisNoNullAttr -clang-vendor-feature\=+disableAtImportPrivateFrameworkInImplementationError -O2 -fdebug-compilation-dir\=/Users/runner/work/ClaudeFiles/ClaudeFiles -fcoverage-compilation-dir\=/Users/runner/work/ClaudeFiles/ClaudeFiles -fobjc-msgsend-selector-stubs -fregister-global-dtors-with-atexit -fno-strict-return -dwarf-version\=4 -debugger-tuning\=lldb -disable-llvm-verifier -dwarf-ext-refs -mframe-pointer\=non-leaf -funwind-tables\=1 -vectorize-loops -vectorize-slp -clear-ast-before-backend -discard-value-names -main-file-name PatchFinder_arm64.c -finline-functions -debug-info-kind\=standalone -Os -fdiagnostics-hotness-threshold\=0 -fdiagnostics-misexpect-tolerance\=0 -D __GCC_HAVE_DWARF2_CFI_ASM\=1 -MT dependencies -dependency-file /Users/runner/Library/Developer/Xcode/DerivedData/ClaudeFiles-booopeqlitkdrwgkyxixaicupuay/Build/Intermediates.noindex/ArchiveIntermediates/ClaudeFiles/IntermediateBuildFilesPath/ClaudeFiles.build/Release-iphoneos/ClaudeFiles.build/Objects-normal/arm64/PatchFinder_arm64.d -skip-unused-modulemap-deps
/Applications/Xcode_16.1.app/Contents/Developer/Toolchains/XcodeDefault.xctoolchain/usr/bin/clang -cc1 -Wundef-prefix\=TARGET_OS_ -fdiagnostics-show-note-include-stack -fmacro-backtrace-limit\=0 -ferror-limit 19 -serialize-diagnostic-file /Users/runner/Library/Developer/Xcode/DerivedData/ClaudeFiles-booopeqlitkdrwgkyxixaicupuay/Build/Intermediates.noindex/ArchiveIntermediates/ClaudeFiles/IntermediateBuildFilesPath/ClaudeFiles.build/Release-iphoneos/ClaudeFiles.build/Objects-normal/arm64/RemoteCall.dia -Wdeprecated-objc-isa-usage -Werror\=deprecated-objc-isa-usage -Werror\=implicit-function-declaration -Wnon-modular-include-in-framework-module -Werror\=non-modular-include-in-framework-module -Wno-trigraphs -Wno-missing-field-initializers -Wno-missing-prototypes -Werror\=return-type -Wdocumentation -Wunreachable-code -Wquoted-include-in-framework-header -Wno-implicit-atomic-properties -Werror\=deprecated-objc-isa-usage -Wno-objc-interface-ivars -Werror\=objc-root-class -Wno-arc-repeated-use-of-weak -Wimplicit-retain-self -Wduplicate-method-match -Wno-missing-braces -Wparentheses -Wswitch -Wunused-function -Wno-unused-label -Wno-unused-parameter -Wunused-variable -Wunused-value -Wempty-body -Wuninitialized -Wconditional-uninitialized -Wno-unknown-pragmas -Wno-shadow -Wno-four-char-constants -Wno-conversion -Wconstant-conversion -Wint-conversion -Wbool-conversion -Wenum-conversion -Wno-float-conversion -Wnon-literal-null-conversion -Wobjc-literal-conversion -Wshorten-64-to-32 -Wpointer-sign -Wno-newline-eof -Wno-selector -Wno-strict-selector-match -Wundeclared-selector -Wdeprecated-implementations -Wno-implicit-fallthrough -Wprotocol -Wdeprecated-declarations -Wno-sign-conversion -Winfinite-recursion -Wcomma -Wblock-capture-autoreleasing -Wstrict-prototypes -Wno-semicolon-before-method-body -Wunguarded-availability -Wno-unused-variable -Wno-shorten-64-to-32 -Wno-deprecated-declarations -Wno-unused-function -Wno-format -Wno-comma -Wno-incompatible-pointer-types-discards-qualifiers -Wno-strict-prototypes -Wno-reorder-init-list -Wno-implicit-int-float-conversion -Wno-c99-designator -Wno-final-dtor-non-final-class -Wno-extra-semi-stmt -Wno-misleading-indentation -Wno-implicit-fallthrough -Wno-enum-enum-conversion -Wno-enum-float-conversion -Wno-elaborated-enum-base -Wno-reserved-identifier -Wno-gnu-folding-constant -fmodule-map-file\=/Applications/Xcode_16.1.app/Contents/Developer/Platforms/iPhoneOS.platform/Developer/SDKs/iPhoneOS.sdk/System/Library/Frameworks/Foundation.framework/Modules/module.modulemap -fmodule-map-file\=/Applications/Xcode_16.1.app/Contents/Developer/Platforms/iPhoneOS.platform/Developer/SDKs/iPhoneOS.sdk/usr/include/c_standard_library.modulemap -fmodule-map-file\=/Applications/Xcode_16.1.app/Contents/Developer/Toolchains/XcodeDefault.xctoolchain/usr/lib/clang/16/include/module.modulemap -fmodule-map-file\=/Applications/Xcode_16.1.app/Contents/Developer/Toolchains/XcodeDefault.xctoolchain/usr/lib/clang/16/include/module.modulemap -fmodule-map-file\=/Applications/Xcode_16.1.app/Contents/Developer/Platforms/iPhoneOS.platform/Developer/SDKs/iPhoneOS.sdk/usr/include/Darwin.modulemap -fmodule-map-file\=/Applications/Xcode_16.1.app/Contents/Developer/Platforms/iPhoneOS.platform/Developer/SDKs/iPhoneOS.sdk/usr/include/DarwinBasic.modulemap -fmodule-map-file\=/Applications/Xcode_16.1.app/Contents/Developer/Platforms/iPhoneOS.platform/Developer/SDKs/iPhoneOS.sdk/usr/include/DarwinBasic.modulemap -fmodule-map-file\=/Applications/Xcode_16.1.app/Contents/Developer/Platforms/iPhoneOS.platform/Developer/SDKs/iPhoneOS.sdk/System/Library/Frameworks/UIKit.framework/Modules/module.modulemap -o /Users/runner/Library/Developer/Xcode/DerivedData/ClaudeFiles-booopeqlitkdrwgkyxixaicupuay/Build/Intermediates.noindex/ArchiveIntermediates/ClaudeFiles/IntermediateBuildFilesPath/ClaudeFiles.build/Release-iphoneos/ClaudeFiles.build/Objects-normal/arm64/RemoteCall.o -disable-free -emit-obj -x objective-c /Users/runner/work/ClaudeFiles/ClaudeFiles/ClaudeFiles/FilzaJailedDS-SSV-Bypass/kexploit/RemoteCall.m -target-abi darwinpcs -target-cpu apple-a7 -target-feature +v8a -target-feature +aes -target-feature +fp-armv8 -target-feature +sha2 -target-feature +neon -target-feature +zcm -target-feature +zcz -triple arm64-apple-ios16.0.0 -target-linker-version 1115.7.3 -target-sdk-version\=18.1 -fmodules-validate-system-headers -fno-modulemap-allow-subdirectory-search -isysroot /Applications/Xcode_16.1.app/Contents/Developer/Platforms/iPhoneOS.platform/Developer/SDKs/iPhoneOS18.1.sdk -resource-dir /Applications/Xcode_16.1.app/Contents/Developer/Toolchains/XcodeDefault.xctoolchain/usr/lib/clang/16 -fmodule-format\=obj -fmodule-file\=Darwin\=/Users/runner/Library/Developer/Xcode/DerivedData/ClaudeFiles-booopeqlitkdrwgkyxixaicupuay/Build/Intermediates.noindex/ArchiveIntermediates/ClaudeFiles/IntermediateBuildFilesPath/ExplicitPrecompiledModules/Darwin-CDBBDOWQKITLCUQ9B0MA5IAZ5.pcm -fmodule-file\=Foundation\=/Users/runner/Library/Developer/Xcode/DerivedData/ClaudeFiles-booopeqlitkdrwgkyxixaicupuay/Build/Intermediates.noindex/ArchiveIntermediates/ClaudeFiles/IntermediateBuildFilesPath/ExplicitPrecompiledModules/Foundation-4K90496DFYLZPYYOOTZY0E5CG.pcm -fmodule-file\=UIKit\=/Users/runner/Library/Developer/Xcode/DerivedData/ClaudeFiles-booopeqlitkdrwgkyxixaicupuay/Build/Intermediates.noindex/ArchiveIntermediates/ClaudeFiles/IntermediateBuildFilesPath/ExplicitPrecompiledModules/UIKit-2D0A5BOLV43QACMZD528CHGTV.pcm -fmodule-file\=_Builtin_stdbool\=/Users/runner/Library/Developer/Xcode/DerivedData/ClaudeFiles-booopeqlitkdrwgkyxixaicupuay/Build/Intermediates.noindex/ArchiveIntermediates/ClaudeFiles/IntermediateBuildFilesPath/ExplicitPrecompiledModules/_Builtin_stdbool-1HTZJEEL3OAGQ5TUPFOB7Z6L.pcm -fmodule-file\=_Builtin_stdint\=/Users/runner/Library/Developer/Xcode/DerivedData/ClaudeFiles-booopeqlitkdrwgkyxixaicupuay/Build/Intermediates.noindex/ArchiveIntermediates/ClaudeFiles/IntermediateBuildFilesPath/ExplicitPrecompiledModules/_Builtin_stdint-PTF71O9LC87KRQK8W857TSRW.pcm -fmodule-file\=_stdio\=/Users/runner/Library/Developer/Xcode/DerivedData/ClaudeFiles-booopeqlitkdrwgkyxixaicupuay/Build/Intermediates.noindex/ArchiveIntermediates/ClaudeFiles/IntermediateBuildFilesPath/ExplicitPrecompiledModules/_stdio-A5AB7F671YU53HWR043WNHOQ1.pcm -fmodule-file\=pthread\=/Users/runner/Library/Developer/Xcode/DerivedData/ClaudeFiles-booopeqlitkdrwgkyxixaicupuay/Build/Intermediates.noindex/ArchiveIntermediates/ClaudeFiles/IntermediateBuildFilesPath/ExplicitPrecompiledModules/pthread-7K5DYV31YKKNG10V5JMJIF1H0.pcm -fmodule-file\=unistd\=/Users/runner/Library/Developer/Xcode/DerivedData/ClaudeFiles-booopeqlitkdrwgkyxixaicupuay/Build/Intermediates.noindex/ArchiveIntermediates/ClaudeFiles/IntermediateBuildFilesPath/ExplicitPrecompiledModules/unistd-2E1RRGMSAOQKIO8FIC6G908YI.pcm -I /Users/runner/Library/Developer/Xcode/DerivedData/ClaudeFiles-booopeqlitkdrwgkyxixaicupuay/Build/Intermediates.noindex/ArchiveIntermediates/ClaudeFiles/IntermediateBuildFilesPath/ClaudeFiles.build/Release-iphoneos/ClaudeFiles.build/ClaudeFiles-own-target-headers.hmap -I /Users/runner/Library/Developer/Xcode/DerivedData/ClaudeFiles-booopeqlitkdrwgkyxixaicupuay/Build/Intermediates.noindex/ArchiveIntermediates/ClaudeFiles/IntermediateBuildFilesPath/ClaudeFiles.build/Release-iphoneos/ClaudeFiles.build/ClaudeFiles-all-target-headers.hmap -I /Users/runner/Library/Developer/Xcode/DerivedData/ClaudeFiles-booopeqlitkdrwgkyxixaicupuay/Build/Intermediates.noindex/ArchiveIntermediates/ClaudeFiles/BuildProductsPath/Release-iphoneos/include -I /Users/runner/work/ClaudeFiles/ClaudeFiles/ClaudeFiles/FilzaJailedDS-SSV-Bypass -I /Users/runner/work/ClaudeFiles/ClaudeFiles/ClaudeFiles/FilzaJailedDS-SSV-Bypass/kexploit -I /Users/runner/work/ClaudeFiles/ClaudeFiles/ClaudeFiles/FilzaJailedDS-SSV-Bypass/kpf -I /Users/runner/work/ClaudeFiles/ClaudeFiles/ClaudeFiles/FilzaJailedDS-SSV-Bypass/SSV -I /Users/runner/work/ClaudeFiles/ClaudeFiles/ClaudeFiles/FilzaJailedDS-SSV-Bypass/utils -I /Users/runner/work/ClaudeFiles/ClaudeFiles/ClaudeFiles/FilzaJailedDS-SSV-Bypass/XPF/src -I /Users/runner/work/ClaudeFiles/ClaudeFiles/ClaudeFiles/FilzaJailedDS-SSV-Bypass/XPF/external/ChOma/src -I /Users/runner/work/ClaudeFiles/ClaudeFiles/ClaudeFiles/FilzaJailedDS-SSV-Bypass/XPF/external/ChOma/include -I /Users/runner/work/ClaudeFiles/ClaudeFiles/ClaudeFiles/FilzaJailedDS-SSV-Bypass/shims -I /Users/runner/Library/Developer/Xcode/DerivedData/ClaudeFiles-booopeqlitkdrwgkyxixaicupuay/Build/Intermediates.noindex/ArchiveIntermediates/ClaudeFiles/IntermediateBuildFilesPath/ClaudeFiles.build/Release-iphoneos/ClaudeFiles.build/DerivedSources-normal/arm64 -I /Users/runner/Library/Developer/Xcode/DerivedData/ClaudeFiles-booopeqlitkdrwgkyxixaicupuay/Build/Intermediates.noindex/ArchiveIntermediates/ClaudeFiles/IntermediateBuildFilesPath/ClaudeFiles.build/Release-iphoneos/ClaudeFiles.build/DerivedSources/arm64 -I /Users/runner/Library/Developer/Xcode/DerivedData/ClaudeFiles-booopeqlitkdrwgkyxixaicupuay/Build/Intermediates.noindex/ArchiveIntermediates/ClaudeFiles/IntermediateBuildFilesPath/ClaudeFiles.build/Release-iphoneos/ClaudeFiles.build/DerivedSources -F /Users/runner/Library/Developer/Xcode/DerivedData/ClaudeFiles-booopeqlitkdrwgkyxixaicupuay/Build/Intermediates.noindex/ArchiveIntermediates/ClaudeFiles/BuildProductsPath/Release-iphoneos -iquote /Users/runner/Library/Developer/Xcode/DerivedData/ClaudeFiles-booopeqlitkdrwgkyxixaicupuay/Build/Intermediates.noindex/ArchiveIntermediates/ClaudeFiles/IntermediateBuildFilesPath/ClaudeFiles.build/Release-iphoneos/ClaudeFiles.build/ClaudeFiles-generated-files.hmap -iquote /Users/runner/Library/Developer/Xcode/DerivedData/ClaudeFiles-booopeqlitkdrwgkyxixaicupuay/Build/Intermediates.noindex/ArchiveIntermediates/ClaudeFiles/IntermediateBuildFilesPath/ClaudeFiles.build/Release-iphoneos/ClaudeFiles.build/ClaudeFiles-project-headers.hmap -isystem /Applications/Xcode_16.1.app/Contents/Developer/Platforms/iPhoneOS.platform/Developer/SDKs/iPhoneOS18.1.sdk/usr/local/include -isystem /Applications/Xcode_16.1.app/Contents/Developer/Toolchains/XcodeDefault.xctoolchain/usr/lib/clang/16/include -internal-externc-isystem /Applications/Xcode_16.1.app/Contents/Developer/Platforms/iPhoneOS.platform/Developer/SDKs/iPhoneOS18.1.sdk/usr/include -internal-externc-isystem /Applications/Xcode_16.1.app/Contents/Developer/Toolchains/XcodeDefault.xctoolchain/usr/include -ivfsstatcache /Users/runner/Library/Developer/Xcode/DerivedData/SDKStatCaches.noindex/iphoneos18.1-22B74-a5999746ac4ace560a5a822e68842f47.sdkstatcache -std\=gnu11 -fexceptions -fmodules -fno-implicit-modules -fobjc-exceptions -fmax-type-align\=16 -fpascal-strings -fstack-check -fvisibility\=hidden -fvisibility-inlines-hidden-static-local-var -mdarwin-stkchk-strong-link -fno-odr-hash-protocols -pic-level 2 -fencode-extended-block-signature -stack-protector 1 -fobjc-runtime\=ios-16.0.0 -fobjc-arc -fobjc-runtime-has-weak -fobjc-weak -fgnuc-version\=4.2.1 -fblocks -ffp-contract\=on -fclang-abi-compat\=4.0 -fno-experimental-relative-c++-abi-vtables -fno-file-reproducible -clang-vendor-feature\=+disableNonDependentMemberExprInCurrentInstantiation -clang-vendor-feature\=+enableAggressiveVLAFolding -clang-vendor-feature\=+revert09abecef7bbf -clang-vendor-feature\=+thisNoAlignAttr -clang-vendor-feature\=+thisNoNullAttr -clang-vendor-feature\=+disableAtImportPrivateFrameworkInImplementationError -O2 -fdebug-compilation-dir\=/Users/runner/work/ClaudeFiles/ClaudeFiles -fcoverage-compilation-dir\=/Users/runner/work/ClaudeFiles/ClaudeFiles -fobjc-msgsend-selector-stubs -fregister-global-dtors-with-atexit -fno-strict-return -dwarf-version\=4 -debugger-tuning\=lldb -disable-llvm-verifier -dwarf-ext-refs -mframe-pointer\=non-leaf -funwind-tables\=1 -vectorize-loops -vectorize-slp -clear-ast-before-backend -discard-value-names -main-file-name RemoteCall.m -finline-functions -debug-info-kind\=standalone -Os -fdiagnostics-hotness-threshold\=0 -fdiagnostics-misexpect-tolerance\=0 -D NS_BLOCK_ASSERTIONS\=1 -D OBJC_OLD_DISPATCH_PROTOTYPES\=0 -D __GCC_HAVE_DWARF2_CFI_ASM\=1 -MT dependencies -dependency-file /Users/runner/Library/Developer/Xcode/DerivedData/ClaudeFiles-booopeqlitkdrwgkyxixaicupuay/Build/Intermediates.noindex/ArchiveIntermediates/ClaudeFiles/IntermediateBuildFilesPath/ClaudeFiles.build/Release-iphoneos/ClaudeFiles.build/Objects-normal/arm64/RemoteCall.d -skip-unused-modulemap-deps
/Applications/Xcode_16.1.app/Contents/Developer/Toolchains/XcodeDefault.xctoolchain/usr/bin/clang -cc1 -Wundef-prefix\=TARGET_OS_ -fdiagnostics-show-note-include-stack -fmacro-backtrace-limit\=0 -ferror-limit 19 -serialize-diagnostic-file /Users/runner/Library/Developer/Xcode/DerivedData/ClaudeFiles-booopeqlitkdrwgkyxixaicupuay/Build/Intermediates.noindex/ArchiveIntermediates/ClaudeFiles/IntermediateBuildFilesPath/ClaudeFiles.build/Release-iphoneos/ClaudeFiles.build/Objects-normal/arm64/PatchFinder-7eb081a02206937dba3bf75d1e04575d.dia -Wdeprecated-objc-isa-usage -Werror\=deprecated-objc-isa-usage -Werror\=implicit-function-declaration -Wnon-modular-include-in-framework-module -Werror\=non-modular-include-in-framework-module -Wno-trigraphs -Wno-missing-field-initializers -Wno-missing-prototypes -Werror\=return-type -Wdocumentation -Wunreachable-code -Wquoted-include-in-framework-header -Werror\=deprecated-objc-isa-usage -Werror\=objc-root-class -Wno-missing-braces -Wparentheses -Wswitch -Wunused-function -Wno-unused-label -Wno-unused-parameter -Wunused-variable -Wunused-value -Wempty-body -Wuninitialized -Wconditional-uninitialized -Wno-unknown-pragmas -Wno-shadow -Wno-four-char-constants -Wno-conversion -Wconstant-conversion -Wint-conversion -Wbool-conversion -Wenum-conversion -Wno-float-conversion -Wnon-literal-null-conversion -Wobjc-literal-conversion -Wshorten-64-to-32 -Wpointer-sign -Wno-newline-eof -Wno-implicit-fallthrough -Wdeprecated-declarations -Wno-sign-conversion -Winfinite-recursion -Wcomma -Wblock-capture-autoreleasing -Wstrict-prototypes -Wno-semicolon-before-method-body -Wunguarded-availability -Wno-unused-variable -Wno-shorten-64-to-32 -Wno-deprecated-declarations -Wno-unused-function -Wno-format -Wno-comma -Wno-incompatible-pointer-types-discards-qualifiers -Wno-strict-prototypes -Wno-reorder-init-list -Wno-implicit-int-float-conversion -Wno-c99-designator -Wno-final-dtor-non-final-class -Wno-extra-semi-stmt -Wno-misleading-indentation -Wno-implicit-fallthrough -Wno-enum-enum-conversion -Wno-enum-float-conversion -Wno-elaborated-enum-base -Wno-reserved-identifier -Wno-gnu-folding-constant -fmodule-map-file\=/Applications/Xcode_16.1.app/Contents/Developer/Toolchains/XcodeDefault.xctoolchain/usr/lib/clang/16/include/module.modulemap -fmodule-map-file\=/Applications/Xcode_16.1.app/Contents/Developer/Toolchains/XcodeDefault.xctoolchain/usr/lib/clang/16/include/module.modulemap -fmodule-map-file\=/Applications/Xcode_16.1.app/Contents/Developer/Toolchains/XcodeDefault.xctoolchain/usr/lib/clang/16/include/module.modulemap -fmodule-map-file\=/Applications/Xcode_16.1.app/Contents/Developer/Platforms/iPhoneOS.platform/Developer/SDKs/iPhoneOS.sdk/usr/include/mach-o/module.modulemap -fmodule-map-file\=/Applications/Xcode_16.1.app/Contents/Developer/Platforms/iPhoneOS.platform/Developer/SDKs/iPhoneOS.sdk/usr/include/Darwin.modulemap -fmodule-map-file\=/Applications/Xcode_16.1.app/Contents/Developer/Platforms/iPhoneOS.platform/Developer/SDKs/iPhoneOS.sdk/usr/include/c_standard_library.modulemap -fmodule-map-file\=/Applications/Xcode_16.1.app/Contents/Developer/Platforms/iPhoneOS.platform/Developer/SDKs/iPhoneOS.sdk/usr/include/c_standard_library.modulemap -fmodule-map-file\=/Applications/Xcode_16.1.app/Contents/Developer/Platforms/iPhoneOS.platform/Developer/SDKs/iPhoneOS.sdk/usr/include/c_standard_library.modulemap -fmodule-map-file\=/Applications/Xcode_16.1.app/Contents/Developer/Platforms/iPhoneOS.platform/Developer/SDKs/iPhoneOS.sdk/usr/include/DarwinBasic.modulemap -o /Users/runner/Library/Developer/Xcode/DerivedData/ClaudeFiles-booopeqlitkdrwgkyxixaicupuay/Build/Intermediates.noindex/ArchiveIntermediates/ClaudeFiles/IntermediateBuildFilesPath/ClaudeFiles.build/Release-iphoneos/ClaudeFiles.build/Objects-normal/arm64/PatchFinder-7eb081a02206937dba3bf75d1e04575d.o -disable-free -emit-obj -x c /Users/runner/work/ClaudeFiles/ClaudeFiles/ClaudeFiles/FilzaJailedDS-SSV-Bypass/XPF/external/ChOma/src/PatchFinder.c -target-abi darwinpcs -target-cpu apple-a7 -target-feature +v8a -target-feature +aes -target-feature +fp-armv8 -target-feature +sha2 -target-feature +neon -target-feature +zcm -target-feature +zcz -triple arm64-apple-ios16.0.0 -target-linker-version 1115.7.3 -target-sdk-version\=18.1 -fmodules-validate-system-headers -fno-modulemap-allow-subdirectory-search -isysroot /Applications/Xcode_16.1.app/Contents/Developer/Platforms/iPhoneOS.platform/Developer/SDKs/iPhoneOS18.1.sdk -resource-dir /Applications/Xcode_16.1.app/Contents/Developer/Toolchains/XcodeDefault.xctoolchain/usr/lib/clang/16 -fmodule-format\=obj -fmodule-file\=Darwin\=/Users/runner/Library/Developer/Xcode/DerivedData/ClaudeFiles-booopeqlitkdrwgkyxixaicupuay/Build/Intermediates.noindex/ArchiveIntermediates/ClaudeFiles/IntermediateBuildFilesPath/ExplicitPrecompiledModules/Darwin-COT7K8GGHLREC37DHP0X0E15Q.pcm -fmodule-file\=MachO\=/Users/runner/Library/Developer/Xcode/DerivedData/ClaudeFiles-booopeqlitkdrwgkyxixaicupuay/Build/Intermediates.noindex/ArchiveIntermediates/ClaudeFiles/IntermediateBuildFilesPath/ExplicitPrecompiledModules/MachO-1MB42U2H0CFC33UR5PQ9YUBHX.pcm -fmodule-file\=_Builtin_stdbool\=/Users/runner/Library/Developer/Xcode/DerivedData/ClaudeFiles-booopeqlitkdrwgkyxixaicupuay/Build/Intermediates.noindex/ArchiveIntermediates/ClaudeFiles/IntermediateBuildFilesPath/ExplicitPrecompiledModules/_Builtin_stdbool-C7K6GWKHFZFLHIMXKBYGYW5P1.pcm -fmodule-file\=_Builtin_stddef\=/Users/runner/Library/Developer/Xcode/DerivedData/ClaudeFiles-booopeqlitkdrwgkyxixaicupuay/Build/Intermediates.noindex/ArchiveIntermediates/ClaudeFiles/IntermediateBuildFilesPath/ExplicitPrecompiledModules/_Builtin_stddef-8AR0LDIW298TYOBH82AB4ZCBU.pcm -fmodule-file\=_Builtin_stdint\=/Users/runner/Library/Developer/Xcode/DerivedData/ClaudeFiles-booopeqlitkdrwgkyxixaicupuay/Build/Intermediates.noindex/ArchiveIntermediates/ClaudeFiles/IntermediateBuildFilesPath/ExplicitPrecompiledModules/_Builtin_stdint-ADHF6I6G8W6YCXLLFU2L5YLQ4.pcm -fmodule-file\=_stdio\=/Users/runner/Library/Developer/Xcode/DerivedData/ClaudeFiles-booopeqlitkdrwgkyxixaicupuay/Build/Intermediates.noindex/ArchiveIntermediates/ClaudeFiles/IntermediateBuildFilesPath/ExplicitPrecompiledModules/_stdio-8X9QF2A38P5VPKQT9GHP1DVX4.pcm -fmodule-file\=_stdlib\=/Users/runner/Library/Developer/Xcode/DerivedData/ClaudeFiles-booopeqlitkdrwgkyxixaicupuay/Build/Intermediates.noindex/ArchiveIntermediates/ClaudeFiles/IntermediateBuildFilesPath/ExplicitPrecompiledModules/_stdlib-1DGJ9QEK2CNM6D0JRBI8UT4KH.pcm -fmodule-file\=_string\=/Users/runner/Library/Developer/Xcode/DerivedData/ClaudeFiles-booopeqlitkdrwgkyxixaicupuay/Build/Intermediates.noindex/ArchiveIntermediates/ClaudeFiles/IntermediateBuildFilesPath/ExplicitPrecompiledModules/_string-6FRUJBTOZ639LEJJR0TNLH8R0.pcm -fmodule-file\=unistd\=/Users/runner/Library/Developer/Xcode/DerivedData/ClaudeFiles-booopeqlitkdrwgkyxixaicupuay/Build/Intermediates.noindex/ArchiveIntermediates/ClaudeFiles/IntermediateBuildFilesPath/ExplicitPrecompiledModules/unistd-D06ILPWOCA89SSV8WV9WXILL8.pcm -I /Users/runner/Library/Developer/Xcode/DerivedData/ClaudeFiles-booopeqlitkdrwgkyxixaicupuay/Build/Intermediates.noindex/ArchiveIntermediates/ClaudeFiles/IntermediateBuildFilesPath/ClaudeFiles.build/Release-iphoneos/ClaudeFiles.build/ClaudeFiles-own-target-headers.hmap -I /Users/runner/Library/Developer/Xcode/DerivedData/ClaudeFiles-booopeqlitkdrwgkyxixaicupuay/Build/Intermediates.noindex/ArchiveIntermediates/ClaudeFiles/IntermediateBuildFilesPath/ClaudeFiles.build/Release-iphoneos/ClaudeFiles.build/ClaudeFiles-all-target-headers.hmap -I /Users/runner/Library/Developer/Xcode/DerivedData/ClaudeFiles-booopeqlitkdrwgkyxixaicupuay/Build/Intermediates.noindex/ArchiveIntermediates/ClaudeFiles/BuildProductsPath/Release-iphoneos/include -I /Users/runner/work/ClaudeFiles/ClaudeFiles/ClaudeFiles/FilzaJailedDS-SSV-Bypass -I /Users/runner/work/ClaudeFiles/ClaudeFiles/ClaudeFiles/FilzaJailedDS-SSV-Bypass/kexploit -I /Users/runner/work/ClaudeFiles/ClaudeFiles/ClaudeFiles/FilzaJailedDS-SSV-Bypass/kpf -I /Users/runner/work/ClaudeFiles/ClaudeFiles/ClaudeFiles/FilzaJailedDS-SSV-Bypass/SSV -I /Users/runner/work/ClaudeFiles/ClaudeFiles/ClaudeFiles/FilzaJailedDS-SSV-Bypass/utils -I /Users/runner/work/ClaudeFiles/ClaudeFiles/ClaudeFiles/FilzaJailedDS-SSV-Bypass/XPF/src -I /Users/runner/work/ClaudeFiles/ClaudeFiles/ClaudeFiles/FilzaJailedDS-SSV-Bypass/XPF/external/ChOma/src -I /Users/runner/work/ClaudeFiles/ClaudeFiles/ClaudeFiles/FilzaJailedDS-SSV-Bypass/XPF/external/ChOma/include -I /Users/runner/work/ClaudeFiles/ClaudeFiles/ClaudeFiles/FilzaJailedDS-SSV-Bypass/shims -I /Users/runner/Library/Developer/Xcode/DerivedData/ClaudeFiles-booopeqlitkdrwgkyxixaicupuay/Build/Intermediates.noindex/ArchiveIntermediates/ClaudeFiles/IntermediateBuildFilesPath/ClaudeFiles.build/Release-iphoneos/ClaudeFiles.build/DerivedSources-normal/arm64 -I /Users/runner/Library/Developer/Xcode/DerivedData/ClaudeFiles-booopeqlitkdrwgkyxixaicupuay/Build/Intermediates.noindex/ArchiveIntermediates/ClaudeFiles/IntermediateBuildFilesPath/ClaudeFiles.build/Release-iphoneos/ClaudeFiles.build/DerivedSources/arm64 -I /Users/runner/Library/Developer/Xcode/DerivedData/ClaudeFiles-booopeqlitkdrwgkyxixaicupuay/Build/Intermediates.noindex/ArchiveIntermediates/ClaudeFiles/IntermediateBuildFilesPath/ClaudeFiles.build/Release-iphoneos/ClaudeFiles.build/DerivedSources -F /Users/runner/Library/Developer/Xcode/DerivedData/ClaudeFiles-booopeqlitkdrwgkyxixaicupuay/Build/Intermediates.noindex/ArchiveIntermediates/ClaudeFiles/BuildProductsPath/Release-iphoneos -iquote /Users/runner/Library/Developer/Xcode/DerivedData/ClaudeFiles-booopeqlitkdrwgkyxixaicupuay/Build/Intermediates.noindex/ArchiveIntermediates/ClaudeFiles/IntermediateBuildFilesPath/ClaudeFiles.build/Release-iphoneos/ClaudeFiles.build/ClaudeFiles-generated-files.hmap -iquote /Users/runner/Library/Developer/Xcode/DerivedData/ClaudeFiles-booopeqlitkdrwgkyxixaicupuay/Build/Intermediates.noindex/ArchiveIntermediates/ClaudeFiles/IntermediateBuildFilesPath/ClaudeFiles.build/Release-iphoneos/ClaudeFiles.build/ClaudeFiles-project-headers.hmap -isystem /Applications/Xcode_16.1.app/Contents/Developer/Platforms/iPhoneOS.platform/Developer/SDKs/iPhoneOS18.1.sdk/usr/local/include -isystem /Applications/Xcode_16.1.app/Contents/Developer/Toolchains/XcodeDefault.xctoolchain/usr/lib/clang/16/include -internal-externc-isystem /Applications/Xcode_16.1.app/Contents/Developer/Platforms/iPhoneOS.platform/Developer/SDKs/iPhoneOS18.1.sdk/usr/include -internal-externc-isystem /Applications/Xcode_16.1.app/Contents/Developer/Toolchains/XcodeDefault.xctoolchain/usr/include -ivfsstatcache /Users/runner/Library/Developer/Xcode/DerivedData/SDKStatCaches.noindex/iphoneos18.1-22B74-a5999746ac4ace560a5a822e68842f47.sdkstatcache -std\=gnu11 -fmodules -fno-implicit-modules -fmax-type-align\=16 -fpascal-strings -fstack-check -fvisibility\=hidden -fvisibility-inlines-hidden-static-local-var -mdarwin-stkchk-strong-link -fno-odr-hash-protocols -pic-level 2 -fencode-extended-block-signature -stack-protector 1 -fgnuc-version\=4.2.1 -fblocks -ffp-contract\=on -fclang-abi-compat\=4.0 -fno-experimental-relative-c++-abi-vtables -fno-file-reproducible -clang-vendor-feature\=+disableNonDependentMemberExprInCurrentInstantiation -clang-vendor-feature\=+enableAggressiveVLAFolding -clang-vendor-feature\=+revert09abecef7bbf -clang-vendor-feature\=+thisNoAlignAttr -clang-vendor-feature\=+thisNoNullAttr -clang-vendor-feature\=+disableAtImportPrivateFrameworkInImplementationError -O2 -fdebug-compilation-dir\=/Users/runner/work/ClaudeFiles/ClaudeFiles -fcoverage-compilation-dir\=/Users/runner/work/ClaudeFiles/ClaudeFiles -fobjc-msgsend-selector-stubs -fregister-global-dtors-with-atexit -fno-strict-return -dwarf-version\=4 -debugger-tuning\=lldb -disable-llvm-verifier -dwarf-ext-refs -mframe-pointer\=non-leaf -funwind-tables\=1 -vectorize-loops -vectorize-slp -clear-ast-before-backend -discard-value-names -main-file-name PatchFinder.c -finline-functions -debug-info-kind\=standalone -Os -fdiagnostics-hotness-threshold\=0 -fdiagnostics-misexpect-tolerance\=0 -D __GCC_HAVE_DWARF2_CFI_ASM\=1 -MT dependencies -dependency-file /Users/runner/Library/Developer/Xcode/DerivedData/ClaudeFiles-booopeqlitkdrwgkyxixaicupuay/Build/Intermediates.noindex/ArchiveIntermediates/ClaudeFiles/IntermediateBuildFilesPath/ClaudeFiles.build/Release-iphoneos/ClaudeFiles.build/Objects-normal/arm64/PatchFinder-7eb081a02206937dba3bf75d1e04575d.d -skip-unused-modulemap-deps
/Applications/Xcode_16.1.app/Contents/Developer/Toolchains/XcodeDefault.xctoolchain/usr/bin/clang -cc1 -Wundef-prefix\=TARGET_OS_ -fdiagnostics-show-note-include-stack -fmacro-backtrace-limit\=0 -ferror-limit 19 -serialize-diagnostic-file /Users/runner/Library/Developer/Xcode/DerivedData/ClaudeFiles-booopeqlitkdrwgkyxixaicupuay/Build/Intermediates.noindex/ArchiveIntermediates/ClaudeFiles/IntermediateBuildFilesPath/ClaudeFiles.build/Release-iphoneos/ClaudeFiles.build/Objects-normal/arm64/PAC.dia -Wdeprecated-objc-isa-usage -Werror\=deprecated-objc-isa-usage -Werror\=implicit-function-declaration -Wnon-modular-include-in-framework-module -Werror\=non-modular-include-in-framework-module -Wno-trigraphs -Wno-missing-field-initializers -Wno-missing-prototypes -Werror\=return-type -Wdocumentation -Wunreachable-code -Wquoted-include-in-framework-header -Wno-implicit-atomic-properties -Werror\=deprecated-objc-isa-usage -Wno-objc-interface-ivars -Werror\=objc-root-class -Wno-arc-repeated-use-of-weak -Wimplicit-retain-self -Wduplicate-method-match -Wno-missing-braces -Wparentheses -Wswitch -Wunused-function -Wno-unused-label -Wno-unused-parameter -Wunused-variable -Wunused-value -Wempty-body -Wuninitialized -Wconditional-uninitialized -Wno-unknown-pragmas -Wno-shadow -Wno-four-char-constants -Wno-conversion -Wconstant-conversion -Wint-conversion -Wbool-conversion -Wenum-conversion -Wno-float-conversion -Wnon-literal-null-conversion -Wobjc-literal-conversion -Wshorten-64-to-32 -Wpointer-sign -Wno-newline-eof -Wno-selector -Wno-strict-selector-match -Wundeclared-selector -Wdeprecated-implementations -Wno-implicit-fallthrough -Wprotocol -Wdeprecated-declarations -Wno-sign-conversion -Winfinite-recursion -Wcomma -Wblock-capture-autoreleasing -Wstrict-prototypes -Wno-semicolon-before-method-body -Wunguarded-availability -Wno-unused-variable -Wno-shorten-64-to-32 -Wno-deprecated-declarations -Wno-unused-function -Wno-format -Wno-comma -Wno-incompatible-pointer-types-discards-qualifiers -Wno-strict-prototypes -Wno-reorder-init-list -Wno-implicit-int-float-conversion -Wno-c99-designator -Wno-final-dtor-non-final-class -Wno-extra-semi-stmt -Wno-misleading-indentation -Wno-implicit-fallthrough -Wno-enum-enum-conversion -Wno-enum-float-conversion -Wno-elaborated-enum-base -Wno-reserved-identifier -Wno-gnu-folding-constant -fmodule-map-file\=/Applications/Xcode_16.1.app/Contents/Developer/Toolchains/XcodeDefault.xctoolchain/usr/lib/clang/16/include/module.modulemap -fmodule-map-file\=/Applications/Xcode_16.1.app/Contents/Developer/Toolchains/XcodeDefault.xctoolchain/usr/lib/clang/16/include/module.modulemap -fmodule-map-file\=/Applications/Xcode_16.1.app/Contents/Developer/Platforms/iPhoneOS.platform/Developer/SDKs/iPhoneOS.sdk/usr/include/Darwin.modulemap -fmodule-map-file\=/Applications/Xcode_16.1.app/Contents/Developer/Platforms/iPhoneOS.platform/Developer/SDKs/iPhoneOS.sdk/usr/include/c_standard_library.modulemap -fmodule-map-file\=/Applications/Xcode_16.1.app/Contents/Developer/Platforms/iPhoneOS.platform/Developer/SDKs/iPhoneOS.sdk/usr/include/DarwinBasic.modulemap -fmodule-map-file\=/Applications/Xcode_16.1.app/Contents/Developer/Platforms/iPhoneOS.platform/Developer/SDKs/iPhoneOS.sdk/usr/include/DarwinBasic.modulemap -fmodule-map-file\=/Applications/Xcode_16.1.app/Contents/Developer/Platforms/iPhoneOS.platform/Developer/SDKs/iPhoneOS.sdk/System/Library/Frameworks/Foundation.framework/Modules/module.modulemap -fmodule-map-file\=/Applications/Xcode_16.1.app/Contents/Developer/Platforms/iPhoneOS.platform/Developer/SDKs/iPhoneOS.sdk/System/Library/Frameworks/UIKit.framework/Modules/module.modulemap -o /Users/runner/Library/Developer/Xcode/DerivedData/ClaudeFiles-booopeqlitkdrwgkyxixaicupuay/Build/Intermediates.noindex/ArchiveIntermediates/ClaudeFiles/IntermediateBuildFilesPath/ClaudeFiles.build/Release-iphoneos/ClaudeFiles.build/Objects-normal/arm64/PAC.o -disable-free -emit-obj -x objective-c /Users/runner/work/ClaudeFiles/ClaudeFiles/ClaudeFiles/FilzaJailedDS-SSV-Bypass/kexploit/PAC.m -target-abi darwinpcs -target-cpu apple-a7 -target-feature +v8a -target-feature +aes -target-feature +fp-armv8 -target-feature +sha2 -target-feature +neon -target-feature +zcm -target-feature +zcz -triple arm64-apple-ios16.0.0 -target-linker-version 1115.7.3 -target-sdk-version\=18.1 -fmodules-validate-system-headers -fno-modulemap-allow-subdirectory-search -isysroot /Applications/Xcode_16.1.app/Contents/Developer/Platforms/iPhoneOS.platform/Developer/SDKs/iPhoneOS18.1.sdk -resource-dir /Applications/Xcode_16.1.app/Contents/Developer/Toolchains/XcodeDefault.xctoolchain/usr/lib/clang/16 -fmodule-format\=obj -fmodule-file\=Darwin\=/Users/runner/Library/Developer/Xcode/DerivedData/ClaudeFiles-booopeqlitkdrwgkyxixaicupuay/Build/Intermediates.noindex/ArchiveIntermediates/ClaudeFiles/IntermediateBuildFilesPath/ExplicitPrecompiledModules/Darwin-CDBBDOWQKITLCUQ9B0MA5IAZ5.pcm -fmodule-file\=Foundation\=/Users/runner/Library/Developer/Xcode/DerivedData/ClaudeFiles-booopeqlitkdrwgkyxixaicupuay/Build/Intermediates.noindex/ArchiveIntermediates/ClaudeFiles/IntermediateBuildFilesPath/ExplicitPrecompiledModules/Foundation-4K90496DFYLZPYYOOTZY0E5CG.pcm -fmodule-file\=UIKit\=/Users/runner/Library/Developer/Xcode/DerivedData/ClaudeFiles-booopeqlitkdrwgkyxixaicupuay/Build/Intermediates.noindex/ArchiveIntermediates/ClaudeFiles/IntermediateBuildFilesPath/ExplicitPrecompiledModules/UIKit-2D0A5BOLV43QACMZD528CHGTV.pcm -fmodule-file\=_Builtin_stdbool\=/Users/runner/Library/Developer/Xcode/DerivedData/ClaudeFiles-booopeqlitkdrwgkyxixaicupuay/Build/Intermediates.noindex/ArchiveIntermediates/ClaudeFiles/IntermediateBuildFilesPath/ExplicitPrecompiledModules/_Builtin_stdbool-1HTZJEEL3OAGQ5TUPFOB7Z6L.pcm -fmodule-file\=_Builtin_stdint\=/Users/runner/Library/Developer/Xcode/DerivedData/ClaudeFiles-booopeqlitkdrwgkyxixaicupuay/Build/Intermediates.noindex/ArchiveIntermediates/ClaudeFiles/IntermediateBuildFilesPath/ExplicitPrecompiledModules/_Builtin_stdint-PTF71O9LC87KRQK8W857TSRW.pcm -fmodule-file\=_stdio\=/Users/runner/Library/Developer/Xcode/DerivedData/ClaudeFiles-booopeqlitkdrwgkyxixaicupuay/Build/Intermediates.noindex/ArchiveIntermediates/ClaudeFiles/IntermediateBuildFilesPath/ExplicitPrecompiledModules/_stdio-A5AB7F671YU53HWR043WNHOQ1.pcm -fmodule-file\=pthread\=/Users/runner/Library/Developer/Xcode/DerivedData/ClaudeFiles-booopeqlitkdrwgkyxixaicupuay/Build/Intermediates.noindex/ArchiveIntermediates/ClaudeFiles/IntermediateBuildFilesPath/ExplicitPrecompiledModules/pthread-7K5DYV31YKKNG10V5JMJIF1H0.pcm -fmodule-file\=unistd\=/Users/runner/Library/Developer/Xcode/DerivedData/ClaudeFiles-booopeqlitkdrwgkyxixaicupuay/Build/Intermediates.noindex/ArchiveIntermediates/ClaudeFiles/IntermediateBuildFilesPath/ExplicitPrecompiledModules/unistd-2E1RRGMSAOQKIO8FIC6G908YI.pcm -I /Users/runner/Library/Developer/Xcode/DerivedData/ClaudeFiles-booopeqlitkdrwgkyxixaicupuay/Build/Intermediates.noindex/ArchiveIntermediates/ClaudeFiles/IntermediateBuildFilesPath/ClaudeFiles.build/Release-iphoneos/ClaudeFiles.build/ClaudeFiles-own-target-headers.hmap -I /Users/runner/Library/Developer/Xcode/DerivedData/ClaudeFiles-booopeqlitkdrwgkyxixaicupuay/Build/Intermediates.noindex/ArchiveIntermediates/ClaudeFiles/IntermediateBuildFilesPath/ClaudeFiles.build/Release-iphoneos/ClaudeFiles.build/ClaudeFiles-all-target-headers.hmap -I /Users/runner/Library/Developer/Xcode/DerivedData/ClaudeFiles-booopeqlitkdrwgkyxixaicupuay/Build/Intermediates.noindex/ArchiveIntermediates/ClaudeFiles/BuildProductsPath/Release-iphoneos/include -I /Users/runner/work/ClaudeFiles/ClaudeFiles/ClaudeFiles/FilzaJailedDS-SSV-Bypass -I /Users/runner/work/ClaudeFiles/ClaudeFiles/ClaudeFiles/FilzaJailedDS-SSV-Bypass/kexploit -I /Users/runner/work/ClaudeFiles/ClaudeFiles/ClaudeFiles/FilzaJailedDS-SSV-Bypass/kpf -I /Users/runner/work/ClaudeFiles/ClaudeFiles/ClaudeFiles/FilzaJailedDS-SSV-Bypass/SSV -I /Users/runner/work/ClaudeFiles/ClaudeFiles/ClaudeFiles/FilzaJailedDS-SSV-Bypass/utils -I /Users/runner/work/ClaudeFiles/ClaudeFiles/ClaudeFiles/FilzaJailedDS-SSV-Bypass/XPF/src -I /Users/runner/work/ClaudeFiles/ClaudeFiles/ClaudeFiles/FilzaJailedDS-SSV-Bypass/XPF/external/ChOma/src -I /Users/runner/work/ClaudeFiles/ClaudeFiles/ClaudeFiles/FilzaJailedDS-SSV-Bypass/XPF/external/ChOma/include -I /Users/runner/work/ClaudeFiles/ClaudeFiles/ClaudeFiles/FilzaJailedDS-SSV-Bypass/shims -I /Users/runner/Library/Developer/Xcode/DerivedData/ClaudeFiles-booopeqlitkdrwgkyxixaicupuay/Build/Intermediates.noindex/ArchiveIntermediates/ClaudeFiles/IntermediateBuildFilesPath/ClaudeFiles.build/Release-iphoneos/ClaudeFiles.build/DerivedSources-normal/arm64 -I /Users/runner/Library/Developer/Xcode/DerivedData/ClaudeFiles-booopeqlitkdrwgkyxixaicupuay/Build/Intermediates.noindex/ArchiveIntermediates/ClaudeFiles/IntermediateBuildFilesPath/ClaudeFiles.build/Release-iphoneos/ClaudeFiles.build/DerivedSources/arm64 -I /Users/runner/Library/Developer/Xcode/DerivedData/ClaudeFiles-booopeqlitkdrwgkyxixaicupuay/Build/Intermediates.noindex/ArchiveIntermediates/ClaudeFiles/IntermediateBuildFilesPath/ClaudeFiles.build/Release-iphoneos/ClaudeFiles.build/DerivedSources -F /Users/runner/Library/Developer/Xcode/DerivedData/ClaudeFiles-booopeqlitkdrwgkyxixaicupuay/Build/Intermediates.noindex/ArchiveIntermediates/ClaudeFiles/BuildProductsPath/Release-iphoneos -iquote /Users/runner/Library/Developer/Xcode/DerivedData/ClaudeFiles-booopeqlitkdrwgkyxixaicupuay/Build/Intermediates.noindex/ArchiveIntermediates/ClaudeFiles/IntermediateBuildFilesPath/ClaudeFiles.build/Release-iphoneos/ClaudeFiles.build/ClaudeFiles-generated-files.hmap -iquote /Users/runner/Library/Developer/Xcode/DerivedData/ClaudeFiles-booopeqlitkdrwgkyxixaicupuay/Build/Intermediates.noindex/ArchiveIntermediates/ClaudeFiles/IntermediateBuildFilesPath/ClaudeFiles.build/Release-iphoneos/ClaudeFiles.build/ClaudeFiles-project-headers.hmap -isystem /Applications/Xcode_16.1.app/Contents/Developer/Platforms/iPhoneOS.platform/Developer/SDKs/iPhoneOS18.1.sdk/usr/local/include -isystem /Applications/Xcode_16.1.app/Contents/Developer/Toolchains/XcodeDefault.xctoolchain/usr/lib/clang/16/include -internal-externc-isystem /Applications/Xcode_16.1.app/Contents/Developer/Platforms/iPhoneOS.platform/Developer/SDKs/iPhoneOS18.1.sdk/usr/include -internal-externc-isystem /Applications/Xcode_16.1.app/Contents/Developer/Toolchains/XcodeDefault.xctoolchain/usr/include -ivfsstatcache /Users/runner/Library/Developer/Xcode/DerivedData/SDKStatCaches.noindex/iphoneos18.1-22B74-a5999746ac4ace560a5a822e68842f47.sdkstatcache -std\=gnu11 -fexceptions -fmodules -fno-implicit-modules -fobjc-exceptions -fmax-type-align\=16 -fpascal-strings -fstack-check -fvisibility\=hidden -fvisibility-inlines-hidden-static-local-var -mdarwin-stkchk-strong-link -fno-odr-hash-protocols -pic-level 2 -fencode-extended-block-signature -stack-protector 1 -fobjc-runtime\=ios-16.0.0 -fobjc-arc -fobjc-runtime-has-weak -fobjc-weak -fgnuc-version\=4.2.1 -fblocks -ffp-contract\=on -fclang-abi-compat\=4.0 -fno-experimental-relative-c++-abi-vtables -fno-file-reproducible -clang-vendor-feature\=+disableNonDependentMemberExprInCurrentInstantiation -clang-vendor-feature\=+enableAggressiveVLAFolding -clang-vendor-feature\=+revert09abecef7bbf -clang-vendor-feature\=+thisNoAlignAttr -clang-vendor-feature\=+thisNoNullAttr -clang-vendor-feature\=+disableAtImportPrivateFrameworkInImplementationError -O2 -fdebug-compilation-dir\=/Users/runner/work/ClaudeFiles/ClaudeFiles -fcoverage-compilation-dir\=/Users/runner/work/ClaudeFiles/ClaudeFiles -fobjc-msgsend-selector-stubs -fregister-global-dtors-with-atexit -fno-strict-return -dwarf-version\=4 -debugger-tuning\=lldb -disable-llvm-verifier -dwarf-ext-refs -mframe-pointer\=non-leaf -funwind-tables\=1 -vectorize-loops -vectorize-slp -clear-ast-before-backend -discard-value-names -main-file-name PAC.m -finline-functions -debug-info-kind\=standalone -Os -fdiagnostics-hotness-threshold\=0 -fdiagnostics-misexpect-tolerance\=0 -D NS_BLOCK_ASSERTIONS\=1 -D OBJC_OLD_DISPATCH_PROTOTYPES\=0 -D __GCC_HAVE_DWARF2_CFI_ASM\=1 -MT dependencies -dependency-file /Users/runner/Library/Developer/Xcode/DerivedData/ClaudeFiles-booopeqlitkdrwgkyxixaicupuay/Build/Intermediates.noindex/ArchiveIntermediates/ClaudeFiles/IntermediateBuildFilesPath/ClaudeFiles.build/Release-iphoneos/ClaudeFiles.build/Objects-normal/arm64/PAC.d -skip-unused-modulemap-deps
/Applications/Xcode_16.1.app/Contents/Developer/Toolchains/XcodeDefault.xctoolchain/usr/bin/clang -cc1 -Wundef-prefix\=TARGET_OS_ -fdiagnostics-show-note-include-stack -fmacro-backtrace-limit\=0 -ferror-limit 19 -serialize-diagnostic-file /Users/runner/Library/Developer/Xcode/DerivedData/ClaudeFiles-booopeqlitkdrwgkyxixaicupuay/Build/Intermediates.noindex/ArchiveIntermediates/ClaudeFiles/IntermediateBuildFilesPath/ClaudeFiles.build/Release-iphoneos/ClaudeFiles.build/Objects-normal/arm64/MemoryStream.dia -Wdeprecated-objc-isa-usage -Werror\=deprecated-objc-isa-usage -Werror\=implicit-function-declaration -Wnon-modular-include-in-framework-module -Werror\=non-modular-include-in-framework-module -Wno-trigraphs -Wno-missing-field-initializers -Wno-missing-prototypes -Werror\=return-type -Wdocumentation -Wunreachable-code -Wquoted-include-in-framework-header -Werror\=deprecated-objc-isa-usage -Werror\=objc-root-class -Wno-missing-braces -Wparentheses -Wswitch -Wunused-function -Wno-unused-label -Wno-unused-parameter -Wunused-variable -Wunused-value -Wempty-body -Wuninitialized -Wconditional-uninitialized -Wno-unknown-pragmas -Wno-shadow -Wno-four-char-constants -Wno-conversion -Wconstant-conversion -Wint-conversion -Wbool-conversion -Wenum-conversion -Wno-float-conversion -Wnon-literal-null-conversion -Wobjc-literal-conversion -Wshorten-64-to-32 -Wpointer-sign -Wno-newline-eof -Wno-implicit-fallthrough -Wdeprecated-declarations -Wno-sign-conversion -Winfinite-recursion -Wcomma -Wblock-capture-autoreleasing -Wstrict-prototypes -Wno-semicolon-before-method-body -Wunguarded-availability -Wno-unused-variable -Wno-shorten-64-to-32 -Wno-deprecated-declarations -Wno-unused-function -Wno-format -Wno-comma -Wno-incompatible-pointer-types-discards-qualifiers -Wno-strict-prototypes -Wno-reorder-init-list -Wno-implicit-int-float-conversion -Wno-c99-designator -Wno-final-dtor-non-final-class -Wno-extra-semi-stmt -Wno-misleading-indentation -Wno-implicit-fallthrough -Wno-enum-enum-conversion -Wno-enum-float-conversion -Wno-elaborated-enum-base -Wno-reserved-identifier -Wno-gnu-folding-constant -fmodule-map-file\=/Applications/Xcode_16.1.app/Contents/Developer/Platforms/iPhoneOS.platform/Developer/SDKs/iPhoneOS.sdk/usr/include/c_standard_library.modulemap -fmodule-map-file\=/Applications/Xcode_16.1.app/Contents/Developer/Platforms/iPhoneOS.platform/Developer/SDKs/iPhoneOS.sdk/usr/include/c_standard_library.modulemap -fmodule-map-file\=/Applications/Xcode_16.1.app/Contents/Developer/Toolchains/XcodeDefault.xctoolchain/usr/lib/clang/16/include/module.modulemap -fmodule-map-file\=/Applications/Xcode_16.1.app/Contents/Developer/Platforms/iPhoneOS.platform/Developer/SDKs/iPhoneOS.sdk/usr/include/Darwin.modulemap -fmodule-map-file\=/Applications/Xcode_16.1.app/Contents/Developer/Toolchains/XcodeDefault.xctoolchain/usr/lib/clang/16/include/module.modulemap -fmodule-map-file\=/Applications/Xcode_16.1.app/Contents/Developer/Platforms/iPhoneOS.platform/Developer/SDKs/iPhoneOS.sdk/usr/include/c_standard_library.modulemap -fmodule-map-file\=/Applications/Xcode_16.1.app/Contents/Developer/Platforms/iPhoneOS.platform/Developer/SDKs/iPhoneOS.sdk/usr/include/DarwinBasic.modulemap -o /Users/runner/Library/Developer/Xcode/DerivedData/ClaudeFiles-booopeqlitkdrwgkyxixaicupuay/Build/Intermediates.noindex/ArchiveIntermediates/ClaudeFiles/IntermediateBuildFilesPath/ClaudeFiles.build/Release-iphoneos/ClaudeFiles.build/Objects-normal/arm64/MemoryStream.o -disable-free -emit-obj -x c /Users/runner/work/ClaudeFiles/ClaudeFiles/ClaudeFiles/FilzaJailedDS-SSV-Bypass/XPF/external/ChOma/src/MemoryStream.c -target-abi darwinpcs -target-cpu apple-a7 -target-feature +v8a -target-feature +aes -target-feature +fp-armv8 -target-feature +sha2 -target-feature +neon -target-feature +zcm -target-feature +zcz -triple arm64-apple-ios16.0.0 -target-linker-version 1115.7.3 -target-sdk-version\=18.1 -fmodules-validate-system-headers -fno-modulemap-allow-subdirectory-search -isysroot /Applications/Xcode_16.1.app/Contents/Developer/Platforms/iPhoneOS.platform/Developer/SDKs/iPhoneOS18.1.sdk -resource-dir /Applications/Xcode_16.1.app/Contents/Developer/Toolchains/XcodeDefault.xctoolchain/usr/lib/clang/16 -fmodule-format\=obj -fmodule-file\=Darwin\=/Users/runner/Library/Developer/Xcode/DerivedData/ClaudeFiles-booopeqlitkdrwgkyxixaicupuay/Build/Intermediates.noindex/ArchiveIntermediates/ClaudeFiles/IntermediateBuildFilesPath/ExplicitPrecompiledModules/Darwin-COT7K8GGHLREC37DHP0X0E15Q.pcm -fmodule-file\=_Builtin_stdbool\=/Users/runner/Library/Developer/Xcode/DerivedData/ClaudeFiles-booopeqlitkdrwgkyxixaicupuay/Build/Intermediates.noindex/ArchiveIntermediates/ClaudeFiles/IntermediateBuildFilesPath/ExplicitPrecompiledModules/_Builtin_stdbool-C7K6GWKHFZFLHIMXKBYGYW5P1.pcm -fmodule-file\=_Builtin_stdint\=/Users/runner/Library/Developer/Xcode/DerivedData/ClaudeFiles-booopeqlitkdrwgkyxixaicupuay/Build/Intermediates.noindex/ArchiveIntermediates/ClaudeFiles/IntermediateBuildFilesPath/ExplicitPrecompiledModules/_Builtin_stdint-ADHF6I6G8W6YCXLLFU2L5YLQ4.pcm -fmodule-file\=_stdio\=/Users/runner/Library/Developer/Xcode/DerivedData/ClaudeFiles-booopeqlitkdrwgkyxixaicupuay/Build/Intermediates.noindex/ArchiveIntermediates/ClaudeFiles/IntermediateBuildFilesPath/ExplicitPrecompiledModules/_stdio-8X9QF2A38P5VPKQT9GHP1DVX4.pcm -fmodule-file\=_stdlib\=/Users/runner/Library/Developer/Xcode/DerivedData/ClaudeFiles-booopeqlitkdrwgkyxixaicupuay/Build/Intermediates.noindex/ArchiveIntermediates/ClaudeFiles/IntermediateBuildFilesPath/ExplicitPrecompiledModules/_stdlib-1DGJ9QEK2CNM6D0JRBI8UT4KH.pcm -fmodule-file\=_string\=/Users/runner/Library/Developer/Xcode/DerivedData/ClaudeFiles-booopeqlitkdrwgkyxixaicupuay/Build/Intermediates.noindex/ArchiveIntermediates/ClaudeFiles/IntermediateBuildFilesPath/ExplicitPrecompiledModules/_string-6FRUJBTOZ639LEJJR0TNLH8R0.pcm -fmodule-file\=unistd\=/Users/runner/Library/Developer/Xcode/DerivedData/ClaudeFiles-booopeqlitkdrwgkyxixaicupuay/Build/Intermediates.noindex/ArchiveIntermediates/ClaudeFiles/IntermediateBuildFilesPath/ExplicitPrecompiledModules/unistd-D06ILPWOCA89SSV8WV9WXILL8.pcm -I /Users/runner/Library/Developer/Xcode/DerivedData/ClaudeFiles-booopeqlitkdrwgkyxixaicupuay/Build/Intermediates.noindex/ArchiveIntermediates/ClaudeFiles/IntermediateBuildFilesPath/ClaudeFiles.build/Release-iphoneos/ClaudeFiles.build/ClaudeFiles-own-target-headers.hmap -I /Users/runner/Library/Developer/Xcode/DerivedData/ClaudeFiles-booopeqlitkdrwgkyxixaicupuay/Build/Intermediates.noindex/ArchiveIntermediates/ClaudeFiles/IntermediateBuildFilesPath/ClaudeFiles.build/Release-iphoneos/ClaudeFiles.build/ClaudeFiles-all-target-headers.hmap -I /Users/runner/Library/Developer/Xcode/DerivedData/ClaudeFiles-booopeqlitkdrwgkyxixaicupuay/Build/Intermediates.noindex/ArchiveIntermediates/ClaudeFiles/BuildProductsPath/Release-iphoneos/include -I /Users/runner/work/ClaudeFiles/ClaudeFiles/ClaudeFiles/FilzaJailedDS-SSV-Bypass -I /Users/runner/work/ClaudeFiles/ClaudeFiles/ClaudeFiles/FilzaJailedDS-SSV-Bypass/kexploit -I /Users/runner/work/ClaudeFiles/ClaudeFiles/ClaudeFiles/FilzaJailedDS-SSV-Bypass/kpf -I /Users/runner/work/ClaudeFiles/ClaudeFiles/ClaudeFiles/FilzaJailedDS-SSV-Bypass/SSV -I /Users/runner/work/ClaudeFiles/ClaudeFiles/ClaudeFiles/FilzaJailedDS-SSV-Bypass/utils -I /Users/runner/work/ClaudeFiles/ClaudeFiles/ClaudeFiles/FilzaJailedDS-SSV-Bypass/XPF/src -I /Users/runner/work/ClaudeFiles/ClaudeFiles/ClaudeFiles/FilzaJailedDS-SSV-Bypass/XPF/external/ChOma/src -I /Users/runner/work/ClaudeFiles/ClaudeFiles/ClaudeFiles/FilzaJailedDS-SSV-Bypass/XPF/external/ChOma/include -I /Users/runner/work/ClaudeFiles/ClaudeFiles/ClaudeFiles/FilzaJailedDS-SSV-Bypass/shims -I /Users/runner/Library/Developer/Xcode/DerivedData/ClaudeFiles-booopeqlitkdrwgkyxixaicupuay/Build/Intermediates.noindex/ArchiveIntermediates/ClaudeFiles/IntermediateBuildFilesPath/ClaudeFiles.build/Release-iphoneos/ClaudeFiles.build/DerivedSources-normal/arm64 -I /Users/runner/Library/Developer/Xcode/DerivedData/ClaudeFiles-booopeqlitkdrwgkyxixaicupuay/Build/Intermediates.noindex/ArchiveIntermediates/ClaudeFiles/IntermediateBuildFilesPath/ClaudeFiles.build/Release-iphoneos/ClaudeFiles.build/DerivedSources/arm64 -I /Users/runner/Library/Developer/Xcode/DerivedData/ClaudeFiles-booopeqlitkdrwgkyxixaicupuay/Build/Intermediates.noindex/ArchiveIntermediates/ClaudeFiles/IntermediateBuildFilesPath/ClaudeFiles.build/Release-iphoneos/ClaudeFiles.build/DerivedSources -F /Users/runner/Library/Developer/Xcode/DerivedData/ClaudeFiles-booopeqlitkdrwgkyxixaicupuay/Build/Intermediates.noindex/ArchiveIntermediates/ClaudeFiles/BuildProductsPath/Release-iphoneos -iquote /Users/runner/Library/Developer/Xcode/DerivedData/ClaudeFiles-booopeqlitkdrwgkyxixaicupuay/Build/Intermediates.noindex/ArchiveIntermediates/ClaudeFiles/IntermediateBuildFilesPath/ClaudeFiles.build/Release-iphoneos/ClaudeFiles.build/ClaudeFiles-generated-files.hmap -iquote /Users/runner/Library/Developer/Xcode/DerivedData/ClaudeFiles-booopeqlitkdrwgkyxixaicupuay/Build/Intermediates.noindex/ArchiveIntermediates/ClaudeFiles/IntermediateBuildFilesPath/ClaudeFiles.build/Release-iphoneos/ClaudeFiles.build/ClaudeFiles-project-headers.hmap -isystem /Applications/Xcode_16.1.app/Contents/Developer/Platforms/iPhoneOS.platform/Developer/SDKs/iPhoneOS18.1.sdk/usr/local/include -isystem /Applications/Xcode_16.1.app/Contents/Developer/Toolchains/XcodeDefault.xctoolchain/usr/lib/clang/16/include -internal-externc-isystem /Applications/Xcode_16.1.app/Contents/Developer/Platforms/iPhoneOS.platform/Developer/SDKs/iPhoneOS18.1.sdk/usr/include -internal-externc-isystem /Applications/Xcode_16.1.app/Contents/Developer/Toolchains/XcodeDefault.xctoolchain/usr/include -ivfsstatcache /Users/runner/Library/Developer/Xcode/DerivedData/SDKStatCaches.noindex/iphoneos18.1-22B74-a5999746ac4ace560a5a822e68842f47.sdkstatcache -std\=gnu11 -fmodules -fno-implicit-modules -fmax-type-align\=16 -fpascal-strings -fstack-check -fvisibility\=hidden -fvisibility-inlines-hidden-static-local-var -mdarwin-stkchk-strong-link -fno-odr-hash-protocols -pic-level 2 -fencode-extended-block-signature -stack-protector 1 -fgnuc-version\=4.2.1 -fblocks -ffp-contract\=on -fclang-abi-compat\=4.0 -fno-experimental-relative-c++-abi-vtables -fno-file-reproducible -clang-vendor-feature\=+disableNonDependentMemberExprInCurrentInstantiation -clang-vendor-feature\=+enableAggressiveVLAFolding -clang-vendor-feature\=+revert09abecef7bbf -clang-vendor-feature\=+thisNoAlignAttr -clang-vendor-feature\=+thisNoNullAttr -clang-vendor-feature\=+disableAtImportPrivateFrameworkInImplementationError -O2 -fdebug-compilation-dir\=/Users/runner/work/ClaudeFiles/ClaudeFiles -fcoverage-compilation-dir\=/Users/runner/work/ClaudeFiles/ClaudeFiles -fobjc-msgsend-selector-stubs -fregister-global-dtors-with-atexit -fno-strict-return -dwarf-version\=4 -debugger-tuning\=lldb -disable-llvm-verifier -dwarf-ext-refs -mframe-pointer\=non-leaf -funwind-tables\=1 -vectorize-loops -vectorize-slp -clear-ast-before-backend -discard-value-names -main-file-name MemoryStream.c -finline-functions -debug-info-kind\=standalone -Os -fdiagnostics-hotness-threshold\=0 -fdiagnostics-misexpect-tolerance\=0 -D __GCC_HAVE_DWARF2_CFI_ASM\=1 -MT dependencies -dependency-file /Users/runner/Library/Developer/Xcode/DerivedData/ClaudeFiles-booopeqlitkdrwgkyxixaicupuay/Build/Intermediates.noindex/ArchiveIntermediates/ClaudeFiles/IntermediateBuildFilesPath/ClaudeFiles.build/Release-iphoneos/ClaudeFiles.build/Objects-normal/arm64/MemoryStream.d -skip-unused-modulemap-deps
/Applications/Xcode_16.1.app/Contents/Developer/Toolchains/XcodeDefault.xctoolchain/usr/bin/clang -cc1 -Wundef-prefix\=TARGET_OS_ -fdiagnostics-show-note-include-stack -fmacro-backtrace-limit\=0 -ferror-limit 19 -serialize-diagnostic-file /Users/runner/Library/Developer/Xcode/DerivedData/ClaudeFiles-booopeqlitkdrwgkyxixaicupuay/Build/Intermediates.noindex/ArchiveIntermediates/ClaudeFiles/IntermediateBuildFilesPath/ClaudeFiles.build/Release-iphoneos/ClaudeFiles.build/Objects-normal/arm64/MigFilterBypassThread.dia -Wdeprecated-objc-isa-usage -Werror\=deprecated-objc-isa-usage -Werror\=implicit-function-declaration -Wnon-modular-include-in-framework-module -Werror\=non-modular-include-in-framework-module -Wno-trigraphs -Wno-missing-field-initializers -Wno-missing-prototypes -Werror\=return-type -Wdocumentation -Wunreachable-code -Wquoted-include-in-framework-header -Wno-implicit-atomic-properties -Werror\=deprecated-objc-isa-usage -Wno-objc-interface-ivars -Werror\=objc-root-class -Wno-arc-repeated-use-of-weak -Wimplicit-retain-self -Wduplicate-method-match -Wno-missing-braces -Wparentheses -Wswitch -Wunused-function -Wno-unused-label -Wno-unused-parameter -Wunused-variable -Wunused-value -Wempty-body -Wuninitialized -Wconditional-uninitialized -Wno-unknown-pragmas -Wno-shadow -Wno-four-char-constants -Wno-conversion -Wconstant-conversion -Wint-conversion -Wbool-conversion -Wenum-conversion -Wno-float-conversion -Wnon-literal-null-conversion -Wobjc-literal-conversion -Wshorten-64-to-32 -Wpointer-sign -Wno-newline-eof -Wno-selector -Wno-strict-selector-match -Wundeclared-selector -Wdeprecated-implementations -Wno-implicit-fallthrough -Wprotocol -Wdeprecated-declarations -Wno-sign-conversion -Winfinite-recursion -Wcomma -Wblock-capture-autoreleasing -Wstrict-prototypes -Wno-semicolon-before-method-body -Wunguarded-availability -Wno-unused-variable -Wno-shorten-64-to-32 -Wno-deprecated-declarations -Wno-unused-function -Wno-format -Wno-comma -Wno-incompatible-pointer-types-discards-qualifiers -Wno-strict-prototypes -Wno-reorder-init-list -Wno-implicit-int-float-conversion -Wno-c99-designator -Wno-final-dtor-non-final-class -Wno-extra-semi-stmt -Wno-misleading-indentation -Wno-implicit-fallthrough -Wno-enum-enum-conversion -Wno-enum-float-conversion -Wno-elaborated-enum-base -Wno-reserved-identifier -Wno-gnu-folding-constant -fmodule-map-file\=/Applications/Xcode_16.1.app/Contents/Developer/Platforms/iPhoneOS.platform/Developer/SDKs/iPhoneOS.sdk/usr/include/c_standard_library.modulemap -fmodule-map-file\=/Applications/Xcode_16.1.app/Contents/Developer/Toolchains/XcodeDefault.xctoolchain/usr/lib/clang/16/include/module.modulemap -fmodule-map-file\=/Applications/Xcode_16.1.app/Contents/Developer/Toolchains/XcodeDefault.xctoolchain/usr/lib/clang/16/include/module.modulemap -fmodule-map-file\=/Applications/Xcode_16.1.app/Contents/Developer/Platforms/iPhoneOS.platform/Developer/SDKs/iPhoneOS.sdk/System/Library/Frameworks/Foundation.framework/Modules/module.modulemap -fmodule-map-file\=/Applications/Xcode_16.1.app/Contents/Developer/Platforms/iPhoneOS.platform/Developer/SDKs/iPhoneOS.sdk/usr/include/c_standard_library.modulemap -fmodule-map-file\=/Applications/Xcode_16.1.app/Contents/Developer/Platforms/iPhoneOS.platform/Developer/SDKs/iPhoneOS.sdk/usr/include/c_standard_library.modulemap -fmodule-map-file\=/Applications/Xcode_16.1.app/Contents/Developer/Platforms/iPhoneOS.platform/Developer/SDKs/iPhoneOS.sdk/usr/include/Darwin.modulemap -fmodule-map-file\=/Applications/Xcode_16.1.app/Contents/Developer/Platforms/iPhoneOS.platform/Developer/SDKs/iPhoneOS.sdk/usr/include/DarwinBasic.modulemap -fmodule-map-file\=/Applications/Xcode_16.1.app/Contents/Developer/Platforms/iPhoneOS.platform/Developer/SDKs/iPhoneOS.sdk/usr/include/DarwinBasic.modulemap -fmodule-map-file\=/Applications/Xcode_16.1.app/Contents/Developer/Platforms/iPhoneOS.platform/Developer/SDKs/iPhoneOS.sdk/System/Library/Frameworks/UIKit.framework/Modules/module.modulemap -o /Users/runner/Library/Developer/Xcode/DerivedData/ClaudeFiles-booopeqlitkdrwgkyxixaicupuay/Build/Intermediates.noindex/ArchiveIntermediates/ClaudeFiles/IntermediateBuildFilesPath/ClaudeFiles.build/Release-iphoneos/ClaudeFiles.build/Objects-normal/arm64/MigFilterBypassThread.o -disable-free -emit-obj -x objective-c /Users/runner/work/ClaudeFiles/ClaudeFiles/ClaudeFiles/FilzaJailedDS-SSV-Bypass/kexploit/MigFilterBypassThread.m -target-abi darwinpcs -target-cpu apple-a7 -target-feature +v8a -target-feature +aes -target-feature +fp-armv8 -target-feature +sha2 -target-feature +neon -target-feature +zcm -target-feature +zcz -triple arm64-apple-ios16.0.0 -target-linker-version 1115.7.3 -target-sdk-version\=18.1 -fmodules-validate-system-headers -fno-modulemap-allow-subdirectory-search -isysroot /Applications/Xcode_16.1.app/Contents/Developer/Platforms/iPhoneOS.platform/Developer/SDKs/iPhoneOS18.1.sdk -resource-dir /Applications/Xcode_16.1.app/Contents/Developer/Toolchains/XcodeDefault.xctoolchain/usr/lib/clang/16 -fmodule-format\=obj -fmodule-file\=Darwin\=/Users/runner/Library/Developer/Xcode/DerivedData/ClaudeFiles-booopeqlitkdrwgkyxixaicupuay/Build/Intermediates.noindex/ArchiveIntermediates/ClaudeFiles/IntermediateBuildFilesPath/ExplicitPrecompiledModules/Darwin-CDBBDOWQKITLCUQ9B0MA5IAZ5.pcm -fmodule-file\=Foundation\=/Users/runner/Library/Developer/Xcode/DerivedData/ClaudeFiles-booopeqlitkdrwgkyxixaicupuay/Build/Intermediates.noindex/ArchiveIntermediates/ClaudeFiles/IntermediateBuildFilesPath/ExplicitPrecompiledModules/Foundation-4K90496DFYLZPYYOOTZY0E5CG.pcm -fmodule-file\=UIKit\=/Users/runner/Library/Developer/Xcode/DerivedData/ClaudeFiles-booopeqlitkdrwgkyxixaicupuay/Build/Intermediates.noindex/ArchiveIntermediates/ClaudeFiles/IntermediateBuildFilesPath/ExplicitPrecompiledModules/UIKit-2D0A5BOLV43QACMZD528CHGTV.pcm -fmodule-file\=_Builtin_stdbool\=/Users/runner/Library/Developer/Xcode/DerivedData/ClaudeFiles-booopeqlitkdrwgkyxixaicupuay/Build/Intermediates.noindex/ArchiveIntermediates/ClaudeFiles/IntermediateBuildFilesPath/ExplicitPrecompiledModules/_Builtin_stdbool-1HTZJEEL3OAGQ5TUPFOB7Z6L.pcm -fmodule-file\=_Builtin_stdint\=/Users/runner/Library/Developer/Xcode/DerivedData/ClaudeFiles-booopeqlitkdrwgkyxixaicupuay/Build/Intermediates.noindex/ArchiveIntermediates/ClaudeFiles/IntermediateBuildFilesPath/ExplicitPrecompiledModules/_Builtin_stdint-PTF71O9LC87KRQK8W857TSRW.pcm -fmodule-file\=_stdio\=/Users/runner/Library/Developer/Xcode/DerivedData/ClaudeFiles-booopeqlitkdrwgkyxixaicupuay/Build/Intermediates.noindex/ArchiveIntermediates/ClaudeFiles/IntermediateBuildFilesPath/ExplicitPrecompiledModules/_stdio-A5AB7F671YU53HWR043WNHOQ1.pcm -fmodule-file\=_stdlib\=/Users/runner/Library/Developer/Xcode/DerivedData/ClaudeFiles-booopeqlitkdrwgkyxixaicupuay/Build/Intermediates.noindex/ArchiveIntermediates/ClaudeFiles/IntermediateBuildFilesPath/ExplicitPrecompiledModules/_stdlib-94EEJ4LE5XUDPZG9SWVW0AM3F.pcm -fmodule-file\=_string\=/Users/runner/Library/Developer/Xcode/DerivedData/ClaudeFiles-booopeqlitkdrwgkyxixaicupuay/Build/Intermediates.noindex/ArchiveIntermediates/ClaudeFiles/IntermediateBuildFilesPath/ExplicitPrecompiledModules/_string-B1F4D2I1C5IZYAB5YAXQAPC1G.pcm -fmodule-file\=pthread\=/Users/runner/Library/Developer/Xcode/DerivedData/ClaudeFiles-booopeqlitkdrwgkyxixaicupuay/Build/Intermediates.noindex/ArchiveIntermediates/ClaudeFiles/IntermediateBuildFilesPath/ExplicitPrecompiledModules/pthread-7K5DYV31YKKNG10V5JMJIF1H0.pcm -fmodule-file\=unistd\=/Users/runner/Library/Developer/Xcode/DerivedData/ClaudeFiles-booopeqlitkdrwgkyxixaicupuay/Build/Intermediates.noindex/ArchiveIntermediates/ClaudeFiles/IntermediateBuildFilesPath/ExplicitPrecompiledModules/unistd-2E1RRGMSAOQKIO8FIC6G908YI.pcm -I /Users/runner/Library/Developer/Xcode/DerivedData/ClaudeFiles-booopeqlitkdrwgkyxixaicupuay/Build/Intermediates.noindex/ArchiveIntermediates/ClaudeFiles/IntermediateBuildFilesPath/ClaudeFiles.build/Release-iphoneos/ClaudeFiles.build/ClaudeFiles-own-target-headers.hmap -I /Users/runner/Library/Developer/Xcode/DerivedData/ClaudeFiles-booopeqlitkdrwgkyxixaicupuay/Build/Intermediates.noindex/ArchiveIntermediates/ClaudeFiles/IntermediateBuildFilesPath/ClaudeFiles.build/Release-iphoneos/ClaudeFiles.build/ClaudeFiles-all-target-headers.hmap -I /Users/runner/Library/Developer/Xcode/DerivedData/ClaudeFiles-booopeqlitkdrwgkyxixaicupuay/Build/Intermediates.noindex/ArchiveIntermediates/ClaudeFiles/BuildProductsPath/Release-iphoneos/include -I /Users/runner/work/ClaudeFiles/ClaudeFiles/ClaudeFiles/FilzaJailedDS-SSV-Bypass -I /Users/runner/work/ClaudeFiles/ClaudeFiles/ClaudeFiles/FilzaJailedDS-SSV-Bypass/kexploit -I /Users/runner/work/ClaudeFiles/ClaudeFiles/ClaudeFiles/FilzaJailedDS-SSV-Bypass/kpf -I /Users/runner/work/ClaudeFiles/ClaudeFiles/ClaudeFiles/FilzaJailedDS-SSV-Bypass/SSV -I /Users/runner/work/ClaudeFiles/ClaudeFiles/ClaudeFiles/FilzaJailedDS-SSV-Bypass/utils -I /Users/runner/work/ClaudeFiles/ClaudeFiles/ClaudeFiles/FilzaJailedDS-SSV-Bypass/XPF/src -I /Users/runner/work/ClaudeFiles/ClaudeFiles/ClaudeFiles/FilzaJailedDS-SSV-Bypass/XPF/external/ChOma/src -I /Users/runner/work/ClaudeFiles/ClaudeFiles/ClaudeFiles/FilzaJailedDS-SSV-Bypass/XPF/external/ChOma/include -I /Users/runner/work/ClaudeFiles/ClaudeFiles/ClaudeFiles/FilzaJailedDS-SSV-Bypass/shims -I /Users/runner/Library/Developer/Xcode/DerivedData/ClaudeFiles-booopeqlitkdrwgkyxixaicupuay/Build/Intermediates.noindex/ArchiveIntermediates/ClaudeFiles/IntermediateBuildFilesPath/ClaudeFiles.build/Release-iphoneos/ClaudeFiles.build/DerivedSources-normal/arm64 -I /Users/runner/Library/Developer/Xcode/DerivedData/ClaudeFiles-booopeqlitkdrwgkyxixaicupuay/Build/Intermediates.noindex/ArchiveIntermediates/ClaudeFiles/IntermediateBuildFilesPath/ClaudeFiles.build/Release-iphoneos/ClaudeFiles.build/DerivedSources/arm64 -I /Users/runner/Library/Developer/Xcode/DerivedData/ClaudeFiles-booopeqlitkdrwgkyxixaicupuay/Build/Intermediates.noindex/ArchiveIntermediates/ClaudeFiles/IntermediateBuildFilesPath/ClaudeFiles.build/Release-iphoneos/ClaudeFiles.build/DerivedSources -F /Users/runner/Library/Developer/Xcode/DerivedData/ClaudeFiles-booopeqlitkdrwgkyxixaicupuay/Build/Intermediates.noindex/ArchiveIntermediates/ClaudeFiles/BuildProductsPath/Release-iphoneos -iquote /Users/runner/Library/Developer/Xcode/DerivedData/ClaudeFiles-booopeqlitkdrwgkyxixaicupuay/Build/Intermediates.noindex/ArchiveIntermediates/ClaudeFiles/IntermediateBuildFilesPath/ClaudeFiles.build/Release-iphoneos/ClaudeFiles.build/ClaudeFiles-generated-files.hmap -iquote /Users/runner/Library/Developer/Xcode/DerivedData/ClaudeFiles-booopeqlitkdrwgkyxixaicupuay/Build/Intermediates.noindex/ArchiveIntermediates/ClaudeFiles/IntermediateBuildFilesPath/ClaudeFiles.build/Release-iphoneos/ClaudeFiles.build/ClaudeFiles-project-headers.hmap -isystem /Applications/Xcode_16.1.app/Contents/Developer/Platforms/iPhoneOS.platform/Developer/SDKs/iPhoneOS18.1.sdk/usr/local/include -isystem /Applications/Xcode_16.1.app/Contents/Developer/Toolchains/XcodeDefault.xctoolchain/usr/lib/clang/16/include -internal-externc-isystem /Applications/Xcode_16.1.app/Contents/Developer/Platforms/iPhoneOS.platform/Developer/SDKs/iPhoneOS18.1.sdk/usr/include -internal-externc-isystem /Applications/Xcode_16.1.app/Contents/Developer/Toolchains/XcodeDefault.xctoolchain/usr/include -ivfsstatcache /Users/runner/Library/Developer/Xcode/DerivedData/SDKStatCaches.noindex/iphoneos18.1-22B74-a5999746ac4ace560a5a822e68842f47.sdkstatcache -std\=gnu11 -fexceptions -fmodules -fno-implicit-modules -fobjc-exceptions -fmax-type-align\=16 -fpascal-strings -fstack-check -fvisibility\=hidden -fvisibility-inlines-hidden-static-local-var -mdarwin-stkchk-strong-link -fno-odr-hash-protocols -pic-level 2 -fencode-extended-block-signature -stack-protector 1 -fobjc-runtime\=ios-16.0.0 -fobjc-arc -fobjc-runtime-has-weak -fobjc-weak -fgnuc-version\=4.2.1 -fblocks -ffp-contract\=on -fclang-abi-compat\=4.0 -fno-experimental-relative-c++-abi-vtables -fno-file-reproducible -clang-vendor-feature\=+disableNonDependentMemberExprInCurrentInstantiation -clang-vendor-feature\=+enableAggressiveVLAFolding -clang-vendor-feature\=+revert09abecef7bbf -clang-vendor-feature\=+thisNoAlignAttr -clang-vendor-feature\=+thisNoNullAttr -clang-vendor-feature\=+disableAtImportPrivateFrameworkInImplementationError -O2 -fdebug-compilation-dir\=/Users/runner/work/ClaudeFiles/ClaudeFiles -fcoverage-compilation-dir\=/Users/runner/work/ClaudeFiles/ClaudeFiles -fobjc-msgsend-selector-stubs -fregister-global-dtors-with-atexit -fno-strict-return -dwarf-version\=4 -debugger-tuning\=lldb -disable-llvm-verifier -dwarf-ext-refs -mframe-pointer\=non-leaf -funwind-tables\=1 -vectorize-loops -vectorize-slp -clear-ast-before-backend -discard-value-names -main-file-name MigFilterBypassThread.m -finline-functions -debug-info-kind\=standalone -Os -fdiagnostics-hotness-threshold\=0 -fdiagnostics-misexpect-tolerance\=0 -D NS_BLOCK_ASSERTIONS\=1 -D OBJC_OLD_DISPATCH_PROTOTYPES\=0 -D __GCC_HAVE_DWARF2_CFI_ASM\=1 -MT dependencies -dependency-file /Users/runner/Library/Developer/Xcode/DerivedData/ClaudeFiles-booopeqlitkdrwgkyxixaicupuay/Build/Intermediates.noindex/ArchiveIntermediates/ClaudeFiles/IntermediateBuildFilesPath/ClaudeFiles.build/Release-iphoneos/ClaudeFiles.build/Objects-normal/arm64/MigFilterBypassThread.d -skip-unused-modulemap-deps
/Applications/Xcode_16.1.app/Contents/Developer/Toolchains/XcodeDefault.xctoolchain/usr/bin/clang -cc1 -Wundef-prefix\=TARGET_OS_ -fdiagnostics-show-note-include-stack -fmacro-backtrace-limit\=0 -ferror-limit 19 -serialize-diagnostic-file /Users/runner/Library/Developer/Xcode/DerivedData/ClaudeFiles-booopeqlitkdrwgkyxixaicupuay/Build/Intermediates.noindex/ArchiveIntermediates/ClaudeFiles/IntermediateBuildFilesPath/ClaudeFiles.build/Release-iphoneos/ClaudeFiles.build/Objects-normal/arm64/MachOLoadCommand.dia -Wdeprecated-objc-isa-usage -Werror\=deprecated-objc-isa-usage -Werror\=implicit-function-declaration -Wnon-modular-include-in-framework-module -Werror\=non-modular-include-in-framework-module -Wno-trigraphs -Wno-missing-field-initializers -Wno-missing-prototypes -Werror\=return-type -Wdocumentation -Wunreachable-code -Wquoted-include-in-framework-header -Werror\=deprecated-objc-isa-usage -Werror\=objc-root-class -Wno-missing-braces -Wparentheses -Wswitch -Wunused-function -Wno-unused-label -Wno-unused-parameter -Wunused-variable -Wunused-value -Wempty-body -Wuninitialized -Wconditional-uninitialized -Wno-unknown-pragmas -Wno-shadow -Wno-four-char-constants -Wno-conversion -Wconstant-conversion -Wint-conversion -Wbool-conversion -Wenum-conversion -Wno-float-conversion -Wnon-literal-null-conversion -Wobjc-literal-conversion -Wshorten-64-to-32 -Wpointer-sign -Wno-newline-eof -Wno-implicit-fallthrough -Wdeprecated-declarations -Wno-sign-conversion -Winfinite-recursion -Wcomma -Wblock-capture-autoreleasing -Wstrict-prototypes -Wno-semicolon-before-method-body -Wunguarded-availability -Wno-unused-variable -Wno-shorten-64-to-32 -Wno-deprecated-declarations -Wno-unused-function -Wno-format -Wno-comma -Wno-incompatible-pointer-types-discards-qualifiers -Wno-strict-prototypes -Wno-reorder-init-list -Wno-implicit-int-float-conversion -Wno-c99-designator -Wno-final-dtor-non-final-class -Wno-extra-semi-stmt -Wno-misleading-indentation -Wno-implicit-fallthrough -Wno-enum-enum-conversion -Wno-enum-float-conversion -Wno-elaborated-enum-base -Wno-reserved-identifier -Wno-gnu-folding-constant -fmodule-map-file\=/Applications/Xcode_16.1.app/Contents/Developer/Platforms/iPhoneOS.platform/Developer/SDKs/iPhoneOS.sdk/usr/include/mach-o/module.modulemap -fmodule-map-file\=/Applications/Xcode_16.1.app/Contents/Developer/Toolchains/XcodeDefault.xctoolchain/usr/lib/clang/16/include/module.modulemap -fmodule-map-file\=/Applications/Xcode_16.1.app/Contents/Developer/Toolchains/XcodeDefault.xctoolchain/usr/lib/clang/16/include/module.modulemap -fmodule-map-file\=/Applications/Xcode_16.1.app/Contents/Developer/Platforms/iPhoneOS.platform/Developer/SDKs/iPhoneOS.sdk/usr/include/Darwin.modulemap -fmodule-map-file\=/Applications/Xcode_16.1.app/Contents/Developer/Platforms/iPhoneOS.platform/Developer/SDKs/iPhoneOS.sdk/usr/include/c_standard_library.modulemap -fmodule-map-file\=/Applications/Xcode_16.1.app/Contents/Developer/Toolchains/XcodeDefault.xctoolchain/usr/lib/clang/16/include/module.modulemap -fmodule-map-file\=/Applications/Xcode_16.1.app/Contents/Developer/Platforms/iPhoneOS.platform/Developer/SDKs/iPhoneOS.sdk/usr/include/c_standard_library.modulemap -fmodule-map-file\=/Applications/Xcode_16.1.app/Contents/Developer/Platforms/iPhoneOS.platform/Developer/SDKs/iPhoneOS.sdk/usr/include/c_standard_library.modulemap -fmodule-map-file\=/Applications/Xcode_16.1.app/Contents/Developer/Platforms/iPhoneOS.platform/Developer/SDKs/iPhoneOS.sdk/usr/include/DarwinBasic.modulemap -o /Users/runner/Library/Developer/Xcode/DerivedData/ClaudeFiles-booopeqlitkdrwgkyxixaicupuay/Build/Intermediates.noindex/ArchiveIntermediates/ClaudeFiles/IntermediateBuildFilesPath/ClaudeFiles.build/Release-iphoneos/ClaudeFiles.build/Objects-normal/arm64/MachOLoadCommand.o -disable-free -emit-obj -x c /Users/runner/work/ClaudeFiles/ClaudeFiles/ClaudeFiles/FilzaJailedDS-SSV-Bypass/XPF/external/ChOma/src/MachOLoadCommand.c -target-abi darwinpcs -target-cpu apple-a7 -target-feature +v8a -target-feature +aes -target-feature +fp-armv8 -target-feature +sha2 -target-feature +neon -target-feature +zcm -target-feature +zcz -triple arm64-apple-ios16.0.0 -target-linker-version 1115.7.3 -target-sdk-version\=18.1 -fmodules-validate-system-headers -fno-modulemap-allow-subdirectory-search -isysroot /Applications/Xcode_16.1.app/Contents/Developer/Platforms/iPhoneOS.platform/Developer/SDKs/iPhoneOS18.1.sdk -resource-dir /Applications/Xcode_16.1.app/Contents/Developer/Toolchains/XcodeDefault.xctoolchain/usr/lib/clang/16 -fmodule-format\=obj -fmodule-file\=Darwin\=/Users/runner/Library/Developer/Xcode/DerivedData/ClaudeFiles-booopeqlitkdrwgkyxixaicupuay/Build/Intermediates.noindex/ArchiveIntermediates/ClaudeFiles/IntermediateBuildFilesPath/ExplicitPrecompiledModules/Darwin-COT7K8GGHLREC37DHP0X0E15Q.pcm -fmodule-file\=MachO\=/Users/runner/Library/Developer/Xcode/DerivedData/ClaudeFiles-booopeqlitkdrwgkyxixaicupuay/Build/Intermediates.noindex/ArchiveIntermediates/ClaudeFiles/IntermediateBuildFilesPath/ExplicitPrecompiledModules/MachO-1MB42U2H0CFC33UR5PQ9YUBHX.pcm -fmodule-file\=_Builtin_stdbool\=/Users/runner/Library/Developer/Xcode/DerivedData/ClaudeFiles-booopeqlitkdrwgkyxixaicupuay/Build/Intermediates.noindex/ArchiveIntermediates/ClaudeFiles/IntermediateBuildFilesPath/ExplicitPrecompiledModules/_Builtin_stdbool-C7K6GWKHFZFLHIMXKBYGYW5P1.pcm -fmodule-file\=_Builtin_stddef\=/Users/runner/Library/Developer/Xcode/DerivedData/ClaudeFiles-booopeqlitkdrwgkyxixaicupuay/Build/Intermediates.noindex/ArchiveIntermediates/ClaudeFiles/IntermediateBuildFilesPath/ExplicitPrecompiledModules/_Builtin_stddef-8AR0LDIW298TYOBH82AB4ZCBU.pcm -fmodule-file\=_Builtin_stdint\=/Users/runner/Library/Developer/Xcode/DerivedData/ClaudeFiles-booopeqlitkdrwgkyxixaicupuay/Build/Intermediates.noindex/ArchiveIntermediates/ClaudeFiles/IntermediateBuildFilesPath/ExplicitPrecompiledModules/_Builtin_stdint-ADHF6I6G8W6YCXLLFU2L5YLQ4.pcm -fmodule-file\=_stdio\=/Users/runner/Library/Developer/Xcode/DerivedData/ClaudeFiles-booopeqlitkdrwgkyxixaicupuay/Build/Intermediates.noindex/ArchiveIntermediates/ClaudeFiles/IntermediateBuildFilesPath/ExplicitPrecompiledModules/_stdio-8X9QF2A38P5VPKQT9GHP1DVX4.pcm -fmodule-file\=_stdlib\=/Users/runner/Library/Developer/Xcode/DerivedData/ClaudeFiles-booopeqlitkdrwgkyxixaicupuay/Build/Intermediates.noindex/ArchiveIntermediates/ClaudeFiles/IntermediateBuildFilesPath/ExplicitPrecompiledModules/_stdlib-1DGJ9QEK2CNM6D0JRBI8UT4KH.pcm -fmodule-file\=_string\=/Users/runner/Library/Developer/Xcode/DerivedData/ClaudeFiles-booopeqlitkdrwgkyxixaicupuay/Build/Intermediates.noindex/ArchiveIntermediates/ClaudeFiles/IntermediateBuildFilesPath/ExplicitPrecompiledModules/_string-6FRUJBTOZ639LEJJR0TNLH8R0.pcm -fmodule-file\=unistd\=/Users/runner/Library/Developer/Xcode/DerivedData/ClaudeFiles-booopeqlitkdrwgkyxixaicupuay/Build/Intermediates.noindex/ArchiveIntermediates/ClaudeFiles/IntermediateBuildFilesPath/ExplicitPrecompiledModules/unistd-D06ILPWOCA89SSV8WV9WXILL8.pcm -I /Users/runner/Library/Developer/Xcode/DerivedData/ClaudeFiles-booopeqlitkdrwgkyxixaicupuay/Build/Intermediates.noindex/ArchiveIntermediates/ClaudeFiles/IntermediateBuildFilesPath/ClaudeFiles.build/Release-iphoneos/ClaudeFiles.build/ClaudeFiles-own-target-headers.hmap -I /Users/runner/Library/Developer/Xcode/DerivedData/ClaudeFiles-booopeqlitkdrwgkyxixaicupuay/Build/Intermediates.noindex/ArchiveIntermediates/ClaudeFiles/IntermediateBuildFilesPath/ClaudeFiles.build/Release-iphoneos/ClaudeFiles.build/ClaudeFiles-all-target-headers.hmap -I /Users/runner/Library/Developer/Xcode/DerivedData/ClaudeFiles-booopeqlitkdrwgkyxixaicupuay/Build/Intermediates.noindex/ArchiveIntermediates/ClaudeFiles/BuildProductsPath/Release-iphoneos/include -I /Users/runner/work/ClaudeFiles/ClaudeFiles/ClaudeFiles/FilzaJailedDS-SSV-Bypass -I /Users/runner/work/ClaudeFiles/ClaudeFiles/ClaudeFiles/FilzaJailedDS-SSV-Bypass/kexploit -I /Users/runner/work/ClaudeFiles/ClaudeFiles/ClaudeFiles/FilzaJailedDS-SSV-Bypass/kpf -I /Users/runner/work/ClaudeFiles/ClaudeFiles/ClaudeFiles/FilzaJailedDS-SSV-Bypass/SSV -I /Users/runner/work/ClaudeFiles/ClaudeFiles/ClaudeFiles/FilzaJailedDS-SSV-Bypass/utils -I /Users/runner/work/ClaudeFiles/ClaudeFiles/ClaudeFiles/FilzaJailedDS-SSV-Bypass/XPF/src -I /Users/runner/work/ClaudeFiles/ClaudeFiles/ClaudeFiles/FilzaJailedDS-SSV-Bypass/XPF/external/ChOma/src -I /Users/runner/work/ClaudeFiles/ClaudeFiles/ClaudeFiles/FilzaJailedDS-SSV-Bypass/XPF/external/ChOma/include -I /Users/runner/work/ClaudeFiles/ClaudeFiles/ClaudeFiles/FilzaJailedDS-SSV-Bypass/shims -I /Users/runner/Library/Developer/Xcode/DerivedData/ClaudeFiles-booopeqlitkdrwgkyxixaicupuay/Build/Intermediates.noindex/ArchiveIntermediates/ClaudeFiles/IntermediateBuildFilesPath/ClaudeFiles.build/Release-iphoneos/ClaudeFiles.build/DerivedSources-normal/arm64 -I /Users/runner/Library/Developer/Xcode/DerivedData/ClaudeFiles-booopeqlitkdrwgkyxixaicupuay/Build/Intermediates.noindex/ArchiveIntermediates/ClaudeFiles/IntermediateBuildFilesPath/ClaudeFiles.build/Release-iphoneos/ClaudeFiles.build/DerivedSources/arm64 -I /Users/runner/Library/Developer/Xcode/DerivedData/ClaudeFiles-booopeqlitkdrwgkyxixaicupuay/Build/Intermediates.noindex/ArchiveIntermediates/ClaudeFiles/IntermediateBuildFilesPath/ClaudeFiles.build/Release-iphoneos/ClaudeFiles.build/DerivedSources -F /Users/runner/Library/Developer/Xcode/DerivedData/ClaudeFiles-booopeqlitkdrwgkyxixaicupuay/Build/Intermediates.noindex/ArchiveIntermediates/ClaudeFiles/BuildProductsPath/Release-iphoneos -iquote /Users/runner/Library/Developer/Xcode/DerivedData/ClaudeFiles-booopeqlitkdrwgkyxixaicupuay/Build/Intermediates.noindex/ArchiveIntermediates/ClaudeFiles/IntermediateBuildFilesPath/ClaudeFiles.build/Release-iphoneos/ClaudeFiles.build/ClaudeFiles-generated-files.hmap -iquote /Users/runner/Library/Developer/Xcode/DerivedData/ClaudeFiles-booopeqlitkdrwgkyxixaicupuay/Build/Intermediates.noindex/ArchiveIntermediates/ClaudeFiles/IntermediateBuildFilesPath/ClaudeFiles.build/Release-iphoneos/ClaudeFiles.build/ClaudeFiles-project-headers.hmap -isystem /Applications/Xcode_16.1.app/Contents/Developer/Platforms/iPhoneOS.platform/Developer/SDKs/iPhoneOS18.1.sdk/usr/local/include -isystem /Applications/Xcode_16.1.app/Contents/Developer/Toolchains/XcodeDefault.xctoolchain/usr/lib/clang/16/include -internal-externc-isystem /Applications/Xcode_16.1.app/Contents/Developer/Platforms/iPhoneOS.platform/Developer/SDKs/iPhoneOS18.1.sdk/usr/include -internal-externc-isystem /Applications/Xcode_16.1.app/Contents/Developer/Toolchains/XcodeDefault.xctoolchain/usr/include -ivfsstatcache /Users/runner/Library/Developer/Xcode/DerivedData/SDKStatCaches.noindex/iphoneos18.1-22B74-a5999746ac4ace560a5a822e68842f47.sdkstatcache -std\=gnu11 -fmodules -fno-implicit-modules -fmax-type-align\=16 -fpascal-strings -fstack-check -fvisibility\=hidden -fvisibility-inlines-hidden-static-local-var -mdarwin-stkchk-strong-link -fno-odr-hash-protocols -pic-level 2 -fencode-extended-block-signature -stack-protector 1 -fgnuc-version\=4.2.1 -fblocks -ffp-contract\=on -fclang-abi-compat\=4.0 -fno-experimental-relative-c++-abi-vtables -fno-file-reproducible -clang-vendor-feature\=+disableNonDependentMemberExprInCurrentInstantiation -clang-vendor-feature\=+enableAggressiveVLAFolding -clang-vendor-feature\=+revert09abecef7bbf -clang-vendor-feature\=+thisNoAlignAttr -clang-vendor-feature\=+thisNoNullAttr -clang-vendor-feature\=+disableAtImportPrivateFrameworkInImplementationError -O2 -fdebug-compilation-dir\=/Users/runner/work/ClaudeFiles/ClaudeFiles -fcoverage-compilation-dir\=/Users/runner/work/ClaudeFiles/ClaudeFiles -fobjc-msgsend-selector-stubs -fregister-global-dtors-with-atexit -fno-strict-return -dwarf-version\=4 -debugger-tuning\=lldb -disable-llvm-verifier -dwarf-ext-refs -mframe-pointer\=non-leaf -funwind-tables\=1 -vectorize-loops -vectorize-slp -clear-ast-before-backend -discard-value-names -main-file-name MachOLoadCommand.c -finline-functions -debug-info-kind\=standalone -Os -fdiagnostics-hotness-threshold\=0 -fdiagnostics-misexpect-tolerance\=0 -D __GCC_HAVE_DWARF2_CFI_ASM\=1 -MT dependencies -dependency-file /Users/runner/Library/Developer/Xcode/DerivedData/ClaudeFiles-booopeqlitkdrwgkyxixaicupuay/Build/Intermediates.noindex/ArchiveIntermediates/ClaudeFiles/IntermediateBuildFilesPath/ClaudeFiles.build/Release-iphoneos/ClaudeFiles.build/Objects-normal/arm64/MachOLoadCommand.d -skip-unused-modulemap-deps
/Applications/Xcode_16.1.app/Contents/Developer/Toolchains/XcodeDefault.xctoolchain/usr/bin/clang -cc1 -Wundef-prefix\=TARGET_OS_ -fdiagnostics-show-note-include-stack -fmacro-backtrace-limit\=0 -ferror-limit 19 -serialize-diagnostic-file /Users/runner/Library/Developer/Xcode/DerivedData/ClaudeFiles-booopeqlitkdrwgkyxixaicupuay/Build/Intermediates.noindex/ArchiveIntermediates/ClaudeFiles/IntermediateBuildFilesPath/ClaudeFiles.build/Release-iphoneos/ClaudeFiles.build/Objects-normal/arm64/MachO.dia -Wdeprecated-objc-isa-usage -Werror\=deprecated-objc-isa-usage -Werror\=implicit-function-declaration -Wnon-modular-include-in-framework-module -Werror\=non-modular-include-in-framework-module -Wno-trigraphs -Wno-missing-field-initializers -Wno-missing-prototypes -Werror\=return-type -Wdocumentation -Wunreachable-code -Wquoted-include-in-framework-header -Werror\=deprecated-objc-isa-usage -Werror\=objc-root-class -Wno-missing-braces -Wparentheses -Wswitch -Wunused-function -Wno-unused-label -Wno-unused-parameter -Wunused-variable -Wunused-value -Wempty-body -Wuninitialized -Wconditional-uninitialized -Wno-unknown-pragmas -Wno-shadow -Wno-four-char-constants -Wno-conversion -Wconstant-conversion -Wint-conversion -Wbool-conversion -Wenum-conversion -Wno-float-conversion -Wnon-literal-null-conversion -Wobjc-literal-conversion -Wshorten-64-to-32 -Wpointer-sign -Wno-newline-eof -Wno-implicit-fallthrough -Wdeprecated-declarations -Wno-sign-conversion -Winfinite-recursion -Wcomma -Wblock-capture-autoreleasing -Wstrict-prototypes -Wno-semicolon-before-method-body -Wunguarded-availability -Wno-unused-variable -Wno-shorten-64-to-32 -Wno-deprecated-declarations -Wno-unused-function -Wno-format -Wno-comma -Wno-incompatible-pointer-types-discards-qualifiers -Wno-strict-prototypes -Wno-reorder-init-list -Wno-implicit-int-float-conversion -Wno-c99-designator -Wno-final-dtor-non-final-class -Wno-extra-semi-stmt -Wno-misleading-indentation -Wno-implicit-fallthrough -Wno-enum-enum-conversion -Wno-enum-float-conversion -Wno-elaborated-enum-base -Wno-reserved-identifier -Wno-gnu-folding-constant -fmodule-map-file\=/Applications/Xcode_16.1.app/Contents/Developer/Platforms/iPhoneOS.platform/Developer/SDKs/iPhoneOS.sdk/usr/include/c_standard_library.modulemap -fmodule-map-file\=/Applications/Xcode_16.1.app/Contents/Developer/Toolchains/XcodeDefault.xctoolchain/usr/lib/clang/16/include/module.modulemap -fmodule-map-file\=/Applications/Xcode_16.1.app/Contents/Developer/Platforms/iPhoneOS.platform/Developer/SDKs/iPhoneOS.sdk/usr/include/Darwin.modulemap -fmodule-map-file\=/Applications/Xcode_16.1.app/Contents/Developer/Toolchains/XcodeDefault.xctoolchain/usr/lib/clang/16/include/module.modulemap -fmodule-map-file\=/Applications/Xcode_16.1.app/Contents/Developer/Toolchains/XcodeDefault.xctoolchain/usr/lib/clang/16/include/module.modulemap -fmodule-map-file\=/Applications/Xcode_16.1.app/Contents/Developer/Platforms/iPhoneOS.platform/Developer/SDKs/iPhoneOS.sdk/usr/include/c_standard_library.modulemap -fmodule-map-file\=/Applications/Xcode_16.1.app/Contents/Developer/Platforms/iPhoneOS.platform/Developer/SDKs/iPhoneOS.sdk/usr/include/c_standard_library.modulemap -fmodule-map-file\=/Applications/Xcode_16.1.app/Contents/Developer/Platforms/iPhoneOS.platform/Developer/SDKs/iPhoneOS.sdk/usr/include/DarwinBasic.modulemap -fmodule-map-file\=/Applications/Xcode_16.1.app/Contents/Developer/Platforms/iPhoneOS.platform/Developer/SDKs/iPhoneOS.sdk/usr/include/mach-o/module.modulemap -o /Users/runner/Library/Developer/Xcode/DerivedData/ClaudeFiles-booopeqlitkdrwgkyxixaicupuay/Build/Intermediates.noindex/ArchiveIntermediates/ClaudeFiles/IntermediateBuildFilesPath/ClaudeFiles.build/Release-iphoneos/ClaudeFiles.build/Objects-normal/arm64/MachO.o -disable-free -emit-obj -x c /Users/runner/work/ClaudeFiles/ClaudeFiles/ClaudeFiles/FilzaJailedDS-SSV-Bypass/XPF/external/ChOma/src/MachO.c -target-abi darwinpcs -target-cpu apple-a7 -target-feature +v8a -target-feature +aes -target-feature +fp-armv8 -target-feature +sha2 -target-feature +neon -target-feature +zcm -target-feature +zcz -triple arm64-apple-ios16.0.0 -target-linker-version 1115.7.3 -target-sdk-version\=18.1 -fmodules-validate-system-headers -fno-modulemap-allow-subdirectory-search -isysroot /Applications/Xcode_16.1.app/Contents/Developer/Platforms/iPhoneOS.platform/Developer/SDKs/iPhoneOS18.1.sdk -resource-dir /Applications/Xcode_16.1.app/Contents/Developer/Toolchains/XcodeDefault.xctoolchain/usr/lib/clang/16 -fmodule-format\=obj -fmodule-file\=Darwin\=/Users/runner/Library/Developer/Xcode/DerivedData/ClaudeFiles-booopeqlitkdrwgkyxixaicupuay/Build/Intermediates.noindex/ArchiveIntermediates/ClaudeFiles/IntermediateBuildFilesPath/ExplicitPrecompiledModules/Darwin-COT7K8GGHLREC37DHP0X0E15Q.pcm -fmodule-file\=MachO\=/Users/runner/Library/Developer/Xcode/DerivedData/ClaudeFiles-booopeqlitkdrwgkyxixaicupuay/Build/Intermediates.noindex/ArchiveIntermediates/ClaudeFiles/IntermediateBuildFilesPath/ExplicitPrecompiledModules/MachO-1MB42U2H0CFC33UR5PQ9YUBHX.pcm -fmodule-file\=_Builtin_stdbool\=/Users/runner/Library/Developer/Xcode/DerivedData/ClaudeFiles-booopeqlitkdrwgkyxixaicupuay/Build/Intermediates.noindex/ArchiveIntermediates/ClaudeFiles/IntermediateBuildFilesPath/ExplicitPrecompiledModules/_Builtin_stdbool-C7K6GWKHFZFLHIMXKBYGYW5P1.pcm -fmodule-file\=_Builtin_stddef\=/Users/runner/Library/Developer/Xcode/DerivedData/ClaudeFiles-booopeqlitkdrwgkyxixaicupuay/Build/Intermediates.noindex/ArchiveIntermediates/ClaudeFiles/IntermediateBuildFilesPath/ExplicitPrecompiledModules/_Builtin_stddef-8AR0LDIW298TYOBH82AB4ZCBU.pcm -fmodule-file\=_Builtin_stdint\=/Users/runner/Library/Developer/Xcode/DerivedData/ClaudeFiles-booopeqlitkdrwgkyxixaicupuay/Build/Intermediates.noindex/ArchiveIntermediates/ClaudeFiles/IntermediateBuildFilesPath/ExplicitPrecompiledModules/_Builtin_stdint-ADHF6I6G8W6YCXLLFU2L5YLQ4.pcm -fmodule-file\=_stdio\=/Users/runner/Library/Developer/Xcode/DerivedData/ClaudeFiles-booopeqlitkdrwgkyxixaicupuay/Build/Intermediates.noindex/ArchiveIntermediates/ClaudeFiles/IntermediateBuildFilesPath/ExplicitPrecompiledModules/_stdio-8X9QF2A38P5VPKQT9GHP1DVX4.pcm -fmodule-file\=_stdlib\=/Users/runner/Library/Developer/Xcode/DerivedData/ClaudeFiles-booopeqlitkdrwgkyxixaicupuay/Build/Intermediates.noindex/ArchiveIntermediates/ClaudeFiles/IntermediateBuildFilesPath/ExplicitPrecompiledModules/_stdlib-1DGJ9QEK2CNM6D0JRBI8UT4KH.pcm -fmodule-file\=_string\=/Users/runner/Library/Developer/Xcode/DerivedData/ClaudeFiles-booopeqlitkdrwgkyxixaicupuay/Build/Intermediates.noindex/ArchiveIntermediates/ClaudeFiles/IntermediateBuildFilesPath/ExplicitPrecompiledModules/_string-6FRUJBTOZ639LEJJR0TNLH8R0.pcm -fmodule-file\=unistd\=/Users/runner/Library/Developer/Xcode/DerivedData/ClaudeFiles-booopeqlitkdrwgkyxixaicupuay/Build/Intermediates.noindex/ArchiveIntermediates/ClaudeFiles/IntermediateBuildFilesPath/ExplicitPrecompiledModules/unistd-D06ILPWOCA89SSV8WV9WXILL8.pcm -I /Users/runner/Library/Developer/Xcode/DerivedData/ClaudeFiles-booopeqlitkdrwgkyxixaicupuay/Build/Intermediates.noindex/ArchiveIntermediates/ClaudeFiles/IntermediateBuildFilesPath/ClaudeFiles.build/Release-iphoneos/ClaudeFiles.build/ClaudeFiles-own-target-headers.hmap -I /Users/runner/Library/Developer/Xcode/DerivedData/ClaudeFiles-booopeqlitkdrwgkyxixaicupuay/Build/Intermediates.noindex/ArchiveIntermediates/ClaudeFiles/IntermediateBuildFilesPath/ClaudeFiles.build/Release-iphoneos/ClaudeFiles.build/ClaudeFiles-all-target-headers.hmap -I /Users/runner/Library/Developer/Xcode/DerivedData/ClaudeFiles-booopeqlitkdrwgkyxixaicupuay/Build/Intermediates.noindex/ArchiveIntermediates/ClaudeFiles/BuildProductsPath/Release-iphoneos/include -I /Users/runner/work/ClaudeFiles/ClaudeFiles/ClaudeFiles/FilzaJailedDS-SSV-Bypass -I /Users/runner/work/ClaudeFiles/ClaudeFiles/ClaudeFiles/FilzaJailedDS-SSV-Bypass/kexploit -I /Users/runner/work/ClaudeFiles/ClaudeFiles/ClaudeFiles/FilzaJailedDS-SSV-Bypass/kpf -I /Users/runner/work/ClaudeFiles/ClaudeFiles/ClaudeFiles/FilzaJailedDS-SSV-Bypass/SSV -I /Users/runner/work/ClaudeFiles/ClaudeFiles/ClaudeFiles/FilzaJailedDS-SSV-Bypass/utils -I /Users/runner/work/ClaudeFiles/ClaudeFiles/ClaudeFiles/FilzaJailedDS-SSV-Bypass/XPF/src -I /Users/runner/work/ClaudeFiles/ClaudeFiles/ClaudeFiles/FilzaJailedDS-SSV-Bypass/XPF/external/ChOma/src -I /Users/runner/work/ClaudeFiles/ClaudeFiles/ClaudeFiles/FilzaJailedDS-SSV-Bypass/XPF/external/ChOma/include -I /Users/runner/work/ClaudeFiles/ClaudeFiles/ClaudeFiles/FilzaJailedDS-SSV-Bypass/shims -I /Users/runner/Library/Developer/Xcode/DerivedData/ClaudeFiles-booopeqlitkdrwgkyxixaicupuay/Build/Intermediates.noindex/ArchiveIntermediates/ClaudeFiles/IntermediateBuildFilesPath/ClaudeFiles.build/Release-iphoneos/ClaudeFiles.build/DerivedSources-normal/arm64 -I /Users/runner/Library/Developer/Xcode/DerivedData/ClaudeFiles-booopeqlitkdrwgkyxixaicupuay/Build/Intermediates.noindex/ArchiveIntermediates/ClaudeFiles/IntermediateBuildFilesPath/ClaudeFiles.build/Release-iphoneos/ClaudeFiles.build/DerivedSources/arm64 -I /Users/runner/Library/Developer/Xcode/DerivedData/ClaudeFiles-booopeqlitkdrwgkyxixaicupuay/Build/Intermediates.noindex/ArchiveIntermediates/ClaudeFiles/IntermediateBuildFilesPath/ClaudeFiles.build/Release-iphoneos/ClaudeFiles.build/DerivedSources -F /Users/runner/Library/Developer/Xcode/DerivedData/ClaudeFiles-booopeqlitkdrwgkyxixaicupuay/Build/Intermediates.noindex/ArchiveIntermediates/ClaudeFiles/BuildProductsPath/Release-iphoneos -iquote /Users/runner/Library/Developer/Xcode/DerivedData/ClaudeFiles-booopeqlitkdrwgkyxixaicupuay/Build/Intermediates.noindex/ArchiveIntermediates/ClaudeFiles/IntermediateBuildFilesPath/ClaudeFiles.build/Release-iphoneos/ClaudeFiles.build/ClaudeFiles-generated-files.hmap -iquote /Users/runner/Library/Developer/Xcode/DerivedData/ClaudeFiles-booopeqlitkdrwgkyxixaicupuay/Build/Intermediates.noindex/ArchiveIntermediates/ClaudeFiles/IntermediateBuildFilesPath/ClaudeFiles.build/Release-iphoneos/ClaudeFiles.build/ClaudeFiles-project-headers.hmap -isystem /Applications/Xcode_16.1.app/Contents/Developer/Platforms/iPhoneOS.platform/Developer/SDKs/iPhoneOS18.1.sdk/usr/local/include -isystem /Applications/Xcode_16.1.app/Contents/Developer/Toolchains/XcodeDefault.xctoolchain/usr/lib/clang/16/include -internal-externc-isystem /Applications/Xcode_16.1.app/Contents/Developer/Platforms/iPhoneOS.platform/Developer/SDKs/iPhoneOS18.1.sdk/usr/include -internal-externc-isystem /Applications/Xcode_16.1.app/Contents/Developer/Toolchains/XcodeDefault.xctoolchain/usr/include -ivfsstatcache /Users/runner/Library/Developer/Xcode/DerivedData/SDKStatCaches.noindex/iphoneos18.1-22B74-a5999746ac4ace560a5a822e68842f47.sdkstatcache -std\=gnu11 -fmodules -fno-implicit-modules -fmax-type-align\=16 -fpascal-strings -fstack-check -fvisibility\=hidden -fvisibility-inlines-hidden-static-local-var -mdarwin-stkchk-strong-link -fno-odr-hash-protocols -pic-level 2 -fencode-extended-block-signature -stack-protector 1 -fgnuc-version\=4.2.1 -fblocks -ffp-contract\=on -fclang-abi-compat\=4.0 -fno-experimental-relative-c++-abi-vtables -fno-file-reproducible -clang-vendor-feature\=+disableNonDependentMemberExprInCurrentInstantiation -clang-vendor-feature\=+enableAggressiveVLAFolding -clang-vendor-feature\=+revert09abecef7bbf -clang-vendor-feature\=+thisNoAlignAttr -clang-vendor-feature\=+thisNoNullAttr -clang-vendor-feature\=+disableAtImportPrivateFrameworkInImplementationError -O2 -fdebug-compilation-dir\=/Users/runner/work/ClaudeFiles/ClaudeFiles -fcoverage-compilation-dir\=/Users/runner/work/ClaudeFiles/ClaudeFiles -fobjc-msgsend-selector-stubs -fregister-global-dtors-with-atexit -fno-strict-return -dwarf-version\=4 -debugger-tuning\=lldb -disable-llvm-verifier -dwarf-ext-refs -mframe-pointer\=non-leaf -funwind-tables\=1 -vectorize-loops -vectorize-slp -clear-ast-before-backend -discard-value-names -main-file-name MachO.c -finline-functions -debug-info-kind\=standalone -Os -fdiagnostics-hotness-threshold\=0 -fdiagnostics-misexpect-tolerance\=0 -D __GCC_HAVE_DWARF2_CFI_ASM\=1 -MT dependencies -dependency-file /Users/runner/Library/Developer/Xcode/DerivedData/ClaudeFiles-booopeqlitkdrwgkyxixaicupuay/Build/Intermediates.noindex/ArchiveIntermediates/ClaudeFiles/IntermediateBuildFilesPath/ClaudeFiles.build/Release-iphoneos/ClaudeFiles.build/Objects-normal/arm64/MachO.d -skip-unused-modulemap-deps
/Applications/Xcode_16.1.app/Contents/Developer/Toolchains/XcodeDefault.xctoolchain/usr/bin/clang -cc1 -Wundef-prefix\=TARGET_OS_ -fdiagnostics-show-note-include-stack -fmacro-backtrace-limit\=0 -ferror-limit 19 -serialize-diagnostic-file /Users/runner/Library/Developer/Xcode/DerivedData/ClaudeFiles-booopeqlitkdrwgkyxixaicupuay/Build/Intermediates.noindex/ArchiveIntermediates/ClaudeFiles/IntermediateBuildFilesPath/ClaudeFiles.build/Release-iphoneos/ClaudeFiles.build/Objects-normal/arm64/Host.dia -Wdeprecated-objc-isa-usage -Werror\=deprecated-objc-isa-usage -Werror\=implicit-function-declaration -Wnon-modular-include-in-framework-module -Werror\=non-modular-include-in-framework-module -Wno-trigraphs -Wno-missing-field-initializers -Wno-missing-prototypes -Werror\=return-type -Wdocumentation -Wunreachable-code -Wquoted-include-in-framework-header -Werror\=deprecated-objc-isa-usage -Werror\=objc-root-class -Wno-missing-braces -Wparentheses -Wswitch -Wunused-function -Wno-unused-label -Wno-unused-parameter -Wunused-variable -Wunused-value -Wempty-body -Wuninitialized -Wconditional-uninitialized -Wno-unknown-pragmas -Wno-shadow -Wno-four-char-constants -Wno-conversion -Wconstant-conversion -Wint-conversion -Wbool-conversion -Wenum-conversion -Wno-float-conversion -Wnon-literal-null-conversion -Wobjc-literal-conversion -Wshorten-64-to-32 -Wpointer-sign -Wno-newline-eof -Wno-implicit-fallthrough -Wdeprecated-declarations -Wno-sign-conversion -Winfinite-recursion -Wcomma -Wblock-capture-autoreleasing -Wstrict-prototypes -Wno-semicolon-before-method-body -Wunguarded-availability -Wno-unused-variable -Wno-shorten-64-to-32 -Wno-deprecated-declarations -Wno-unused-function -Wno-format -Wno-comma -Wno-incompatible-pointer-types-discards-qualifiers -Wno-strict-prototypes -Wno-reorder-init-list -Wno-implicit-int-float-conversion -Wno-c99-designator -Wno-final-dtor-non-final-class -Wno-extra-semi-stmt -Wno-misleading-indentation -Wno-implicit-fallthrough -Wno-enum-enum-conversion -Wno-enum-float-conversion -Wno-elaborated-enum-base -Wno-reserved-identifier -Wno-gnu-folding-constant -fmodule-map-file\=/Applications/Xcode_16.1.app/Contents/Developer/Platforms/iPhoneOS.platform/Developer/SDKs/iPhoneOS.sdk/usr/include/c_standard_library.modulemap -fmodule-map-file\=/Applications/Xcode_16.1.app/Contents/Developer/Toolchains/XcodeDefault.xctoolchain/usr/lib/clang/16/include/module.modulemap -fmodule-map-file\=/Applications/Xcode_16.1.app/Contents/Developer/Platforms/iPhoneOS.platform/Developer/SDKs/iPhoneOS.sdk/usr/include/DarwinBasic.modulemap -fmodule-map-file\=/Applications/Xcode_16.1.app/Contents/Developer/Platforms/iPhoneOS.platform/Developer/SDKs/iPhoneOS.sdk/usr/include/Darwin.modulemap -fmodule-map-file\=/Applications/Xcode_16.1.app/Contents/Developer/Toolchains/XcodeDefault.xctoolchain/usr/lib/clang/16/include/module.modulemap -fmodule-map-file\=/Applications/Xcode_16.1.app/Contents/Developer/Toolchains/XcodeDefault.xctoolchain/usr/lib/clang/16/include/module.modulemap -fmodule-map-file\=/Applications/Xcode_16.1.app/Contents/Developer/Platforms/iPhoneOS.platform/Developer/SDKs/iPhoneOS.sdk/usr/include/c_standard_library.modulemap -fmodule-map-file\=/Applications/Xcode_16.1.app/Contents/Developer/Platforms/iPhoneOS.platform/Developer/SDKs/iPhoneOS.sdk/usr/include/c_standard_library.modulemap -fmodule-map-file\=/Applications/Xcode_16.1.app/Contents/Developer/Platforms/iPhoneOS.platform/Developer/SDKs/iPhoneOS.sdk/usr/include/DarwinBasic.modulemap -fmodule-map-file\=/Applications/Xcode_16.1.app/Contents/Developer/Platforms/iPhoneOS.platform/Developer/SDKs/iPhoneOS.sdk/usr/include/mach-o/module.modulemap -o /Users/runner/Library/Developer/Xcode/DerivedData/ClaudeFiles-booopeqlitkdrwgkyxixaicupuay/Build/Intermediates.noindex/ArchiveIntermediates/ClaudeFiles/IntermediateBuildFilesPath/ClaudeFiles.build/Release-iphoneos/ClaudeFiles.build/Objects-normal/arm64/Host.o -disable-free -emit-obj -x c /Users/runner/work/ClaudeFiles/ClaudeFiles/ClaudeFiles/FilzaJailedDS-SSV-Bypass/XPF/external/ChOma/src/Host.c -target-abi darwinpcs -target-cpu apple-a7 -target-feature +v8a -target-feature +aes -target-feature +fp-armv8 -target-feature +sha2 -target-feature +neon -target-feature +zcm -target-feature +zcz -triple arm64-apple-ios16.0.0 -target-linker-version 1115.7.3 -target-sdk-version\=18.1 -fmodules-validate-system-headers -fno-modulemap-allow-subdirectory-search -isysroot /Applications/Xcode_16.1.app/Contents/Developer/Platforms/iPhoneOS.platform/Developer/SDKs/iPhoneOS18.1.sdk -resource-dir /Applications/Xcode_16.1.app/Contents/Developer/Toolchains/XcodeDefault.xctoolchain/usr/lib/clang/16 -fmodule-format\=obj -fmodule-file\=Darwin\=/Users/runner/Library/Developer/Xcode/DerivedData/ClaudeFiles-booopeqlitkdrwgkyxixaicupuay/Build/Intermediates.noindex/ArchiveIntermediates/ClaudeFiles/IntermediateBuildFilesPath/ExplicitPrecompiledModules/Darwin-COT7K8GGHLREC37DHP0X0E15Q.pcm -fmodule-file\=MachO\=/Users/runner/Library/Developer/Xcode/DerivedData/ClaudeFiles-booopeqlitkdrwgkyxixaicupuay/Build/Intermediates.noindex/ArchiveIntermediates/ClaudeFiles/IntermediateBuildFilesPath/ExplicitPrecompiledModules/MachO-1MB42U2H0CFC33UR5PQ9YUBHX.pcm -fmodule-file\=_Builtin_stdbool\=/Users/runner/Library/Developer/Xcode/DerivedData/ClaudeFiles-booopeqlitkdrwgkyxixaicupuay/Build/Intermediates.noindex/ArchiveIntermediates/ClaudeFiles/IntermediateBuildFilesPath/ExplicitPrecompiledModules/_Builtin_stdbool-C7K6GWKHFZFLHIMXKBYGYW5P1.pcm -fmodule-file\=_Builtin_stddef\=/Users/runner/Library/Developer/Xcode/DerivedData/ClaudeFiles-booopeqlitkdrwgkyxixaicupuay/Build/Intermediates.noindex/ArchiveIntermediates/ClaudeFiles/IntermediateBuildFilesPath/ExplicitPrecompiledModules/_Builtin_stddef-8AR0LDIW298TYOBH82AB4ZCBU.pcm -fmodule-file\=_Builtin_stdint\=/Users/runner/Library/Developer/Xcode/DerivedData/ClaudeFiles-booopeqlitkdrwgkyxixaicupuay/Build/Intermediates.noindex/ArchiveIntermediates/ClaudeFiles/IntermediateBuildFilesPath/ExplicitPrecompiledModules/_Builtin_stdint-ADHF6I6G8W6YCXLLFU2L5YLQ4.pcm -fmodule-file\=_stdio\=/Users/runner/Library/Developer/Xcode/DerivedData/ClaudeFiles-booopeqlitkdrwgkyxixaicupuay/Build/Intermediates.noindex/ArchiveIntermediates/ClaudeFiles/IntermediateBuildFilesPath/ExplicitPrecompiledModules/_stdio-8X9QF2A38P5VPKQT9GHP1DVX4.pcm -fmodule-file\=_stdlib\=/Users/runner/Library/Developer/Xcode/DerivedData/ClaudeFiles-booopeqlitkdrwgkyxixaicupuay/Build/Intermediates.noindex/ArchiveIntermediates/ClaudeFiles/IntermediateBuildFilesPath/ExplicitPrecompiledModules/_stdlib-1DGJ9QEK2CNM6D0JRBI8UT4KH.pcm -fmodule-file\=_string\=/Users/runner/Library/Developer/Xcode/DerivedData/ClaudeFiles-booopeqlitkdrwgkyxixaicupuay/Build/Intermediates.noindex/ArchiveIntermediates/ClaudeFiles/IntermediateBuildFilesPath/ExplicitPrecompiledModules/_string-6FRUJBTOZ639LEJJR0TNLH8R0.pcm -fmodule-file\=sys_types\=/Users/runner/Library/Developer/Xcode/DerivedData/ClaudeFiles-booopeqlitkdrwgkyxixaicupuay/Build/Intermediates.noindex/ArchiveIntermediates/ClaudeFiles/IntermediateBuildFilesPath/ExplicitPrecompiledModules/sys_types-7YDZ4PQ40JAXREB94IZZCB6XH.pcm -fmodule-file\=unistd\=/Users/runner/Library/Developer/Xcode/DerivedData/ClaudeFiles-booopeqlitkdrwgkyxixaicupuay/Build/Intermediates.noindex/ArchiveIntermediates/ClaudeFiles/IntermediateBuildFilesPath/ExplicitPrecompiledModules/unistd-D06ILPWOCA89SSV8WV9WXILL8.pcm -I /Users/runner/Library/Developer/Xcode/DerivedData/ClaudeFiles-booopeqlitkdrwgkyxixaicupuay/Build/Intermediates.noindex/ArchiveIntermediates/ClaudeFiles/IntermediateBuildFilesPath/ClaudeFiles.build/Release-iphoneos/ClaudeFiles.build/ClaudeFiles-own-target-headers.hmap -I /Users/runner/Library/Developer/Xcode/DerivedData/ClaudeFiles-booopeqlitkdrwgkyxixaicupuay/Build/Intermediates.noindex/ArchiveIntermediates/ClaudeFiles/IntermediateBuildFilesPath/ClaudeFiles.build/Release-iphoneos/ClaudeFiles.build/ClaudeFiles-all-target-headers.hmap -I /Users/runner/Library/Developer/Xcode/DerivedData/ClaudeFiles-booopeqlitkdrwgkyxixaicupuay/Build/Intermediates.noindex/ArchiveIntermediates/ClaudeFiles/BuildProductsPath/Release-iphoneos/include -I /Users/runner/work/ClaudeFiles/ClaudeFiles/ClaudeFiles/FilzaJailedDS-SSV-Bypass -I /Users/runner/work/ClaudeFiles/ClaudeFiles/ClaudeFiles/FilzaJailedDS-SSV-Bypass/kexploit -I /Users/runner/work/ClaudeFiles/ClaudeFiles/ClaudeFiles/FilzaJailedDS-SSV-Bypass/kpf -I /Users/runner/work/ClaudeFiles/ClaudeFiles/ClaudeFiles/FilzaJailedDS-SSV-Bypass/SSV -I /Users/runner/work/ClaudeFiles/ClaudeFiles/ClaudeFiles/FilzaJailedDS-SSV-Bypass/utils -I /Users/runner/work/ClaudeFiles/ClaudeFiles/ClaudeFiles/FilzaJailedDS-SSV-Bypass/XPF/src -I /Users/runner/work/ClaudeFiles/ClaudeFiles/ClaudeFiles/FilzaJailedDS-SSV-Bypass/XPF/external/ChOma/src -I /Users/runner/work/ClaudeFiles/ClaudeFiles/ClaudeFiles/FilzaJailedDS-SSV-Bypass/XPF/external/ChOma/include -I /Users/runner/work/ClaudeFiles/ClaudeFiles/ClaudeFiles/FilzaJailedDS-SSV-Bypass/shims -I /Users/runner/Library/Developer/Xcode/DerivedData/ClaudeFiles-booopeqlitkdrwgkyxixaicupuay/Build/Intermediates.noindex/ArchiveIntermediates/ClaudeFiles/IntermediateBuildFilesPath/ClaudeFiles.build/Release-iphoneos/ClaudeFiles.build/DerivedSources-normal/arm64 -I /Users/runner/Library/Developer/Xcode/DerivedData/ClaudeFiles-booopeqlitkdrwgkyxixaicupuay/Build/Intermediates.noindex/ArchiveIntermediates/ClaudeFiles/IntermediateBuildFilesPath/ClaudeFiles.build/Release-iphoneos/ClaudeFiles.build/DerivedSources/arm64 -I /Users/runner/Library/Developer/Xcode/DerivedData/ClaudeFiles-booopeqlitkdrwgkyxixaicupuay/Build/Intermediates.noindex/ArchiveIntermediates/ClaudeFiles/IntermediateBuildFilesPath/ClaudeFiles.build/Release-iphoneos/ClaudeFiles.build/DerivedSources -F /Users/runner/Library/Developer/Xcode/DerivedData/ClaudeFiles-booopeqlitkdrwgkyxixaicupuay/Build/Intermediates.noindex/ArchiveIntermediates/ClaudeFiles/BuildProductsPath/Release-iphoneos -iquote /Users/runner/Library/Developer/Xcode/DerivedData/ClaudeFiles-booopeqlitkdrwgkyxixaicupuay/Build/Intermediates.noindex/ArchiveIntermediates/ClaudeFiles/IntermediateBuildFilesPath/ClaudeFiles.build/Release-iphoneos/ClaudeFiles.build/ClaudeFiles-generated-files.hmap -iquote /Users/runner/Library/Developer/Xcode/DerivedData/ClaudeFiles-booopeqlitkdrwgkyxixaicupuay/Build/Intermediates.noindex/ArchiveIntermediates/ClaudeFiles/IntermediateBuildFilesPath/ClaudeFiles.build/Release-iphoneos/ClaudeFiles.build/ClaudeFiles-project-headers.hmap -isystem /Applications/Xcode_16.1.app/Contents/Developer/Platforms/iPhoneOS.platform/Developer/SDKs/iPhoneOS18.1.sdk/usr/local/include -isystem /Applications/Xcode_16.1.app/Contents/Developer/Toolchains/XcodeDefault.xctoolchain/usr/lib/clang/16/include -internal-externc-isystem /Applications/Xcode_16.1.app/Contents/Developer/Platforms/iPhoneOS.platform/Developer/SDKs/iPhoneOS18.1.sdk/usr/include -internal-externc-isystem /Applications/Xcode_16.1.app/Contents/Developer/Toolchains/XcodeDefault.xctoolchain/usr/include -ivfsstatcache /Users/runner/Library/Developer/Xcode/DerivedData/SDKStatCaches.noindex/iphoneos18.1-22B74-a5999746ac4ace560a5a822e68842f47.sdkstatcache -std\=gnu11 -fmodules -fno-implicit-modules -fmax-type-align\=16 -fpascal-strings -fstack-check -fvisibility\=hidden -fvisibility-inlines-hidden-static-local-var -mdarwin-stkchk-strong-link -fno-odr-hash-protocols -pic-level 2 -fencode-extended-block-signature -stack-protector 1 -fgnuc-version\=4.2.1 -fblocks -ffp-contract\=on -fclang-abi-compat\=4.0 -fno-experimental-relative-c++-abi-vtables -fno-file-reproducible -clang-vendor-feature\=+disableNonDependentMemberExprInCurrentInstantiation -clang-vendor-feature\=+enableAggressiveVLAFolding -clang-vendor-feature\=+revert09abecef7bbf -clang-vendor-feature\=+thisNoAlignAttr -clang-vendor-feature\=+thisNoNullAttr -clang-vendor-feature\=+disableAtImportPrivateFrameworkInImplementationError -O2 -fdebug-compilation-dir\=/Users/runner/work/ClaudeFiles/ClaudeFiles -fcoverage-compilation-dir\=/Users/runner/work/ClaudeFiles/ClaudeFiles -fobjc-msgsend-selector-stubs -fregister-global-dtors-with-atexit -fno-strict-return -dwarf-version\=4 -debugger-tuning\=lldb -disable-llvm-verifier -dwarf-ext-refs -mframe-pointer\=non-leaf -funwind-tables\=1 -vectorize-loops -vectorize-slp -clear-ast-before-backend -discard-value-names -main-file-name Host.c -finline-functions -debug-info-kind\=standalone -Os -fdiagnostics-hotness-threshold\=0 -fdiagnostics-misexpect-tolerance\=0 -D __GCC_HAVE_DWARF2_CFI_ASM\=1 -MT dependencies -dependency-file /Users/runner/Library/Developer/Xcode/DerivedData/ClaudeFiles-booopeqlitkdrwgkyxixaicupuay/Build/Intermediates.noindex/ArchiveIntermediates/ClaudeFiles/IntermediateBuildFilesPath/ClaudeFiles.build/Release-iphoneos/ClaudeFiles.build/Objects-normal/arm64/Host.d -skip-unused-modulemap-deps
/Applications/Xcode_16.1.app/Contents/Developer/Toolchains/XcodeDefault.xctoolchain/usr/bin/clang -cc1 -fdiagnostics-show-note-include-stack -fmacro-backtrace-limit\=0 -ferror-limit 19 -serialize-diagnostic-file /Users/runner/Library/Developer/Xcode/DerivedData/ClaudeFiles-booopeqlitkdrwgkyxixaicupuay/Build/Intermediates.noindex/ArchiveIntermediates/ClaudeFiles/IntermediateBuildFilesPath/ExplicitPrecompiledModules/os-8GQNDOXJKRZO9N213IWBMYC0U.dia -fsystem-module -fmodule-map-file\=/Applications/Xcode_16.1.app/Contents/Developer/Platforms/iPhoneOS.platform/Developer/SDKs/iPhoneOS18.1.sdk/usr/include/xpc.modulemap -fmodule-map-file\=/Applications/Xcode_16.1.app/Contents/Developer/Platforms/iPhoneOS.platform/Developer/SDKs/iPhoneOS18.1.sdk/usr/include/os.modulemap -fmodule-map-file\=/Applications/Xcode_16.1.app/Contents/Developer/Platforms/iPhoneOS.platform/Developer/SDKs/iPhoneOS18.1.sdk/usr/include/Darwin.modulemap -fmodule-map-file\=/Applications/Xcode_16.1.app/Contents/Developer/Platforms/iPhoneOS.platform/Developer/SDKs/iPhoneOS18.1.sdk/usr/include/DarwinBasic.modulemap -fmodule-map-file\=/Applications/Xcode_16.1.app/Contents/Developer/Platforms/iPhoneOS.platform/Developer/SDKs/iPhoneOS18.1.sdk/usr/include/DarwinFoundation.modulemap -fmodule-map-file\=/Applications/Xcode_16.1.app/Contents/Developer/Platforms/iPhoneOS.platform/Developer/SDKs/iPhoneOS18.1.sdk/usr/include/os_availability.modulemap -fmodule-map-file\=/Applications/Xcode_16.1.app/Contents/Developer/Platforms/iPhoneOS.platform/Developer/SDKs/iPhoneOS18.1.sdk/usr/include/mach-o/module.modulemap -fmodule-map-file\=/Applications/Xcode_16.1.app/Contents/Developer/Toolchains/XcodeDefault.xctoolchain/usr/lib/clang/16/include/module.modulemap -o /Users/runner/Library/Developer/Xcode/DerivedData/ClaudeFiles-booopeqlitkdrwgkyxixaicupuay/Build/Intermediates.noindex/ArchiveIntermediates/ClaudeFiles/IntermediateBuildFilesPath/ExplicitPrecompiledModules/os-8GQNDOXJKRZO9N213IWBMYC0U.pcm -disable-free -emit-module -x c /Applications/Xcode_16.1.app/Contents/Developer/Platforms/iPhoneOS.platform/Developer/SDKs/iPhoneOS.sdk/usr/include/os.modulemap -target-abi darwinpcs -target-cpu apple-a7 -target-feature +v8a -target-feature +aes -target-feature +fp-armv8 -target-feature +sha2 -target-feature +neon -target-feature +zcm -target-feature +zcz -triple arm64-apple-ios16.0.0 -target-linker-version 1115.7.3 -target-sdk-version\=18.1 -fmodules-validate-system-headers -fno-modules-prune-non-affecting-module-map-files -fno-modulemap-allow-subdirectory-search -isysroot /Applications/Xcode_16.1.app/Contents/Developer/Platforms/iPhoneOS.platform/Developer/SDKs/iPhoneOS18.1.sdk -resource-dir /Applications/Xcode_16.1.app/Contents/Developer/Toolchains/XcodeDefault.xctoolchain/usr/lib/clang/16 -fmodule-format\=obj -fmodule-file\=Darwin\=/Users/runner/Library/Developer/Xcode/DerivedData/ClaudeFiles-booopeqlitkdrwgkyxixaicupuay/Build/Intermediates.noindex/ArchiveIntermediates/ClaudeFiles/IntermediateBuildFilesPath/ExplicitPrecompiledModules/Darwin-COT7K8GGHLREC37DHP0X0E15Q.pcm -fmodule-file\=DarwinFoundation\=/Users/runner/Library/Developer/Xcode/DerivedData/ClaudeFiles-booopeqlitkdrwgkyxixaicupuay/Build/Intermediates.noindex/ArchiveIntermediates/ClaudeFiles/IntermediateBuildFilesPath/ExplicitPrecompiledModules/DarwinFoundation-38LCRVKLOEPJXDU099UJSARNX.pcm -fmodule-file\=MachO\=/Users/runner/Library/Developer/Xcode/DerivedData/ClaudeFiles-booopeqlitkdrwgkyxixaicupuay/Build/Intermediates.noindex/ArchiveIntermediates/ClaudeFiles/IntermediateBuildFilesPath/ExplicitPrecompiledModules/MachO-1MB42U2H0CFC33UR5PQ9YUBHX.pcm -fmodule-file\=XPC\=/Users/runner/Library/Developer/Xcode/DerivedData/ClaudeFiles-booopeqlitkdrwgkyxixaicupuay/Build/Intermediates.noindex/ArchiveIntermediates/ClaudeFiles/IntermediateBuildFilesPath/ExplicitPrecompiledModules/XPC-4JQ00WKTVEMAEOEYGF94PDRMV.pcm -fmodule-file\=_Builtin_stdarg\=/Users/runner/Library/Developer/Xcode/DerivedData/ClaudeFiles-booopeqlitkdrwgkyxixaicupuay/Build/Intermediates.noindex/ArchiveIntermediates/ClaudeFiles/IntermediateBuildFilesPath/ExplicitPrecompiledModules/_Builtin_stdarg-EUTUSCV1PCVGPFY2C7RL9F7DG.pcm -fmodule-file\=_Builtin_stdatomic\=/Users/runner/Library/Developer/Xcode/DerivedData/ClaudeFiles-booopeqlitkdrwgkyxixaicupuay/Build/Intermediates.noindex/ArchiveIntermediates/ClaudeFiles/IntermediateBuildFilesPath/ExplicitPrecompiledModules/_Builtin_stdatomic-2NBBYL5GM3I753V8BJSN6WH6W.pcm -fmodule-file\=_Builtin_stdbool\=/Users/runner/Library/Developer/Xcode/DerivedData/ClaudeFiles-booopeqlitkdrwgkyxixaicupuay/Build/Intermediates.noindex/ArchiveIntermediates/ClaudeFiles/IntermediateBuildFilesPath/ExplicitPrecompiledModules/_Builtin_stdbool-C7K6GWKHFZFLHIMXKBYGYW5P1.pcm -fmodule-file\=_Builtin_stdint\=/Users/runner/Library/Developer/Xcode/DerivedData/ClaudeFiles-booopeqlitkdrwgkyxixaicupuay/Build/Intermediates.noindex/ArchiveIntermediates/ClaudeFiles/IntermediateBuildFilesPath/ExplicitPrecompiledModules/_Builtin_stdint-ADHF6I6G8W6YCXLLFU2L5YLQ4.pcm -fmodule-file\=os_availability\=/Users/runner/Library/Developer/Xcode/DerivedData/ClaudeFiles-booopeqlitkdrwgkyxixaicupuay/Build/Intermediates.noindex/ArchiveIntermediates/ClaudeFiles/IntermediateBuildFilesPath/ExplicitPrecompiledModules/os_availability-BEW3JUTMJFVYZY456Z92S5KXV.pcm -fmodule-file\=os_object\=/Users/runner/Library/Developer/Xcode/DerivedData/ClaudeFiles-booopeqlitkdrwgkyxixaicupuay/Build/Intermediates.noindex/ArchiveIntermediates/ClaudeFiles/IntermediateBuildFilesPath/ExplicitPrecompiledModules/os_object-7IG8MKWI5AAC4KFE4SH8F9XN1.pcm -fmodule-file\=os_workgroup\=/Users/runner/Library/Developer/Xcode/DerivedData/ClaudeFiles-booopeqlitkdrwgkyxixaicupuay/Build/Intermediates.noindex/ArchiveIntermediates/ClaudeFiles/IntermediateBuildFilesPath/ExplicitPrecompiledModules/os_workgroup-86RHZVJ6FZ7Y3TEB2PBES790T.pcm -fmodule-file\=sys_types\=/Users/runner/Library/Developer/Xcode/DerivedData/ClaudeFiles-booopeqlitkdrwgkyxixaicupuay/Build/Intermediates.noindex/ArchiveIntermediates/ClaudeFiles/IntermediateBuildFilesPath/ExplicitPrecompiledModules/sys_types-7YDZ4PQ40JAXREB94IZZCB6XH.pcm -fmodule-file\=unistd\=/Users/runner/Library/Developer/Xcode/DerivedData/ClaudeFiles-booopeqlitkdrwgkyxixaicupuay/Build/Intermediates.noindex/ArchiveIntermediates/ClaudeFiles/IntermediateBuildFilesPath/ExplicitPrecompiledModules/unistd-D06ILPWOCA89SSV8WV9WXILL8.pcm -isystem /Applications/Xcode_16.1.app/Contents/Developer/Toolchains/XcodeDefault.xctoolchain/usr/lib/clang/16/include -internal-externc-isystem /Applications/Xcode_16.1.app/Contents/Developer/Platforms/iPhoneOS.platform/Developer/SDKs/iPhoneOS18.1.sdk/usr/include -ivfsstatcache /Users/runner/Library/Developer/Xcode/DerivedData/SDKStatCaches.noindex/iphoneos18.1-22B74-a5999746ac4ace560a5a822e68842f47.sdkstatcache -std\=gnu11 -fmodules -fmodule-name\=os -fmodules-search-all -fno-implicit-modules -fmax-type-align\=16 -fstack-check -mdarwin-stkchk-strong-link -fno-odr-hash-protocols -pic-level 2 -disable-objc-default-synthesize-properties -stack-protector 1 -fgnuc-version\=4.2.1 -fblocks -ffp-contract\=off -fclang-abi-compat\=4.0 -fno-experimental-relative-c++-abi-vtables -fno-file-reproducible -clang-vendor-feature\=+disableNonDependentMemberExprInCurrentInstantiation -clang-vendor-feature\=+enableAggressiveVLAFolding -clang-vendor-feature\=+revert09abecef7bbf -clang-vendor-feature\=+thisNoAlignAttr -clang-vendor-feature\=+thisNoNullAttr -clang-vendor-feature\=+disableAtImportPrivateFrameworkInImplementationError -O2 -fcommon -fno-sanitize-address-use-odr-indicator -fno-sanitize-memory-param-retval -fmerge-all-constants -fno-verbose-asm -fregister-global-dtors-with-atexit -fno-use-init-array -funique-basic-block-section-names -dwarf-version\=4 -debugger-tuning\=lldb -llvm-verify-each -dwarf-ext-refs -no-struct-path-tbaa -fexperimental-assignment-tracking\=disabled -no-enable-noundef-analysis -stack-protector-buffer-size 0 -finline-functions -debug-info-kind\=standalone -Os -fno-unroll-loops -fdiagnostics-hotness-threshold\=0 -fdiagnostics-misexpect-tolerance\=0 -fno-split-cold-code -D __GCC_HAVE_DWARF2_CFI_ASM\=1 -MT moduledependenciestarget -dependency-file /Users/runner/Library/Developer/Xcode/DerivedData/ClaudeFiles-booopeqlitkdrwgkyxixaicupuay/Build/Intermediates.noindex/ArchiveIntermediates/ClaudeFiles/IntermediateBuildFilesPath/ExplicitPrecompiledModules/os-8GQNDOXJKRZO9N213IWBMYC0U.d -skip-unused-modulemap-deps
/Applications/Xcode_16.1.app/Contents/Developer/Toolchains/XcodeDefault.xctoolchain/usr/bin/clang -cc1 -Wundef-prefix\=TARGET_OS_ -fdiagnostics-show-note-include-stack -fmacro-backtrace-limit\=0 -ferror-limit 19 -serialize-diagnostic-file /Users/runner/Library/Developer/Xcode/DerivedData/ClaudeFiles-booopeqlitkdrwgkyxixaicupuay/Build/Intermediates.noindex/ArchiveIntermediates/ClaudeFiles/IntermediateBuildFilesPath/ClaudeFiles.build/Release-iphoneos/ClaudeFiles.build/Objects-normal/arm64/Fat.dia -Wdeprecated-objc-isa-usage -Werror\=deprecated-objc-isa-usage -Werror\=implicit-function-declaration -Wnon-modular-include-in-framework-module -Werror\=non-modular-include-in-framework-module -Wno-trigraphs -Wno-missing-field-initializers -Wno-missing-prototypes -Werror\=return-type -Wdocumentation -Wunreachable-code -Wquoted-include-in-framework-header -Werror\=deprecated-objc-isa-usage -Werror\=objc-root-class -Wno-missing-braces -Wparentheses -Wswitch -Wunused-function -Wno-unused-label -Wno-unused-parameter -Wunused-variable -Wunused-value -Wempty-body -Wuninitialized -Wconditional-uninitialized -Wno-unknown-pragmas -Wno-shadow -Wno-four-char-constants -Wno-conversion -Wconstant-conversion -Wint-conversion -Wbool-conversion -Wenum-conversion -Wno-float-conversion -Wnon-literal-null-conversion -Wobjc-literal-conversion -Wshorten-64-to-32 -Wpointer-sign -Wno-newline-eof -Wno-implicit-fallthrough -Wdeprecated-declarations -Wno-sign-conversion -Winfinite-recursion -Wcomma -Wblock-capture-autoreleasing -Wstrict-prototypes -Wno-semicolon-before-method-body -Wunguarded-availability -Wno-unused-variable -Wno-shorten-64-to-32 -Wno-deprecated-declarations -Wno-unused-function -Wno-format -Wno-comma -Wno-incompatible-pointer-types-discards-qualifiers -Wno-strict-prototypes -Wno-reorder-init-list -Wno-implicit-int-float-conversion -Wno-c99-designator -Wno-final-dtor-non-final-class -Wno-extra-semi-stmt -Wno-misleading-indentation -Wno-implicit-fallthrough -Wno-enum-enum-conversion -Wno-enum-float-conversion -Wno-elaborated-enum-base -Wno-reserved-identifier -Wno-gnu-folding-constant -fmodule-map-file\=/Applications/Xcode_16.1.app/Contents/Developer/Platforms/iPhoneOS.platform/Developer/SDKs/iPhoneOS.sdk/usr/include/mach-o/module.modulemap -fmodule-map-file\=/Applications/Xcode_16.1.app/Contents/Developer/Toolchains/XcodeDefault.xctoolchain/usr/lib/clang/16/include/module.modulemap -fmodule-map-file\=/Applications/Xcode_16.1.app/Contents/Developer/Toolchains/XcodeDefault.xctoolchain/usr/lib/clang/16/include/module.modulemap -fmodule-map-file\=/Applications/Xcode_16.1.app/Contents/Developer/Platforms/iPhoneOS.platform/Developer/SDKs/iPhoneOS.sdk/usr/include/Darwin.modulemap -fmodule-map-file\=/Applications/Xcode_16.1.app/Contents/Developer/Platforms/iPhoneOS.platform/Developer/SDKs/iPhoneOS.sdk/usr/include/c_standard_library.modulemap -fmodule-map-file\=/Applications/Xcode_16.1.app/Contents/Developer/Toolchains/XcodeDefault.xctoolchain/usr/lib/clang/16/include/module.modulemap -fmodule-map-file\=/Applications/Xcode_16.1.app/Contents/Developer/Platforms/iPhoneOS.platform/Developer/SDKs/iPhoneOS.sdk/usr/include/c_standard_library.modulemap -fmodule-map-file\=/Applications/Xcode_16.1.app/Contents/Developer/Platforms/iPhoneOS.platform/Developer/SDKs/iPhoneOS.sdk/usr/include/c_standard_library.modulemap -fmodule-map-file\=/Applications/Xcode_16.1.app/Contents/Developer/Platforms/iPhoneOS.platform/Developer/SDKs/iPhoneOS.sdk/usr/include/DarwinBasic.modulemap -o /Users/runner/Library/Developer/Xcode/DerivedData/ClaudeFiles-booopeqlitkdrwgkyxixaicupuay/Build/Intermediates.noindex/ArchiveIntermediates/ClaudeFiles/IntermediateBuildFilesPath/ClaudeFiles.build/Release-iphoneos/ClaudeFiles.build/Objects-normal/arm64/Fat.o -disable-free -emit-obj -x c /Users/runner/work/ClaudeFiles/ClaudeFiles/ClaudeFiles/FilzaJailedDS-SSV-Bypass/XPF/external/ChOma/src/Fat.c -target-abi darwinpcs -target-cpu apple-a7 -target-feature +v8a -target-feature +aes -target-feature +fp-armv8 -target-feature +sha2 -target-feature +neon -target-feature +zcm -target-feature +zcz -triple arm64-apple-ios16.0.0 -target-linker-version 1115.7.3 -target-sdk-version\=18.1 -fmodules-validate-system-headers -fno-modulemap-allow-subdirectory-search -isysroot /Applications/Xcode_16.1.app/Contents/Developer/Platforms/iPhoneOS.platform/Developer/SDKs/iPhoneOS18.1.sdk -resource-dir /Applications/Xcode_16.1.app/Contents/Developer/Toolchains/XcodeDefault.xctoolchain/usr/lib/clang/16 -fmodule-format\=obj -fmodule-file\=Darwin\=/Users/runner/Library/Developer/Xcode/DerivedData/ClaudeFiles-booopeqlitkdrwgkyxixaicupuay/Build/Intermediates.noindex/ArchiveIntermediates/ClaudeFiles/IntermediateBuildFilesPath/ExplicitPrecompiledModules/Darwin-COT7K8GGHLREC37DHP0X0E15Q.pcm -fmodule-file\=MachO\=/Users/runner/Library/Developer/Xcode/DerivedData/ClaudeFiles-booopeqlitkdrwgkyxixaicupuay/Build/Intermediates.noindex/ArchiveIntermediates/ClaudeFiles/IntermediateBuildFilesPath/ExplicitPrecompiledModules/MachO-1MB42U2H0CFC33UR5PQ9YUBHX.pcm -fmodule-file\=_Builtin_stdbool\=/Users/runner/Library/Developer/Xcode/DerivedData/ClaudeFiles-booopeqlitkdrwgkyxixaicupuay/Build/Intermediates.noindex/ArchiveIntermediates/ClaudeFiles/IntermediateBuildFilesPath/ExplicitPrecompiledModules/_Builtin_stdbool-C7K6GWKHFZFLHIMXKBYGYW5P1.pcm -fmodule-file\=_Builtin_stddef\=/Users/runner/Library/Developer/Xcode/DerivedData/ClaudeFiles-booopeqlitkdrwgkyxixaicupuay/Build/Intermediates.noindex/ArchiveIntermediates/ClaudeFiles/IntermediateBuildFilesPath/ExplicitPrecompiledModules/_Builtin_stddef-8AR0LDIW298TYOBH82AB4ZCBU.pcm -fmodule-file\=_Builtin_stdint\=/Users/runner/Library/Developer/Xcode/DerivedData/ClaudeFiles-booopeqlitkdrwgkyxixaicupuay/Build/Intermediates.noindex/ArchiveIntermediates/ClaudeFiles/IntermediateBuildFilesPath/ExplicitPrecompiledModules/_Builtin_stdint-ADHF6I6G8W6YCXLLFU2L5YLQ4.pcm -fmodule-file\=_stdio\=/Users/runner/Library/Developer/Xcode/DerivedData/ClaudeFiles-booopeqlitkdrwgkyxixaicupuay/Build/Intermediates.noindex/ArchiveIntermediates/ClaudeFiles/IntermediateBuildFilesPath/ExplicitPrecompiledModules/_stdio-8X9QF2A38P5VPKQT9GHP1DVX4.pcm -fmodule-file\=_stdlib\=/Users/runner/Library/Developer/Xcode/DerivedData/ClaudeFiles-booopeqlitkdrwgkyxixaicupuay/Build/Intermediates.noindex/ArchiveIntermediates/ClaudeFiles/IntermediateBuildFilesPath/ExplicitPrecompiledModules/_stdlib-1DGJ9QEK2CNM6D0JRBI8UT4KH.pcm -fmodule-file\=_string\=/Users/runner/Library/Developer/Xcode/DerivedData/ClaudeFiles-booopeqlitkdrwgkyxixaicupuay/Build/Intermediates.noindex/ArchiveIntermediates/ClaudeFiles/IntermediateBuildFilesPath/ExplicitPrecompiledModules/_string-6FRUJBTOZ639LEJJR0TNLH8R0.pcm -fmodule-file\=unistd\=/Users/runner/Library/Developer/Xcode/DerivedData/ClaudeFiles-booopeqlitkdrwgkyxixaicupuay/Build/Intermediates.noindex/ArchiveIntermediates/ClaudeFiles/IntermediateBuildFilesPath/ExplicitPrecompiledModules/unistd-D06ILPWOCA89SSV8WV9WXILL8.pcm -I /Users/runner/Library/Developer/Xcode/DerivedData/ClaudeFiles-booopeqlitkdrwgkyxixaicupuay/Build/Intermediates.noindex/ArchiveIntermediates/ClaudeFiles/IntermediateBuildFilesPath/ClaudeFiles.build/Release-iphoneos/ClaudeFiles.build/ClaudeFiles-own-target-headers.hmap -I /Users/runner/Library/Developer/Xcode/DerivedData/ClaudeFiles-booopeqlitkdrwgkyxixaicupuay/Build/Intermediates.noindex/ArchiveIntermediates/ClaudeFiles/IntermediateBuildFilesPath/ClaudeFiles.build/Release-iphoneos/ClaudeFiles.build/ClaudeFiles-all-target-headers.hmap -I /Users/runner/Library/Developer/Xcode/DerivedData/ClaudeFiles-booopeqlitkdrwgkyxixaicupuay/Build/Intermediates.noindex/ArchiveIntermediates/ClaudeFiles/BuildProductsPath/Release-iphoneos/include -I /Users/runner/work/ClaudeFiles/ClaudeFiles/ClaudeFiles/FilzaJailedDS-SSV-Bypass -I /Users/runner/work/ClaudeFiles/ClaudeFiles/ClaudeFiles/FilzaJailedDS-SSV-Bypass/kexploit -I /Users/runner/work/ClaudeFiles/ClaudeFiles/ClaudeFiles/FilzaJailedDS-SSV-Bypass/kpf -I /Users/runner/work/ClaudeFiles/ClaudeFiles/ClaudeFiles/FilzaJailedDS-SSV-Bypass/SSV -I /Users/runner/work/ClaudeFiles/ClaudeFiles/ClaudeFiles/FilzaJailedDS-SSV-Bypass/utils -I /Users/runner/work/ClaudeFiles/ClaudeFiles/ClaudeFiles/FilzaJailedDS-SSV-Bypass/XPF/src -I /Users/runner/work/ClaudeFiles/ClaudeFiles/ClaudeFiles/FilzaJailedDS-SSV-Bypass/XPF/external/ChOma/src -I /Users/runner/work/ClaudeFiles/ClaudeFiles/ClaudeFiles/FilzaJailedDS-SSV-Bypass/XPF/external/ChOma/include -I /Users/runner/work/ClaudeFiles/ClaudeFiles/ClaudeFiles/FilzaJailedDS-SSV-Bypass/shims -I /Users/runner/Library/Developer/Xcode/DerivedData/ClaudeFiles-booopeqlitkdrwgkyxixaicupuay/Build/Intermediates.noindex/ArchiveIntermediates/ClaudeFiles/IntermediateBuildFilesPath/ClaudeFiles.build/Release-iphoneos/ClaudeFiles.build/DerivedSources-normal/arm64 -I /Users/runner/Library/Developer/Xcode/DerivedData/ClaudeFiles-booopeqlitkdrwgkyxixaicupuay/Build/Intermediates.noindex/ArchiveIntermediates/ClaudeFiles/IntermediateBuildFilesPath/ClaudeFiles.build/Release-iphoneos/ClaudeFiles.build/DerivedSources/arm64 -I /Users/runner/Library/Developer/Xcode/DerivedData/ClaudeFiles-booopeqlitkdrwgkyxixaicupuay/Build/Intermediates.noindex/ArchiveIntermediates/ClaudeFiles/IntermediateBuildFilesPath/ClaudeFiles.build/Release-iphoneos/ClaudeFiles.build/DerivedSources -F /Users/runner/Library/Developer/Xcode/DerivedData/ClaudeFiles-booopeqlitkdrwgkyxixaicupuay/Build/Intermediates.noindex/ArchiveIntermediates/ClaudeFiles/BuildProductsPath/Release-iphoneos -iquote /Users/runner/Library/Developer/Xcode/DerivedData/ClaudeFiles-booopeqlitkdrwgkyxixaicupuay/Build/Intermediates.noindex/ArchiveIntermediates/ClaudeFiles/IntermediateBuildFilesPath/ClaudeFiles.build/Release-iphoneos/ClaudeFiles.build/ClaudeFiles-generated-files.hmap -iquote /Users/runner/Library/Developer/Xcode/DerivedData/ClaudeFiles-booopeqlitkdrwgkyxixaicupuay/Build/Intermediates.noindex/ArchiveIntermediates/ClaudeFiles/IntermediateBuildFilesPath/ClaudeFiles.build/Release-iphoneos/ClaudeFiles.build/ClaudeFiles-project-headers.hmap -isystem /Applications/Xcode_16.1.app/Contents/Developer/Platforms/iPhoneOS.platform/Developer/SDKs/iPhoneOS18.1.sdk/usr/local/include -isystem /Applications/Xcode_16.1.app/Contents/Developer/Toolchains/XcodeDefault.xctoolchain/usr/lib/clang/16/include -internal-externc-isystem /Applications/Xcode_16.1.app/Contents/Developer/Platforms/iPhoneOS.platform/Developer/SDKs/iPhoneOS18.1.sdk/usr/include -internal-externc-isystem /Applications/Xcode_16.1.app/Contents/Developer/Toolchains/XcodeDefault.xctoolchain/usr/include -ivfsstatcache /Users/runner/Library/Developer/Xcode/DerivedData/SDKStatCaches.noindex/iphoneos18.1-22B74-a5999746ac4ace560a5a822e68842f47.sdkstatcache -std\=gnu11 -fmodules -fno-implicit-modules -fmax-type-align\=16 -fpascal-strings -fstack-check -fvisibility\=hidden -fvisibility-inlines-hidden-static-local-var -mdarwin-stkchk-strong-link -fno-odr-hash-protocols -pic-level 2 -fencode-extended-block-signature -stack-protector 1 -fgnuc-version\=4.2.1 -fblocks -ffp-contract\=on -fclang-abi-compat\=4.0 -fno-experimental-relative-c++-abi-vtables -fno-file-reproducible -clang-vendor-feature\=+disableNonDependentMemberExprInCurrentInstantiation -clang-vendor-feature\=+enableAggressiveVLAFolding -clang-vendor-feature\=+revert09abecef7bbf -clang-vendor-feature\=+thisNoAlignAttr -clang-vendor-feature\=+thisNoNullAttr -clang-vendor-feature\=+disableAtImportPrivateFrameworkInImplementationError -O2 -fdebug-compilation-dir\=/Users/runner/work/ClaudeFiles/ClaudeFiles -fcoverage-compilation-dir\=/Users/runner/work/ClaudeFiles/ClaudeFiles -fobjc-msgsend-selector-stubs -fregister-global-dtors-with-atexit -fno-strict-return -dwarf-version\=4 -debugger-tuning\=lldb -disable-llvm-verifier -dwarf-ext-refs -mframe-pointer\=non-leaf -funwind-tables\=1 -vectorize-loops -vectorize-slp -clear-ast-before-backend -discard-value-names -main-file-name Fat.c -finline-functions -debug-info-kind\=standalone -Os -fdiagnostics-hotness-threshold\=0 -fdiagnostics-misexpect-tolerance\=0 -D __GCC_HAVE_DWARF2_CFI_ASM\=1 -MT dependencies -dependency-file /Users/runner/Library/Developer/Xcode/DerivedData/ClaudeFiles-booopeqlitkdrwgkyxixaicupuay/Build/Intermediates.noindex/ArchiveIntermediates/ClaudeFiles/IntermediateBuildFilesPath/ClaudeFiles.build/Release-iphoneos/ClaudeFiles.build/Objects-normal/arm64/Fat.d -skip-unused-modulemap-deps
/Applications/Xcode_16.1.app/Contents/Developer/Toolchains/XcodeDefault.xctoolchain/usr/bin/clang -cc1 -Wundef-prefix\=TARGET_OS_ -fdiagnostics-show-note-include-stack -fmacro-backtrace-limit\=0 -ferror-limit 19 -serialize-diagnostic-file /Users/runner/Library/Developer/Xcode/DerivedData/ClaudeFiles-booopeqlitkdrwgkyxixaicupuay/Build/Intermediates.noindex/ArchiveIntermediates/ClaudeFiles/IntermediateBuildFilesPath/ClaudeFiles.build/Release-iphoneos/ClaudeFiles.build/Objects-normal/arm64/FileStream.dia -Wdeprecated-objc-isa-usage -Werror\=deprecated-objc-isa-usage -Werror\=implicit-function-declaration -Wnon-modular-include-in-framework-module -Werror\=non-modular-include-in-framework-module -Wno-trigraphs -Wno-missing-field-initializers -Wno-missing-prototypes -Werror\=return-type -Wdocumentation -Wunreachable-code -Wquoted-include-in-framework-header -Werror\=deprecated-objc-isa-usage -Werror\=objc-root-class -Wno-missing-braces -Wparentheses -Wswitch -Wunused-function -Wno-unused-label -Wno-unused-parameter -Wunused-variable -Wunused-value -Wempty-body -Wuninitialized -Wconditional-uninitialized -Wno-unknown-pragmas -Wno-shadow -Wno-four-char-constants -Wno-conversion -Wconstant-conversion -Wint-conversion -Wbool-conversion -Wenum-conversion -Wno-float-conversion -Wnon-literal-null-conversion -Wobjc-literal-conversion -Wshorten-64-to-32 -Wpointer-sign -Wno-newline-eof -Wno-implicit-fallthrough -Wdeprecated-declarations -Wno-sign-conversion -Winfinite-recursion -Wcomma -Wblock-capture-autoreleasing -Wstrict-prototypes -Wno-semicolon-before-method-body -Wunguarded-availability -Wno-unused-variable -Wno-shorten-64-to-32 -Wno-deprecated-declarations -Wno-unused-function -Wno-format -Wno-comma -Wno-incompatible-pointer-types-discards-qualifiers -Wno-strict-prototypes -Wno-reorder-init-list -Wno-implicit-int-float-conversion -Wno-c99-designator -Wno-final-dtor-non-final-class -Wno-extra-semi-stmt -Wno-misleading-indentation -Wno-implicit-fallthrough -Wno-enum-enum-conversion -Wno-enum-float-conversion -Wno-elaborated-enum-base -Wno-reserved-identifier -Wno-gnu-folding-constant -fmodule-map-file\=/Applications/Xcode_16.1.app/Contents/Developer/Platforms/iPhoneOS.platform/Developer/SDKs/iPhoneOS.sdk/usr/include/c_standard_library.modulemap -fmodule-map-file\=/Applications/Xcode_16.1.app/Contents/Developer/Platforms/iPhoneOS.platform/Developer/SDKs/iPhoneOS.sdk/usr/include/c_standard_library.modulemap -fmodule-map-file\=/Applications/Xcode_16.1.app/Contents/Developer/Platforms/iPhoneOS.platform/Developer/SDKs/iPhoneOS.sdk/usr/include/c_standard_library.modulemap -fmodule-map-file\=/Applications/Xcode_16.1.app/Contents/Developer/Platforms/iPhoneOS.platform/Developer/SDKs/iPhoneOS.sdk/usr/include/Darwin.modulemap -fmodule-map-file\=/Applications/Xcode_16.1.app/Contents/Developer/Toolchains/XcodeDefault.xctoolchain/usr/lib/clang/16/include/module.modulemap -fmodule-map-file\=/Applications/Xcode_16.1.app/Contents/Developer/Platforms/iPhoneOS.platform/Developer/SDKs/iPhoneOS.sdk/usr/include/c_standard_library.modulemap -fmodule-map-file\=/Applications/Xcode_16.1.app/Contents/Developer/Platforms/iPhoneOS.platform/Developer/SDKs/iPhoneOS.sdk/usr/include/DarwinBasic.modulemap -fmodule-map-file\=/Applications/Xcode_16.1.app/Contents/Developer/Platforms/iPhoneOS.platform/Developer/SDKs/iPhoneOS.sdk/usr/include/os.modulemap -o /Users/runner/Library/Developer/Xcode/DerivedData/ClaudeFiles-booopeqlitkdrwgkyxixaicupuay/Build/Intermediates.noindex/ArchiveIntermediates/ClaudeFiles/IntermediateBuildFilesPath/ClaudeFiles.build/Release-iphoneos/ClaudeFiles.build/Objects-normal/arm64/FileStream.o -disable-free -emit-obj -x c /Users/runner/work/ClaudeFiles/ClaudeFiles/ClaudeFiles/FilzaJailedDS-SSV-Bypass/XPF/external/ChOma/src/FileStream.c -target-abi darwinpcs -target-cpu apple-a7 -target-feature +v8a -target-feature +aes -target-feature +fp-armv8 -target-feature +sha2 -target-feature +neon -target-feature +zcm -target-feature +zcz -triple arm64-apple-ios16.0.0 -target-linker-version 1115.7.3 -target-sdk-version\=18.1 -fmodules-validate-system-headers -fno-modulemap-allow-subdirectory-search -isysroot /Applications/Xcode_16.1.app/Contents/Developer/Platforms/iPhoneOS.platform/Developer/SDKs/iPhoneOS18.1.sdk -resource-dir /Applications/Xcode_16.1.app/Contents/Developer/Toolchains/XcodeDefault.xctoolchain/usr/lib/clang/16 -fmodule-format\=obj -fmodule-file\=Darwin\=/Users/runner/Library/Developer/Xcode/DerivedData/ClaudeFiles-booopeqlitkdrwgkyxixaicupuay/Build/Intermediates.noindex/ArchiveIntermediates/ClaudeFiles/IntermediateBuildFilesPath/ExplicitPrecompiledModules/Darwin-COT7K8GGHLREC37DHP0X0E15Q.pcm -fmodule-file\=_Builtin_stdbool\=/Users/runner/Library/Developer/Xcode/DerivedData/ClaudeFiles-booopeqlitkdrwgkyxixaicupuay/Build/Intermediates.noindex/ArchiveIntermediates/ClaudeFiles/IntermediateBuildFilesPath/ExplicitPrecompiledModules/_Builtin_stdbool-C7K6GWKHFZFLHIMXKBYGYW5P1.pcm -fmodule-file\=_errno\=/Users/runner/Library/Developer/Xcode/DerivedData/ClaudeFiles-booopeqlitkdrwgkyxixaicupuay/Build/Intermediates.noindex/ArchiveIntermediates/ClaudeFiles/IntermediateBuildFilesPath/ExplicitPrecompiledModules/_errno-EHNON687OE69TP1SX1HHC3LBS.pcm -fmodule-file\=_stdio\=/Users/runner/Library/Developer/Xcode/DerivedData/ClaudeFiles-booopeqlitkdrwgkyxixaicupuay/Build/Intermediates.noindex/ArchiveIntermediates/ClaudeFiles/IntermediateBuildFilesPath/ExplicitPrecompiledModules/_stdio-8X9QF2A38P5VPKQT9GHP1DVX4.pcm -fmodule-file\=_stdlib\=/Users/runner/Library/Developer/Xcode/DerivedData/ClaudeFiles-booopeqlitkdrwgkyxixaicupuay/Build/Intermediates.noindex/ArchiveIntermediates/ClaudeFiles/IntermediateBuildFilesPath/ExplicitPrecompiledModules/_stdlib-1DGJ9QEK2CNM6D0JRBI8UT4KH.pcm -fmodule-file\=_string\=/Users/runner/Library/Developer/Xcode/DerivedData/ClaudeFiles-booopeqlitkdrwgkyxixaicupuay/Build/Intermediates.noindex/ArchiveIntermediates/ClaudeFiles/IntermediateBuildFilesPath/ExplicitPrecompiledModules/_string-6FRUJBTOZ639LEJJR0TNLH8R0.pcm -fmodule-file\=os\=/Users/runner/Library/Developer/Xcode/DerivedData/ClaudeFiles-booopeqlitkdrwgkyxixaicupuay/Build/Intermediates.noindex/ArchiveIntermediates/ClaudeFiles/IntermediateBuildFilesPath/ExplicitPrecompiledModules/os-8GQNDOXJKRZO9N213IWBMYC0U.pcm -fmodule-file\=unistd\=/Users/runner/Library/Developer/Xcode/DerivedData/ClaudeFiles-booopeqlitkdrwgkyxixaicupuay/Build/Intermediates.noindex/ArchiveIntermediates/ClaudeFiles/IntermediateBuildFilesPath/ExplicitPrecompiledModules/unistd-D06ILPWOCA89SSV8WV9WXILL8.pcm -I /Users/runner/Library/Developer/Xcode/DerivedData/ClaudeFiles-booopeqlitkdrwgkyxixaicupuay/Build/Intermediates.noindex/ArchiveIntermediates/ClaudeFiles/IntermediateBuildFilesPath/ClaudeFiles.build/Release-iphoneos/ClaudeFiles.build/ClaudeFiles-own-target-headers.hmap -I /Users/runner/Library/Developer/Xcode/DerivedData/ClaudeFiles-booopeqlitkdrwgkyxixaicupuay/Build/Intermediates.noindex/ArchiveIntermediates/ClaudeFiles/IntermediateBuildFilesPath/ClaudeFiles.build/Release-iphoneos/ClaudeFiles.build/ClaudeFiles-all-target-headers.hmap -I /Users/runner/Library/Developer/Xcode/DerivedData/ClaudeFiles-booopeqlitkdrwgkyxixaicupuay/Build/Intermediates.noindex/ArchiveIntermediates/ClaudeFiles/BuildProductsPath/Release-iphoneos/include -I /Users/runner/work/ClaudeFiles/ClaudeFiles/ClaudeFiles/FilzaJailedDS-SSV-Bypass -I /Users/runner/work/ClaudeFiles/ClaudeFiles/ClaudeFiles/FilzaJailedDS-SSV-Bypass/kexploit -I /Users/runner/work/ClaudeFiles/ClaudeFiles/ClaudeFiles/FilzaJailedDS-SSV-Bypass/kpf -I /Users/runner/work/ClaudeFiles/ClaudeFiles/ClaudeFiles/FilzaJailedDS-SSV-Bypass/SSV -I /Users/runner/work/ClaudeFiles/ClaudeFiles/ClaudeFiles/FilzaJailedDS-SSV-Bypass/utils -I /Users/runner/work/ClaudeFiles/ClaudeFiles/ClaudeFiles/FilzaJailedDS-SSV-Bypass/XPF/src -I /Users/runner/work/ClaudeFiles/ClaudeFiles/ClaudeFiles/FilzaJailedDS-SSV-Bypass/XPF/external/ChOma/src -I /Users/runner/work/ClaudeFiles/ClaudeFiles/ClaudeFiles/FilzaJailedDS-SSV-Bypass/XPF/external/ChOma/include -I /Users/runner/work/ClaudeFiles/ClaudeFiles/ClaudeFiles/FilzaJailedDS-SSV-Bypass/shims -I /Users/runner/Library/Developer/Xcode/DerivedData/ClaudeFiles-booopeqlitkdrwgkyxixaicupuay/Build/Intermediates.noindex/ArchiveIntermediates/ClaudeFiles/IntermediateBuildFilesPath/ClaudeFiles.build/Release-iphoneos/ClaudeFiles.build/DerivedSources-normal/arm64 -I /Users/runner/Library/Developer/Xcode/DerivedData/ClaudeFiles-booopeqlitkdrwgkyxixaicupuay/Build/Intermediates.noindex/ArchiveIntermediates/ClaudeFiles/IntermediateBuildFilesPath/ClaudeFiles.build/Release-iphoneos/ClaudeFiles.build/DerivedSources/arm64 -I /Users/runner/Library/Developer/Xcode/DerivedData/ClaudeFiles-booopeqlitkdrwgkyxixaicupuay/Build/Intermediates.noindex/ArchiveIntermediates/ClaudeFiles/IntermediateBuildFilesPath/ClaudeFiles.build/Release-iphoneos/ClaudeFiles.build/DerivedSources -F /Users/runner/Library/Developer/Xcode/DerivedData/ClaudeFiles-booopeqlitkdrwgkyxixaicupuay/Build/Intermediates.noindex/ArchiveIntermediates/ClaudeFiles/BuildProductsPath/Release-iphoneos -iquote /Users/runner/Library/Developer/Xcode/DerivedData/ClaudeFiles-booopeqlitkdrwgkyxixaicupuay/Build/Intermediates.noindex/ArchiveIntermediates/ClaudeFiles/IntermediateBuildFilesPath/ClaudeFiles.build/Release-iphoneos/ClaudeFiles.build/ClaudeFiles-generated-files.hmap -iquote /Users/runner/Library/Developer/Xcode/DerivedData/ClaudeFiles-booopeqlitkdrwgkyxixaicupuay/Build/Intermediates.noindex/ArchiveIntermediates/ClaudeFiles/IntermediateBuildFilesPath/ClaudeFiles.build/Release-iphoneos/ClaudeFiles.build/ClaudeFiles-project-headers.hmap -isystem /Applications/Xcode_16.1.app/Contents/Developer/Platforms/iPhoneOS.platform/Developer/SDKs/iPhoneOS18.1.sdk/usr/local/include -isystem /Applications/Xcode_16.1.app/Contents/Developer/Toolchains/XcodeDefault.xctoolchain/usr/lib/clang/16/include -internal-externc-isystem /Applications/Xcode_16.1.app/Contents/Developer/Platforms/iPhoneOS.platform/Developer/SDKs/iPhoneOS18.1.sdk/usr/include -internal-externc-isystem /Applications/Xcode_16.1.app/Contents/Developer/Toolchains/XcodeDefault.xctoolchain/usr/include -ivfsstatcache /Users/runner/Library/Developer/Xcode/DerivedData/SDKStatCaches.noindex/iphoneos18.1-22B74-a5999746ac4ace560a5a822e68842f47.sdkstatcache -std\=gnu11 -fmodules -fno-implicit-modules -fmax-type-align\=16 -fpascal-strings -fstack-check -fvisibility\=hidden -fvisibility-inlines-hidden-static-local-var -mdarwin-stkchk-strong-link -fno-odr-hash-protocols -pic-level 2 -fencode-extended-block-signature -stack-protector 1 -fgnuc-version\=4.2.1 -fblocks -ffp-contract\=on -fclang-abi-compat\=4.0 -fno-experimental-relative-c++-abi-vtables -fno-file-reproducible -clang-vendor-feature\=+disableNonDependentMemberExprInCurrentInstantiation -clang-vendor-feature\=+enableAggressiveVLAFolding -clang-vendor-feature\=+revert09abecef7bbf -clang-vendor-feature\=+thisNoAlignAttr -clang-vendor-feature\=+thisNoNullAttr -clang-vendor-feature\=+disableAtImportPrivateFrameworkInImplementationError -O2 -fdebug-compilation-dir\=/Users/runner/work/ClaudeFiles/ClaudeFiles -fcoverage-compilation-dir\=/Users/runner/work/ClaudeFiles/ClaudeFiles -fobjc-msgsend-selector-stubs -fregister-global-dtors-with-atexit -fno-strict-return -dwarf-version\=4 -debugger-tuning\=lldb -disable-llvm-verifier -dwarf-ext-refs -mframe-pointer\=non-leaf -funwind-tables\=1 -vectorize-loops -vectorize-slp -clear-ast-before-backend -discard-value-names -main-file-name FileStream.c -finline-functions -debug-info-kind\=standalone -Os -fdiagnostics-hotness-threshold\=0 -fdiagnostics-misexpect-tolerance\=0 -D __GCC_HAVE_DWARF2_CFI_ASM\=1 -MT dependencies -dependency-file /Users/runner/Library/Developer/Xcode/DerivedData/ClaudeFiles-booopeqlitkdrwgkyxixaicupuay/Build/Intermediates.noindex/ArchiveIntermediates/ClaudeFiles/IntermediateBuildFilesPath/ClaudeFiles.build/Release-iphoneos/ClaudeFiles.build/Objects-normal/arm64/FileStream.d -skip-unused-modulemap-deps
/Applications/Xcode_16.1.app/Contents/Developer/Toolchains/XcodeDefault.xctoolchain/usr/bin/clang -cc1 -Wundef-prefix\=TARGET_OS_ -fdiagnostics-show-note-include-stack -fmacro-backtrace-limit\=0 -ferror-limit 19 -serialize-diagnostic-file /Users/runner/Library/Developer/Xcode/DerivedData/ClaudeFiles-booopeqlitkdrwgkyxixaicupuay/Build/Intermediates.noindex/ArchiveIntermediates/ClaudeFiles/IntermediateBuildFilesPath/ClaudeFiles.build/Release-iphoneos/ClaudeFiles.build/Objects-normal/arm64/Exception.dia -Wdeprecated-objc-isa-usage -Werror\=deprecated-objc-isa-usage -Werror\=implicit-function-declaration -Wnon-modular-include-in-framework-module -Werror\=non-modular-include-in-framework-module -Wno-trigraphs -Wno-missing-field-initializers -Wno-missing-prototypes -Werror\=return-type -Wdocumentation -Wunreachable-code -Wquoted-include-in-framework-header -Wno-implicit-atomic-properties -Werror\=deprecated-objc-isa-usage -Wno-objc-interface-ivars -Werror\=objc-root-class -Wno-arc-repeated-use-of-weak -Wimplicit-retain-self -Wduplicate-method-match -Wno-missing-braces -Wparentheses -Wswitch -Wunused-function -Wno-unused-label -Wno-unused-parameter -Wunused-variable -Wunused-value -Wempty-body -Wuninitialized -Wconditional-uninitialized -Wno-unknown-pragmas -Wno-shadow -Wno-four-char-constants -Wno-conversion -Wconstant-conversion -Wint-conversion -Wbool-conversion -Wenum-conversion -Wno-float-conversion -Wnon-literal-null-conversion -Wobjc-literal-conversion -Wshorten-64-to-32 -Wpointer-sign -Wno-newline-eof -Wno-selector -Wno-strict-selector-match -Wundeclared-selector -Wdeprecated-implementations -Wno-implicit-fallthrough -Wprotocol -Wdeprecated-declarations -Wno-sign-conversion -Winfinite-recursion -Wcomma -Wblock-capture-autoreleasing -Wstrict-prototypes -Wno-semicolon-before-method-body -Wunguarded-availability -Wno-unused-variable -Wno-shorten-64-to-32 -Wno-deprecated-declarations -Wno-unused-function -Wno-format -Wno-comma -Wno-incompatible-pointer-types-discards-qualifiers -Wno-strict-prototypes -Wno-reorder-init-list -Wno-implicit-int-float-conversion -Wno-c99-designator -Wno-final-dtor-non-final-class -Wno-extra-semi-stmt -Wno-misleading-indentation -Wno-implicit-fallthrough -Wno-enum-enum-conversion -Wno-enum-float-conversion -Wno-elaborated-enum-base -Wno-reserved-identifier -Wno-gnu-folding-constant -fmodule-map-file\=/Applications/Xcode_16.1.app/Contents/Developer/Platforms/iPhoneOS.platform/Developer/SDKs/iPhoneOS.sdk/usr/include/c_standard_library.modulemap -fmodule-map-file\=/Applications/Xcode_16.1.app/Contents/Developer/Toolchains/XcodeDefault.xctoolchain/usr/lib/clang/16/include/module.modulemap -fmodule-map-file\=/Applications/Xcode_16.1.app/Contents/Developer/Toolchains/XcodeDefault.xctoolchain/usr/lib/clang/16/include/module.modulemap -fmodule-map-file\=/Applications/Xcode_16.1.app/Contents/Developer/Platforms/iPhoneOS.platform/Developer/SDKs/iPhoneOS.sdk/System/Library/Frameworks/Foundation.framework/Modules/module.modulemap -fmodule-map-file\=/Applications/Xcode_16.1.app/Contents/Developer/Platforms/iPhoneOS.platform/Developer/SDKs/iPhoneOS.sdk/usr/include/Darwin.modulemap -fmodule-map-file\=/Applications/Xcode_16.1.app/Contents/Developer/Platforms/iPhoneOS.platform/Developer/SDKs/iPhoneOS.sdk/System/Library/Frameworks/UIKit.framework/Modules/module.modulemap -o /Users/runner/Library/Developer/Xcode/DerivedData/ClaudeFiles-booopeqlitkdrwgkyxixaicupuay/Build/Intermediates.noindex/ArchiveIntermediates/ClaudeFiles/IntermediateBuildFilesPath/ClaudeFiles.build/Release-iphoneos/ClaudeFiles.build/Objects-normal/arm64/Exception.o -disable-free -emit-obj -x objective-c /Users/runner/work/ClaudeFiles/ClaudeFiles/ClaudeFiles/FilzaJailedDS-SSV-Bypass/kexploit/Exception.m -target-abi darwinpcs -target-cpu apple-a7 -target-feature +v8a -target-feature +aes -target-feature +fp-armv8 -target-feature +sha2 -target-feature +neon -target-feature +zcm -target-feature +zcz -triple arm64-apple-ios16.0.0 -target-linker-version 1115.7.3 -target-sdk-version\=18.1 -fmodules-validate-system-headers -fno-modulemap-allow-subdirectory-search -isysroot /Applications/Xcode_16.1.app/Contents/Developer/Platforms/iPhoneOS.platform/Developer/SDKs/iPhoneOS18.1.sdk -resource-dir /Applications/Xcode_16.1.app/Contents/Developer/Toolchains/XcodeDefault.xctoolchain/usr/lib/clang/16 -fmodule-format\=obj -fmodule-file\=Darwin\=/Users/runner/Library/Developer/Xcode/DerivedData/ClaudeFiles-booopeqlitkdrwgkyxixaicupuay/Build/Intermediates.noindex/ArchiveIntermediates/ClaudeFiles/IntermediateBuildFilesPath/ExplicitPrecompiledModules/Darwin-CDBBDOWQKITLCUQ9B0MA5IAZ5.pcm -fmodule-file\=Foundation\=/Users/runner/Library/Developer/Xcode/DerivedData/ClaudeFiles-booopeqlitkdrwgkyxixaicupuay/Build/Intermediates.noindex/ArchiveIntermediates/ClaudeFiles/IntermediateBuildFilesPath/ExplicitPrecompiledModules/Foundation-4K90496DFYLZPYYOOTZY0E5CG.pcm -fmodule-file\=UIKit\=/Users/runner/Library/Developer/Xcode/DerivedData/ClaudeFiles-booopeqlitkdrwgkyxixaicupuay/Build/Intermediates.noindex/ArchiveIntermediates/ClaudeFiles/IntermediateBuildFilesPath/ExplicitPrecompiledModules/UIKit-2D0A5BOLV43QACMZD528CHGTV.pcm -fmodule-file\=_Builtin_stdbool\=/Users/runner/Library/Developer/Xcode/DerivedData/ClaudeFiles-booopeqlitkdrwgkyxixaicupuay/Build/Intermediates.noindex/ArchiveIntermediates/ClaudeFiles/IntermediateBuildFilesPath/ExplicitPrecompiledModules/_Builtin_stdbool-1HTZJEEL3OAGQ5TUPFOB7Z6L.pcm -fmodule-file\=_Builtin_stdint\=/Users/runner/Library/Developer/Xcode/DerivedData/ClaudeFiles-booopeqlitkdrwgkyxixaicupuay/Build/Intermediates.noindex/ArchiveIntermediates/ClaudeFiles/IntermediateBuildFilesPath/ExplicitPrecompiledModules/_Builtin_stdint-PTF71O9LC87KRQK8W857TSRW.pcm -fmodule-file\=_stdio\=/Users/runner/Library/Developer/Xcode/DerivedData/ClaudeFiles-booopeqlitkdrwgkyxixaicupuay/Build/Intermediates.noindex/ArchiveIntermediates/ClaudeFiles/IntermediateBuildFilesPath/ExplicitPrecompiledModules/_stdio-A5AB7F671YU53HWR043WNHOQ1.pcm -I /Users/runner/Library/Developer/Xcode/DerivedData/ClaudeFiles-booopeqlitkdrwgkyxixaicupuay/Build/Intermediates.noindex/ArchiveIntermediates/ClaudeFiles/IntermediateBuildFilesPath/ClaudeFiles.build/Release-iphoneos/ClaudeFiles.build/ClaudeFiles-own-target-headers.hmap -I /Users/runner/Library/Developer/Xcode/DerivedData/ClaudeFiles-booopeqlitkdrwgkyxixaicupuay/Build/Intermediates.noindex/ArchiveIntermediates/ClaudeFiles/IntermediateBuildFilesPath/ClaudeFiles.build/Release-iphoneos/ClaudeFiles.build/ClaudeFiles-all-target-headers.hmap -I /Users/runner/Library/Developer/Xcode/DerivedData/ClaudeFiles-booopeqlitkdrwgkyxixaicupuay/Build/Intermediates.noindex/ArchiveIntermediates/ClaudeFiles/BuildProductsPath/Release-iphoneos/include -I /Users/runner/work/ClaudeFiles/ClaudeFiles/ClaudeFiles/FilzaJailedDS-SSV-Bypass -I /Users/runner/work/ClaudeFiles/ClaudeFiles/ClaudeFiles/FilzaJailedDS-SSV-Bypass/kexploit -I /Users/runner/work/ClaudeFiles/ClaudeFiles/ClaudeFiles/FilzaJailedDS-SSV-Bypass/kpf -I /Users/runner/work/ClaudeFiles/ClaudeFiles/ClaudeFiles/FilzaJailedDS-SSV-Bypass/SSV -I /Users/runner/work/ClaudeFiles/ClaudeFiles/ClaudeFiles/FilzaJailedDS-SSV-Bypass/utils -I /Users/runner/work/ClaudeFiles/ClaudeFiles/ClaudeFiles/FilzaJailedDS-SSV-Bypass/XPF/src -I /Users/runner/work/ClaudeFiles/ClaudeFiles/ClaudeFiles/FilzaJailedDS-SSV-Bypass/XPF/external/ChOma/src -I /Users/runner/work/ClaudeFiles/ClaudeFiles/ClaudeFiles/FilzaJailedDS-SSV-Bypass/XPF/external/ChOma/include -I /Users/runner/work/ClaudeFiles/ClaudeFiles/ClaudeFiles/FilzaJailedDS-SSV-Bypass/shims -I /Users/runner/Library/Developer/Xcode/DerivedData/ClaudeFiles-booopeqlitkdrwgkyxixaicupuay/Build/Intermediates.noindex/ArchiveIntermediates/ClaudeFiles/IntermediateBuildFilesPath/ClaudeFiles.build/Release-iphoneos/ClaudeFiles.build/DerivedSources-normal/arm64 -I /Users/runner/Library/Developer/Xcode/DerivedData/ClaudeFiles-booopeqlitkdrwgkyxixaicupuay/Build/Intermediates.noindex/ArchiveIntermediates/ClaudeFiles/IntermediateBuildFilesPath/ClaudeFiles.build/Release-iphoneos/ClaudeFiles.build/DerivedSources/arm64 -I /Users/runner/Library/Developer/Xcode/DerivedData/ClaudeFiles-booopeqlitkdrwgkyxixaicupuay/Build/Intermediates.noindex/ArchiveIntermediates/ClaudeFiles/IntermediateBuildFilesPath/ClaudeFiles.build/Release-iphoneos/ClaudeFiles.build/DerivedSources -F /Users/runner/Library/Developer/Xcode/DerivedData/ClaudeFiles-booopeqlitkdrwgkyxixaicupuay/Build/Intermediates.noindex/ArchiveIntermediates/ClaudeFiles/BuildProductsPath/Release-iphoneos -iquote /Users/runner/Library/Developer/Xcode/DerivedData/ClaudeFiles-booopeqlitkdrwgkyxixaicupuay/Build/Intermediates.noindex/ArchiveIntermediates/ClaudeFiles/IntermediateBuildFilesPath/ClaudeFiles.build/Release-iphoneos/ClaudeFiles.build/ClaudeFiles-generated-files.hmap -iquote /Users/runner/Library/Developer/Xcode/DerivedData/ClaudeFiles-booopeqlitkdrwgkyxixaicupuay/Build/Intermediates.noindex/ArchiveIntermediates/ClaudeFiles/IntermediateBuildFilesPath/ClaudeFiles.build/Release-iphoneos/ClaudeFiles.build/ClaudeFiles-project-headers.hmap -isystem /Applications/Xcode_16.1.app/Contents/Developer/Platforms/iPhoneOS.platform/Developer/SDKs/iPhoneOS18.1.sdk/usr/local/include -isystem /Applications/Xcode_16.1.app/Contents/Developer/Toolchains/XcodeDefault.xctoolchain/usr/lib/clang/16/include -internal-externc-isystem /Applications/Xcode_16.1.app/Contents/Developer/Platforms/iPhoneOS.platform/Developer/SDKs/iPhoneOS18.1.sdk/usr/include -internal-externc-isystem /Applications/Xcode_16.1.app/Contents/Developer/Toolchains/XcodeDefault.xctoolchain/usr/include -ivfsstatcache /Users/runner/Library/Developer/Xcode/DerivedData/SDKStatCaches.noindex/iphoneos18.1-22B74-a5999746ac4ace560a5a822e68842f47.sdkstatcache -std\=gnu11 -fexceptions -fmodules -fno-implicit-modules -fobjc-exceptions -fmax-type-align\=16 -fpascal-strings -fstack-check -fvisibility\=hidden -fvisibility-inlines-hidden-static-local-var -mdarwin-stkchk-strong-link -fno-odr-hash-protocols -pic-level 2 -fencode-extended-block-signature -stack-protector 1 -fobjc-runtime\=ios-16.0.0 -fobjc-arc -fobjc-runtime-has-weak -fobjc-weak -fgnuc-version\=4.2.1 -fblocks -ffp-contract\=on -fclang-abi-compat\=4.0 -fno-experimental-relative-c++-abi-vtables -fno-file-reproducible -clang-vendor-feature\=+disableNonDependentMemberExprInCurrentInstantiation -clang-vendor-feature\=+enableAggressiveVLAFolding -clang-vendor-feature\=+revert09abecef7bbf -clang-vendor-feature\=+thisNoAlignAttr -clang-vendor-feature\=+thisNoNullAttr -clang-vendor-feature\=+disableAtImportPrivateFrameworkInImplementationError -O2 -fdebug-compilation-dir\=/Users/runner/work/ClaudeFiles/ClaudeFiles -fcoverage-compilation-dir\=/Users/runner/work/ClaudeFiles/ClaudeFiles -fobjc-msgsend-selector-stubs -fregister-global-dtors-with-atexit -fno-strict-return -dwarf-version\=4 -debugger-tuning\=lldb -disable-llvm-verifier -dwarf-ext-refs -mframe-pointer\=non-leaf -funwind-tables\=1 -vectorize-loops -vectorize-slp -clear-ast-before-backend -discard-value-names -main-file-name Exception.m -finline-functions -debug-info-kind\=standalone -Os -fdiagnostics-hotness-threshold\=0 -fdiagnostics-misexpect-tolerance\=0 -D NS_BLOCK_ASSERTIONS\=1 -D OBJC_OLD_DISPATCH_PROTOTYPES\=0 -D __GCC_HAVE_DWARF2_CFI_ASM\=1 -MT dependencies -dependency-file /Users/runner/Library/Developer/Xcode/DerivedData/ClaudeFiles-booopeqlitkdrwgkyxixaicupuay/Build/Intermediates.noindex/ArchiveIntermediates/ClaudeFiles/IntermediateBuildFilesPath/ClaudeFiles.build/Release-iphoneos/ClaudeFiles.build/Objects-normal/arm64/Exception.d -skip-unused-modulemap-deps
/Applications/Xcode_16.1.app/Contents/Developer/Toolchains/XcodeDefault.xctoolchain/usr/bin/clang -cc1 -fdiagnostics-show-note-include-stack -fmacro-backtrace-limit\=0 -ferror-limit 19 -serialize-diagnostic-file /Users/runner/Library/Developer/Xcode/DerivedData/ClaudeFiles-booopeqlitkdrwgkyxixaicupuay/Build/Intermediates.noindex/ArchiveIntermediates/ClaudeFiles/IntermediateBuildFilesPath/ExplicitPrecompiledModules/ptrauth-64OJ26Y0HS3R8MWTQLFZ5N8CR.dia -fsystem-module -o /Users/runner/Library/Developer/Xcode/DerivedData/ClaudeFiles-booopeqlitkdrwgkyxixaicupuay/Build/Intermediates.noindex/ArchiveIntermediates/ClaudeFiles/IntermediateBuildFilesPath/ExplicitPrecompiledModules/ptrauth-64OJ26Y0HS3R8MWTQLFZ5N8CR.pcm -disable-free -emit-module -x c /Applications/Xcode_16.1.app/Contents/Developer/Toolchains/XcodeDefault.xctoolchain/usr/lib/clang/16/include/module.modulemap -target-abi darwinpcs -target-cpu apple-a7 -target-feature +v8a -target-feature +aes -target-feature +fp-armv8 -target-feature +sha2 -target-feature +neon -target-feature +zcm -target-feature +zcz -triple arm64-apple-ios16.0.0 -target-linker-version 1115.7.3 -target-sdk-version\=18.1 -fmodules-validate-system-headers -fno-modules-prune-non-affecting-module-map-files -fno-modulemap-allow-subdirectory-search -isysroot /Applications/Xcode_16.1.app/Contents/Developer/Platforms/iPhoneOS.platform/Developer/SDKs/iPhoneOS18.1.sdk -resource-dir /Applications/Xcode_16.1.app/Contents/Developer/Toolchains/XcodeDefault.xctoolchain/usr/lib/clang/16 -fmodule-format\=obj -ivfsstatcache /Users/runner/Library/Developer/Xcode/DerivedData/SDKStatCaches.noindex/iphoneos18.1-22B74-a5999746ac4ace560a5a822e68842f47.sdkstatcache -std\=gnu11 -fmodules -fmodule-name\=ptrauth -fmodules-search-all -fno-implicit-modules -fmax-type-align\=16 -fstack-check -mdarwin-stkchk-strong-link -fno-odr-hash-protocols -pic-level 2 -disable-objc-default-synthesize-properties -stack-protector 1 -fgnuc-version\=4.2.1 -fblocks -ffp-contract\=off -fclang-abi-compat\=4.0 -fno-experimental-relative-c++-abi-vtables -fno-file-reproducible -clang-vendor-feature\=+disableNonDependentMemberExprInCurrentInstantiation -clang-vendor-feature\=+enableAggressiveVLAFolding -clang-vendor-feature\=+revert09abecef7bbf -clang-vendor-feature\=+thisNoAlignAttr -clang-vendor-feature\=+thisNoNullAttr -clang-vendor-feature\=+disableAtImportPrivateFrameworkInImplementationError -O2 -fcommon -fno-sanitize-address-use-odr-indicator -fno-sanitize-memory-param-retval -fmerge-all-constants -fno-verbose-asm -fregister-global-dtors-with-atexit -fno-use-init-array -funique-basic-block-section-names -dwarf-version\=4 -debugger-tuning\=lldb -llvm-verify-each -dwarf-ext-refs -no-struct-path-tbaa -fexperimental-assignment-tracking\=disabled -no-enable-noundef-analysis -stack-protector-buffer-size 0 -finline-functions -debug-info-kind\=standalone -Os -fno-unroll-loops -fdiagnostics-hotness-threshold\=0 -fdiagnostics-misexpect-tolerance\=0 -fno-split-cold-code -D __GCC_HAVE_DWARF2_CFI_ASM\=1 -MT moduledependenciestarget -dependency-file /Users/runner/Library/Developer/Xcode/DerivedData/ClaudeFiles-booopeqlitkdrwgkyxixaicupuay/Build/Intermediates.noindex/ArchiveIntermediates/ClaudeFiles/IntermediateBuildFilesPath/ExplicitPrecompiledModules/ptrauth-64OJ26Y0HS3R8MWTQLFZ5N8CR.d -skip-unused-modulemap-deps
/Applications/Xcode_16.1.app/Contents/Developer/Toolchains/XcodeDefault.xctoolchain/usr/bin/clang -cc1 -Wundef-prefix\=TARGET_OS_ -fdiagnostics-show-note-include-stack -fmacro-backtrace-limit\=0 -ferror-limit 19 -serialize-diagnostic-file /Users/runner/Library/Developer/Xcode/DerivedData/ClaudeFiles-booopeqlitkdrwgkyxixaicupuay/Build/Intermediates.noindex/ArchiveIntermediates/ClaudeFiles/IntermediateBuildFilesPath/ClaudeFiles.build/Release-iphoneos/ClaudeFiles.build/Objects-normal/arm64/DyldSharedCache.dia -Wdeprecated-objc-isa-usage -Werror\=deprecated-objc-isa-usage -Werror\=implicit-function-declaration -Wnon-modular-include-in-framework-module -Werror\=non-modular-include-in-framework-module -Wno-trigraphs -Wno-missing-field-initializers -Wno-missing-prototypes -Werror\=return-type -Wdocumentation -Wunreachable-code -Wquoted-include-in-framework-header -Werror\=deprecated-objc-isa-usage -Werror\=objc-root-class -Wno-missing-braces -Wparentheses -Wswitch -Wunused-function -Wno-unused-label -Wno-unused-parameter -Wunused-variable -Wunused-value -Wempty-body -Wuninitialized -Wconditional-uninitialized -Wno-unknown-pragmas -Wno-shadow -Wno-four-char-constants -Wno-conversion -Wconstant-conversion -Wint-conversion -Wbool-conversion -Wenum-conversion -Wno-float-conversion -Wnon-literal-null-conversion -Wobjc-literal-conversion -Wshorten-64-to-32 -Wpointer-sign -Wno-newline-eof -Wno-implicit-fallthrough -Wdeprecated-declarations -Wno-sign-conversion -Winfinite-recursion -Wcomma -Wblock-capture-autoreleasing -Wstrict-prototypes -Wno-semicolon-before-method-body -Wunguarded-availability -Wno-unused-variable -Wno-shorten-64-to-32 -Wno-deprecated-declarations -Wno-unused-function -Wno-format -Wno-comma -Wno-incompatible-pointer-types-discards-qualifiers -Wno-strict-prototypes -Wno-reorder-init-list -Wno-implicit-int-float-conversion -Wno-c99-designator -Wno-final-dtor-non-final-class -Wno-extra-semi-stmt -Wno-misleading-indentation -Wno-implicit-fallthrough -Wno-enum-enum-conversion -Wno-enum-float-conversion -Wno-elaborated-enum-base -Wno-reserved-identifier -Wno-gnu-folding-constant -fmodule-map-file\=/Applications/Xcode_16.1.app/Contents/Developer/Toolchains/XcodeDefault.xctoolchain/usr/lib/clang/16/include/module.modulemap -fmodule-map-file\=/Applications/Xcode_16.1.app/Contents/Developer/Toolchains/XcodeDefault.xctoolchain/usr/lib/clang/16/include/module.modulemap -fmodule-map-file\=/Applications/Xcode_16.1.app/Contents/Developer/Platforms/iPhoneOS.platform/Developer/SDKs/iPhoneOS.sdk/usr/include/Darwin.modulemap -fmodule-map-file\=/Applications/Xcode_16.1.app/Contents/Developer/Platforms/iPhoneOS.platform/Developer/SDKs/iPhoneOS.sdk/usr/include/c_standard_library.modulemap -fmodule-map-file\=/Applications/Xcode_16.1.app/Contents/Developer/Platforms/iPhoneOS.platform/Developer/SDKs/iPhoneOS.sdk/usr/include/DarwinBasic.modulemap -fmodule-map-file\=/Applications/Xcode_16.1.app/Contents/Developer/Platforms/iPhoneOS.platform/Developer/SDKs/iPhoneOS.sdk/usr/include/c_standard_library.modulemap -fmodule-map-file\=/Applications/Xcode_16.1.app/Contents/Developer/Toolchains/XcodeDefault.xctoolchain/usr/lib/clang/16/include/module.modulemap -fmodule-map-file\=/Applications/Xcode_16.1.app/Contents/Developer/Platforms/iPhoneOS.platform/Developer/SDKs/iPhoneOS.sdk/usr/include/c_standard_library.modulemap -fmodule-map-file\=/Applications/Xcode_16.1.app/Contents/Developer/Platforms/iPhoneOS.platform/Developer/SDKs/iPhoneOS.sdk/usr/include/c_standard_library.modulemap -fmodule-map-file\=/Applications/Xcode_16.1.app/Contents/Developer/Platforms/iPhoneOS.platform/Developer/SDKs/iPhoneOS.sdk/usr/include/DarwinBasic.modulemap -fmodule-map-file\=/Applications/Xcode_16.1.app/Contents/Developer/Platforms/iPhoneOS.platform/Developer/SDKs/iPhoneOS.sdk/usr/include/mach-o/module.modulemap -o /Users/runner/Library/Developer/Xcode/DerivedData/ClaudeFiles-booopeqlitkdrwgkyxixaicupuay/Build/Intermediates.noindex/ArchiveIntermediates/ClaudeFiles/IntermediateBuildFilesPath/ClaudeFiles.build/Release-iphoneos/ClaudeFiles.build/Objects-normal/arm64/DyldSharedCache.o -disable-free -emit-obj -x c /Users/runner/work/ClaudeFiles/ClaudeFiles/ClaudeFiles/FilzaJailedDS-SSV-Bypass/XPF/external/ChOma/src/DyldSharedCache.c -target-abi darwinpcs -target-cpu apple-a7 -target-feature +v8a -target-feature +aes -target-feature +fp-armv8 -target-feature +sha2 -target-feature +neon -target-feature +zcm -target-feature +zcz -triple arm64-apple-ios16.0.0 -target-linker-version 1115.7.3 -target-sdk-version\=18.1 -fmodules-validate-system-headers -fno-modulemap-allow-subdirectory-search -isysroot /Applications/Xcode_16.1.app/Contents/Developer/Platforms/iPhoneOS.platform/Developer/SDKs/iPhoneOS18.1.sdk -resource-dir /Applications/Xcode_16.1.app/Contents/Developer/Toolchains/XcodeDefault.xctoolchain/usr/lib/clang/16 -fmodule-format\=obj -fmodule-file\=Darwin\=/Users/runner/Library/Developer/Xcode/DerivedData/ClaudeFiles-booopeqlitkdrwgkyxixaicupuay/Build/Intermediates.noindex/ArchiveIntermediates/ClaudeFiles/IntermediateBuildFilesPath/ExplicitPrecompiledModules/Darwin-COT7K8GGHLREC37DHP0X0E15Q.pcm -fmodule-file\=MachO\=/Users/runner/Library/Developer/Xcode/DerivedData/ClaudeFiles-booopeqlitkdrwgkyxixaicupuay/Build/Intermediates.noindex/ArchiveIntermediates/ClaudeFiles/IntermediateBuildFilesPath/ExplicitPrecompiledModules/MachO-1MB42U2H0CFC33UR5PQ9YUBHX.pcm -fmodule-file\=_Builtin_stdbool\=/Users/runner/Library/Developer/Xcode/DerivedData/ClaudeFiles-booopeqlitkdrwgkyxixaicupuay/Build/Intermediates.noindex/ArchiveIntermediates/ClaudeFiles/IntermediateBuildFilesPath/ExplicitPrecompiledModules/_Builtin_stdbool-C7K6GWKHFZFLHIMXKBYGYW5P1.pcm -fmodule-file\=_Builtin_stddef\=/Users/runner/Library/Developer/Xcode/DerivedData/ClaudeFiles-booopeqlitkdrwgkyxixaicupuay/Build/Intermediates.noindex/ArchiveIntermediates/ClaudeFiles/IntermediateBuildFilesPath/ExplicitPrecompiledModules/_Builtin_stddef-8AR0LDIW298TYOBH82AB4ZCBU.pcm -fmodule-file\=_Builtin_stdint\=/Users/runner/Library/Developer/Xcode/DerivedData/ClaudeFiles-booopeqlitkdrwgkyxixaicupuay/Build/Intermediates.noindex/ArchiveIntermediates/ClaudeFiles/IntermediateBuildFilesPath/ExplicitPrecompiledModules/_Builtin_stdint-ADHF6I6G8W6YCXLLFU2L5YLQ4.pcm -fmodule-file\=_limits\=/Users/runner/Library/Developer/Xcode/DerivedData/ClaudeFiles-booopeqlitkdrwgkyxixaicupuay/Build/Intermediates.noindex/ArchiveIntermediates/ClaudeFiles/IntermediateBuildFilesPath/ExplicitPrecompiledModules/_limits-1OS91DPEEQUXQ7UTG99J3ZTSP.pcm -fmodule-file\=_stdio\=/Users/runner/Library/Developer/Xcode/DerivedData/ClaudeFiles-booopeqlitkdrwgkyxixaicupuay/Build/Intermediates.noindex/ArchiveIntermediates/ClaudeFiles/IntermediateBuildFilesPath/ExplicitPrecompiledModules/_stdio-8X9QF2A38P5VPKQT9GHP1DVX4.pcm -fmodule-file\=_stdlib\=/Users/runner/Library/Developer/Xcode/DerivedData/ClaudeFiles-booopeqlitkdrwgkyxixaicupuay/Build/Intermediates.noindex/ArchiveIntermediates/ClaudeFiles/IntermediateBuildFilesPath/ExplicitPrecompiledModules/_stdlib-1DGJ9QEK2CNM6D0JRBI8UT4KH.pcm -fmodule-file\=_string\=/Users/runner/Library/Developer/Xcode/DerivedData/ClaudeFiles-booopeqlitkdrwgkyxixaicupuay/Build/Intermediates.noindex/ArchiveIntermediates/ClaudeFiles/IntermediateBuildFilesPath/ExplicitPrecompiledModules/_string-6FRUJBTOZ639LEJJR0TNLH8R0.pcm -fmodule-file\=sys_types\=/Users/runner/Library/Developer/Xcode/DerivedData/ClaudeFiles-booopeqlitkdrwgkyxixaicupuay/Build/Intermediates.noindex/ArchiveIntermediates/ClaudeFiles/IntermediateBuildFilesPath/ExplicitPrecompiledModules/sys_types-7YDZ4PQ40JAXREB94IZZCB6XH.pcm -fmodule-file\=unistd\=/Users/runner/Library/Developer/Xcode/DerivedData/ClaudeFiles-booopeqlitkdrwgkyxixaicupuay/Build/Intermediates.noindex/ArchiveIntermediates/ClaudeFiles/IntermediateBuildFilesPath/ExplicitPrecompiledModules/unistd-D06ILPWOCA89SSV8WV9WXILL8.pcm -I /Users/runner/Library/Developer/Xcode/DerivedData/ClaudeFiles-booopeqlitkdrwgkyxixaicupuay/Build/Intermediates.noindex/ArchiveIntermediates/ClaudeFiles/IntermediateBuildFilesPath/ClaudeFiles.build/Release-iphoneos/ClaudeFiles.build/ClaudeFiles-own-target-headers.hmap -I /Users/runner/Library/Developer/Xcode/DerivedData/ClaudeFiles-booopeqlitkdrwgkyxixaicupuay/Build/Intermediates.noindex/ArchiveIntermediates/ClaudeFiles/IntermediateBuildFilesPath/ClaudeFiles.build/Release-iphoneos/ClaudeFiles.build/ClaudeFiles-all-target-headers.hmap -I /Users/runner/Library/Developer/Xcode/DerivedData/ClaudeFiles-booopeqlitkdrwgkyxixaicupuay/Build/Intermediates.noindex/ArchiveIntermediates/ClaudeFiles/BuildProductsPath/Release-iphoneos/include -I /Users/runner/work/ClaudeFiles/ClaudeFiles/ClaudeFiles/FilzaJailedDS-SSV-Bypass -I /Users/runner/work/ClaudeFiles/ClaudeFiles/ClaudeFiles/FilzaJailedDS-SSV-Bypass/kexploit -I /Users/runner/work/ClaudeFiles/ClaudeFiles/ClaudeFiles/FilzaJailedDS-SSV-Bypass/kpf -I /Users/runner/work/ClaudeFiles/ClaudeFiles/ClaudeFiles/FilzaJailedDS-SSV-Bypass/SSV -I /Users/runner/work/ClaudeFiles/ClaudeFiles/ClaudeFiles/FilzaJailedDS-SSV-Bypass/utils -I /Users/runner/work/ClaudeFiles/ClaudeFiles/ClaudeFiles/FilzaJailedDS-SSV-Bypass/XPF/src -I /Users/runner/work/ClaudeFiles/ClaudeFiles/ClaudeFiles/FilzaJailedDS-SSV-Bypass/XPF/external/ChOma/src -I /Users/runner/work/ClaudeFiles/ClaudeFiles/ClaudeFiles/FilzaJailedDS-SSV-Bypass/XPF/external/ChOma/include -I /Users/runner/work/ClaudeFiles/ClaudeFiles/ClaudeFiles/FilzaJailedDS-SSV-Bypass/shims -I /Users/runner/Library/Developer/Xcode/DerivedData/ClaudeFiles-booopeqlitkdrwgkyxixaicupuay/Build/Intermediates.noindex/ArchiveIntermediates/ClaudeFiles/IntermediateBuildFilesPath/ClaudeFiles.build/Release-iphoneos/ClaudeFiles.build/DerivedSources-normal/arm64 -I /Users/runner/Library/Developer/Xcode/DerivedData/ClaudeFiles-booopeqlitkdrwgkyxixaicupuay/Build/Intermediates.noindex/ArchiveIntermediates/ClaudeFiles/IntermediateBuildFilesPath/ClaudeFiles.build/Release-iphoneos/ClaudeFiles.build/DerivedSources/arm64 -I /Users/runner/Library/Developer/Xcode/DerivedData/ClaudeFiles-booopeqlitkdrwgkyxixaicupuay/Build/Intermediates.noindex/ArchiveIntermediates/ClaudeFiles/IntermediateBuildFilesPath/ClaudeFiles.build/Release-iphoneos/ClaudeFiles.build/DerivedSources -F /Users/runner/Library/Developer/Xcode/DerivedData/ClaudeFiles-booopeqlitkdrwgkyxixaicupuay/Build/Intermediates.noindex/ArchiveIntermediates/ClaudeFiles/BuildProductsPath/Release-iphoneos -iquote /Users/runner/Library/Developer/Xcode/DerivedData/ClaudeFiles-booopeqlitkdrwgkyxixaicupuay/Build/Intermediates.noindex/ArchiveIntermediates/ClaudeFiles/IntermediateBuildFilesPath/ClaudeFiles.build/Release-iphoneos/ClaudeFiles.build/ClaudeFiles-generated-files.hmap -iquote /Users/runner/Library/Developer/Xcode/DerivedData/ClaudeFiles-booopeqlitkdrwgkyxixaicupuay/Build/Intermediates.noindex/ArchiveIntermediates/ClaudeFiles/IntermediateBuildFilesPath/ClaudeFiles.build/Release-iphoneos/ClaudeFiles.build/ClaudeFiles-project-headers.hmap -isystem /Applications/Xcode_16.1.app/Contents/Developer/Platforms/iPhoneOS.platform/Developer/SDKs/iPhoneOS18.1.sdk/usr/local/include -isystem /Applications/Xcode_16.1.app/Contents/Developer/Toolchains/XcodeDefault.xctoolchain/usr/lib/clang/16/include -internal-externc-isystem /Applications/Xcode_16.1.app/Contents/Developer/Platforms/iPhoneOS.platform/Developer/SDKs/iPhoneOS18.1.sdk/usr/include -internal-externc-isystem /Applications/Xcode_16.1.app/Contents/Developer/Toolchains/XcodeDefault.xctoolchain/usr/include -ivfsstatcache /Users/runner/Library/Developer/Xcode/DerivedData/SDKStatCaches.noindex/iphoneos18.1-22B74-a5999746ac4ace560a5a822e68842f47.sdkstatcache -std\=gnu11 -fmodules -fno-implicit-modules -fmax-type-align\=16 -fpascal-strings -fstack-check -fvisibility\=hidden -fvisibility-inlines-hidden-static-local-var -mdarwin-stkchk-strong-link -fno-odr-hash-protocols -pic-level 2 -fencode-extended-block-signature -stack-protector 1 -fgnuc-version\=4.2.1 -fblocks -ffp-contract\=on -fclang-abi-compat\=4.0 -fno-experimental-relative-c++-abi-vtables -fno-file-reproducible -clang-vendor-feature\=+disableNonDependentMemberExprInCurrentInstantiation -clang-vendor-feature\=+enableAggressiveVLAFolding -clang-vendor-feature\=+revert09abecef7bbf -clang-vendor-feature\=+thisNoAlignAttr -clang-vendor-feature\=+thisNoNullAttr -clang-vendor-feature\=+disableAtImportPrivateFrameworkInImplementationError -O2 -fdebug-compilation-dir\=/Users/runner/work/ClaudeFiles/ClaudeFiles -fcoverage-compilation-dir\=/Users/runner/work/ClaudeFiles/ClaudeFiles -fobjc-msgsend-selector-stubs -fregister-global-dtors-with-atexit -fno-strict-return -dwarf-version\=4 -debugger-tuning\=lldb -disable-llvm-verifier -dwarf-ext-refs -mframe-pointer\=non-leaf -funwind-tables\=1 -vectorize-loops -vectorize-slp -clear-ast-before-backend -discard-value-names -main-file-name DyldSharedCache.c -finline-functions -debug-info-kind\=standalone -Os -fdiagnostics-hotness-threshold\=0 -fdiagnostics-misexpect-tolerance\=0 -D __GCC_HAVE_DWARF2_CFI_ASM\=1 -MT dependencies -dependency-file /Users/runner/Library/Developer/Xcode/DerivedData/ClaudeFiles-booopeqlitkdrwgkyxixaicupuay/Build/Intermediates.noindex/ArchiveIntermediates/ClaudeFiles/IntermediateBuildFilesPath/ClaudeFiles.build/Release-iphoneos/ClaudeFiles.build/Objects-normal/arm64/DyldSharedCache.d -skip-unused-modulemap-deps
/Applications/Xcode_16.1.app/Contents/Developer/Toolchains/XcodeDefault.xctoolchain/usr/bin/clang -cc1 -fdiagnostics-show-note-include-stack -fmacro-backtrace-limit\=0 -ferror-limit 19 -serialize-diagnostic-file /Users/runner/Library/Developer/Xcode/DerivedData/ClaudeFiles-booopeqlitkdrwgkyxixaicupuay/Build/Intermediates.noindex/ArchiveIntermediates/ClaudeFiles/IntermediateBuildFilesPath/ExplicitPrecompiledModules/AvailabilityMacros-B2HO80ILLW2OGKWLY912QU5XZ.dia -fsystem-module -fmodule-map-file\=/Applications/Xcode_16.1.app/Contents/Developer/Platforms/iPhoneOS.platform/Developer/SDKs/iPhoneOS18.1.sdk/usr/include/os_availability.modulemap -o /Users/runner/Library/Developer/Xcode/DerivedData/ClaudeFiles-booopeqlitkdrwgkyxixaicupuay/Build/Intermediates.noindex/ArchiveIntermediates/ClaudeFiles/IntermediateBuildFilesPath/ExplicitPrecompiledModules/AvailabilityMacros-B2HO80ILLW2OGKWLY912QU5XZ.pcm -disable-free -emit-module -x c /Applications/Xcode_16.1.app/Contents/Developer/Platforms/iPhoneOS.platform/Developer/SDKs/iPhoneOS.sdk/usr/include/os_availability.modulemap -target-abi darwinpcs -target-cpu apple-a7 -target-feature +v8a -target-feature +aes -target-feature +fp-armv8 -target-feature +sha2 -target-feature +neon -target-feature +zcm -target-feature +zcz -triple arm64-apple-ios16.0.0 -target-linker-version 1115.7.3 -target-sdk-version\=18.1 -fmodules-validate-system-headers -fno-modules-prune-non-affecting-module-map-files -fno-modulemap-allow-subdirectory-search -isysroot /Applications/Xcode_16.1.app/Contents/Developer/Platforms/iPhoneOS.platform/Developer/SDKs/iPhoneOS18.1.sdk -resource-dir /Applications/Xcode_16.1.app/Contents/Developer/Toolchains/XcodeDefault.xctoolchain/usr/lib/clang/16 -fmodule-format\=obj -fmodule-file\=os_availability\=/Users/runner/Library/Developer/Xcode/DerivedData/ClaudeFiles-booopeqlitkdrwgkyxixaicupuay/Build/Intermediates.noindex/ArchiveIntermediates/ClaudeFiles/IntermediateBuildFilesPath/ExplicitPrecompiledModules/os_availability-BEW3JUTMJFVYZY456Z92S5KXV.pcm -fmodule-file\=os_availability_internal\=/Users/runner/Library/Developer/Xcode/DerivedData/ClaudeFiles-booopeqlitkdrwgkyxixaicupuay/Build/Intermediates.noindex/ArchiveIntermediates/ClaudeFiles/IntermediateBuildFilesPath/ExplicitPrecompiledModules/os_availability_internal-63O2G78RQUD89AAAJ89T3H96W.pcm -internal-externc-isystem /Applications/Xcode_16.1.app/Contents/Developer/Platforms/iPhoneOS.platform/Developer/SDKs/iPhoneOS18.1.sdk/usr/include -ivfsstatcache /Users/runner/Library/Developer/Xcode/DerivedData/SDKStatCaches.noindex/iphoneos18.1-22B74-a5999746ac4ace560a5a822e68842f47.sdkstatcache -std\=gnu11 -fmodules -fmodule-name\=AvailabilityMacros -fmodules-search-all -fno-implicit-modules -fmax-type-align\=16 -fstack-check -mdarwin-stkchk-strong-link -fno-odr-hash-protocols -pic-level 2 -disable-objc-default-synthesize-properties -stack-protector 1 -fgnuc-version\=4.2.1 -fblocks -ffp-contract\=off -fclang-abi-compat\=4.0 -fno-experimental-relative-c++-abi-vtables -fno-file-reproducible -clang-vendor-feature\=+disableNonDependentMemberExprInCurrentInstantiation -clang-vendor-feature\=+enableAggressiveVLAFolding -clang-vendor-feature\=+revert09abecef7bbf -clang-vendor-feature\=+thisNoAlignAttr -clang-vendor-feature\=+thisNoNullAttr -clang-vendor-feature\=+disableAtImportPrivateFrameworkInImplementationError -O2 -fcommon -fno-sanitize-address-use-odr-indicator -fno-sanitize-memory-param-retval -fmerge-all-constants -fno-verbose-asm -fregister-global-dtors-with-atexit -fno-use-init-array -funique-basic-block-section-names -dwarf-version\=4 -debugger-tuning\=lldb -llvm-verify-each -dwarf-ext-refs -no-struct-path-tbaa -fexperimental-assignment-tracking\=disabled -no-enable-noundef-analysis -stack-protector-buffer-size 0 -finline-functions -debug-info-kind\=standalone -Os -fno-unroll-loops -fdiagnostics-hotness-threshold\=0 -fdiagnostics-misexpect-tolerance\=0 -fno-split-cold-code -D __GCC_HAVE_DWARF2_CFI_ASM\=1 -MT moduledependenciestarget -dependency-file /Users/runner/Library/Developer/Xcode/DerivedData/ClaudeFiles-booopeqlitkdrwgkyxixaicupuay/Build/Intermediates.noindex/ArchiveIntermediates/ClaudeFiles/IntermediateBuildFilesPath/ExplicitPrecompiledModules/AvailabilityMacros-B2HO80ILLW2OGKWLY912QU5XZ.d -skip-unused-modulemap-deps
/Applications/Xcode_16.1.app/Contents/Developer/Toolchains/XcodeDefault.xctoolchain/usr/bin/clang -cc1 -fdiagnostics-show-note-include-stack -fmacro-backtrace-limit\=0 -ferror-limit 19 -serialize-diagnostic-file /Users/runner/Library/Developer/Xcode/DerivedData/ClaudeFiles-booopeqlitkdrwgkyxixaicupuay/Build/Intermediates.noindex/ArchiveIntermediates/ClaudeFiles/IntermediateBuildFilesPath/ExplicitPrecompiledModules/CoreFoundation-C3L2YPFTDVGUQ6DFNVYS7NA31.dia -fsystem-module -fmodule-map-file\=/Applications/Xcode_16.1.app/Contents/Developer/Platforms/iPhoneOS.platform/Developer/SDKs/iPhoneOS18.1.sdk/usr/include/Darwin.modulemap -fmodule-map-file\=/Applications/Xcode_16.1.app/Contents/Developer/Platforms/iPhoneOS.platform/Developer/SDKs/iPhoneOS18.1.sdk/usr/include/DarwinBasic.modulemap -fmodule-map-file\=/Applications/Xcode_16.1.app/Contents/Developer/Platforms/iPhoneOS.platform/Developer/SDKs/iPhoneOS18.1.sdk/usr/include/c_standard_library.modulemap -fmodule-map-file\=/Applications/Xcode_16.1.app/Contents/Developer/Platforms/iPhoneOS.platform/Developer/SDKs/iPhoneOS18.1.sdk/usr/include/DarwinFoundation.modulemap -fmodule-map-file\=/Applications/Xcode_16.1.app/Contents/Developer/Platforms/iPhoneOS.platform/Developer/SDKs/iPhoneOS18.1.sdk/usr/include/os_availability.modulemap -fmodule-map-file\=/Applications/Xcode_16.1.app/Contents/Developer/Platforms/iPhoneOS.platform/Developer/SDKs/iPhoneOS18.1.sdk/usr/include/TargetConditionals.modulemap -fmodule-map-file\=/Applications/Xcode_16.1.app/Contents/Developer/Platforms/iPhoneOS.platform/Developer/SDKs/iPhoneOS18.1.sdk/usr/include/dispatch/module.modulemap -fmodule-map-file\=/Applications/Xcode_16.1.app/Contents/Developer/Toolchains/XcodeDefault.xctoolchain/usr/lib/clang/16/include/module.modulemap -o /Users/runner/Library/Developer/Xcode/DerivedData/ClaudeFiles-booopeqlitkdrwgkyxixaicupuay/Build/Intermediates.noindex/ArchiveIntermediates/ClaudeFiles/IntermediateBuildFilesPath/ExplicitPrecompiledModules/CoreFoundation-C3L2YPFTDVGUQ6DFNVYS7NA31.pcm -disable-free -emit-module -x c /Applications/Xcode_16.1.app/Contents/Developer/Platforms/iPhoneOS.platform/Developer/SDKs/iPhoneOS.sdk/System/Library/Frameworks/CoreFoundation.framework/Modules/module.modulemap -target-abi darwinpcs -target-cpu apple-a7 -target-feature +v8a -target-feature +aes -target-feature +fp-armv8 -target-feature +sha2 -target-feature +neon -target-feature +zcm -target-feature +zcz -triple arm64-apple-ios16.0.0 -target-linker-version 1115.7.3 -target-sdk-version\=18.1 -fmodules-validate-system-headers -fno-modules-prune-non-affecting-module-map-files -fno-modulemap-allow-subdirectory-search -isysroot /Applications/Xcode_16.1.app/Contents/Developer/Platforms/iPhoneOS.platform/Developer/SDKs/iPhoneOS18.1.sdk -resource-dir /Applications/Xcode_16.1.app/Contents/Developer/Toolchains/XcodeDefault.xctoolchain/usr/lib/clang/16 -fmodule-format\=obj -fmodule-file\=AvailabilityMacros\=/Users/runner/Library/Developer/Xcode/DerivedData/ClaudeFiles-booopeqlitkdrwgkyxixaicupuay/Build/Intermediates.noindex/ArchiveIntermediates/ClaudeFiles/IntermediateBuildFilesPath/ExplicitPrecompiledModules/AvailabilityMacros-B2HO80ILLW2OGKWLY912QU5XZ.pcm -fmodule-file\=Darwin\=/Users/runner/Library/Developer/Xcode/DerivedData/ClaudeFiles-booopeqlitkdrwgkyxixaicupuay/Build/Intermediates.noindex/ArchiveIntermediates/ClaudeFiles/IntermediateBuildFilesPath/ExplicitPrecompiledModules/Darwin-COT7K8GGHLREC37DHP0X0E15Q.pcm -fmodule-file\=DarwinFoundation\=/Users/runner/Library/Developer/Xcode/DerivedData/ClaudeFiles-booopeqlitkdrwgkyxixaicupuay/Build/Intermediates.noindex/ArchiveIntermediates/ClaudeFiles/IntermediateBuildFilesPath/ExplicitPrecompiledModules/DarwinFoundation-38LCRVKLOEPJXDU099UJSARNX.pcm -fmodule-file\=Dispatch\=/Users/runner/Library/Developer/Xcode/DerivedData/ClaudeFiles-booopeqlitkdrwgkyxixaicupuay/Build/Intermediates.noindex/ArchiveIntermediates/ClaudeFiles/IntermediateBuildFilesPath/ExplicitPrecompiledModules/Dispatch-F2X3RYLQCM22Z0GKEZRB8DEYK.pcm -fmodule-file\=TargetConditionals\=/Users/runner/Library/Developer/Xcode/DerivedData/ClaudeFiles-booopeqlitkdrwgkyxixaicupuay/Build/Intermediates.noindex/ArchiveIntermediates/ClaudeFiles/IntermediateBuildFilesPath/ExplicitPrecompiledModules/TargetConditionals-4D9PRFZNKUAHZTMF0I5RAQ00Y.pcm -fmodule-file\=_Builtin_float\=/Users/runner/Library/Developer/Xcode/DerivedData/ClaudeFiles-booopeqlitkdrwgkyxixaicupuay/Build/Intermediates.noindex/ArchiveIntermediates/ClaudeFiles/IntermediateBuildFilesPath/ExplicitPrecompiledModules/_Builtin_float-E5D8VJN9MONW4YC5PF47S52YS.pcm -fmodule-file\=_Builtin_inttypes\=/Users/runner/Library/Developer/Xcode/DerivedData/ClaudeFiles-booopeqlitkdrwgkyxixaicupuay/Build/Intermediates.noindex/ArchiveIntermediates/ClaudeFiles/IntermediateBuildFilesPath/ExplicitPrecompiledModules/_Builtin_inttypes-2TJSEXR7I60QGN4JGJIAT3PTW.pcm -fmodule-file\=_Builtin_limits\=/Users/runner/Library/Developer/Xcode/DerivedData/ClaudeFiles-booopeqlitkdrwgkyxixaicupuay/Build/Intermediates.noindex/ArchiveIntermediates/ClaudeFiles/IntermediateBuildFilesPath/ExplicitPrecompiledModules/_Builtin_limits-2GSP78PDZ3DNG8TSHCDK4TFGP.pcm -fmodule-file\=_Builtin_stdarg\=/Users/runner/Library/Developer/Xcode/DerivedData/ClaudeFiles-booopeqlitkdrwgkyxixaicupuay/Build/Intermediates.noindex/ArchiveIntermediates/ClaudeFiles/IntermediateBuildFilesPath/ExplicitPrecompiledModules/_Builtin_stdarg-EUTUSCV1PCVGPFY2C7RL9F7DG.pcm -fmodule-file\=_Builtin_stdbool\=/Users/runner/Library/Developer/Xcode/DerivedData/ClaudeFiles-booopeqlitkdrwgkyxixaicupuay/Build/Intermediates.noindex/ArchiveIntermediates/ClaudeFiles/IntermediateBuildFilesPath/ExplicitPrecompiledModules/_Builtin_stdbool-C7K6GWKHFZFLHIMXKBYGYW5P1.pcm -fmodule-file\=_Builtin_stddef\=/Users/runner/Library/Developer/Xcode/DerivedData/ClaudeFiles-booopeqlitkdrwgkyxixaicupuay/Build/Intermediates.noindex/ArchiveIntermediates/ClaudeFiles/IntermediateBuildFilesPath/ExplicitPrecompiledModules/_Builtin_stddef-8AR0LDIW298TYOBH82AB4ZCBU.pcm -fmodule-file\=_Builtin_stdint\=/Users/runner/Library/Developer/Xcode/DerivedData/ClaudeFiles-booopeqlitkdrwgkyxixaicupuay/Build/Intermediates.noindex/ArchiveIntermediates/ClaudeFiles/IntermediateBuildFilesPath/ExplicitPrecompiledModules/_Builtin_stdint-ADHF6I6G8W6YCXLLFU2L5YLQ4.pcm -fmodule-file\=_assert\=/Users/runner/Library/Developer/Xcode/DerivedData/ClaudeFiles-booopeqlitkdrwgkyxixaicupuay/Build/Intermediates.noindex/ArchiveIntermediates/ClaudeFiles/IntermediateBuildFilesPath/ExplicitPrecompiledModules/_assert-8BB2BKWMEQ3WJ8HY3BAE7HI4N.pcm -fmodule-file\=_ctype\=/Users/runner/Library/Developer/Xcode/DerivedData/ClaudeFiles-booopeqlitkdrwgkyxixaicupuay/Build/Intermediates.noindex/ArchiveIntermediates/ClaudeFiles/IntermediateBuildFilesPath/ExplicitPrecompiledModules/_ctype-16F0YIWVNWOOG95P81LZRCMOD.pcm -fmodule-file\=_errno\=/Users/runner/Library/Developer/Xcode/DerivedData/ClaudeFiles-booopeqlitkdrwgkyxixaicupuay/Build/Intermediates.noindex/ArchiveIntermediates/ClaudeFiles/IntermediateBuildFilesPath/ExplicitPrecompiledModules/_errno-EHNON687OE69TP1SX1HHC3LBS.pcm -fmodule-file\=_locale\=/Users/runner/Library/Developer/Xcode/DerivedData/ClaudeFiles-booopeqlitkdrwgkyxixaicupuay/Build/Intermediates.noindex/ArchiveIntermediates/ClaudeFiles/IntermediateBuildFilesPath/ExplicitPrecompiledModules/_locale-8GYZU8YIPYIMZJQWSVFN1PGM0.pcm -fmodule-file\=_math\=/Users/runner/Library/Developer/Xcode/DerivedData/ClaudeFiles-booopeqlitkdrwgkyxixaicupuay/Build/Intermediates.noindex/ArchiveIntermediates/ClaudeFiles/IntermediateBuildFilesPath/ExplicitPrecompiledModules/_math-EYTO2A38DIJXVZXUWBKNJ39K8.pcm -fmodule-file\=_setjmp\=/Users/runner/Library/Developer/Xcode/DerivedData/ClaudeFiles-booopeqlitkdrwgkyxixaicupuay/Build/Intermediates.noindex/ArchiveIntermediates/ClaudeFiles/IntermediateBuildFilesPath/ExplicitPrecompiledModules/_setjmp-1WBM78235AX903V09LDV3BH5W.pcm -fmodule-file\=_signal\=/Users/runner/Library/Developer/Xcode/DerivedData/ClaudeFiles-booopeqlitkdrwgkyxixaicupuay/Build/Intermediates.noindex/ArchiveIntermediates/ClaudeFiles/IntermediateBuildFilesPath/ExplicitPrecompiledModules/_signal-B5XKOO1UJUVBZU1YKC2YZJC6V.pcm -fmodule-file\=_stdio\=/Users/runner/Library/Developer/Xcode/DerivedData/ClaudeFiles-booopeqlitkdrwgkyxixaicupuay/Build/Intermediates.noindex/ArchiveIntermediates/ClaudeFiles/IntermediateBuildFilesPath/ExplicitPrecompiledModules/_stdio-8X9QF2A38P5VPKQT9GHP1DVX4.pcm -fmodule-file\=_stdlib\=/Users/runner/Library/Developer/Xcode/DerivedData/ClaudeFiles-booopeqlitkdrwgkyxixaicupuay/Build/Intermediates.noindex/ArchiveIntermediates/ClaudeFiles/IntermediateBuildFilesPath/ExplicitPrecompiledModules/_stdlib-1DGJ9QEK2CNM6D0JRBI8UT4KH.pcm -fmodule-file\=_string\=/Users/runner/Library/Developer/Xcode/DerivedData/ClaudeFiles-booopeqlitkdrwgkyxixaicupuay/Build/Intermediates.noindex/ArchiveIntermediates/ClaudeFiles/IntermediateBuildFilesPath/ExplicitPrecompiledModules/_string-6FRUJBTOZ639LEJJR0TNLH8R0.pcm -fmodule-file\=_time\=/Users/runner/Library/Developer/Xcode/DerivedData/ClaudeFiles-booopeqlitkdrwgkyxixaicupuay/Build/Intermediates.noindex/ArchiveIntermediates/ClaudeFiles/IntermediateBuildFilesPath/ExplicitPrecompiledModules/_time-8QKLD6GO8LAN68OU6LIUAVIQ3.pcm -fmodule-file\=os_availability\=/Users/runner/Library/Developer/Xcode/DerivedData/ClaudeFiles-booopeqlitkdrwgkyxixaicupuay/Build/Intermediates.noindex/ArchiveIntermediates/ClaudeFiles/IntermediateBuildFilesPath/ExplicitPrecompiledModules/os_availability-BEW3JUTMJFVYZY456Z92S5KXV.pcm -fmodule-file\=ptrauth\=/Users/runner/Library/Developer/Xcode/DerivedData/ClaudeFiles-booopeqlitkdrwgkyxixaicupuay/Build/Intermediates.noindex/ArchiveIntermediates/ClaudeFiles/IntermediateBuildFilesPath/ExplicitPrecompiledModules/ptrauth-64OJ26Y0HS3R8MWTQLFZ5N8CR.pcm -fmodule-file\=sys_types\=/Users/runner/Library/Developer/Xcode/DerivedData/ClaudeFiles-booopeqlitkdrwgkyxixaicupuay/Build/Intermediates.noindex/ArchiveIntermediates/ClaudeFiles/IntermediateBuildFilesPath/ExplicitPrecompiledModules/sys_types-7YDZ4PQ40JAXREB94IZZCB6XH.pcm -isystem /Applications/Xcode_16.1.app/Contents/Developer/Toolchains/XcodeDefault.xctoolchain/usr/lib/clang/16/include -internal-externc-isystem /Applications/Xcode_16.1.app/Contents/Developer/Platforms/iPhoneOS.platform/Developer/SDKs/iPhoneOS18.1.sdk/usr/include -ivfsstatcache /Users/runner/Library/Developer/Xcode/DerivedData/SDKStatCaches.noindex/iphoneos18.1-22B74-a5999746ac4ace560a5a822e68842f47.sdkstatcache -std\=gnu11 -fmodules -fmodule-name\=CoreFoundation -fmodules-search-all -fno-implicit-modules -fmax-type-align\=16 -fstack-check -mdarwin-stkchk-strong-link -fno-odr-hash-protocols -pic-level 2 -disable-objc-default-synthesize-properties -stack-protector 1 -fgnuc-version\=4.2.1 -fblocks -ffp-contract\=off -fclang-abi-compat\=4.0 -fno-experimental-relative-c++-abi-vtables -fno-file-reproducible -clang-vendor-feature\=+disableNonDependentMemberExprInCurrentInstantiation -clang-vendor-feature\=+enableAggressiveVLAFolding -clang-vendor-feature\=+revert09abecef7bbf -clang-vendor-feature\=+thisNoAlignAttr -clang-vendor-feature\=+thisNoNullAttr -clang-vendor-feature\=+disableAtImportPrivateFrameworkInImplementationError -O2 -fcommon -fno-sanitize-address-use-odr-indicator -fno-sanitize-memory-param-retval -fmerge-all-constants -fno-verbose-asm -fregister-global-dtors-with-atexit -fno-use-init-array -funique-basic-block-section-names -dwarf-version\=4 -debugger-tuning\=lldb -llvm-verify-each -dwarf-ext-refs -no-struct-path-tbaa -fexperimental-assignment-tracking\=disabled -no-enable-noundef-analysis -stack-protector-buffer-size 0 -finline-functions -debug-info-kind\=standalone -Os -fno-unroll-loops -fdiagnostics-hotness-threshold\=0 -fdiagnostics-misexpect-tolerance\=0 -fno-split-cold-code -D __GCC_HAVE_DWARF2_CFI_ASM\=1 -MT moduledependenciestarget -dependency-file /Users/runner/Library/Developer/Xcode/DerivedData/ClaudeFiles-booopeqlitkdrwgkyxixaicupuay/Build/Intermediates.noindex/ArchiveIntermediates/ClaudeFiles/IntermediateBuildFilesPath/ExplicitPrecompiledModules/CoreFoundation-C3L2YPFTDVGUQ6DFNVYS7NA31.d -skip-unused-modulemap-deps
/Applications/Xcode_16.1.app/Contents/Developer/Toolchains/XcodeDefault.xctoolchain/usr/bin/clang -cc1 -Wundef-prefix\=TARGET_OS_ -fdiagnostics-show-note-include-stack -fmacro-backtrace-limit\=0 -ferror-limit 19 -serialize-diagnostic-file /Users/runner/Library/Developer/Xcode/DerivedData/ClaudeFiles-booopeqlitkdrwgkyxixaicupuay/Build/Intermediates.noindex/ArchiveIntermediates/ClaudeFiles/IntermediateBuildFilesPath/ClaudeFiles.build/Release-iphoneos/ClaudeFiles.build/Objects-normal/arm64/Entitlements.dia -Wdeprecated-objc-isa-usage -Werror\=deprecated-objc-isa-usage -Werror\=implicit-function-declaration -Wnon-modular-include-in-framework-module -Werror\=non-modular-include-in-framework-module -Wno-trigraphs -Wno-missing-field-initializers -Wno-missing-prototypes -Werror\=return-type -Wdocumentation -Wunreachable-code -Wquoted-include-in-framework-header -Werror\=deprecated-objc-isa-usage -Werror\=objc-root-class -Wno-missing-braces -Wparentheses -Wswitch -Wunused-function -Wno-unused-label -Wno-unused-parameter -Wunused-variable -Wunused-value -Wempty-body -Wuninitialized -Wconditional-uninitialized -Wno-unknown-pragmas -Wno-shadow -Wno-four-char-constants -Wno-conversion -Wconstant-conversion -Wint-conversion -Wbool-conversion -Wenum-conversion -Wno-float-conversion -Wnon-literal-null-conversion -Wobjc-literal-conversion -Wshorten-64-to-32 -Wpointer-sign -Wno-newline-eof -Wno-implicit-fallthrough -Wdeprecated-declarations -Wno-sign-conversion -Winfinite-recursion -Wcomma -Wblock-capture-autoreleasing -Wstrict-prototypes -Wno-semicolon-before-method-body -Wunguarded-availability -Wno-unused-variable -Wno-shorten-64-to-32 -Wno-deprecated-declarations -Wno-unused-function -Wno-format -Wno-comma -Wno-incompatible-pointer-types-discards-qualifiers -Wno-strict-prototypes -Wno-reorder-init-list -Wno-implicit-int-float-conversion -Wno-c99-designator -Wno-final-dtor-non-final-class -Wno-extra-semi-stmt -Wno-misleading-indentation -Wno-implicit-fallthrough -Wno-enum-enum-conversion -Wno-enum-float-conversion -Wno-elaborated-enum-base -Wno-reserved-identifier -Wno-gnu-folding-constant -fmodule-map-file\=/Applications/Xcode_16.1.app/Contents/Developer/Toolchains/XcodeDefault.xctoolchain/usr/lib/clang/16/include/module.modulemap -fmodule-map-file\=/Applications/Xcode_16.1.app/Contents/Developer/Toolchains/XcodeDefault.xctoolchain/usr/lib/clang/16/include/module.modulemap -fmodule-map-file\=/Applications/Xcode_16.1.app/Contents/Developer/Platforms/iPhoneOS.platform/Developer/SDKs/iPhoneOS.sdk/usr/include/c_standard_library.modulemap -fmodule-map-file\=/Applications/Xcode_16.1.app/Contents/Developer/Platforms/iPhoneOS.platform/Developer/SDKs/iPhoneOS.sdk/usr/include/c_standard_library.modulemap -fmodule-map-file\=/Applications/Xcode_16.1.app/Contents/Developer/Platforms/iPhoneOS.platform/Developer/SDKs/iPhoneOS.sdk/usr/include/c_standard_library.modulemap -fmodule-map-file\=/Applications/Xcode_16.1.app/Contents/Developer/Platforms/iPhoneOS.platform/Developer/SDKs/iPhoneOS.sdk/System/Library/Frameworks/CoreFoundation.framework/Modules/module.modulemap -fmodule-map-file\=/Applications/Xcode_16.1.app/Contents/Developer/Toolchains/XcodeDefault.xctoolchain/usr/lib/clang/16/include/module.modulemap -fmodule-map-file\=/Applications/Xcode_16.1.app/Contents/Developer/Platforms/iPhoneOS.platform/Developer/SDKs/iPhoneOS.sdk/usr/include/Darwin.modulemap -fmodule-map-file\=/Applications/Xcode_16.1.app/Contents/Developer/Platforms/iPhoneOS.platform/Developer/SDKs/iPhoneOS.sdk/usr/include/DarwinBasic.modulemap -fmodule-map-file\=/Applications/Xcode_16.1.app/Contents/Developer/Platforms/iPhoneOS.platform/Developer/SDKs/iPhoneOS.sdk/usr/include/mach-o/module.modulemap -o /Users/runner/Library/Developer/Xcode/DerivedData/ClaudeFiles-booopeqlitkdrwgkyxixaicupuay/Build/Intermediates.noindex/ArchiveIntermediates/ClaudeFiles/IntermediateBuildFilesPath/ClaudeFiles.build/Release-iphoneos/ClaudeFiles.build/Objects-normal/arm64/Entitlements.o -disable-free -emit-obj -x c /Users/runner/work/ClaudeFiles/ClaudeFiles/ClaudeFiles/FilzaJailedDS-SSV-Bypass/XPF/external/ChOma/src/Entitlements.c -target-abi darwinpcs -target-cpu apple-a7 -target-feature +v8a -target-feature +aes -target-feature +fp-armv8 -target-feature +sha2 -target-feature +neon -target-feature +zcm -target-feature +zcz -triple arm64-apple-ios16.0.0 -target-linker-version 1115.7.3 -target-sdk-version\=18.1 -fmodules-validate-system-headers -fno-modulemap-allow-subdirectory-search -isysroot /Applications/Xcode_16.1.app/Contents/Developer/Platforms/iPhoneOS.platform/Developer/SDKs/iPhoneOS18.1.sdk -resource-dir /Applications/Xcode_16.1.app/Contents/Developer/Toolchains/XcodeDefault.xctoolchain/usr/lib/clang/16 -fmodule-format\=obj -fmodule-file\=CoreFoundation\=/Users/runner/Library/Developer/Xcode/DerivedData/ClaudeFiles-booopeqlitkdrwgkyxixaicupuay/Build/Intermediates.noindex/ArchiveIntermediates/ClaudeFiles/IntermediateBuildFilesPath/ExplicitPrecompiledModules/CoreFoundation-C3L2YPFTDVGUQ6DFNVYS7NA31.pcm -fmodule-file\=Darwin\=/Users/runner/Library/Developer/Xcode/DerivedData/ClaudeFiles-booopeqlitkdrwgkyxixaicupuay/Build/Intermediates.noindex/ArchiveIntermediates/ClaudeFiles/IntermediateBuildFilesPath/ExplicitPrecompiledModules/Darwin-COT7K8GGHLREC37DHP0X0E15Q.pcm -fmodule-file\=MachO\=/Users/runner/Library/Developer/Xcode/DerivedData/ClaudeFiles-booopeqlitkdrwgkyxixaicupuay/Build/Intermediates.noindex/ArchiveIntermediates/ClaudeFiles/IntermediateBuildFilesPath/ExplicitPrecompiledModules/MachO-1MB42U2H0CFC33UR5PQ9YUBHX.pcm -fmodule-file\=_Builtin_stdbool\=/Users/runner/Library/Developer/Xcode/DerivedData/ClaudeFiles-booopeqlitkdrwgkyxixaicupuay/Build/Intermediates.noindex/ArchiveIntermediates/ClaudeFiles/IntermediateBuildFilesPath/ExplicitPrecompiledModules/_Builtin_stdbool-C7K6GWKHFZFLHIMXKBYGYW5P1.pcm -fmodule-file\=_Builtin_stddef\=/Users/runner/Library/Developer/Xcode/DerivedData/ClaudeFiles-booopeqlitkdrwgkyxixaicupuay/Build/Intermediates.noindex/ArchiveIntermediates/ClaudeFiles/IntermediateBuildFilesPath/ExplicitPrecompiledModules/_Builtin_stddef-8AR0LDIW298TYOBH82AB4ZCBU.pcm -fmodule-file\=_Builtin_stdint\=/Users/runner/Library/Developer/Xcode/DerivedData/ClaudeFiles-booopeqlitkdrwgkyxixaicupuay/Build/Intermediates.noindex/ArchiveIntermediates/ClaudeFiles/IntermediateBuildFilesPath/ExplicitPrecompiledModules/_Builtin_stdint-ADHF6I6G8W6YCXLLFU2L5YLQ4.pcm -fmodule-file\=_stdio\=/Users/runner/Library/Developer/Xcode/DerivedData/ClaudeFiles-booopeqlitkdrwgkyxixaicupuay/Build/Intermediates.noindex/ArchiveIntermediates/ClaudeFiles/IntermediateBuildFilesPath/ExplicitPrecompiledModules/_stdio-8X9QF2A38P5VPKQT9GHP1DVX4.pcm -fmodule-file\=_stdlib\=/Users/runner/Library/Developer/Xcode/DerivedData/ClaudeFiles-booopeqlitkdrwgkyxixaicupuay/Build/Intermediates.noindex/ArchiveIntermediates/ClaudeFiles/IntermediateBuildFilesPath/ExplicitPrecompiledModules/_stdlib-1DGJ9QEK2CNM6D0JRBI8UT4KH.pcm -fmodule-file\=_string\=/Users/runner/Library/Developer/Xcode/DerivedData/ClaudeFiles-booopeqlitkdrwgkyxixaicupuay/Build/Intermediates.noindex/ArchiveIntermediates/ClaudeFiles/IntermediateBuildFilesPath/ExplicitPrecompiledModules/_string-6FRUJBTOZ639LEJJR0TNLH8R0.pcm -fmodule-file\=unistd\=/Users/runner/Library/Developer/Xcode/DerivedData/ClaudeFiles-booopeqlitkdrwgkyxixaicupuay/Build/Intermediates.noindex/ArchiveIntermediates/ClaudeFiles/IntermediateBuildFilesPath/ExplicitPrecompiledModules/unistd-D06ILPWOCA89SSV8WV9WXILL8.pcm -I /Users/runner/Library/Developer/Xcode/DerivedData/ClaudeFiles-booopeqlitkdrwgkyxixaicupuay/Build/Intermediates.noindex/ArchiveIntermediates/ClaudeFiles/IntermediateBuildFilesPath/ClaudeFiles.build/Release-iphoneos/ClaudeFiles.build/ClaudeFiles-own-target-headers.hmap -I /Users/runner/Library/Developer/Xcode/DerivedData/ClaudeFiles-booopeqlitkdrwgkyxixaicupuay/Build/Intermediates.noindex/ArchiveIntermediates/ClaudeFiles/IntermediateBuildFilesPath/ClaudeFiles.build/Release-iphoneos/ClaudeFiles.build/ClaudeFiles-all-target-headers.hmap -I /Users/runner/Library/Developer/Xcode/DerivedData/ClaudeFiles-booopeqlitkdrwgkyxixaicupuay/Build/Intermediates.noindex/ArchiveIntermediates/ClaudeFiles/BuildProductsPath/Release-iphoneos/include -I /Users/runner/work/ClaudeFiles/ClaudeFiles/ClaudeFiles/FilzaJailedDS-SSV-Bypass -I /Users/runner/work/ClaudeFiles/ClaudeFiles/ClaudeFiles/FilzaJailedDS-SSV-Bypass/kexploit -I /Users/runner/work/ClaudeFiles/ClaudeFiles/ClaudeFiles/FilzaJailedDS-SSV-Bypass/kpf -I /Users/runner/work/ClaudeFiles/ClaudeFiles/ClaudeFiles/FilzaJailedDS-SSV-Bypass/SSV -I /Users/runner/work/ClaudeFiles/ClaudeFiles/ClaudeFiles/FilzaJailedDS-SSV-Bypass/utils -I /Users/runner/work/ClaudeFiles/ClaudeFiles/ClaudeFiles/FilzaJailedDS-SSV-Bypass/XPF/src -I /Users/runner/work/ClaudeFiles/ClaudeFiles/ClaudeFiles/FilzaJailedDS-SSV-Bypass/XPF/external/ChOma/src -I /Users/runner/work/ClaudeFiles/ClaudeFiles/ClaudeFiles/FilzaJailedDS-SSV-Bypass/XPF/external/ChOma/include -I /Users/runner/work/ClaudeFiles/ClaudeFiles/ClaudeFiles/FilzaJailedDS-SSV-Bypass/shims -I /Users/runner/Library/Developer/Xcode/DerivedData/ClaudeFiles-booopeqlitkdrwgkyxixaicupuay/Build/Intermediates.noindex/ArchiveIntermediates/ClaudeFiles/IntermediateBuildFilesPath/ClaudeFiles.build/Release-iphoneos/ClaudeFiles.build/DerivedSources-normal/arm64 -I /Users/runner/Library/Developer/Xcode/DerivedData/ClaudeFiles-booopeqlitkdrwgkyxixaicupuay/Build/Intermediates.noindex/ArchiveIntermediates/ClaudeFiles/IntermediateBuildFilesPath/ClaudeFiles.build/Release-iphoneos/ClaudeFiles.build/DerivedSources/arm64 -I /Users/runner/Library/Developer/Xcode/DerivedData/ClaudeFiles-booopeqlitkdrwgkyxixaicupuay/Build/Intermediates.noindex/ArchiveIntermediates/ClaudeFiles/IntermediateBuildFilesPath/ClaudeFiles.build/Release-iphoneos/ClaudeFiles.build/DerivedSources -F /Users/runner/Library/Developer/Xcode/DerivedData/ClaudeFiles-booopeqlitkdrwgkyxixaicupuay/Build/Intermediates.noindex/ArchiveIntermediates/ClaudeFiles/BuildProductsPath/Release-iphoneos -iquote /Users/runner/Library/Developer/Xcode/DerivedData/ClaudeFiles-booopeqlitkdrwgkyxixaicupuay/Build/Intermediates.noindex/ArchiveIntermediates/ClaudeFiles/IntermediateBuildFilesPath/ClaudeFiles.build/Release-iphoneos/ClaudeFiles.build/ClaudeFiles-generated-files.hmap -iquote /Users/runner/Library/Developer/Xcode/DerivedData/ClaudeFiles-booopeqlitkdrwgkyxixaicupuay/Build/Intermediates.noindex/ArchiveIntermediates/ClaudeFiles/IntermediateBuildFilesPath/ClaudeFiles.build/Release-iphoneos/ClaudeFiles.build/ClaudeFiles-project-headers.hmap -isystem /Applications/Xcode_16.1.app/Contents/Developer/Platforms/iPhoneOS.platform/Developer/SDKs/iPhoneOS18.1.sdk/usr/local/include -isystem /Applications/Xcode_16.1.app/Contents/Developer/Toolchains/XcodeDefault.xctoolchain/usr/lib/clang/16/include -internal-externc-isystem /Applications/Xcode_16.1.app/Contents/Developer/Platforms/iPhoneOS.platform/Developer/SDKs/iPhoneOS18.1.sdk/usr/include -internal-externc-isystem /Applications/Xcode_16.1.app/Contents/Developer/Toolchains/XcodeDefault.xctoolchain/usr/include -ivfsstatcache /Users/runner/Library/Developer/Xcode/DerivedData/SDKStatCaches.noindex/iphoneos18.1-22B74-a5999746ac4ace560a5a822e68842f47.sdkstatcache -std\=gnu11 -fmodules -fno-implicit-modules -fmax-type-align\=16 -fpascal-strings -fstack-check -fvisibility\=hidden -fvisibility-inlines-hidden-static-local-var -mdarwin-stkchk-strong-link -fno-odr-hash-protocols -pic-level 2 -fencode-extended-block-signature -stack-protector 1 -fgnuc-version\=4.2.1 -fblocks -ffp-contract\=on -fclang-abi-compat\=4.0 -fno-experimental-relative-c++-abi-vtables -fno-file-reproducible -clang-vendor-feature\=+disableNonDependentMemberExprInCurrentInstantiation -clang-vendor-feature\=+enableAggressiveVLAFolding -clang-vendor-feature\=+revert09abecef7bbf -clang-vendor-feature\=+thisNoAlignAttr -clang-vendor-feature\=+thisNoNullAttr -clang-vendor-feature\=+disableAtImportPrivateFrameworkInImplementationError -O2 -fdebug-compilation-dir\=/Users/runner/work/ClaudeFiles/ClaudeFiles -fcoverage-compilation-dir\=/Users/runner/work/ClaudeFiles/ClaudeFiles -fobjc-msgsend-selector-stubs -fregister-global-dtors-with-atexit -fno-strict-return -dwarf-version\=4 -debugger-tuning\=lldb -disable-llvm-verifier -dwarf-ext-refs -mframe-pointer\=non-leaf -funwind-tables\=1 -vectorize-loops -vectorize-slp -clear-ast-before-backend -discard-value-names -main-file-name Entitlements.c -finline-functions -debug-info-kind\=standalone -Os -fdiagnostics-hotness-threshold\=0 -fdiagnostics-misexpect-tolerance\=0 -D __GCC_HAVE_DWARF2_CFI_ASM\=1 -MT dependencies -dependency-file /Users/runner/Library/Developer/Xcode/DerivedData/ClaudeFiles-booopeqlitkdrwgkyxixaicupuay/Build/Intermediates.noindex/ArchiveIntermediates/ClaudeFiles/IntermediateBuildFilesPath/ClaudeFiles.build/Release-iphoneos/ClaudeFiles.build/Objects-normal/arm64/Entitlements.d -skip-unused-modulemap-deps
/Applications/Xcode_16.1.app/Contents/Developer/Toolchains/XcodeDefault.xctoolchain/usr/bin/clang -cc1 -Wundef-prefix\=TARGET_OS_ -fdiagnostics-show-note-include-stack -fmacro-backtrace-limit\=0 -ferror-limit 19 -serialize-diagnostic-file /Users/runner/Library/Developer/Xcode/DerivedData/ClaudeFiles-booopeqlitkdrwgkyxixaicupuay/Build/Intermediates.noindex/ArchiveIntermediates/ClaudeFiles/IntermediateBuildFilesPath/ClaudeFiles.build/Release-iphoneos/ClaudeFiles.build/Objects-normal/arm64/DER.dia -Wdeprecated-objc-isa-usage -Werror\=deprecated-objc-isa-usage -Werror\=implicit-function-declaration -Wnon-modular-include-in-framework-module -Werror\=non-modular-include-in-framework-module -Wno-trigraphs -Wno-missing-field-initializers -Wno-missing-prototypes -Werror\=return-type -Wdocumentation -Wunreachable-code -Wquoted-include-in-framework-header -Werror\=deprecated-objc-isa-usage -Werror\=objc-root-class -Wno-missing-braces -Wparentheses -Wswitch -Wunused-function -Wno-unused-label -Wno-unused-parameter -Wunused-variable -Wunused-value -Wempty-body -Wuninitialized -Wconditional-uninitialized -Wno-unknown-pragmas -Wno-shadow -Wno-four-char-constants -Wno-conversion -Wconstant-conversion -Wint-conversion -Wbool-conversion -Wenum-conversion -Wno-float-conversion -Wnon-literal-null-conversion -Wobjc-literal-conversion -Wshorten-64-to-32 -Wpointer-sign -Wno-newline-eof -Wno-implicit-fallthrough -Wdeprecated-declarations -Wno-sign-conversion -Winfinite-recursion -Wcomma -Wblock-capture-autoreleasing -Wstrict-prototypes -Wno-semicolon-before-method-body -Wunguarded-availability -Wno-unused-variable -Wno-shorten-64-to-32 -Wno-deprecated-declarations -Wno-unused-function -Wno-format -Wno-comma -Wno-incompatible-pointer-types-discards-qualifiers -Wno-strict-prototypes -Wno-reorder-init-list -Wno-implicit-int-float-conversion -Wno-c99-designator -Wno-final-dtor-non-final-class -Wno-extra-semi-stmt -Wno-misleading-indentation -Wno-implicit-fallthrough -Wno-enum-enum-conversion -Wno-enum-float-conversion -Wno-elaborated-enum-base -Wno-reserved-identifier -Wno-gnu-folding-constant -fmodule-map-file\=/Applications/Xcode_16.1.app/Contents/Developer/Toolchains/XcodeDefault.xctoolchain/usr/lib/clang/16/include/module.modulemap -fmodule-map-file\=/Applications/Xcode_16.1.app/Contents/Developer/Platforms/iPhoneOS.platform/Developer/SDKs/iPhoneOS.sdk/usr/include/c_standard_library.modulemap -fmodule-map-file\=/Applications/Xcode_16.1.app/Contents/Developer/Platforms/iPhoneOS.platform/Developer/SDKs/iPhoneOS.sdk/usr/include/c_standard_library.modulemap -fmodule-map-file\=/Applications/Xcode_16.1.app/Contents/Developer/Toolchains/XcodeDefault.xctoolchain/usr/lib/clang/16/include/module.modulemap -fmodule-map-file\=/Applications/Xcode_16.1.app/Contents/Developer/Platforms/iPhoneOS.platform/Developer/SDKs/iPhoneOS.sdk/System/Library/Frameworks/CoreFoundation.framework/Modules/module.modulemap -fmodule-map-file\=/Applications/Xcode_16.1.app/Contents/Developer/Platforms/iPhoneOS.platform/Developer/SDKs/iPhoneOS.sdk/usr/include/c_standard_library.modulemap -fmodule-map-file\=/Applications/Xcode_16.1.app/Contents/Developer/Platforms/iPhoneOS.platform/Developer/SDKs/iPhoneOS.sdk/usr/include/Darwin.modulemap -o /Users/runner/Library/Developer/Xcode/DerivedData/ClaudeFiles-booopeqlitkdrwgkyxixaicupuay/Build/Intermediates.noindex/ArchiveIntermediates/ClaudeFiles/IntermediateBuildFilesPath/ClaudeFiles.build/Release-iphoneos/ClaudeFiles.build/Objects-normal/arm64/DER.o -disable-free -emit-obj -x c /Users/runner/work/ClaudeFiles/ClaudeFiles/ClaudeFiles/FilzaJailedDS-SSV-Bypass/XPF/external/ChOma/src/DER.c -target-abi darwinpcs -target-cpu apple-a7 -target-feature +v8a -target-feature +aes -target-feature +fp-armv8 -target-feature +sha2 -target-feature +neon -target-feature +zcm -target-feature +zcz -triple arm64-apple-ios16.0.0 -target-linker-version 1115.7.3 -target-sdk-version\=18.1 -fmodules-validate-system-headers -fno-modulemap-allow-subdirectory-search -isysroot /Applications/Xcode_16.1.app/Contents/Developer/Platforms/iPhoneOS.platform/Developer/SDKs/iPhoneOS18.1.sdk -resource-dir /Applications/Xcode_16.1.app/Contents/Developer/Toolchains/XcodeDefault.xctoolchain/usr/lib/clang/16 -fmodule-format\=obj -fmodule-file\=CoreFoundation\=/Users/runner/Library/Developer/Xcode/DerivedData/ClaudeFiles-booopeqlitkdrwgkyxixaicupuay/Build/Intermediates.noindex/ArchiveIntermediates/ClaudeFiles/IntermediateBuildFilesPath/ExplicitPrecompiledModules/CoreFoundation-C3L2YPFTDVGUQ6DFNVYS7NA31.pcm -fmodule-file\=Darwin\=/Users/runner/Library/Developer/Xcode/DerivedData/ClaudeFiles-booopeqlitkdrwgkyxixaicupuay/Build/Intermediates.noindex/ArchiveIntermediates/ClaudeFiles/IntermediateBuildFilesPath/ExplicitPrecompiledModules/Darwin-COT7K8GGHLREC37DHP0X0E15Q.pcm -fmodule-file\=_Builtin_stdbool\=/Users/runner/Library/Developer/Xcode/DerivedData/ClaudeFiles-booopeqlitkdrwgkyxixaicupuay/Build/Intermediates.noindex/ArchiveIntermediates/ClaudeFiles/IntermediateBuildFilesPath/ExplicitPrecompiledModules/_Builtin_stdbool-C7K6GWKHFZFLHIMXKBYGYW5P1.pcm -fmodule-file\=_Builtin_stdint\=/Users/runner/Library/Developer/Xcode/DerivedData/ClaudeFiles-booopeqlitkdrwgkyxixaicupuay/Build/Intermediates.noindex/ArchiveIntermediates/ClaudeFiles/IntermediateBuildFilesPath/ExplicitPrecompiledModules/_Builtin_stdint-ADHF6I6G8W6YCXLLFU2L5YLQ4.pcm -fmodule-file\=_stdio\=/Users/runner/Library/Developer/Xcode/DerivedData/ClaudeFiles-booopeqlitkdrwgkyxixaicupuay/Build/Intermediates.noindex/ArchiveIntermediates/ClaudeFiles/IntermediateBuildFilesPath/ExplicitPrecompiledModules/_stdio-8X9QF2A38P5VPKQT9GHP1DVX4.pcm -fmodule-file\=_stdlib\=/Users/runner/Library/Developer/Xcode/DerivedData/ClaudeFiles-booopeqlitkdrwgkyxixaicupuay/Build/Intermediates.noindex/ArchiveIntermediates/ClaudeFiles/IntermediateBuildFilesPath/ExplicitPrecompiledModules/_stdlib-1DGJ9QEK2CNM6D0JRBI8UT4KH.pcm -fmodule-file\=_string\=/Users/runner/Library/Developer/Xcode/DerivedData/ClaudeFiles-booopeqlitkdrwgkyxixaicupuay/Build/Intermediates.noindex/ArchiveIntermediates/ClaudeFiles/IntermediateBuildFilesPath/ExplicitPrecompiledModules/_string-6FRUJBTOZ639LEJJR0TNLH8R0.pcm -I /Users/runner/Library/Developer/Xcode/DerivedData/ClaudeFiles-booopeqlitkdrwgkyxixaicupuay/Build/Intermediates.noindex/ArchiveIntermediates/ClaudeFiles/IntermediateBuildFilesPath/ClaudeFiles.build/Release-iphoneos/ClaudeFiles.build/ClaudeFiles-own-target-headers.hmap -I /Users/runner/Library/Developer/Xcode/DerivedData/ClaudeFiles-booopeqlitkdrwgkyxixaicupuay/Build/Intermediates.noindex/ArchiveIntermediates/ClaudeFiles/IntermediateBuildFilesPath/ClaudeFiles.build/Release-iphoneos/ClaudeFiles.build/ClaudeFiles-all-target-headers.hmap -I /Users/runner/Library/Developer/Xcode/DerivedData/ClaudeFiles-booopeqlitkdrwgkyxixaicupuay/Build/Intermediates.noindex/ArchiveIntermediates/ClaudeFiles/BuildProductsPath/Release-iphoneos/include -I /Users/runner/work/ClaudeFiles/ClaudeFiles/ClaudeFiles/FilzaJailedDS-SSV-Bypass -I /Users/runner/work/ClaudeFiles/ClaudeFiles/ClaudeFiles/FilzaJailedDS-SSV-Bypass/kexploit -I /Users/runner/work/ClaudeFiles/ClaudeFiles/ClaudeFiles/FilzaJailedDS-SSV-Bypass/kpf -I /Users/runner/work/ClaudeFiles/ClaudeFiles/ClaudeFiles/FilzaJailedDS-SSV-Bypass/SSV -I /Users/runner/work/ClaudeFiles/ClaudeFiles/ClaudeFiles/FilzaJailedDS-SSV-Bypass/utils -I /Users/runner/work/ClaudeFiles/ClaudeFiles/ClaudeFiles/FilzaJailedDS-SSV-Bypass/XPF/src -I /Users/runner/work/ClaudeFiles/ClaudeFiles/ClaudeFiles/FilzaJailedDS-SSV-Bypass/XPF/external/ChOma/src -I /Users/runner/work/ClaudeFiles/ClaudeFiles/ClaudeFiles/FilzaJailedDS-SSV-Bypass/XPF/external/ChOma/include -I /Users/runner/work/ClaudeFiles/ClaudeFiles/ClaudeFiles/FilzaJailedDS-SSV-Bypass/shims -I /Users/runner/Library/Developer/Xcode/DerivedData/ClaudeFiles-booopeqlitkdrwgkyxixaicupuay/Build/Intermediates.noindex/ArchiveIntermediates/ClaudeFiles/IntermediateBuildFilesPath/ClaudeFiles.build/Release-iphoneos/ClaudeFiles.build/DerivedSources-normal/arm64 -I /Users/runner/Library/Developer/Xcode/DerivedData/ClaudeFiles-booopeqlitkdrwgkyxixaicupuay/Build/Intermediates.noindex/ArchiveIntermediates/ClaudeFiles/IntermediateBuildFilesPath/ClaudeFiles.build/Release-iphoneos/ClaudeFiles.build/DerivedSources/arm64 -I /Users/runner/Library/Developer/Xcode/DerivedData/ClaudeFiles-booopeqlitkdrwgkyxixaicupuay/Build/Intermediates.noindex/ArchiveIntermediates/ClaudeFiles/IntermediateBuildFilesPath/ClaudeFiles.build/Release-iphoneos/ClaudeFiles.build/DerivedSources -F /Users/runner/Library/Developer/Xcode/DerivedData/ClaudeFiles-booopeqlitkdrwgkyxixaicupuay/Build/Intermediates.noindex/ArchiveIntermediates/ClaudeFiles/BuildProductsPath/Release-iphoneos -iquote /Users/runner/Library/Developer/Xcode/DerivedData/ClaudeFiles-booopeqlitkdrwgkyxixaicupuay/Build/Intermediates.noindex/ArchiveIntermediates/ClaudeFiles/IntermediateBuildFilesPath/ClaudeFiles.build/Release-iphoneos/ClaudeFiles.build/ClaudeFiles-generated-files.hmap -iquote /Users/runner/Library/Developer/Xcode/DerivedData/ClaudeFiles-booopeqlitkdrwgkyxixaicupuay/Build/Intermediates.noindex/ArchiveIntermediates/ClaudeFiles/IntermediateBuildFilesPath/ClaudeFiles.build/Release-iphoneos/ClaudeFiles.build/ClaudeFiles-project-headers.hmap -isystem /Applications/Xcode_16.1.app/Contents/Developer/Platforms/iPhoneOS.platform/Developer/SDKs/iPhoneOS18.1.sdk/usr/local/include -isystem /Applications/Xcode_16.1.app/Contents/Developer/Toolchains/XcodeDefault.xctoolchain/usr/lib/clang/16/include -internal-externc-isystem /Applications/Xcode_16.1.app/Contents/Developer/Platforms/iPhoneOS.platform/Developer/SDKs/iPhoneOS18.1.sdk/usr/include -internal-externc-isystem /Applications/Xcode_16.1.app/Contents/Developer/Toolchains/XcodeDefault.xctoolchain/usr/include -ivfsstatcache /Users/runner/Library/Developer/Xcode/DerivedData/SDKStatCaches.noindex/iphoneos18.1-22B74-a5999746ac4ace560a5a822e68842f47.sdkstatcache -std\=gnu11 -fmodules -fno-implicit-modules -fmax-type-align\=16 -fpascal-strings -fstack-check -fvisibility\=hidden -fvisibility-inlines-hidden-static-local-var -mdarwin-stkchk-strong-link -fno-odr-hash-protocols -pic-level 2 -fencode-extended-block-signature -stack-protector 1 -fgnuc-version\=4.2.1 -fblocks -ffp-contract\=on -fclang-abi-compat\=4.0 -fno-experimental-relative-c++-abi-vtables -fno-file-reproducible -clang-vendor-feature\=+disableNonDependentMemberExprInCurrentInstantiation -clang-vendor-feature\=+enableAggressiveVLAFolding -clang-vendor-feature\=+revert09abecef7bbf -clang-vendor-feature\=+thisNoAlignAttr -clang-vendor-feature\=+thisNoNullAttr -clang-vendor-feature\=+disableAtImportPrivateFrameworkInImplementationError -O2 -fdebug-compilation-dir\=/Users/runner/work/ClaudeFiles/ClaudeFiles -fcoverage-compilation-dir\=/Users/runner/work/ClaudeFiles/ClaudeFiles -fobjc-msgsend-selector-stubs -fregister-global-dtors-with-atexit -fno-strict-return -dwarf-version\=4 -debugger-tuning\=lldb -disable-llvm-verifier -dwarf-ext-refs -mframe-pointer\=non-leaf -funwind-tables\=1 -vectorize-loops -vectorize-slp -clear-ast-before-backend -discard-value-names -main-file-name DER.c -finline-functions -debug-info-kind\=standalone -Os -fdiagnostics-hotness-threshold\=0 -fdiagnostics-misexpect-tolerance\=0 -D __GCC_HAVE_DWARF2_CFI_ASM\=1 -MT dependencies -dependency-file /Users/runner/Library/Developer/Xcode/DerivedData/ClaudeFiles-booopeqlitkdrwgkyxixaicupuay/Build/Intermediates.noindex/ArchiveIntermediates/ClaudeFiles/IntermediateBuildFilesPath/ClaudeFiles.build/Release-iphoneos/ClaudeFiles.build/Objects-normal/arm64/DER.d -skip-unused-modulemap-deps
/Applications/Xcode_16.1.app/Contents/Developer/Toolchains/XcodeDefault.xctoolchain/usr/bin/clang -cc1 -fdiagnostics-show-note-include-stack -fmacro-backtrace-limit\=0 -ferror-limit 19 -serialize-diagnostic-file /Users/runner/Library/Developer/Xcode/DerivedData/ClaudeFiles-booopeqlitkdrwgkyxixaicupuay/Build/Intermediates.noindex/ArchiveIntermediates/ClaudeFiles/IntermediateBuildFilesPath/ExplicitPrecompiledModules/CommonCrypto-3C05VJJ58JY67RO8UV8VUEIJL.dia -fsystem-module -fmodule-map-file\=/Applications/Xcode_16.1.app/Contents/Developer/Toolchains/XcodeDefault.xctoolchain/usr/lib/clang/16/include/module.modulemap -fmodule-map-file\=/Applications/Xcode_16.1.app/Contents/Developer/Platforms/iPhoneOS.platform/Developer/SDKs/iPhoneOS18.1.sdk/usr/include/DarwinBasic.modulemap -fmodule-map-file\=/Applications/Xcode_16.1.app/Contents/Developer/Platforms/iPhoneOS.platform/Developer/SDKs/iPhoneOS18.1.sdk/usr/include/c_standard_library.modulemap -fmodule-map-file\=/Applications/Xcode_16.1.app/Contents/Developer/Platforms/iPhoneOS.platform/Developer/SDKs/iPhoneOS18.1.sdk/usr/include/os_availability.modulemap -o /Users/runner/Library/Developer/Xcode/DerivedData/ClaudeFiles-booopeqlitkdrwgkyxixaicupuay/Build/Intermediates.noindex/ArchiveIntermediates/ClaudeFiles/IntermediateBuildFilesPath/ExplicitPrecompiledModules/CommonCrypto-3C05VJJ58JY67RO8UV8VUEIJL.pcm -disable-free -emit-module -x c /Applications/Xcode_16.1.app/Contents/Developer/Platforms/iPhoneOS.platform/Developer/SDKs/iPhoneOS.sdk/usr/include/CommonCrypto/module.modulemap -target-abi darwinpcs -target-cpu apple-a7 -target-feature +v8a -target-feature +aes -target-feature +fp-armv8 -target-feature +sha2 -target-feature +neon -target-feature +zcm -target-feature +zcz -triple arm64-apple-ios16.0.0 -target-linker-version 1115.7.3 -target-sdk-version\=18.1 -fmodules-validate-system-headers -fno-modules-prune-non-affecting-module-map-files -fno-modulemap-allow-subdirectory-search -isysroot /Applications/Xcode_16.1.app/Contents/Developer/Platforms/iPhoneOS.platform/Developer/SDKs/iPhoneOS18.1.sdk -resource-dir /Applications/Xcode_16.1.app/Contents/Developer/Toolchains/XcodeDefault.xctoolchain/usr/lib/clang/16 -fmodule-format\=obj -fmodule-file\=_Builtin_limits\=/Users/runner/Library/Developer/Xcode/DerivedData/ClaudeFiles-booopeqlitkdrwgkyxixaicupuay/Build/Intermediates.noindex/ArchiveIntermediates/ClaudeFiles/IntermediateBuildFilesPath/ExplicitPrecompiledModules/_Builtin_limits-2GSP78PDZ3DNG8TSHCDK4TFGP.pcm -fmodule-file\=_Builtin_stdbool\=/Users/runner/Library/Developer/Xcode/DerivedData/ClaudeFiles-booopeqlitkdrwgkyxixaicupuay/Build/Intermediates.noindex/ArchiveIntermediates/ClaudeFiles/IntermediateBuildFilesPath/ExplicitPrecompiledModules/_Builtin_stdbool-C7K6GWKHFZFLHIMXKBYGYW5P1.pcm -fmodule-file\=_Builtin_stddef\=/Users/runner/Library/Developer/Xcode/DerivedData/ClaudeFiles-booopeqlitkdrwgkyxixaicupuay/Build/Intermediates.noindex/ArchiveIntermediates/ClaudeFiles/IntermediateBuildFilesPath/ExplicitPrecompiledModules/_Builtin_stddef-8AR0LDIW298TYOBH82AB4ZCBU.pcm -fmodule-file\=_Builtin_stdint\=/Users/runner/Library/Developer/Xcode/DerivedData/ClaudeFiles-booopeqlitkdrwgkyxixaicupuay/Build/Intermediates.noindex/ArchiveIntermediates/ClaudeFiles/IntermediateBuildFilesPath/ExplicitPrecompiledModules/_Builtin_stdint-ADHF6I6G8W6YCXLLFU2L5YLQ4.pcm -fmodule-file\=_stdlib\=/Users/runner/Library/Developer/Xcode/DerivedData/ClaudeFiles-booopeqlitkdrwgkyxixaicupuay/Build/Intermediates.noindex/ArchiveIntermediates/ClaudeFiles/IntermediateBuildFilesPath/ExplicitPrecompiledModules/_stdlib-1DGJ9QEK2CNM6D0JRBI8UT4KH.pcm -fmodule-file\=_string\=/Users/runner/Library/Developer/Xcode/DerivedData/ClaudeFiles-booopeqlitkdrwgkyxixaicupuay/Build/Intermediates.noindex/ArchiveIntermediates/ClaudeFiles/IntermediateBuildFilesPath/ExplicitPrecompiledModules/_string-6FRUJBTOZ639LEJJR0TNLH8R0.pcm -fmodule-file\=os_availability\=/Users/runner/Library/Developer/Xcode/DerivedData/ClaudeFiles-booopeqlitkdrwgkyxixaicupuay/Build/Intermediates.noindex/ArchiveIntermediates/ClaudeFiles/IntermediateBuildFilesPath/ExplicitPrecompiledModules/os_availability-BEW3JUTMJFVYZY456Z92S5KXV.pcm -fmodule-file\=sys_types\=/Users/runner/Library/Developer/Xcode/DerivedData/ClaudeFiles-booopeqlitkdrwgkyxixaicupuay/Build/Intermediates.noindex/ArchiveIntermediates/ClaudeFiles/IntermediateBuildFilesPath/ExplicitPrecompiledModules/sys_types-7YDZ4PQ40JAXREB94IZZCB6XH.pcm -isystem /Applications/Xcode_16.1.app/Contents/Developer/Toolchains/XcodeDefault.xctoolchain/usr/lib/clang/16/include -internal-externc-isystem /Applications/Xcode_16.1.app/Contents/Developer/Platforms/iPhoneOS.platform/Developer/SDKs/iPhoneOS18.1.sdk/usr/include -ivfsstatcache /Users/runner/Library/Developer/Xcode/DerivedData/SDKStatCaches.noindex/iphoneos18.1-22B74-a5999746ac4ace560a5a822e68842f47.sdkstatcache -std\=gnu11 -fmodules -fmodule-name\=CommonCrypto -fmodules-search-all -fno-implicit-modules -fmax-type-align\=16 -fstack-check -mdarwin-stkchk-strong-link -fno-odr-hash-protocols -pic-level 2 -disable-objc-default-synthesize-properties -stack-protector 1 -fgnuc-version\=4.2.1 -fblocks -ffp-contract\=off -fclang-abi-compat\=4.0 -fno-experimental-relative-c++-abi-vtables -fno-file-reproducible -clang-vendor-feature\=+disableNonDependentMemberExprInCurrentInstantiation -clang-vendor-feature\=+enableAggressiveVLAFolding -clang-vendor-feature\=+revert09abecef7bbf -clang-vendor-feature\=+thisNoAlignAttr -clang-vendor-feature\=+thisNoNullAttr -clang-vendor-feature\=+disableAtImportPrivateFrameworkInImplementationError -O2 -fcommon -fno-sanitize-address-use-odr-indicator -fno-sanitize-memory-param-retval -fmerge-all-constants -fno-verbose-asm -fregister-global-dtors-with-atexit -fno-use-init-array -funique-basic-block-section-names -dwarf-version\=4 -debugger-tuning\=lldb -llvm-verify-each -dwarf-ext-refs -no-struct-path-tbaa -fexperimental-assignment-tracking\=disabled -no-enable-noundef-analysis -stack-protector-buffer-size 0 -finline-functions -debug-info-kind\=standalone -Os -fno-unroll-loops -fdiagnostics-hotness-threshold\=0 -fdiagnostics-misexpect-tolerance\=0 -fno-split-cold-code -D __GCC_HAVE_DWARF2_CFI_ASM\=1 -MT moduledependenciestarget -dependency-file /Users/runner/Library/Developer/Xcode/DerivedData/ClaudeFiles-booopeqlitkdrwgkyxixaicupuay/Build/Intermediates.noindex/ArchiveIntermediates/ClaudeFiles/IntermediateBuildFilesPath/ExplicitPrecompiledModules/CommonCrypto-3C05VJJ58JY67RO8UV8VUEIJL.d -skip-unused-modulemap-deps
/Applications/Xcode_16.1.app/Contents/Developer/Toolchains/XcodeDefault.xctoolchain/usr/bin/clang -cc1 -Wundef-prefix\=TARGET_OS_ -fdiagnostics-show-note-include-stack -fmacro-backtrace-limit\=0 -ferror-limit 19 -serialize-diagnostic-file /Users/runner/Library/Developer/Xcode/DerivedData/ClaudeFiles-booopeqlitkdrwgkyxixaicupuay/Build/Intermediates.noindex/ArchiveIntermediates/ClaudeFiles/IntermediateBuildFilesPath/ClaudeFiles.build/Release-iphoneos/ClaudeFiles.build/Objects-normal/arm64/BufferedStream.dia -Wdeprecated-objc-isa-usage -Werror\=deprecated-objc-isa-usage -Werror\=implicit-function-declaration -Wnon-modular-include-in-framework-module -Werror\=non-modular-include-in-framework-module -Wno-trigraphs -Wno-missing-field-initializers -Wno-missing-prototypes -Werror\=return-type -Wdocumentation -Wunreachable-code -Wquoted-include-in-framework-header -Werror\=deprecated-objc-isa-usage -Werror\=objc-root-class -Wno-missing-braces -Wparentheses -Wswitch -Wunused-function -Wno-unused-label -Wno-unused-parameter -Wunused-variable -Wunused-value -Wempty-body -Wuninitialized -Wconditional-uninitialized -Wno-unknown-pragmas -Wno-shadow -Wno-four-char-constants -Wno-conversion -Wconstant-conversion -Wint-conversion -Wbool-conversion -Wenum-conversion -Wno-float-conversion -Wnon-literal-null-conversion -Wobjc-literal-conversion -Wshorten-64-to-32 -Wpointer-sign -Wno-newline-eof -Wno-implicit-fallthrough -Wdeprecated-declarations -Wno-sign-conversion -Winfinite-recursion -Wcomma -Wblock-capture-autoreleasing -Wstrict-prototypes -Wno-semicolon-before-method-body -Wunguarded-availability -Wno-unused-variable -Wno-shorten-64-to-32 -Wno-deprecated-declarations -Wno-unused-function -Wno-format -Wno-comma -Wno-incompatible-pointer-types-discards-qualifiers -Wno-strict-prototypes -Wno-reorder-init-list -Wno-implicit-int-float-conversion -Wno-c99-designator -Wno-final-dtor-non-final-class -Wno-extra-semi-stmt -Wno-misleading-indentation -Wno-implicit-fallthrough -Wno-enum-enum-conversion -Wno-enum-float-conversion -Wno-elaborated-enum-base -Wno-reserved-identifier -Wno-gnu-folding-constant -fmodule-map-file\=/Applications/Xcode_16.1.app/Contents/Developer/Platforms/iPhoneOS.platform/Developer/SDKs/iPhoneOS.sdk/usr/include/c_standard_library.modulemap -fmodule-map-file\=/Applications/Xcode_16.1.app/Contents/Developer/Platforms/iPhoneOS.platform/Developer/SDKs/iPhoneOS.sdk/usr/include/c_standard_library.modulemap -fmodule-map-file\=/Applications/Xcode_16.1.app/Contents/Developer/Platforms/iPhoneOS.platform/Developer/SDKs/iPhoneOS.sdk/usr/include/Darwin.modulemap -fmodule-map-file\=/Applications/Xcode_16.1.app/Contents/Developer/Toolchains/XcodeDefault.xctoolchain/usr/lib/clang/16/include/module.modulemap -fmodule-map-file\=/Applications/Xcode_16.1.app/Contents/Developer/Platforms/iPhoneOS.platform/Developer/SDKs/iPhoneOS.sdk/usr/include/c_standard_library.modulemap -fmodule-map-file\=/Applications/Xcode_16.1.app/Contents/Developer/Platforms/iPhoneOS.platform/Developer/SDKs/iPhoneOS.sdk/usr/include/DarwinBasic.modulemap -o /Users/runner/Library/Developer/Xcode/DerivedData/ClaudeFiles-booopeqlitkdrwgkyxixaicupuay/Build/Intermediates.noindex/ArchiveIntermediates/ClaudeFiles/IntermediateBuildFilesPath/ClaudeFiles.build/Release-iphoneos/ClaudeFiles.build/Objects-normal/arm64/BufferedStream.o -disable-free -emit-obj -x c /Users/runner/work/ClaudeFiles/ClaudeFiles/ClaudeFiles/FilzaJailedDS-SSV-Bypass/XPF/external/ChOma/src/BufferedStream.c -target-abi darwinpcs -target-cpu apple-a7 -target-feature +v8a -target-feature +aes -target-feature +fp-armv8 -target-feature +sha2 -target-feature +neon -target-feature +zcm -target-feature +zcz -triple arm64-apple-ios16.0.0 -target-linker-version 1115.7.3 -target-sdk-version\=18.1 -fmodules-validate-system-headers -fno-modulemap-allow-subdirectory-search -isysroot /Applications/Xcode_16.1.app/Contents/Developer/Platforms/iPhoneOS.platform/Developer/SDKs/iPhoneOS18.1.sdk -resource-dir /Applications/Xcode_16.1.app/Contents/Developer/Toolchains/XcodeDefault.xctoolchain/usr/lib/clang/16 -fmodule-format\=obj -fmodule-file\=Darwin\=/Users/runner/Library/Developer/Xcode/DerivedData/ClaudeFiles-booopeqlitkdrwgkyxixaicupuay/Build/Intermediates.noindex/ArchiveIntermediates/ClaudeFiles/IntermediateBuildFilesPath/ExplicitPrecompiledModules/Darwin-COT7K8GGHLREC37DHP0X0E15Q.pcm -fmodule-file\=_Builtin_stdbool\=/Users/runner/Library/Developer/Xcode/DerivedData/ClaudeFiles-booopeqlitkdrwgkyxixaicupuay/Build/Intermediates.noindex/ArchiveIntermediates/ClaudeFiles/IntermediateBuildFilesPath/ExplicitPrecompiledModules/_Builtin_stdbool-C7K6GWKHFZFLHIMXKBYGYW5P1.pcm -fmodule-file\=_stdio\=/Users/runner/Library/Developer/Xcode/DerivedData/ClaudeFiles-booopeqlitkdrwgkyxixaicupuay/Build/Intermediates.noindex/ArchiveIntermediates/ClaudeFiles/IntermediateBuildFilesPath/ExplicitPrecompiledModules/_stdio-8X9QF2A38P5VPKQT9GHP1DVX4.pcm -fmodule-file\=_stdlib\=/Users/runner/Library/Developer/Xcode/DerivedData/ClaudeFiles-booopeqlitkdrwgkyxixaicupuay/Build/Intermediates.noindex/ArchiveIntermediates/ClaudeFiles/IntermediateBuildFilesPath/ExplicitPrecompiledModules/_stdlib-1DGJ9QEK2CNM6D0JRBI8UT4KH.pcm -fmodule-file\=_string\=/Users/runner/Library/Developer/Xcode/DerivedData/ClaudeFiles-booopeqlitkdrwgkyxixaicupuay/Build/Intermediates.noindex/ArchiveIntermediates/ClaudeFiles/IntermediateBuildFilesPath/ExplicitPrecompiledModules/_string-6FRUJBTOZ639LEJJR0TNLH8R0.pcm -fmodule-file\=unistd\=/Users/runner/Library/Developer/Xcode/DerivedData/ClaudeFiles-booopeqlitkdrwgkyxixaicupuay/Build/Intermediates.noindex/ArchiveIntermediates/ClaudeFiles/IntermediateBuildFilesPath/ExplicitPrecompiledModules/unistd-D06ILPWOCA89SSV8WV9WXILL8.pcm -I /Users/runner/Library/Developer/Xcode/DerivedData/ClaudeFiles-booopeqlitkdrwgkyxixaicupuay/Build/Intermediates.noindex/ArchiveIntermediates/ClaudeFiles/IntermediateBuildFilesPath/ClaudeFiles.build/Release-iphoneos/ClaudeFiles.build/ClaudeFiles-own-target-headers.hmap -I /Users/runner/Library/Developer/Xcode/DerivedData/ClaudeFiles-booopeqlitkdrwgkyxixaicupuay/Build/Intermediates.noindex/ArchiveIntermediates/ClaudeFiles/IntermediateBuildFilesPath/ClaudeFiles.build/Release-iphoneos/ClaudeFiles.build/ClaudeFiles-all-target-headers.hmap -I /Users/runner/Library/Developer/Xcode/DerivedData/ClaudeFiles-booopeqlitkdrwgkyxixaicupuay/Build/Intermediates.noindex/ArchiveIntermediates/ClaudeFiles/BuildProductsPath/Release-iphoneos/include -I /Users/runner/work/ClaudeFiles/ClaudeFiles/ClaudeFiles/FilzaJailedDS-SSV-Bypass -I /Users/runner/work/ClaudeFiles/ClaudeFiles/ClaudeFiles/FilzaJailedDS-SSV-Bypass/kexploit -I /Users/runner/work/ClaudeFiles/ClaudeFiles/ClaudeFiles/FilzaJailedDS-SSV-Bypass/kpf -I /Users/runner/work/ClaudeFiles/ClaudeFiles/ClaudeFiles/FilzaJailedDS-SSV-Bypass/SSV -I /Users/runner/work/ClaudeFiles/ClaudeFiles/ClaudeFiles/FilzaJailedDS-SSV-Bypass/utils -I /Users/runner/work/ClaudeFiles/ClaudeFiles/ClaudeFiles/FilzaJailedDS-SSV-Bypass/XPF/src -I /Users/runner/work/ClaudeFiles/ClaudeFiles/ClaudeFiles/FilzaJailedDS-SSV-Bypass/XPF/external/ChOma/src -I /Users/runner/work/ClaudeFiles/ClaudeFiles/ClaudeFiles/FilzaJailedDS-SSV-Bypass/XPF/external/ChOma/include -I /Users/runner/work/ClaudeFiles/ClaudeFiles/ClaudeFiles/FilzaJailedDS-SSV-Bypass/shims -I /Users/runner/Library/Developer/Xcode/DerivedData/ClaudeFiles-booopeqlitkdrwgkyxixaicupuay/Build/Intermediates.noindex/ArchiveIntermediates/ClaudeFiles/IntermediateBuildFilesPath/ClaudeFiles.build/Release-iphoneos/ClaudeFiles.build/DerivedSources-normal/arm64 -I /Users/runner/Library/Developer/Xcode/DerivedData/ClaudeFiles-booopeqlitkdrwgkyxixaicupuay/Build/Intermediates.noindex/ArchiveIntermediates/ClaudeFiles/IntermediateBuildFilesPath/ClaudeFiles.build/Release-iphoneos/ClaudeFiles.build/DerivedSources/arm64 -I /Users/runner/Library/Developer/Xcode/DerivedData/ClaudeFiles-booopeqlitkdrwgkyxixaicupuay/Build/Intermediates.noindex/ArchiveIntermediates/ClaudeFiles/IntermediateBuildFilesPath/ClaudeFiles.build/Release-iphoneos/ClaudeFiles.build/DerivedSources -F /Users/runner/Library/Developer/Xcode/DerivedData/ClaudeFiles-booopeqlitkdrwgkyxixaicupuay/Build/Intermediates.noindex/ArchiveIntermediates/ClaudeFiles/BuildProductsPath/Release-iphoneos -iquote /Users/runner/Library/Developer/Xcode/DerivedData/ClaudeFiles-booopeqlitkdrwgkyxixaicupuay/Build/Intermediates.noindex/ArchiveIntermediates/ClaudeFiles/IntermediateBuildFilesPath/ClaudeFiles.build/Release-iphoneos/ClaudeFiles.build/ClaudeFiles-generated-files.hmap -iquote /Users/runner/Library/Developer/Xcode/DerivedData/ClaudeFiles-booopeqlitkdrwgkyxixaicupuay/Build/Intermediates.noindex/ArchiveIntermediates/ClaudeFiles/IntermediateBuildFilesPath/ClaudeFiles.build/Release-iphoneos/ClaudeFiles.build/ClaudeFiles-project-headers.hmap -isystem /Applications/Xcode_16.1.app/Contents/Developer/Platforms/iPhoneOS.platform/Developer/SDKs/iPhoneOS18.1.sdk/usr/local/include -isystem /Applications/Xcode_16.1.app/Contents/Developer/Toolchains/XcodeDefault.xctoolchain/usr/lib/clang/16/include -internal-externc-isystem /Applications/Xcode_16.1.app/Contents/Developer/Platforms/iPhoneOS.platform/Developer/SDKs/iPhoneOS18.1.sdk/usr/include -internal-externc-isystem /Applications/Xcode_16.1.app/Contents/Developer/Toolchains/XcodeDefault.xctoolchain/usr/include -ivfsstatcache /Users/runner/Library/Developer/Xcode/DerivedData/SDKStatCaches.noindex/iphoneos18.1-22B74-a5999746ac4ace560a5a822e68842f47.sdkstatcache -std\=gnu11 -fmodules -fno-implicit-modules -fmax-type-align\=16 -fpascal-strings -fstack-check -fvisibility\=hidden -fvisibility-inlines-hidden-static-local-var -mdarwin-stkchk-strong-link -fno-odr-hash-protocols -pic-level 2 -fencode-extended-block-signature -stack-protector 1 -fgnuc-version\=4.2.1 -fblocks -ffp-contract\=on -fclang-abi-compat\=4.0 -fno-experimental-relative-c++-abi-vtables -fno-file-reproducible -clang-vendor-feature\=+disableNonDependentMemberExprInCurrentInstantiation -clang-vendor-feature\=+enableAggressiveVLAFolding -clang-vendor-feature\=+revert09abecef7bbf -clang-vendor-feature\=+thisNoAlignAttr -clang-vendor-feature\=+thisNoNullAttr -clang-vendor-feature\=+disableAtImportPrivateFrameworkInImplementationError -O2 -fdebug-compilation-dir\=/Users/runner/work/ClaudeFiles/ClaudeFiles -fcoverage-compilation-dir\=/Users/runner/work/ClaudeFiles/ClaudeFiles -fobjc-msgsend-selector-stubs -fregister-global-dtors-with-atexit -fno-strict-return -dwarf-version\=4 -debugger-tuning\=lldb -disable-llvm-verifier -dwarf-ext-refs -mframe-pointer\=non-leaf -funwind-tables\=1 -vectorize-loops -vectorize-slp -clear-ast-before-backend -discard-value-names -main-file-name BufferedStream.c -finline-functions -debug-info-kind\=standalone -Os -fdiagnostics-hotness-threshold\=0 -fdiagnostics-misexpect-tolerance\=0 -D __GCC_HAVE_DWARF2_CFI_ASM\=1 -MT dependencies -dependency-file /Users/runner/Library/Developer/Xcode/DerivedData/ClaudeFiles-booopeqlitkdrwgkyxixaicupuay/Build/Intermediates.noindex/ArchiveIntermediates/ClaudeFiles/IntermediateBuildFilesPath/ClaudeFiles.build/Release-iphoneos/ClaudeFiles.build/Objects-normal/arm64/BufferedStream.d -skip-unused-modulemap-deps
/Applications/Xcode_16.1.app/Contents/Developer/Toolchains/XcodeDefault.xctoolchain/usr/bin/clang -cc1 -Wundef-prefix\=TARGET_OS_ -fdiagnostics-show-note-include-stack -fmacro-backtrace-limit\=0 -ferror-limit 19 -serialize-diagnostic-file /Users/runner/Library/Developer/Xcode/DerivedData/ClaudeFiles-booopeqlitkdrwgkyxixaicupuay/Build/Intermediates.noindex/ArchiveIntermediates/ClaudeFiles/IntermediateBuildFilesPath/ClaudeFiles.build/Release-iphoneos/ClaudeFiles.build/Objects-normal/arm64/CodeDirectory.dia -Wdeprecated-objc-isa-usage -Werror\=deprecated-objc-isa-usage -Werror\=implicit-function-declaration -Wnon-modular-include-in-framework-module -Werror\=non-modular-include-in-framework-module -Wno-trigraphs -Wno-missing-field-initializers -Wno-missing-prototypes -Werror\=return-type -Wdocumentation -Wunreachable-code -Wquoted-include-in-framework-header -Werror\=deprecated-objc-isa-usage -Werror\=objc-root-class -Wno-missing-braces -Wparentheses -Wswitch -Wunused-function -Wno-unused-label -Wno-unused-parameter -Wunused-variable -Wunused-value -Wempty-body -Wuninitialized -Wconditional-uninitialized -Wno-unknown-pragmas -Wno-shadow -Wno-four-char-constants -Wno-conversion -Wconstant-conversion -Wint-conversion -Wbool-conversion -Wenum-conversion -Wno-float-conversion -Wnon-literal-null-conversion -Wobjc-literal-conversion -Wshorten-64-to-32 -Wpointer-sign -Wno-newline-eof -Wno-implicit-fallthrough -Wdeprecated-declarations -Wno-sign-conversion -Winfinite-recursion -Wcomma -Wblock-capture-autoreleasing -Wstrict-prototypes -Wno-semicolon-before-method-body -Wunguarded-availability -Wno-unused-variable -Wno-shorten-64-to-32 -Wno-deprecated-declarations -Wno-unused-function -Wno-format -Wno-comma -Wno-incompatible-pointer-types-discards-qualifiers -Wno-strict-prototypes -Wno-reorder-init-list -Wno-implicit-int-float-conversion -Wno-c99-designator -Wno-final-dtor-non-final-class -Wno-extra-semi-stmt -Wno-misleading-indentation -Wno-implicit-fallthrough -Wno-enum-enum-conversion -Wno-enum-float-conversion -Wno-elaborated-enum-base -Wno-reserved-identifier -Wno-gnu-folding-constant -fmodule-map-file\=/Applications/Xcode_16.1.app/Contents/Developer/Toolchains/XcodeDefault.xctoolchain/usr/lib/clang/16/include/module.modulemap -fmodule-map-file\=/Applications/Xcode_16.1.app/Contents/Developer/Toolchains/XcodeDefault.xctoolchain/usr/lib/clang/16/include/module.modulemap -fmodule-map-file\=/Applications/Xcode_16.1.app/Contents/Developer/Platforms/iPhoneOS.platform/Developer/SDKs/iPhoneOS.sdk/usr/include/c_standard_library.modulemap -fmodule-map-file\=/Applications/Xcode_16.1.app/Contents/Developer/Platforms/iPhoneOS.platform/Developer/SDKs/iPhoneOS.sdk/usr/include/CommonCrypto/module.modulemap -fmodule-map-file\=/Applications/Xcode_16.1.app/Contents/Developer/Toolchains/XcodeDefault.xctoolchain/usr/lib/clang/16/include/module.modulemap -fmodule-map-file\=/Applications/Xcode_16.1.app/Contents/Developer/Platforms/iPhoneOS.platform/Developer/SDKs/iPhoneOS.sdk/usr/include/c_standard_library.modulemap -fmodule-map-file\=/Applications/Xcode_16.1.app/Contents/Developer/Platforms/iPhoneOS.platform/Developer/SDKs/iPhoneOS.sdk/usr/include/c_standard_library.modulemap -fmodule-map-file\=/Applications/Xcode_16.1.app/Contents/Developer/Platforms/iPhoneOS.platform/Developer/SDKs/iPhoneOS.sdk/usr/include/mach-o/module.modulemap -fmodule-map-file\=/Applications/Xcode_16.1.app/Contents/Developer/Platforms/iPhoneOS.platform/Developer/SDKs/iPhoneOS.sdk/usr/include/Darwin.modulemap -fmodule-map-file\=/Applications/Xcode_16.1.app/Contents/Developer/Platforms/iPhoneOS.platform/Developer/SDKs/iPhoneOS.sdk/usr/include/c_standard_library.modulemap -fmodule-map-file\=/Applications/Xcode_16.1.app/Contents/Developer/Platforms/iPhoneOS.platform/Developer/SDKs/iPhoneOS.sdk/usr/include/DarwinBasic.modulemap -o /Users/runner/Library/Developer/Xcode/DerivedData/ClaudeFiles-booopeqlitkdrwgkyxixaicupuay/Build/Intermediates.noindex/ArchiveIntermediates/ClaudeFiles/IntermediateBuildFilesPath/ClaudeFiles.build/Release-iphoneos/ClaudeFiles.build/Objects-normal/arm64/CodeDirectory.o -disable-free -emit-obj -x c /Users/runner/work/ClaudeFiles/ClaudeFiles/ClaudeFiles/FilzaJailedDS-SSV-Bypass/XPF/external/ChOma/src/CodeDirectory.c -target-abi darwinpcs -target-cpu apple-a7 -target-feature +v8a -target-feature +aes -target-feature +fp-armv8 -target-feature +sha2 -target-feature +neon -target-feature +zcm -target-feature +zcz -triple arm64-apple-ios16.0.0 -target-linker-version 1115.7.3 -target-sdk-version\=18.1 -fmodules-validate-system-headers -fno-modulemap-allow-subdirectory-search -isysroot /Applications/Xcode_16.1.app/Contents/Developer/Platforms/iPhoneOS.platform/Developer/SDKs/iPhoneOS18.1.sdk -resource-dir /Applications/Xcode_16.1.app/Contents/Developer/Toolchains/XcodeDefault.xctoolchain/usr/lib/clang/16 -fmodule-format\=obj -fmodule-file\=CommonCrypto\=/Users/runner/Library/Developer/Xcode/DerivedData/ClaudeFiles-booopeqlitkdrwgkyxixaicupuay/Build/Intermediates.noindex/ArchiveIntermediates/ClaudeFiles/IntermediateBuildFilesPath/ExplicitPrecompiledModules/CommonCrypto-3C05VJJ58JY67RO8UV8VUEIJL.pcm -fmodule-file\=Darwin\=/Users/runner/Library/Developer/Xcode/DerivedData/ClaudeFiles-booopeqlitkdrwgkyxixaicupuay/Build/Intermediates.noindex/ArchiveIntermediates/ClaudeFiles/IntermediateBuildFilesPath/ExplicitPrecompiledModules/Darwin-COT7K8GGHLREC37DHP0X0E15Q.pcm -fmodule-file\=MachO\=/Users/runner/Library/Developer/Xcode/DerivedData/ClaudeFiles-booopeqlitkdrwgkyxixaicupuay/Build/Intermediates.noindex/ArchiveIntermediates/ClaudeFiles/IntermediateBuildFilesPath/ExplicitPrecompiledModules/MachO-1MB42U2H0CFC33UR5PQ9YUBHX.pcm -fmodule-file\=_Builtin_stdbool\=/Users/runner/Library/Developer/Xcode/DerivedData/ClaudeFiles-booopeqlitkdrwgkyxixaicupuay/Build/Intermediates.noindex/ArchiveIntermediates/ClaudeFiles/IntermediateBuildFilesPath/ExplicitPrecompiledModules/_Builtin_stdbool-C7K6GWKHFZFLHIMXKBYGYW5P1.pcm -fmodule-file\=_Builtin_stddef\=/Users/runner/Library/Developer/Xcode/DerivedData/ClaudeFiles-booopeqlitkdrwgkyxixaicupuay/Build/Intermediates.noindex/ArchiveIntermediates/ClaudeFiles/IntermediateBuildFilesPath/ExplicitPrecompiledModules/_Builtin_stddef-8AR0LDIW298TYOBH82AB4ZCBU.pcm -fmodule-file\=_Builtin_stdint\=/Users/runner/Library/Developer/Xcode/DerivedData/ClaudeFiles-booopeqlitkdrwgkyxixaicupuay/Build/Intermediates.noindex/ArchiveIntermediates/ClaudeFiles/IntermediateBuildFilesPath/ExplicitPrecompiledModules/_Builtin_stdint-ADHF6I6G8W6YCXLLFU2L5YLQ4.pcm -fmodule-file\=_math\=/Users/runner/Library/Developer/Xcode/DerivedData/ClaudeFiles-booopeqlitkdrwgkyxixaicupuay/Build/Intermediates.noindex/ArchiveIntermediates/ClaudeFiles/IntermediateBuildFilesPath/ExplicitPrecompiledModules/_math-EYTO2A38DIJXVZXUWBKNJ39K8.pcm -fmodule-file\=_stdio\=/Users/runner/Library/Developer/Xcode/DerivedData/ClaudeFiles-booopeqlitkdrwgkyxixaicupuay/Build/Intermediates.noindex/ArchiveIntermediates/ClaudeFiles/IntermediateBuildFilesPath/ExplicitPrecompiledModules/_stdio-8X9QF2A38P5VPKQT9GHP1DVX4.pcm -fmodule-file\=_stdlib\=/Users/runner/Library/Developer/Xcode/DerivedData/ClaudeFiles-booopeqlitkdrwgkyxixaicupuay/Build/Intermediates.noindex/ArchiveIntermediates/ClaudeFiles/IntermediateBuildFilesPath/ExplicitPrecompiledModules/_stdlib-1DGJ9QEK2CNM6D0JRBI8UT4KH.pcm -fmodule-file\=_string\=/Users/runner/Library/Developer/Xcode/DerivedData/ClaudeFiles-booopeqlitkdrwgkyxixaicupuay/Build/Intermediates.noindex/ArchiveIntermediates/ClaudeFiles/IntermediateBuildFilesPath/ExplicitPrecompiledModules/_string-6FRUJBTOZ639LEJJR0TNLH8R0.pcm -fmodule-file\=unistd\=/Users/runner/Library/Developer/Xcode/DerivedData/ClaudeFiles-booopeqlitkdrwgkyxixaicupuay/Build/Intermediates.noindex/ArchiveIntermediates/ClaudeFiles/IntermediateBuildFilesPath/ExplicitPrecompiledModules/unistd-D06ILPWOCA89SSV8WV9WXILL8.pcm -I /Users/runner/Library/Developer/Xcode/DerivedData/ClaudeFiles-booopeqlitkdrwgkyxixaicupuay/Build/Intermediates.noindex/ArchiveIntermediates/ClaudeFiles/IntermediateBuildFilesPath/ClaudeFiles.build/Release-iphoneos/ClaudeFiles.build/ClaudeFiles-own-target-headers.hmap -I /Users/runner/Library/Developer/Xcode/DerivedData/ClaudeFiles-booopeqlitkdrwgkyxixaicupuay/Build/Intermediates.noindex/ArchiveIntermediates/ClaudeFiles/IntermediateBuildFilesPath/ClaudeFiles.build/Release-iphoneos/ClaudeFiles.build/ClaudeFiles-all-target-headers.hmap -I /Users/runner/Library/Developer/Xcode/DerivedData/ClaudeFiles-booopeqlitkdrwgkyxixaicupuay/Build/Intermediates.noindex/ArchiveIntermediates/ClaudeFiles/BuildProductsPath/Release-iphoneos/include -I /Users/runner/work/ClaudeFiles/ClaudeFiles/ClaudeFiles/FilzaJailedDS-SSV-Bypass -I /Users/runner/work/ClaudeFiles/ClaudeFiles/ClaudeFiles/FilzaJailedDS-SSV-Bypass/kexploit -I /Users/runner/work/ClaudeFiles/ClaudeFiles/ClaudeFiles/FilzaJailedDS-SSV-Bypass/kpf -I /Users/runner/work/ClaudeFiles/ClaudeFiles/ClaudeFiles/FilzaJailedDS-SSV-Bypass/SSV -I /Users/runner/work/ClaudeFiles/ClaudeFiles/ClaudeFiles/FilzaJailedDS-SSV-Bypass/utils -I /Users/runner/work/ClaudeFiles/ClaudeFiles/ClaudeFiles/FilzaJailedDS-SSV-Bypass/XPF/src -I /Users/runner/work/ClaudeFiles/ClaudeFiles/ClaudeFiles/FilzaJailedDS-SSV-Bypass/XPF/external/ChOma/src -I /Users/runner/work/ClaudeFiles/ClaudeFiles/ClaudeFiles/FilzaJailedDS-SSV-Bypass/XPF/external/ChOma/include -I /Users/runner/work/ClaudeFiles/ClaudeFiles/ClaudeFiles/FilzaJailedDS-SSV-Bypass/shims -I /Users/runner/Library/Developer/Xcode/DerivedData/ClaudeFiles-booopeqlitkdrwgkyxixaicupuay/Build/Intermediates.noindex/ArchiveIntermediates/ClaudeFiles/IntermediateBuildFilesPath/ClaudeFiles.build/Release-iphoneos/ClaudeFiles.build/DerivedSources-normal/arm64 -I /Users/runner/Library/Developer/Xcode/DerivedData/ClaudeFiles-booopeqlitkdrwgkyxixaicupuay/Build/Intermediates.noindex/ArchiveIntermediates/ClaudeFiles/IntermediateBuildFilesPath/ClaudeFiles.build/Release-iphoneos/ClaudeFiles.build/DerivedSources/arm64 -I /Users/runner/Library/Developer/Xcode/DerivedData/ClaudeFiles-booopeqlitkdrwgkyxixaicupuay/Build/Intermediates.noindex/ArchiveIntermediates/ClaudeFiles/IntermediateBuildFilesPath/ClaudeFiles.build/Release-iphoneos/ClaudeFiles.build/DerivedSources -F /Users/runner/Library/Developer/Xcode/DerivedData/ClaudeFiles-booopeqlitkdrwgkyxixaicupuay/Build/Intermediates.noindex/ArchiveIntermediates/ClaudeFiles/BuildProductsPath/Release-iphoneos -iquote /Users/runner/Library/Developer/Xcode/DerivedData/ClaudeFiles-booopeqlitkdrwgkyxixaicupuay/Build/Intermediates.noindex/ArchiveIntermediates/ClaudeFiles/IntermediateBuildFilesPath/ClaudeFiles.build/Release-iphoneos/ClaudeFiles.build/ClaudeFiles-generated-files.hmap -iquote /Users/runner/Library/Developer/Xcode/DerivedData/ClaudeFiles-booopeqlitkdrwgkyxixaicupuay/Build/Intermediates.noindex/ArchiveIntermediates/ClaudeFiles/IntermediateBuildFilesPath/ClaudeFiles.build/Release-iphoneos/ClaudeFiles.build/ClaudeFiles-project-headers.hmap -isystem /Applications/Xcode_16.1.app/Contents/Developer/Platforms/iPhoneOS.platform/Developer/SDKs/iPhoneOS18.1.sdk/usr/local/include -isystem /Applications/Xcode_16.1.app/Contents/Developer/Toolchains/XcodeDefault.xctoolchain/usr/lib/clang/16/include -internal-externc-isystem /Applications/Xcode_16.1.app/Contents/Developer/Platforms/iPhoneOS.platform/Developer/SDKs/iPhoneOS18.1.sdk/usr/include -internal-externc-isystem /Applications/Xcode_16.1.app/Contents/Developer/Toolchains/XcodeDefault.xctoolchain/usr/include -ivfsstatcache /Users/runner/Library/Developer/Xcode/DerivedData/SDKStatCaches.noindex/iphoneos18.1-22B74-a5999746ac4ace560a5a822e68842f47.sdkstatcache -std\=gnu11 -fmodules -fno-implicit-modules -fmax-type-align\=16 -fpascal-strings -fstack-check -fvisibility\=hidden -fvisibility-inlines-hidden-static-local-var -mdarwin-stkchk-strong-link -fno-odr-hash-protocols -pic-level 2 -fencode-extended-block-signature -stack-protector 1 -fgnuc-version\=4.2.1 -fblocks -ffp-contract\=on -fclang-abi-compat\=4.0 -fno-experimental-relative-c++-abi-vtables -fno-file-reproducible -clang-vendor-feature\=+disableNonDependentMemberExprInCurrentInstantiation -clang-vendor-feature\=+enableAggressiveVLAFolding -clang-vendor-feature\=+revert09abecef7bbf -clang-vendor-feature\=+thisNoAlignAttr -clang-vendor-feature\=+thisNoNullAttr -clang-vendor-feature\=+disableAtImportPrivateFrameworkInImplementationError -O2 -fdebug-compilation-dir\=/Users/runner/work/ClaudeFiles/ClaudeFiles -fcoverage-compilation-dir\=/Users/runner/work/ClaudeFiles/ClaudeFiles -fobjc-msgsend-selector-stubs -fregister-global-dtors-with-atexit -fno-strict-return -dwarf-version\=4 -debugger-tuning\=lldb -disable-llvm-verifier -dwarf-ext-refs -mframe-pointer\=non-leaf -funwind-tables\=1 -vectorize-loops -vectorize-slp -clear-ast-before-backend -discard-value-names -main-file-name CodeDirectory.c -finline-functions -debug-info-kind\=standalone -Os -fdiagnostics-hotness-threshold\=0 -fdiagnostics-misexpect-tolerance\=0 -D __GCC_HAVE_DWARF2_CFI_ASM\=1 -MT dependencies -dependency-file /Users/runner/Library/Developer/Xcode/DerivedData/ClaudeFiles-booopeqlitkdrwgkyxixaicupuay/Build/Intermediates.noindex/ArchiveIntermediates/ClaudeFiles/IntermediateBuildFilesPath/ClaudeFiles.build/Release-iphoneos/ClaudeFiles.build/Objects-normal/arm64/CodeDirectory.d -skip-unused-modulemap-deps
/Applications/Xcode_16.1.app/Contents/Developer/Toolchains/XcodeDefault.xctoolchain/usr/bin/clang -cc1 -Wundef-prefix\=TARGET_OS_ -fdiagnostics-show-note-include-stack -fmacro-backtrace-limit\=0 -ferror-limit 19 -serialize-diagnostic-file /Users/runner/Library/Developer/Xcode/DerivedData/ClaudeFiles-booopeqlitkdrwgkyxixaicupuay/Build/Intermediates.noindex/ArchiveIntermediates/ClaudeFiles/IntermediateBuildFilesPath/ClaudeFiles.build/Release-iphoneos/ClaudeFiles.build/Objects-normal/arm64/CSBlob.dia -Wdeprecated-objc-isa-usage -Werror\=deprecated-objc-isa-usage -Werror\=implicit-function-declaration -Wnon-modular-include-in-framework-module -Werror\=non-modular-include-in-framework-module -Wno-trigraphs -Wno-missing-field-initializers -Wno-missing-prototypes -Werror\=return-type -Wdocumentation -Wunreachable-code -Wquoted-include-in-framework-header -Werror\=deprecated-objc-isa-usage -Werror\=objc-root-class -Wno-missing-braces -Wparentheses -Wswitch -Wunused-function -Wno-unused-label -Wno-unused-parameter -Wunused-variable -Wunused-value -Wempty-body -Wuninitialized -Wconditional-uninitialized -Wno-unknown-pragmas -Wno-shadow -Wno-four-char-constants -Wno-conversion -Wconstant-conversion -Wint-conversion -Wbool-conversion -Wenum-conversion -Wno-float-conversion -Wnon-literal-null-conversion -Wobjc-literal-conversion -Wshorten-64-to-32 -Wpointer-sign -Wno-newline-eof -Wno-implicit-fallthrough -Wdeprecated-declarations -Wno-sign-conversion -Winfinite-recursion -Wcomma -Wblock-capture-autoreleasing -Wstrict-prototypes -Wno-semicolon-before-method-body -Wunguarded-availability -Wno-unused-variable -Wno-shorten-64-to-32 -Wno-deprecated-declarations -Wno-unused-function -Wno-format -Wno-comma -Wno-incompatible-pointer-types-discards-qualifiers -Wno-strict-prototypes -Wno-reorder-init-list -Wno-implicit-int-float-conversion -Wno-c99-designator -Wno-final-dtor-non-final-class -Wno-extra-semi-stmt -Wno-misleading-indentation -Wno-implicit-fallthrough -Wno-enum-enum-conversion -Wno-enum-float-conversion -Wno-elaborated-enum-base -Wno-reserved-identifier -Wno-gnu-folding-constant -fmodule-map-file\=/Applications/Xcode_16.1.app/Contents/Developer/Platforms/iPhoneOS.platform/Developer/SDKs/iPhoneOS.sdk/usr/include/c_standard_library.modulemap -fmodule-map-file\=/Applications/Xcode_16.1.app/Contents/Developer/Toolchains/XcodeDefault.xctoolchain/usr/lib/clang/16/include/module.modulemap -fmodule-map-file\=/Applications/Xcode_16.1.app/Contents/Developer/Toolchains/XcodeDefault.xctoolchain/usr/lib/clang/16/include/module.modulemap -fmodule-map-file\=/Applications/Xcode_16.1.app/Contents/Developer/Platforms/iPhoneOS.platform/Developer/SDKs/iPhoneOS.sdk/usr/include/c_standard_library.modulemap -fmodule-map-file\=/Applications/Xcode_16.1.app/Contents/Developer/Toolchains/XcodeDefault.xctoolchain/usr/lib/clang/16/include/module.modulemap -fmodule-map-file\=/Applications/Xcode_16.1.app/Contents/Developer/Platforms/iPhoneOS.platform/Developer/SDKs/iPhoneOS.sdk/usr/include/Darwin.modulemap -fmodule-map-file\=/Applications/Xcode_16.1.app/Contents/Developer/Platforms/iPhoneOS.platform/Developer/SDKs/iPhoneOS.sdk/usr/include/c_standard_library.modulemap -fmodule-map-file\=/Applications/Xcode_16.1.app/Contents/Developer/Platforms/iPhoneOS.platform/Developer/SDKs/iPhoneOS.sdk/usr/include/c_standard_library.modulemap -fmodule-map-file\=/Applications/Xcode_16.1.app/Contents/Developer/Platforms/iPhoneOS.platform/Developer/SDKs/iPhoneOS.sdk/usr/include/DarwinBasic.modulemap -fmodule-map-file\=/Applications/Xcode_16.1.app/Contents/Developer/Platforms/iPhoneOS.platform/Developer/SDKs/iPhoneOS.sdk/usr/include/mach-o/module.modulemap -fmodule-map-file\=/Applications/Xcode_16.1.app/Contents/Developer/Platforms/iPhoneOS.platform/Developer/SDKs/iPhoneOS.sdk/usr/include/CommonCrypto/module.modulemap -o /Users/runner/Library/Developer/Xcode/DerivedData/ClaudeFiles-booopeqlitkdrwgkyxixaicupuay/Build/Intermediates.noindex/ArchiveIntermediates/ClaudeFiles/IntermediateBuildFilesPath/ClaudeFiles.build/Release-iphoneos/ClaudeFiles.build/Objects-normal/arm64/CSBlob.o -disable-free -emit-obj -x c /Users/runner/work/ClaudeFiles/ClaudeFiles/ClaudeFiles/FilzaJailedDS-SSV-Bypass/XPF/external/ChOma/src/CSBlob.c -target-abi darwinpcs -target-cpu apple-a7 -target-feature +v8a -target-feature +aes -target-feature +fp-armv8 -target-feature +sha2 -target-feature +neon -target-feature +zcm -target-feature +zcz -triple arm64-apple-ios16.0.0 -target-linker-version 1115.7.3 -target-sdk-version\=18.1 -fmodules-validate-system-headers -fno-modulemap-allow-subdirectory-search -isysroot /Applications/Xcode_16.1.app/Contents/Developer/Platforms/iPhoneOS.platform/Developer/SDKs/iPhoneOS18.1.sdk -resource-dir /Applications/Xcode_16.1.app/Contents/Developer/Toolchains/XcodeDefault.xctoolchain/usr/lib/clang/16 -fmodule-format\=obj -fmodule-file\=CommonCrypto\=/Users/runner/Library/Developer/Xcode/DerivedData/ClaudeFiles-booopeqlitkdrwgkyxixaicupuay/Build/Intermediates.noindex/ArchiveIntermediates/ClaudeFiles/IntermediateBuildFilesPath/ExplicitPrecompiledModules/CommonCrypto-3C05VJJ58JY67RO8UV8VUEIJL.pcm -fmodule-file\=Darwin\=/Users/runner/Library/Developer/Xcode/DerivedData/ClaudeFiles-booopeqlitkdrwgkyxixaicupuay/Build/Intermediates.noindex/ArchiveIntermediates/ClaudeFiles/IntermediateBuildFilesPath/ExplicitPrecompiledModules/Darwin-COT7K8GGHLREC37DHP0X0E15Q.pcm -fmodule-file\=MachO\=/Users/runner/Library/Developer/Xcode/DerivedData/ClaudeFiles-booopeqlitkdrwgkyxixaicupuay/Build/Intermediates.noindex/ArchiveIntermediates/ClaudeFiles/IntermediateBuildFilesPath/ExplicitPrecompiledModules/MachO-1MB42U2H0CFC33UR5PQ9YUBHX.pcm -fmodule-file\=_Builtin_stdbool\=/Users/runner/Library/Developer/Xcode/DerivedData/ClaudeFiles-booopeqlitkdrwgkyxixaicupuay/Build/Intermediates.noindex/ArchiveIntermediates/ClaudeFiles/IntermediateBuildFilesPath/ExplicitPrecompiledModules/_Builtin_stdbool-C7K6GWKHFZFLHIMXKBYGYW5P1.pcm -fmodule-file\=_Builtin_stddef\=/Users/runner/Library/Developer/Xcode/DerivedData/ClaudeFiles-booopeqlitkdrwgkyxixaicupuay/Build/Intermediates.noindex/ArchiveIntermediates/ClaudeFiles/IntermediateBuildFilesPath/ExplicitPrecompiledModules/_Builtin_stddef-8AR0LDIW298TYOBH82AB4ZCBU.pcm -fmodule-file\=_Builtin_stdint\=/Users/runner/Library/Developer/Xcode/DerivedData/ClaudeFiles-booopeqlitkdrwgkyxixaicupuay/Build/Intermediates.noindex/ArchiveIntermediates/ClaudeFiles/IntermediateBuildFilesPath/ExplicitPrecompiledModules/_Builtin_stdint-ADHF6I6G8W6YCXLLFU2L5YLQ4.pcm -fmodule-file\=_math\=/Users/runner/Library/Developer/Xcode/DerivedData/ClaudeFiles-booopeqlitkdrwgkyxixaicupuay/Build/Intermediates.noindex/ArchiveIntermediates/ClaudeFiles/IntermediateBuildFilesPath/ExplicitPrecompiledModules/_math-EYTO2A38DIJXVZXUWBKNJ39K8.pcm -fmodule-file\=_stdio\=/Users/runner/Library/Developer/Xcode/DerivedData/ClaudeFiles-booopeqlitkdrwgkyxixaicupuay/Build/Intermediates.noindex/ArchiveIntermediates/ClaudeFiles/IntermediateBuildFilesPath/ExplicitPrecompiledModules/_stdio-8X9QF2A38P5VPKQT9GHP1DVX4.pcm -fmodule-file\=_stdlib\=/Users/runner/Library/Developer/Xcode/DerivedData/ClaudeFiles-booopeqlitkdrwgkyxixaicupuay/Build/Intermediates.noindex/ArchiveIntermediates/ClaudeFiles/IntermediateBuildFilesPath/ExplicitPrecompiledModules/_stdlib-1DGJ9QEK2CNM6D0JRBI8UT4KH.pcm -fmodule-file\=_string\=/Users/runner/Library/Developer/Xcode/DerivedData/ClaudeFiles-booopeqlitkdrwgkyxixaicupuay/Build/Intermediates.noindex/ArchiveIntermediates/ClaudeFiles/IntermediateBuildFilesPath/ExplicitPrecompiledModules/_string-6FRUJBTOZ639LEJJR0TNLH8R0.pcm -fmodule-file\=unistd\=/Users/runner/Library/Developer/Xcode/DerivedData/ClaudeFiles-booopeqlitkdrwgkyxixaicupuay/Build/Intermediates.noindex/ArchiveIntermediates/ClaudeFiles/IntermediateBuildFilesPath/ExplicitPrecompiledModules/unistd-D06ILPWOCA89SSV8WV9WXILL8.pcm -I /Users/runner/Library/Developer/Xcode/DerivedData/ClaudeFiles-booopeqlitkdrwgkyxixaicupuay/Build/Intermediates.noindex/ArchiveIntermediates/ClaudeFiles/IntermediateBuildFilesPath/ClaudeFiles.build/Release-iphoneos/ClaudeFiles.build/ClaudeFiles-own-target-headers.hmap -I /Users/runner/Library/Developer/Xcode/DerivedData/ClaudeFiles-booopeqlitkdrwgkyxixaicupuay/Build/Intermediates.noindex/ArchiveIntermediates/ClaudeFiles/IntermediateBuildFilesPath/ClaudeFiles.build/Release-iphoneos/ClaudeFiles.build/ClaudeFiles-all-target-headers.hmap -I /Users/runner/Library/Developer/Xcode/DerivedData/ClaudeFiles-booopeqlitkdrwgkyxixaicupuay/Build/Intermediates.noindex/ArchiveIntermediates/ClaudeFiles/BuildProductsPath/Release-iphoneos/include -I /Users/runner/work/ClaudeFiles/ClaudeFiles/ClaudeFiles/FilzaJailedDS-SSV-Bypass -I /Users/runner/work/ClaudeFiles/ClaudeFiles/ClaudeFiles/FilzaJailedDS-SSV-Bypass/kexploit -I /Users/runner/work/ClaudeFiles/ClaudeFiles/ClaudeFiles/FilzaJailedDS-SSV-Bypass/kpf -I /Users/runner/work/ClaudeFiles/ClaudeFiles/ClaudeFiles/FilzaJailedDS-SSV-Bypass/SSV -I /Users/runner/work/ClaudeFiles/ClaudeFiles/ClaudeFiles/FilzaJailedDS-SSV-Bypass/utils -I /Users/runner/work/ClaudeFiles/ClaudeFiles/ClaudeFiles/FilzaJailedDS-SSV-Bypass/XPF/src -I /Users/runner/work/ClaudeFiles/ClaudeFiles/ClaudeFiles/FilzaJailedDS-SSV-Bypass/XPF/external/ChOma/src -I /Users/runner/work/ClaudeFiles/ClaudeFiles/ClaudeFiles/FilzaJailedDS-SSV-Bypass/XPF/external/ChOma/include -I /Users/runner/work/ClaudeFiles/ClaudeFiles/ClaudeFiles/FilzaJailedDS-SSV-Bypass/shims -I /Users/runner/Library/Developer/Xcode/DerivedData/ClaudeFiles-booopeqlitkdrwgkyxixaicupuay/Build/Intermediates.noindex/ArchiveIntermediates/ClaudeFiles/IntermediateBuildFilesPath/ClaudeFiles.build/Release-iphoneos/ClaudeFiles.build/DerivedSources-normal/arm64 -I /Users/runner/Library/Developer/Xcode/DerivedData/ClaudeFiles-booopeqlitkdrwgkyxixaicupuay/Build/Intermediates.noindex/ArchiveIntermediates/ClaudeFiles/IntermediateBuildFilesPath/ClaudeFiles.build/Release-iphoneos/ClaudeFiles.build/DerivedSources/arm64 -I /Users/runner/Library/Developer/Xcode/DerivedData/ClaudeFiles-booopeqlitkdrwgkyxixaicupuay/Build/Intermediates.noindex/ArchiveIntermediates/ClaudeFiles/IntermediateBuildFilesPath/ClaudeFiles.build/Release-iphoneos/ClaudeFiles.build/DerivedSources -F /Users/runner/Library/Developer/Xcode/DerivedData/ClaudeFiles-booopeqlitkdrwgkyxixaicupuay/Build/Intermediates.noindex/ArchiveIntermediates/ClaudeFiles/BuildProductsPath/Release-iphoneos -iquote /Users/runner/Library/Developer/Xcode/DerivedData/ClaudeFiles-booopeqlitkdrwgkyxixaicupuay/Build/Intermediates.noindex/ArchiveIntermediates/ClaudeFiles/IntermediateBuildFilesPath/ClaudeFiles.build/Release-iphoneos/ClaudeFiles.build/ClaudeFiles-generated-files.hmap -iquote /Users/runner/Library/Developer/Xcode/DerivedData/ClaudeFiles-booopeqlitkdrwgkyxixaicupuay/Build/Intermediates.noindex/ArchiveIntermediates/ClaudeFiles/IntermediateBuildFilesPath/ClaudeFiles.build/Release-iphoneos/ClaudeFiles.build/ClaudeFiles-project-headers.hmap -isystem /Applications/Xcode_16.1.app/Contents/Developer/Platforms/iPhoneOS.platform/Developer/SDKs/iPhoneOS18.1.sdk/usr/local/include -isystem /Applications/Xcode_16.1.app/Contents/Developer/Toolchains/XcodeDefault.xctoolchain/usr/lib/clang/16/include -internal-externc-isystem /Applications/Xcode_16.1.app/Contents/Developer/Platforms/iPhoneOS.platform/Developer/SDKs/iPhoneOS18.1.sdk/usr/include -internal-externc-isystem /Applications/Xcode_16.1.app/Contents/Developer/Toolchains/XcodeDefault.xctoolchain/usr/include -ivfsstatcache /Users/runner/Library/Developer/Xcode/DerivedData/SDKStatCaches.noindex/iphoneos18.1-22B74-a5999746ac4ace560a5a822e68842f47.sdkstatcache -std\=gnu11 -fmodules -fno-implicit-modules -fmax-type-align\=16 -fpascal-strings -fstack-check -fvisibility\=hidden -fvisibility-inlines-hidden-static-local-var -mdarwin-stkchk-strong-link -fno-odr-hash-protocols -pic-level 2 -fencode-extended-block-signature -stack-protector 1 -fgnuc-version\=4.2.1 -fblocks -ffp-contract\=on -fclang-abi-compat\=4.0 -fno-experimental-relative-c++-abi-vtables -fno-file-reproducible -clang-vendor-feature\=+disableNonDependentMemberExprInCurrentInstantiation -clang-vendor-feature\=+enableAggressiveVLAFolding -clang-vendor-feature\=+revert09abecef7bbf -clang-vendor-feature\=+thisNoAlignAttr -clang-vendor-feature\=+thisNoNullAttr -clang-vendor-feature\=+disableAtImportPrivateFrameworkInImplementationError -O2 -fdebug-compilation-dir\=/Users/runner/work/ClaudeFiles/ClaudeFiles -fcoverage-compilation-dir\=/Users/runner/work/ClaudeFiles/ClaudeFiles -fobjc-msgsend-selector-stubs -fregister-global-dtors-with-atexit -fno-strict-return -dwarf-version\=4 -debugger-tuning\=lldb -disable-llvm-verifier -dwarf-ext-refs -mframe-pointer\=non-leaf -funwind-tables\=1 -vectorize-loops -vectorize-slp -clear-ast-before-backend -discard-value-names -main-file-name CSBlob.c -finline-functions -debug-info-kind\=standalone -Os -fdiagnostics-hotness-threshold\=0 -fdiagnostics-misexpect-tolerance\=0 -D __GCC_HAVE_DWARF2_CFI_ASM\=1 -MT dependencies -dependency-file /Users/runner/Library/Developer/Xcode/DerivedData/ClaudeFiles-booopeqlitkdrwgkyxixaicupuay/Build/Intermediates.noindex/ArchiveIntermediates/ClaudeFiles/IntermediateBuildFilesPath/ClaudeFiles.build/Release-iphoneos/ClaudeFiles.build/Objects-normal/arm64/CSBlob.d -skip-unused-modulemap-deps
/Applications/Xcode_16.1.app/Contents/Developer/Toolchains/XcodeDefault.xctoolchain/usr/bin/clang -cc1 -Wundef-prefix\=TARGET_OS_ -fdiagnostics-show-note-include-stack -fmacro-backtrace-limit\=0 -ferror-limit 19 -serialize-diagnostic-file /Users/runner/Library/Developer/Xcode/DerivedData/ClaudeFiles-booopeqlitkdrwgkyxixaicupuay/Build/Intermediates.noindex/ArchiveIntermediates/ClaudeFiles/IntermediateBuildFilesPath/ClaudeFiles.build/Release-iphoneos/ClaudeFiles.build/Objects-normal/arm64/Base64.dia -Wdeprecated-objc-isa-usage -Werror\=deprecated-objc-isa-usage -Werror\=implicit-function-declaration -Wnon-modular-include-in-framework-module -Werror\=non-modular-include-in-framework-module -Wno-trigraphs -Wno-missing-field-initializers -Wno-missing-prototypes -Werror\=return-type -Wdocumentation -Wunreachable-code -Wquoted-include-in-framework-header -Werror\=deprecated-objc-isa-usage -Werror\=objc-root-class -Wno-missing-braces -Wparentheses -Wswitch -Wunused-function -Wno-unused-label -Wno-unused-parameter -Wunused-variable -Wunused-value -Wempty-body -Wuninitialized -Wconditional-uninitialized -Wno-unknown-pragmas -Wno-shadow -Wno-four-char-constants -Wno-conversion -Wconstant-conversion -Wint-conversion -Wbool-conversion -Wenum-conversion -Wno-float-conversion -Wnon-literal-null-conversion -Wobjc-literal-conversion -Wshorten-64-to-32 -Wpointer-sign -Wno-newline-eof -Wno-implicit-fallthrough -Wdeprecated-declarations -Wno-sign-conversion -Winfinite-recursion -Wcomma -Wblock-capture-autoreleasing -Wstrict-prototypes -Wno-semicolon-before-method-body -Wunguarded-availability -Wno-unused-variable -Wno-shorten-64-to-32 -Wno-deprecated-declarations -Wno-unused-function -Wno-format -Wno-comma -Wno-incompatible-pointer-types-discards-qualifiers -Wno-strict-prototypes -Wno-reorder-init-list -Wno-implicit-int-float-conversion -Wno-c99-designator -Wno-final-dtor-non-final-class -Wno-extra-semi-stmt -Wno-misleading-indentation -Wno-implicit-fallthrough -Wno-enum-enum-conversion -Wno-enum-float-conversion -Wno-elaborated-enum-base -Wno-reserved-identifier -Wno-gnu-folding-constant -fmodule-map-file\=/Applications/Xcode_16.1.app/Contents/Developer/Toolchains/XcodeDefault.xctoolchain/usr/lib/clang/16/include/module.modulemap -fmodule-map-file\=/Applications/Xcode_16.1.app/Contents/Developer/Platforms/iPhoneOS.platform/Developer/SDKs/iPhoneOS.sdk/usr/include/c_standard_library.modulemap -o /Users/runner/Library/Developer/Xcode/DerivedData/ClaudeFiles-booopeqlitkdrwgkyxixaicupuay/Build/Intermediates.noindex/ArchiveIntermediates/ClaudeFiles/IntermediateBuildFilesPath/ClaudeFiles.build/Release-iphoneos/ClaudeFiles.build/Objects-normal/arm64/Base64.o -disable-free -emit-obj -x c /Users/runner/work/ClaudeFiles/ClaudeFiles/ClaudeFiles/FilzaJailedDS-SSV-Bypass/XPF/external/ChOma/src/Base64.c -target-abi darwinpcs -target-cpu apple-a7 -target-feature +v8a -target-feature +aes -target-feature +fp-armv8 -target-feature +sha2 -target-feature +neon -target-feature +zcm -target-feature +zcz -triple arm64-apple-ios16.0.0 -target-linker-version 1115.7.3 -target-sdk-version\=18.1 -fmodules-validate-system-headers -fno-modulemap-allow-subdirectory-search -isysroot /Applications/Xcode_16.1.app/Contents/Developer/Platforms/iPhoneOS.platform/Developer/SDKs/iPhoneOS18.1.sdk -resource-dir /Applications/Xcode_16.1.app/Contents/Developer/Toolchains/XcodeDefault.xctoolchain/usr/lib/clang/16 -fmodule-format\=obj -fmodule-file\=_Builtin_stdint\=/Users/runner/Library/Developer/Xcode/DerivedData/ClaudeFiles-booopeqlitkdrwgkyxixaicupuay/Build/Intermediates.noindex/ArchiveIntermediates/ClaudeFiles/IntermediateBuildFilesPath/ExplicitPrecompiledModules/_Builtin_stdint-ADHF6I6G8W6YCXLLFU2L5YLQ4.pcm -fmodule-file\=_stdlib\=/Users/runner/Library/Developer/Xcode/DerivedData/ClaudeFiles-booopeqlitkdrwgkyxixaicupuay/Build/Intermediates.noindex/ArchiveIntermediates/ClaudeFiles/IntermediateBuildFilesPath/ExplicitPrecompiledModules/_stdlib-1DGJ9QEK2CNM6D0JRBI8UT4KH.pcm -I /Users/runner/Library/Developer/Xcode/DerivedData/ClaudeFiles-booopeqlitkdrwgkyxixaicupuay/Build/Intermediates.noindex/ArchiveIntermediates/ClaudeFiles/IntermediateBuildFilesPath/ClaudeFiles.build/Release-iphoneos/ClaudeFiles.build/ClaudeFiles-own-target-headers.hmap -I /Users/runner/Library/Developer/Xcode/DerivedData/ClaudeFiles-booopeqlitkdrwgkyxixaicupuay/Build/Intermediates.noindex/ArchiveIntermediates/ClaudeFiles/IntermediateBuildFilesPath/ClaudeFiles.build/Release-iphoneos/ClaudeFiles.build/ClaudeFiles-all-target-headers.hmap -I /Users/runner/Library/Developer/Xcode/DerivedData/ClaudeFiles-booopeqlitkdrwgkyxixaicupuay/Build/Intermediates.noindex/ArchiveIntermediates/ClaudeFiles/BuildProductsPath/Release-iphoneos/include -I /Users/runner/work/ClaudeFiles/ClaudeFiles/ClaudeFiles/FilzaJailedDS-SSV-Bypass -I /Users/runner/work/ClaudeFiles/ClaudeFiles/ClaudeFiles/FilzaJailedDS-SSV-Bypass/kexploit -I /Users/runner/work/ClaudeFiles/ClaudeFiles/ClaudeFiles/FilzaJailedDS-SSV-Bypass/kpf -I /Users/runner/work/ClaudeFiles/ClaudeFiles/ClaudeFiles/FilzaJailedDS-SSV-Bypass/SSV -I /Users/runner/work/ClaudeFiles/ClaudeFiles/ClaudeFiles/FilzaJailedDS-SSV-Bypass/utils -I /Users/runner/work/ClaudeFiles/ClaudeFiles/ClaudeFiles/FilzaJailedDS-SSV-Bypass/XPF/src -I /Users/runner/work/ClaudeFiles/ClaudeFiles/ClaudeFiles/FilzaJailedDS-SSV-Bypass/XPF/external/ChOma/src -I /Users/runner/work/ClaudeFiles/ClaudeFiles/ClaudeFiles/FilzaJailedDS-SSV-Bypass/XPF/external/ChOma/include -I /Users/runner/work/ClaudeFiles/ClaudeFiles/ClaudeFiles/FilzaJailedDS-SSV-Bypass/shims -I /Users/runner/Library/Developer/Xcode/DerivedData/ClaudeFiles-booopeqlitkdrwgkyxixaicupuay/Build/Intermediates.noindex/ArchiveIntermediates/ClaudeFiles/IntermediateBuildFilesPath/ClaudeFiles.build/Release-iphoneos/ClaudeFiles.build/DerivedSources-normal/arm64 -I /Users/runner/Library/Developer/Xcode/DerivedData/ClaudeFiles-booopeqlitkdrwgkyxixaicupuay/Build/Intermediates.noindex/ArchiveIntermediates/ClaudeFiles/IntermediateBuildFilesPath/ClaudeFiles.build/Release-iphoneos/ClaudeFiles.build/DerivedSources/arm64 -I /Users/runner/Library/Developer/Xcode/DerivedData/ClaudeFiles-booopeqlitkdrwgkyxixaicupuay/Build/Intermediates.noindex/ArchiveIntermediates/ClaudeFiles/IntermediateBuildFilesPath/ClaudeFiles.build/Release-iphoneos/ClaudeFiles.build/DerivedSources -F /Users/runner/Library/Developer/Xcode/DerivedData/ClaudeFiles-booopeqlitkdrwgkyxixaicupuay/Build/Intermediates.noindex/ArchiveIntermediates/ClaudeFiles/BuildProductsPath/Release-iphoneos -iquote /Users/runner/Library/Developer/Xcode/DerivedData/ClaudeFiles-booopeqlitkdrwgkyxixaicupuay/Build/Intermediates.noindex/ArchiveIntermediates/ClaudeFiles/IntermediateBuildFilesPath/ClaudeFiles.build/Release-iphoneos/ClaudeFiles.build/ClaudeFiles-generated-files.hmap -iquote /Users/runner/Library/Developer/Xcode/DerivedData/ClaudeFiles-booopeqlitkdrwgkyxixaicupuay/Build/Intermediates.noindex/ArchiveIntermediates/ClaudeFiles/IntermediateBuildFilesPath/ClaudeFiles.build/Release-iphoneos/ClaudeFiles.build/ClaudeFiles-project-headers.hmap -isystem /Applications/Xcode_16.1.app/Contents/Developer/Platforms/iPhoneOS.platform/Developer/SDKs/iPhoneOS18.1.sdk/usr/local/include -isystem /Applications/Xcode_16.1.app/Contents/Developer/Toolchains/XcodeDefault.xctoolchain/usr/lib/clang/16/include -internal-externc-isystem /Applications/Xcode_16.1.app/Contents/Developer/Platforms/iPhoneOS.platform/Developer/SDKs/iPhoneOS18.1.sdk/usr/include -internal-externc-isystem /Applications/Xcode_16.1.app/Contents/Developer/Toolchains/XcodeDefault.xctoolchain/usr/include -ivfsstatcache /Users/runner/Library/Developer/Xcode/DerivedData/SDKStatCaches.noindex/iphoneos18.1-22B74-a5999746ac4ace560a5a822e68842f47.sdkstatcache -std\=gnu11 -fmodules -fno-implicit-modules -fmax-type-align\=16 -fpascal-strings -fstack-check -fvisibility\=hidden -fvisibility-inlines-hidden-static-local-var -mdarwin-stkchk-strong-link -fno-odr-hash-protocols -pic-level 2 -fencode-extended-block-signature -stack-protector 1 -fgnuc-version\=4.2.1 -fblocks -ffp-contract\=on -fclang-abi-compat\=4.0 -fno-experimental-relative-c++-abi-vtables -fno-file-reproducible -clang-vendor-feature\=+disableNonDependentMemberExprInCurrentInstantiation -clang-vendor-feature\=+enableAggressiveVLAFolding -clang-vendor-feature\=+revert09abecef7bbf -clang-vendor-feature\=+thisNoAlignAttr -clang-vendor-feature\=+thisNoNullAttr -clang-vendor-feature\=+disableAtImportPrivateFrameworkInImplementationError -O2 -fdebug-compilation-dir\=/Users/runner/work/ClaudeFiles/ClaudeFiles -fcoverage-compilation-dir\=/Users/runner/work/ClaudeFiles/ClaudeFiles -fobjc-msgsend-selector-stubs -fregister-global-dtors-with-atexit -fno-strict-return -dwarf-version\=4 -debugger-tuning\=lldb -disable-llvm-verifier -dwarf-ext-refs -mframe-pointer\=non-leaf -funwind-tables\=1 -vectorize-loops -vectorize-slp -clear-ast-before-backend -discard-value-names -main-file-name Base64.c -finline-functions -debug-info-kind\=standalone -Os -fdiagnostics-hotness-threshold\=0 -fdiagnostics-misexpect-tolerance\=0 -D __GCC_HAVE_DWARF2_CFI_ASM\=1 -MT dependencies -dependency-file /Users/runner/Library/Developer/Xcode/DerivedData/ClaudeFiles-booopeqlitkdrwgkyxixaicupuay/Build/Intermediates.noindex/ArchiveIntermediates/ClaudeFiles/IntermediateBuildFilesPath/ClaudeFiles.build/Release-iphoneos/ClaudeFiles.build/Objects-normal/arm64/Base64.d -skip-unused-modulemap-deps
    /Applications/Xcode_16.1.app/Contents/Developer/Toolchains/XcodeDefault.xctoolchain/usr/bin/clang -Xlinker -reproducible -target arm64-apple-ios16.0 -isysroot /Applications/Xcode_16.1.app/Contents/Developer/Platforms/iPhoneOS.platform/Developer/SDKs/iPhoneOS18.1.sdk -Os -L/Users/runner/Library/Developer/Xcode/DerivedData/ClaudeFiles-booopeqlitkdrwgkyxixaicupuay/Build/Intermediates.noindex/ArchiveIntermediates/ClaudeFiles/IntermediateBuildFilesPath/EagerLinkingTBDs/Release-iphoneos -L/Users/runner/Library/Developer/Xcode/DerivedData/ClaudeFiles-booopeqlitkdrwgkyxixaicupuay/Build/Intermediates.noindex/ArchiveIntermediates/ClaudeFiles/BuildProductsPath/Release-iphoneos -F/Users/runner/Library/Developer/Xcode/DerivedData/ClaudeFiles-booopeqlitkdrwgkyxixaicupuay/Build/Intermediates.noindex/ArchiveIntermediates/ClaudeFiles/IntermediateBuildFilesPath/EagerLinkingTBDs/Release-iphoneos -F/Users/runner/Library/Developer/Xcode/DerivedData/ClaudeFiles-booopeqlitkdrwgkyxixaicupuay/Build/Intermediates.noindex/ArchiveIntermediates/ClaudeFiles/BuildProductsPath/Release-iphoneos -filelist /Users/runner/Library/Developer/Xcode/DerivedData/ClaudeFiles-booopeqlitkdrwgkyxixaicupuay/Build/Intermediates.noindex/ArchiveIntermediates/ClaudeFiles/IntermediateBuildFilesPath/ClaudeFiles.build/Release-iphoneos/ClaudeFiles.build/Objects-normal/arm64/ClaudeFiles.LinkFileList -Xlinker -rpath -Xlinker @executable_path/Frameworks -dead_strip -Xlinker -object_path_lto -Xlinker /Users/runner/Library/Developer/Xcode/DerivedData/ClaudeFiles-booopeqlitkdrwgkyxixaicupuay/Build/Intermediates.noindex/ArchiveIntermediates/ClaudeFiles/IntermediateBuildFilesPath/ClaudeFiles.build/Release-iphoneos/ClaudeFiles.build/Objects-normal/arm64/ClaudeFiles_lto.o -Xlinker -final_output -Xlinker /Applications/ClaudeFiles.app/ClaudeFiles -fobjc-arc -fobjc-link-runtime -L/Applications/Xcode_16.1.app/Contents/Developer/Toolchains/XcodeDefault.xctoolchain/usr/lib/swift/iphoneos -L/usr/lib/swift -Xlinker -add_ast_path -Xlinker /Users/runner/Library/Developer/Xcode/DerivedData/ClaudeFiles-booopeqlitkdrwgkyxixaicupuay/Build/Intermediates.noindex/ArchiveIntermediates/ClaudeFiles/IntermediateBuildFilesPath/ClaudeFiles.build/Release-iphoneos/ClaudeFiles.build/Objects-normal/arm64/ClaudeFiles.swiftmodule -Xlinker -dependency_info -Xlinker /Users/runner/Library/Developer/Xcode/DerivedData/ClaudeFiles-booopeqlitkdrwgkyxixaicupuay/Build/Intermediates.noindex/ArchiveIntermediates/ClaudeFiles/IntermediateBuildFilesPath/ClaudeFiles.build/Release-iphoneos/ClaudeFiles.build/Objects-normal/arm64/ClaudeFiles_dependency_info.dat -o /Users/runner/Library/Developer/Xcode/DerivedData/ClaudeFiles-booopeqlitkdrwgkyxixaicupuay/Build/Intermediates.noindex/ArchiveIntermediates/ClaudeFiles/InstallationBuildProductsLocation/Applications/ClaudeFiles.app/ClaudeFiles
ld: warning: Could not parse or use implicit file '/Applications/Xcode_16.1.app/Contents/Developer/Platforms/iPhoneOS.platform/Developer/SDKs/iPhoneOS.sdk/System/Library/Frameworks/SwiftUICore.framework/SwiftUICore.tbd': cannot link directly with 'SwiftUICore' because product being built is not an allowed client of it
Undefined symbols for architecture arm64:
ld: symbol(s) not found for architecture arm64
clang: error: linker command failed with exit code 1 (use -v to see invocation)
--- LAST 80 LINES ---

CompileC /Users/runner/Library/Developer/Xcode/DerivedData/ClaudeFiles-booopeqlitkdrwgkyxixaicupuay/Build/Intermediates.noindex/ArchiveIntermediates/ClaudeFiles/IntermediateBuildFilesPath/ClaudeFiles.build/Release-iphoneos/ClaudeFiles.build/Objects-normal/arm64/DER.o /Users/runner/work/ClaudeFiles/ClaudeFiles/ClaudeFiles/FilzaJailedDS-SSV-Bypass/XPF/external/ChOma/src/DER.c normal arm64 c com.apple.compilers.llvm.clang.1_0.compiler (in target 'ClaudeFiles' from project 'ClaudeFiles')
    cd /Users/runner/work/ClaudeFiles/ClaudeFiles
    
    Using response file: /Users/runner/Library/Developer/Xcode/DerivedData/ClaudeFiles-booopeqlitkdrwgkyxixaicupuay/Build/Intermediates.noindex/ArchiveIntermediates/ClaudeFiles/IntermediateBuildFilesPath/ClaudeFiles.build/Release-iphoneos/ClaudeFiles.build/Objects-normal/arm64/7187679823f38a2a940e0043cdf9d637-common-args.resp
    
    /Applications/Xcode_16.1.app/Contents/Developer/Toolchains/XcodeDefault.xctoolchain/usr/bin/clang -x c -ivfsstatcache /Users/runner/Library/Developer/Xcode/DerivedData/SDKStatCaches.noindex/iphoneos18.1-22B74-a5999746ac4ace560a5a822e68842f47.sdkstatcache -fmessage-length\=0 -fdiagnostics-show-note-include-stack -fmacro-backtrace-limit\=0 -fno-color-diagnostics -fmodules-prune-interval\=86400 -fmodules-prune-after\=345600 -fbuild-session-file\=/Users/runner/Library/Developer/Xcode/DerivedData/ModuleCache.noindex/Session.modulevalidation -fmodules-validate-once-per-build-session -Wnon-modular-include-in-framework-module -Werror\=non-modular-include-in-framework-module -Wno-trigraphs -Wno-missing-field-initializers -Wno-missing-prototypes -Werror\=return-type -Wdocumentation -Wunreachable-code -Wquoted-include-in-framework-header -Werror\=deprecated-objc-isa-usage -Werror\=objc-root-class -Wno-missing-braces -Wparentheses -Wswitch -Wunused-function -Wno-unused-label -Wno-unused-parameter -Wunused-variable -Wunused-value -Wempty-body -Wuninitialized -Wconditional-uninitialized -Wno-unknown-pragmas -Wno-shadow -Wno-four-char-constants -Wno-conversion -Wconstant-conversion -Wint-conversion -Wbool-conversion -Wenum-conversion -Wno-float-conversion -Wnon-literal-null-conversion -Wobjc-literal-conversion -Wshorten-64-to-32 -Wpointer-sign -Wno-newline-eof -Wno-implicit-fallthrough -fstrict-aliasing -Wdeprecated-declarations -Wno-sign-conversion -Winfinite-recursion -Wcomma -Wblock-capture-autoreleasing -Wstrict-prototypes -Wno-semicolon-before-method-body -Wunguarded-availability -Wno-unused-variable -Wno-shorten-64-to-32 -Wno-deprecated-declarations -Wno-unused-function -Wno-format -Wno-comma -Wno-incompatible-pointer-types-discards-qualifiers -Wno-strict-prototypes @/Users/runner/Library/Developer/Xcode/DerivedData/ClaudeFiles-booopeqlitkdrwgkyxixaicupuay/Build/Intermediates.noindex/ArchiveIntermediates/ClaudeFiles/IntermediateBuildFilesPath/ClaudeFiles.build/Release-iphoneos/ClaudeFiles.build/Objects-normal/arm64/7187679823f38a2a940e0043cdf9d637-common-args.resp -MMD -MT dependencies -MF /Users/runner/Library/Developer/Xcode/DerivedData/ClaudeFiles-booopeqlitkdrwgkyxixaicupuay/Build/Intermediates.noindex/ArchiveIntermediates/ClaudeFiles/IntermediateBuildFilesPath/ClaudeFiles.build/Release-iphoneos/ClaudeFiles.build/Objects-normal/arm64/DER.d --serialize-diagnostics /Users/runner/Library/Developer/Xcode/DerivedData/ClaudeFiles-booopeqlitkdrwgkyxixaicupuay/Build/Intermediates.noindex/ArchiveIntermediates/ClaudeFiles/IntermediateBuildFilesPath/ClaudeFiles.build/Release-iphoneos/ClaudeFiles.build/Objects-normal/arm64/DER.dia -c /Users/runner/work/ClaudeFiles/ClaudeFiles/ClaudeFiles/FilzaJailedDS-SSV-Bypass/XPF/external/ChOma/src/DER.c -o /Users/runner/Library/Developer/Xcode/DerivedData/ClaudeFiles-booopeqlitkdrwgkyxixaicupuay/Build/Intermediates.noindex/ArchiveIntermediates/ClaudeFiles/IntermediateBuildFilesPath/ClaudeFiles.build/Release-iphoneos/ClaudeFiles.build/Objects-normal/arm64/DER.o
/Applications/Xcode_16.1.app/Contents/Developer/Toolchains/XcodeDefault.xctoolchain/usr/bin/clang -cc1 -Wundef-prefix\=TARGET_OS_ -fdiagnostics-show-note-include-stack -fmacro-backtrace-limit\=0 -ferror-limit 19 -serialize-diagnostic-file /Users/runner/Library/Developer/Xcode/DerivedData/ClaudeFiles-booopeqlitkdrwgkyxixaicupuay/Build/Intermediates.noindex/ArchiveIntermediates/ClaudeFiles/IntermediateBuildFilesPath/ClaudeFiles.build/Release-iphoneos/ClaudeFiles.build/Objects-normal/arm64/DER.dia -Wdeprecated-objc-isa-usage -Werror\=deprecated-objc-isa-usage -Werror\=implicit-function-declaration -Wnon-modular-include-in-framework-module -Werror\=non-modular-include-in-framework-module -Wno-trigraphs -Wno-missing-field-initializers -Wno-missing-prototypes -Werror\=return-type -Wdocumentation -Wunreachable-code -Wquoted-include-in-framework-header -Werror\=deprecated-objc-isa-usage -Werror\=objc-root-class -Wno-missing-braces -Wparentheses -Wswitch -Wunused-function -Wno-unused-label -Wno-unused-parameter -Wunused-variable -Wunused-value -Wempty-body -Wuninitialized -Wconditional-uninitialized -Wno-unknown-pragmas -Wno-shadow -Wno-four-char-constants -Wno-conversion -Wconstant-conversion -Wint-conversion -Wbool-conversion -Wenum-conversion -Wno-float-conversion -Wnon-literal-null-conversion -Wobjc-literal-conversion -Wshorten-64-to-32 -Wpointer-sign -Wno-newline-eof -Wno-implicit-fallthrough -Wdeprecated-declarations -Wno-sign-conversion -Winfinite-recursion -Wcomma -Wblock-capture-autoreleasing -Wstrict-prototypes -Wno-semicolon-before-method-body -Wunguarded-availability -Wno-unused-variable -Wno-shorten-64-to-32 -Wno-deprecated-declarations -Wno-unused-function -Wno-format -Wno-comma -Wno-incompatible-pointer-types-discards-qualifiers -Wno-strict-prototypes -Wno-reorder-init-list -Wno-implicit-int-float-conversion -Wno-c99-designator -Wno-final-dtor-non-final-class -Wno-extra-semi-stmt -Wno-misleading-indentation -Wno-implicit-fallthrough -Wno-enum-enum-conversion -Wno-enum-float-conversion -Wno-elaborated-enum-base -Wno-reserved-identifier -Wno-gnu-folding-constant -fmodule-map-file\=/Applications/Xcode_16.1.app/Contents/Developer/Toolchains/XcodeDefault.xctoolchain/usr/lib/clang/16/include/module.modulemap -fmodule-map-file\=/Applications/Xcode_16.1.app/Contents/Developer/Platforms/iPhoneOS.platform/Developer/SDKs/iPhoneOS.sdk/usr/include/c_standard_library.modulemap -fmodule-map-file\=/Applications/Xcode_16.1.app/Contents/Developer/Platforms/iPhoneOS.platform/Developer/SDKs/iPhoneOS.sdk/usr/include/c_standard_library.modulemap -fmodule-map-file\=/Applications/Xcode_16.1.app/Contents/Developer/Toolchains/XcodeDefault.xctoolchain/usr/lib/clang/16/include/module.modulemap -fmodule-map-file\=/Applications/Xcode_16.1.app/Contents/Developer/Platforms/iPhoneOS.platform/Developer/SDKs/iPhoneOS.sdk/System/Library/Frameworks/CoreFoundation.framework/Modules/module.modulemap -fmodule-map-file\=/Applications/Xcode_16.1.app/Contents/Developer/Platforms/iPhoneOS.platform/Developer/SDKs/iPhoneOS.sdk/usr/include/c_standard_library.modulemap -fmodule-map-file\=/Applications/Xcode_16.1.app/Contents/Developer/Platforms/iPhoneOS.platform/Developer/SDKs/iPhoneOS.sdk/usr/include/Darwin.modulemap -o /Users/runner/Library/Developer/Xcode/DerivedData/ClaudeFiles-booopeqlitkdrwgkyxixaicupuay/Build/Intermediates.noindex/ArchiveIntermediates/ClaudeFiles/IntermediateBuildFilesPath/ClaudeFiles.build/Release-iphoneos/ClaudeFiles.build/Objects-normal/arm64/DER.o -disable-free -emit-obj -x c /Users/runner/work/ClaudeFiles/ClaudeFiles/ClaudeFiles/FilzaJailedDS-SSV-Bypass/XPF/external/ChOma/src/DER.c -target-abi darwinpcs -target-cpu apple-a7 -target-feature +v8a -target-feature +aes -target-feature +fp-armv8 -target-feature +sha2 -target-feature +neon -target-feature +zcm -target-feature +zcz -triple arm64-apple-ios16.0.0 -target-linker-version 1115.7.3 -target-sdk-version\=18.1 -fmodules-validate-system-headers -fno-modulemap-allow-subdirectory-search -isysroot /Applications/Xcode_16.1.app/Contents/Developer/Platforms/iPhoneOS.platform/Developer/SDKs/iPhoneOS18.1.sdk -resource-dir /Applications/Xcode_16.1.app/Contents/Developer/Toolchains/XcodeDefault.xctoolchain/usr/lib/clang/16 -fmodule-format\=obj -fmodule-file\=CoreFoundation\=/Users/runner/Library/Developer/Xcode/DerivedData/ClaudeFiles-booopeqlitkdrwgkyxixaicupuay/Build/Intermediates.noindex/ArchiveIntermediates/ClaudeFiles/IntermediateBuildFilesPath/ExplicitPrecompiledModules/CoreFoundation-C3L2YPFTDVGUQ6DFNVYS7NA31.pcm -fmodule-file\=Darwin\=/Users/runner/Library/Developer/Xcode/DerivedData/ClaudeFiles-booopeqlitkdrwgkyxixaicupuay/Build/Intermediates.noindex/ArchiveIntermediates/ClaudeFiles/IntermediateBuildFilesPath/ExplicitPrecompiledModules/Darwin-COT7K8GGHLREC37DHP0X0E15Q.pcm -fmodule-file\=_Builtin_stdbool\=/Users/runner/Library/Developer/Xcode/DerivedData/ClaudeFiles-booopeqlitkdrwgkyxixaicupuay/Build/Intermediates.noindex/ArchiveIntermediates/ClaudeFiles/IntermediateBuildFilesPath/ExplicitPrecompiledModules/_Builtin_stdbool-C7K6GWKHFZFLHIMXKBYGYW5P1.pcm -fmodule-file\=_Builtin_stdint\=/Users/runner/Library/Developer/Xcode/DerivedData/ClaudeFiles-booopeqlitkdrwgkyxixaicupuay/Build/Intermediates.noindex/ArchiveIntermediates/ClaudeFiles/IntermediateBuildFilesPath/ExplicitPrecompiledModules/_Builtin_stdint-ADHF6I6G8W6YCXLLFU2L5YLQ4.pcm -fmodule-file\=_stdio\=/Users/runner/Library/Developer/Xcode/DerivedData/ClaudeFiles-booopeqlitkdrwgkyxixaicupuay/Build/Intermediates.noindex/ArchiveIntermediates/ClaudeFiles/IntermediateBuildFilesPath/ExplicitPrecompiledModules/_stdio-8X9QF2A38P5VPKQT9GHP1DVX4.pcm -fmodule-file\=_stdlib\=/Users/runner/Library/Developer/Xcode/DerivedData/ClaudeFiles-booopeqlitkdrwgkyxixaicupuay/Build/Intermediates.noindex/ArchiveIntermediates/ClaudeFiles/IntermediateBuildFilesPath/ExplicitPrecompiledModules/_stdlib-1DGJ9QEK2CNM6D0JRBI8UT4KH.pcm -fmodule-file\=_string\=/Users/runner/Library/Developer/Xcode/DerivedData/ClaudeFiles-booopeqlitkdrwgkyxixaicupuay/Build/Intermediates.noindex/ArchiveIntermediates/ClaudeFiles/IntermediateBuildFilesPath/ExplicitPrecompiledModules/_string-6FRUJBTOZ639LEJJR0TNLH8R0.pcm -I /Users/runner/Library/Developer/Xcode/DerivedData/ClaudeFiles-booopeqlitkdrwgkyxixaicupuay/Build/Intermediates.noindex/ArchiveIntermediates/ClaudeFiles/IntermediateBuildFilesPath/ClaudeFiles.build/Release-iphoneos/ClaudeFiles.build/ClaudeFiles-own-target-headers.hmap -I /Users/runner/Library/Developer/Xcode/DerivedData/ClaudeFiles-booopeqlitkdrwgkyxixaicupuay/Build/Intermediates.noindex/ArchiveIntermediates/ClaudeFiles/IntermediateBuildFilesPath/ClaudeFiles.build/Release-iphoneos/ClaudeFiles.build/ClaudeFiles-all-target-headers.hmap -I /Users/runner/Library/Developer/Xcode/DerivedData/ClaudeFiles-booopeqlitkdrwgkyxixaicupuay/Build/Intermediates.noindex/ArchiveIntermediates/ClaudeFiles/BuildProductsPath/Release-iphoneos/include -I /Users/runner/work/ClaudeFiles/ClaudeFiles/ClaudeFiles/FilzaJailedDS-SSV-Bypass -I /Users/runner/work/ClaudeFiles/ClaudeFiles/ClaudeFiles/FilzaJailedDS-SSV-Bypass/kexploit -I /Users/runner/work/ClaudeFiles/ClaudeFiles/ClaudeFiles/FilzaJailedDS-SSV-Bypass/kpf -I /Users/runner/work/ClaudeFiles/ClaudeFiles/ClaudeFiles/FilzaJailedDS-SSV-Bypass/SSV -I /Users/runner/work/ClaudeFiles/ClaudeFiles/ClaudeFiles/FilzaJailedDS-SSV-Bypass/utils -I /Users/runner/work/ClaudeFiles/ClaudeFiles/ClaudeFiles/FilzaJailedDS-SSV-Bypass/XPF/src -I /Users/runner/work/ClaudeFiles/ClaudeFiles/ClaudeFiles/FilzaJailedDS-SSV-Bypass/XPF/external/ChOma/src -I /Users/runner/work/ClaudeFiles/ClaudeFiles/ClaudeFiles/FilzaJailedDS-SSV-Bypass/XPF/external/ChOma/include -I /Users/runner/work/ClaudeFiles/ClaudeFiles/ClaudeFiles/FilzaJailedDS-SSV-Bypass/shims -I /Users/runner/Library/Developer/Xcode/DerivedData/ClaudeFiles-booopeqlitkdrwgkyxixaicupuay/Build/Intermediates.noindex/ArchiveIntermediates/ClaudeFiles/IntermediateBuildFilesPath/ClaudeFiles.build/Release-iphoneos/ClaudeFiles.build/DerivedSources-normal/arm64 -I /Users/runner/Library/Developer/Xcode/DerivedData/ClaudeFiles-booopeqlitkdrwgkyxixaicupuay/Build/Intermediates.noindex/ArchiveIntermediates/ClaudeFiles/IntermediateBuildFilesPath/ClaudeFiles.build/Release-iphoneos/ClaudeFiles.build/DerivedSources/arm64 -I /Users/runner/Library/Developer/Xcode/DerivedData/ClaudeFiles-booopeqlitkdrwgkyxixaicupuay/Build/Intermediates.noindex/ArchiveIntermediates/ClaudeFiles/IntermediateBuildFilesPath/ClaudeFiles.build/Release-iphoneos/ClaudeFiles.build/DerivedSources -F /Users/runner/Library/Developer/Xcode/DerivedData/ClaudeFiles-booopeqlitkdrwgkyxixaicupuay/Build/Intermediates.noindex/ArchiveIntermediates/ClaudeFiles/BuildProductsPath/Release-iphoneos -iquote /Users/runner/Library/Developer/Xcode/DerivedData/ClaudeFiles-booopeqlitkdrwgkyxixaicupuay/Build/Intermediates.noindex/ArchiveIntermediates/ClaudeFiles/IntermediateBuildFilesPath/ClaudeFiles.build/Release-iphoneos/ClaudeFiles.build/ClaudeFiles-generated-files.hmap -iquote /Users/runner/Library/Developer/Xcode/DerivedData/ClaudeFiles-booopeqlitkdrwgkyxixaicupuay/Build/Intermediates.noindex/ArchiveIntermediates/ClaudeFiles/IntermediateBuildFilesPath/ClaudeFiles.build/Release-iphoneos/ClaudeFiles.build/ClaudeFiles-project-headers.hmap -isystem /Applications/Xcode_16.1.app/Contents/Developer/Platforms/iPhoneOS.platform/Developer/SDKs/iPhoneOS18.1.sdk/usr/local/include -isystem /Applications/Xcode_16.1.app/Contents/Developer/Toolchains/XcodeDefault.xctoolchain/usr/lib/clang/16/include -internal-externc-isystem /Applications/Xcode_16.1.app/Contents/Developer/Platforms/iPhoneOS.platform/Developer/SDKs/iPhoneOS18.1.sdk/usr/include -internal-externc-isystem /Applications/Xcode_16.1.app/Contents/Developer/Toolchains/XcodeDefault.xctoolchain/usr/include -ivfsstatcache /Users/runner/Library/Developer/Xcode/DerivedData/SDKStatCaches.noindex/iphoneos18.1-22B74-a5999746ac4ace560a5a822e68842f47.sdkstatcache -std\=gnu11 -fmodules -fno-implicit-modules -fmax-type-align\=16 -fpascal-strings -fstack-check -fvisibility\=hidden -fvisibility-inlines-hidden-static-local-var -mdarwin-stkchk-strong-link -fno-odr-hash-protocols -pic-level 2 -fencode-extended-block-signature -stack-protector 1 -fgnuc-version\=4.2.1 -fblocks -ffp-contract\=on -fclang-abi-compat\=4.0 -fno-experimental-relative-c++-abi-vtables -fno-file-reproducible -clang-vendor-feature\=+disableNonDependentMemberExprInCurrentInstantiation -clang-vendor-feature\=+enableAggressiveVLAFolding -clang-vendor-feature\=+revert09abecef7bbf -clang-vendor-feature\=+thisNoAlignAttr -clang-vendor-feature\=+thisNoNullAttr -clang-vendor-feature\=+disableAtImportPrivateFrameworkInImplementationError -O2 -fdebug-compilation-dir\=/Users/runner/work/ClaudeFiles/ClaudeFiles -fcoverage-compilation-dir\=/Users/runner/work/ClaudeFiles/ClaudeFiles -fobjc-msgsend-selector-stubs -fregister-global-dtors-with-atexit -fno-strict-return -dwarf-version\=4 -debugger-tuning\=lldb -disable-llvm-verifier -dwarf-ext-refs -mframe-pointer\=non-leaf -funwind-tables\=1 -vectorize-loops -vectorize-slp -clear-ast-before-backend -discard-value-names -main-file-name DER.c -finline-functions -debug-info-kind\=standalone -Os -fdiagnostics-hotness-threshold\=0 -fdiagnostics-misexpect-tolerance\=0 -D __GCC_HAVE_DWARF2_CFI_ASM\=1 -MT dependencies -dependency-file /Users/runner/Library/Developer/Xcode/DerivedData/ClaudeFiles-booopeqlitkdrwgkyxixaicupuay/Build/Intermediates.noindex/ArchiveIntermediates/ClaudeFiles/IntermediateBuildFilesPath/ClaudeFiles.build/Release-iphoneos/ClaudeFiles.build/Objects-normal/arm64/DER.d -skip-unused-modulemap-deps

PrecompileModule /Users/runner/Library/Developer/Xcode/DerivedData/ClaudeFiles-booopeqlitkdrwgkyxixaicupuay/Build/Intermediates.noindex/ArchiveIntermediates/ClaudeFiles/IntermediateBuildFilesPath/ExplicitPrecompiledModules/CommonCrypto-3C05VJJ58JY67RO8UV8VUEIJL.scan
    cd /Users/runner/work/ClaudeFiles/ClaudeFiles
    builtin-precompileModule /Users/runner/Library/Developer/Xcode/DerivedData/ClaudeFiles-booopeqlitkdrwgkyxixaicupuay/Build/Intermediates.noindex/ArchiveIntermediates/ClaudeFiles/IntermediateBuildFilesPath/ExplicitPrecompiledModules/CommonCrypto-3C05VJJ58JY67RO8UV8VUEIJL.scan
/Applications/Xcode_16.1.app/Contents/Developer/Toolchains/XcodeDefault.xctoolchain/usr/bin/clang -cc1 -fdiagnostics-show-note-include-stack -fmacro-backtrace-limit\=0 -ferror-limit 19 -serialize-diagnostic-file /Users/runner/Library/Developer/Xcode/DerivedData/ClaudeFiles-booopeqlitkdrwgkyxixaicupuay/Build/Intermediates.noindex/ArchiveIntermediates/ClaudeFiles/IntermediateBuildFilesPath/ExplicitPrecompiledModules/CommonCrypto-3C05VJJ58JY67RO8UV8VUEIJL.dia -fsystem-module -fmodule-map-file\=/Applications/Xcode_16.1.app/Contents/Developer/Toolchains/XcodeDefault.xctoolchain/usr/lib/clang/16/include/module.modulemap -fmodule-map-file\=/Applications/Xcode_16.1.app/Contents/Developer/Platforms/iPhoneOS.platform/Developer/SDKs/iPhoneOS18.1.sdk/usr/include/DarwinBasic.modulemap -fmodule-map-file\=/Applications/Xcode_16.1.app/Contents/Developer/Platforms/iPhoneOS.platform/Developer/SDKs/iPhoneOS18.1.sdk/usr/include/c_standard_library.modulemap -fmodule-map-file\=/Applications/Xcode_16.1.app/Contents/Developer/Platforms/iPhoneOS.platform/Developer/SDKs/iPhoneOS18.1.sdk/usr/include/os_availability.modulemap -o /Users/runner/Library/Developer/Xcode/DerivedData/ClaudeFiles-booopeqlitkdrwgkyxixaicupuay/Build/Intermediates.noindex/ArchiveIntermediates/ClaudeFiles/IntermediateBuildFilesPath/ExplicitPrecompiledModules/CommonCrypto-3C05VJJ58JY67RO8UV8VUEIJL.pcm -disable-free -emit-module -x c /Applications/Xcode_16.1.app/Contents/Developer/Platforms/iPhoneOS.platform/Developer/SDKs/iPhoneOS.sdk/usr/include/CommonCrypto/module.modulemap -target-abi darwinpcs -target-cpu apple-a7 -target-feature +v8a -target-feature +aes -target-feature +fp-armv8 -target-feature +sha2 -target-feature +neon -target-feature +zcm -target-feature +zcz -triple arm64-apple-ios16.0.0 -target-linker-version 1115.7.3 -target-sdk-version\=18.1 -fmodules-validate-system-headers -fno-modules-prune-non-affecting-module-map-files -fno-modulemap-allow-subdirectory-search -isysroot /Applications/Xcode_16.1.app/Contents/Developer/Platforms/iPhoneOS.platform/Developer/SDKs/iPhoneOS18.1.sdk -resource-dir /Applications/Xcode_16.1.app/Contents/Developer/Toolchains/XcodeDefault.xctoolchain/usr/lib/clang/16 -fmodule-format\=obj -fmodule-file\=_Builtin_limits\=/Users/runner/Library/Developer/Xcode/DerivedData/ClaudeFiles-booopeqlitkdrwgkyxixaicupuay/Build/Intermediates.noindex/ArchiveIntermediates/ClaudeFiles/IntermediateBuildFilesPath/ExplicitPrecompiledModules/_Builtin_limits-2GSP78PDZ3DNG8TSHCDK4TFGP.pcm -fmodule-file\=_Builtin_stdbool\=/Users/runner/Library/Developer/Xcode/DerivedData/ClaudeFiles-booopeqlitkdrwgkyxixaicupuay/Build/Intermediates.noindex/ArchiveIntermediates/ClaudeFiles/IntermediateBuildFilesPath/ExplicitPrecompiledModules/_Builtin_stdbool-C7K6GWKHFZFLHIMXKBYGYW5P1.pcm -fmodule-file\=_Builtin_stddef\=/Users/runner/Library/Developer/Xcode/DerivedData/ClaudeFiles-booopeqlitkdrwgkyxixaicupuay/Build/Intermediates.noindex/ArchiveIntermediates/ClaudeFiles/IntermediateBuildFilesPath/ExplicitPrecompiledModules/_Builtin_stddef-8AR0LDIW298TYOBH82AB4ZCBU.pcm -fmodule-file\=_Builtin_stdint\=/Users/runner/Library/Developer/Xcode/DerivedData/ClaudeFiles-booopeqlitkdrwgkyxixaicupuay/Build/Intermediates.noindex/ArchiveIntermediates/ClaudeFiles/IntermediateBuildFilesPath/ExplicitPrecompiledModules/_Builtin_stdint-ADHF6I6G8W6YCXLLFU2L5YLQ4.pcm -fmodule-file\=_stdlib\=/Users/runner/Library/Developer/Xcode/DerivedData/ClaudeFiles-booopeqlitkdrwgkyxixaicupuay/Build/Intermediates.noindex/ArchiveIntermediates/ClaudeFiles/IntermediateBuildFilesPath/ExplicitPrecompiledModules/_stdlib-1DGJ9QEK2CNM6D0JRBI8UT4KH.pcm -fmodule-file\=_string\=/Users/runner/Library/Developer/Xcode/DerivedData/ClaudeFiles-booopeqlitkdrwgkyxixaicupuay/Build/Intermediates.noindex/ArchiveIntermediates/ClaudeFiles/IntermediateBuildFilesPath/ExplicitPrecompiledModules/_string-6FRUJBTOZ639LEJJR0TNLH8R0.pcm -fmodule-file\=os_availability\=/Users/runner/Library/Developer/Xcode/DerivedData/ClaudeFiles-booopeqlitkdrwgkyxixaicupuay/Build/Intermediates.noindex/ArchiveIntermediates/ClaudeFiles/IntermediateBuildFilesPath/ExplicitPrecompiledModules/os_availability-BEW3JUTMJFVYZY456Z92S5KXV.pcm -fmodule-file\=sys_types\=/Users/runner/Library/Developer/Xcode/DerivedData/ClaudeFiles-booopeqlitkdrwgkyxixaicupuay/Build/Intermediates.noindex/ArchiveIntermediates/ClaudeFiles/IntermediateBuildFilesPath/ExplicitPrecompiledModules/sys_types-7YDZ4PQ40JAXREB94IZZCB6XH.pcm -isystem /Applications/Xcode_16.1.app/Contents/Developer/Toolchains/XcodeDefault.xctoolchain/usr/lib/clang/16/include -internal-externc-isystem /Applications/Xcode_16.1.app/Contents/Developer/Platforms/iPhoneOS.platform/Developer/SDKs/iPhoneOS18.1.sdk/usr/include -ivfsstatcache /Users/runner/Library/Developer/Xcode/DerivedData/SDKStatCaches.noindex/iphoneos18.1-22B74-a5999746ac4ace560a5a822e68842f47.sdkstatcache -std\=gnu11 -fmodules -fmodule-name\=CommonCrypto -fmodules-search-all -fno-implicit-modules -fmax-type-align\=16 -fstack-check -mdarwin-stkchk-strong-link -fno-odr-hash-protocols -pic-level 2 -disable-objc-default-synthesize-properties -stack-protector 1 -fgnuc-version\=4.2.1 -fblocks -ffp-contract\=off -fclang-abi-compat\=4.0 -fno-experimental-relative-c++-abi-vtables -fno-file-reproducible -clang-vendor-feature\=+disableNonDependentMemberExprInCurrentInstantiation -clang-vendor-feature\=+enableAggressiveVLAFolding -clang-vendor-feature\=+revert09abecef7bbf -clang-vendor-feature\=+thisNoAlignAttr -clang-vendor-feature\=+thisNoNullAttr -clang-vendor-feature\=+disableAtImportPrivateFrameworkInImplementationError -O2 -fcommon -fno-sanitize-address-use-odr-indicator -fno-sanitize-memory-param-retval -fmerge-all-constants -fno-verbose-asm -fregister-global-dtors-with-atexit -fno-use-init-array -funique-basic-block-section-names -dwarf-version\=4 -debugger-tuning\=lldb -llvm-verify-each -dwarf-ext-refs -no-struct-path-tbaa -fexperimental-assignment-tracking\=disabled -no-enable-noundef-analysis -stack-protector-buffer-size 0 -finline-functions -debug-info-kind\=standalone -Os -fno-unroll-loops -fdiagnostics-hotness-threshold\=0 -fdiagnostics-misexpect-tolerance\=0 -fno-split-cold-code -D __GCC_HAVE_DWARF2_CFI_ASM\=1 -MT moduledependenciestarget -dependency-file /Users/runner/Library/Developer/Xcode/DerivedData/ClaudeFiles-booopeqlitkdrwgkyxixaicupuay/Build/Intermediates.noindex/ArchiveIntermediates/ClaudeFiles/IntermediateBuildFilesPath/ExplicitPrecompiledModules/CommonCrypto-3C05VJJ58JY67RO8UV8VUEIJL.d -skip-unused-modulemap-deps

ScanDependencies /Users/runner/Library/Developer/Xcode/DerivedData/ClaudeFiles-booopeqlitkdrwgkyxixaicupuay/Build/Intermediates.noindex/ArchiveIntermediates/ClaudeFiles/IntermediateBuildFilesPath/ClaudeFiles.build/Release-iphoneos/ClaudeFiles.build/Objects-normal/arm64/BufferedStream.o /Users/runner/work/ClaudeFiles/ClaudeFiles/ClaudeFiles/FilzaJailedDS-SSV-Bypass/XPF/external/ChOma/src/BufferedStream.c normal arm64 c com.apple.compilers.llvm.clang.1_0.compiler (in target 'ClaudeFiles' from project 'ClaudeFiles')
    cd /Users/runner/work/ClaudeFiles/ClaudeFiles
    
    Using response file: /Users/runner/Library/Developer/Xcode/DerivedData/ClaudeFiles-booopeqlitkdrwgkyxixaicupuay/Build/Intermediates.noindex/ArchiveIntermediates/ClaudeFiles/IntermediateBuildFilesPath/ClaudeFiles.build/Release-iphoneos/ClaudeFiles.build/Objects-normal/arm64/7187679823f38a2a940e0043cdf9d637-common-args.resp
    
    builtin-ScanDependencies -o /Users/runner/Library/Developer/Xcode/DerivedData/ClaudeFiles-booopeqlitkdrwgkyxixaicupuay/Build/Intermediates.noindex/ArchiveIntermediates/ClaudeFiles/IntermediateBuildFilesPath/ClaudeFiles.build/Release-iphoneos/ClaudeFiles.build/Objects-normal/arm64/BufferedStream.o.scan -- /Applications/Xcode_16.1.app/Contents/Developer/Toolchains/XcodeDefault.xctoolchain/usr/bin/clang -x c -ivfsstatcache /Users/runner/Library/Developer/Xcode/DerivedData/SDKStatCaches.noindex/iphoneos18.1-22B74-a5999746ac4ace560a5a822e68842f47.sdkstatcache -fmessage-length\=0 -fdiagnostics-show-note-include-stack -fmacro-backtrace-limit\=0 -fno-color-diagnostics -fmodules-prune-interval\=86400 -fmodules-prune-after\=345600 -fbuild-session-file\=/Users/runner/Library/Developer/Xcode/DerivedData/ModuleCache.noindex/Session.modulevalidation -fmodules-validate-once-per-build-session -Wnon-modular-include-in-framework-module -Werror\=non-modular-include-in-framework-module -Wno-trigraphs -Wno-missing-field-initializers -Wno-missing-prototypes -Werror\=return-type -Wdocumentation -Wunreachable-code -Wquoted-include-in-framework-header -Werror\=deprecated-objc-isa-usage -Werror\=objc-root-class -Wno-missing-braces -Wparentheses -Wswitch -Wunused-function -Wno-unused-label -Wno-unused-parameter -Wunused-variable -Wunused-value -Wempty-body -Wuninitialized -Wconditional-uninitialized -Wno-unknown-pragmas -Wno-shadow -Wno-four-char-constants -Wno-conversion -Wconstant-conversion -Wint-conversion -Wbool-conversion -Wenum-conversion -Wno-float-conversion -Wnon-literal-null-conversion -Wobjc-literal-conversion -Wshorten-64-to-32 -Wpointer-sign -Wno-newline-eof -Wno-implicit-fallthrough -fstrict-aliasing -Wdeprecated-declarations -Wno-sign-conversion -Winfinite-recursion -Wcomma -Wblock-capture-autoreleasing -Wstrict-prototypes -Wno-semicolon-before-method-body -Wunguarded-availability -Wno-unused-variable -Wno-shorten-64-to-32 -Wno-deprecated-declarations -Wno-unused-function -Wno-format -Wno-comma -Wno-incompatible-pointer-types-discards-qualifiers -Wno-strict-prototypes @/Users/runner/Library/Developer/Xcode/DerivedData/ClaudeFiles-booopeqlitkdrwgkyxixaicupuay/Build/Intermediates.noindex/ArchiveIntermediates/ClaudeFiles/IntermediateBuildFilesPath/ClaudeFiles.build/Release-iphoneos/ClaudeFiles.build/Objects-normal/arm64/7187679823f38a2a940e0043cdf9d637-common-args.resp -MMD -MT dependencies -MF /Users/runner/Library/Developer/Xcode/DerivedData/ClaudeFiles-booopeqlitkdrwgkyxixaicupuay/Build/Intermediates.noindex/ArchiveIntermediates/ClaudeFiles/IntermediateBuildFilesPath/ClaudeFiles.build/Release-iphoneos/ClaudeFiles.build/Objects-normal/arm64/BufferedStream.d --serialize-diagnostics /Users/runner/Library/Developer/Xcode/DerivedData/ClaudeFiles-booopeqlitkdrwgkyxixaicupuay/Build/Intermediates.noindex/ArchiveIntermediates/ClaudeFiles/IntermediateBuildFilesPath/ClaudeFiles.build/Release-iphoneos/ClaudeFiles.build/Objects-normal/arm64/BufferedStream.dia -c /Users/runner/work/ClaudeFiles/ClaudeFiles/ClaudeFiles/FilzaJailedDS-SSV-Bypass/XPF/external/ChOma/src/BufferedStream.c -o /Users/runner/Library/Developer/Xcode/DerivedData/ClaudeFiles-booopeqlitkdrwgkyxixaicupuay/Build/Intermediates.noindex/ArchiveIntermediates/ClaudeFiles/IntermediateBuildFilesPath/ClaudeFiles.build/Release-iphoneos/ClaudeFiles.build/Objects-normal/arm64/BufferedStream.o

ScanDependencies /Users/runner/Library/Developer/Xcode/DerivedData/ClaudeFiles-booopeqlitkdrwgkyxixaicupuay/Build/Intermediates.noindex/ArchiveIntermediates/ClaudeFiles/IntermediateBuildFilesPath/ClaudeFiles.build/Release-iphoneos/ClaudeFiles.build/Objects-normal/arm64/Base64.o /Users/runner/work/ClaudeFiles/ClaudeFiles/ClaudeFiles/FilzaJailedDS-SSV-Bypass/XPF/external/ChOma/src/Base64.c normal arm64 c com.apple.compilers.llvm.clang.1_0.compiler (in target 'ClaudeFiles' from project 'ClaudeFiles')
    cd /Users/runner/work/ClaudeFiles/ClaudeFiles
    
    Using response file: /Users/runner/Library/Developer/Xcode/DerivedData/ClaudeFiles-booopeqlitkdrwgkyxixaicupuay/Build/Intermediates.noindex/ArchiveIntermediates/ClaudeFiles/IntermediateBuildFilesPath/ClaudeFiles.build/Release-iphoneos/ClaudeFiles.build/Objects-normal/arm64/7187679823f38a2a940e0043cdf9d637-common-args.resp
    
    builtin-ScanDependencies -o /Users/runner/Library/Developer/Xcode/DerivedData/ClaudeFiles-booopeqlitkdrwgkyxixaicupuay/Build/Intermediates.noindex/ArchiveIntermediates/ClaudeFiles/IntermediateBuildFilesPath/ClaudeFiles.build/Release-iphoneos/ClaudeFiles.build/Objects-normal/arm64/Base64.o.scan -- /Applications/Xcode_16.1.app/Contents/Developer/Toolchains/XcodeDefault.xctoolchain/usr/bin/clang -x c -ivfsstatcache /Users/runner/Library/Developer/Xcode/DerivedData/SDKStatCaches.noindex/iphoneos18.1-22B74-a5999746ac4ace560a5a822e68842f47.sdkstatcache -fmessage-length\=0 -fdiagnostics-show-note-include-stack -fmacro-backtrace-limit\=0 -fno-color-diagnostics -fmodules-prune-interval\=86400 -fmodules-prune-after\=345600 -fbuild-session-file\=/Users/runner/Library/Developer/Xcode/DerivedData/ModuleCache.noindex/Session.modulevalidation -fmodules-validate-once-per-build-session -Wnon-modular-include-in-framework-module -Werror\=non-modular-include-in-framework-module -Wno-trigraphs -Wno-missing-field-initializers -Wno-missing-prototypes -Werror\=return-type -Wdocumentation -Wunreachable-code -Wquoted-include-in-framework-header -Werror\=deprecated-objc-isa-usage -Werror\=objc-root-class -Wno-missing-braces -Wparentheses -Wswitch -Wunused-function -Wno-unused-label -Wno-unused-parameter -Wunused-variable -Wunused-value -Wempty-body -Wuninitialized -Wconditional-uninitialized -Wno-unknown-pragmas -Wno-shadow -Wno-four-char-constants -Wno-conversion -Wconstant-conversion -Wint-conversion -Wbool-conversion -Wenum-conversion -Wno-float-conversion -Wnon-literal-null-conversion -Wobjc-literal-conversion -Wshorten-64-to-32 -Wpointer-sign -Wno-newline-eof -Wno-implicit-fallthrough -fstrict-aliasing -Wdeprecated-declarations -Wno-sign-conversion -Winfinite-recursion -Wcomma -Wblock-capture-autoreleasing -Wstrict-prototypes -Wno-semicolon-before-method-body -Wunguarded-availability -Wno-unused-variable -Wno-shorten-64-to-32 -Wno-deprecated-declarations -Wno-unused-function -Wno-format -Wno-comma -Wno-incompatible-pointer-types-discards-qualifiers -Wno-strict-prototypes @/Users/runner/Library/Developer/Xcode/DerivedData/ClaudeFiles-booopeqlitkdrwgkyxixaicupuay/Build/Intermediates.noindex/ArchiveIntermediates/ClaudeFiles/IntermediateBuildFilesPath/ClaudeFiles.build/Release-iphoneos/ClaudeFiles.build/Objects-normal/arm64/7187679823f38a2a940e0043cdf9d637-common-args.resp -MMD -MT dependencies -MF /Users/runner/Library/Developer/Xcode/DerivedData/ClaudeFiles-booopeqlitkdrwgkyxixaicupuay/Build/Intermediates.noindex/ArchiveIntermediates/ClaudeFiles/IntermediateBuildFilesPath/ClaudeFiles.build/Release-iphoneos/ClaudeFiles.build/Objects-normal/arm64/Base64.d --serialize-diagnostics /Users/runner/Library/Developer/Xcode/DerivedData/ClaudeFiles-booopeqlitkdrwgkyxixaicupuay/Build/Intermediates.noindex/ArchiveIntermediates/ClaudeFiles/IntermediateBuildFilesPath/ClaudeFiles.build/Release-iphoneos/ClaudeFiles.build/Objects-normal/arm64/Base64.dia -c /Users/runner/work/ClaudeFiles/ClaudeFiles/ClaudeFiles/FilzaJailedDS-SSV-Bypass/XPF/external/ChOma/src/Base64.c -o /Users/runner/Library/Developer/Xcode/DerivedData/ClaudeFiles-booopeqlitkdrwgkyxixaicupuay/Build/Intermediates.noindex/ArchiveIntermediates/ClaudeFiles/IntermediateBuildFilesPath/ClaudeFiles.build/Release-iphoneos/ClaudeFiles.build/Objects-normal/arm64/Base64.o

CompileC /Users/runner/Library/Developer/Xcode/DerivedData/ClaudeFiles-booopeqlitkdrwgkyxixaicupuay/Build/Intermediates.noindex/ArchiveIntermediates/ClaudeFiles/IntermediateBuildFilesPath/ClaudeFiles.build/Release-iphoneos/ClaudeFiles.build/Objects-normal/arm64/BufferedStream.o /Users/runner/work/ClaudeFiles/ClaudeFiles/ClaudeFiles/FilzaJailedDS-SSV-Bypass/XPF/external/ChOma/src/BufferedStream.c normal arm64 c com.apple.compilers.llvm.clang.1_0.compiler (in target 'ClaudeFiles' from project 'ClaudeFiles')
    cd /Users/runner/work/ClaudeFiles/ClaudeFiles
    
    Using response file: /Users/runner/Library/Developer/Xcode/DerivedData/ClaudeFiles-booopeqlitkdrwgkyxixaicupuay/Build/Intermediates.noindex/ArchiveIntermediates/ClaudeFiles/IntermediateBuildFilesPath/ClaudeFiles.build/Release-iphoneos/ClaudeFiles.build/Objects-normal/arm64/7187679823f38a2a940e0043cdf9d637-common-args.resp
    
    /Applications/Xcode_16.1.app/Contents/Developer/Toolchains/XcodeDefault.xctoolchain/usr/bin/clang -x c -ivfsstatcache /Users/runner/Library/Developer/Xcode/DerivedData/SDKStatCaches.noindex/iphoneos18.1-22B74-a5999746ac4ace560a5a822e68842f47.sdkstatcache -fmessage-length\=0 -fdiagnostics-show-note-include-stack -fmacro-backtrace-limit\=0 -fno-color-diagnostics -fmodules-prune-interval\=86400 -fmodules-prune-after\=345600 -fbuild-session-file\=/Users/runner/Library/Developer/Xcode/DerivedData/ModuleCache.noindex/Session.modulevalidation -fmodules-validate-once-per-build-session -Wnon-modular-include-in-framework-module -Werror\=non-modular-include-in-framework-module -Wno-trigraphs -Wno-missing-field-initializers -Wno-missing-prototypes -Werror\=return-type -Wdocumentation -Wunreachable-code -Wquoted-include-in-framework-header -Werror\=deprecated-objc-isa-usage -Werror\=objc-root-class -Wno-missing-braces -Wparentheses -Wswitch -Wunused-function -Wno-unused-label -Wno-unused-parameter -Wunused-variable -Wunused-value -Wempty-body -Wuninitialized -Wconditional-uninitialized -Wno-unknown-pragmas -Wno-shadow -Wno-four-char-constants -Wno-conversion -Wconstant-conversion -Wint-conversion -Wbool-conversion -Wenum-conversion -Wno-float-conversion -Wnon-literal-null-conversion -Wobjc-literal-conversion -Wshorten-64-to-32 -Wpointer-sign -Wno-newline-eof -Wno-implicit-fallthrough -fstrict-aliasing -Wdeprecated-declarations -Wno-sign-conversion -Winfinite-recursion -Wcomma -Wblock-capture-autoreleasing -Wstrict-prototypes -Wno-semicolon-before-method-body -Wunguarded-availability -Wno-unused-variable -Wno-shorten-64-to-32 -Wno-deprecated-declarations -Wno-unused-function -Wno-format -Wno-comma -Wno-incompatible-pointer-types-discards-qualifiers -Wno-strict-prototypes @/Users/runner/Library/Developer/Xcode/DerivedData/ClaudeFiles-booopeqlitkdrwgkyxixaicupuay/Build/Intermediates.noindex/ArchiveIntermediates/ClaudeFiles/IntermediateBuildFilesPath/ClaudeFiles.build/Release-iphoneos/ClaudeFiles.build/Objects-normal/arm64/7187679823f38a2a940e0043cdf9d637-common-args.resp -MMD -MT dependencies -MF /Users/runner/Library/Developer/Xcode/DerivedData/ClaudeFiles-booopeqlitkdrwgkyxixaicupuay/Build/Intermediates.noindex/ArchiveIntermediates/ClaudeFiles/IntermediateBuildFilesPath/ClaudeFiles.build/Release-iphoneos/ClaudeFiles.build/Objects-normal/arm64/BufferedStream.d --serialize-diagnostics /Users/runner/Library/Developer/Xcode/DerivedData/ClaudeFiles-booopeqlitkdrwgkyxixaicupuay/Build/Intermediates.noindex/ArchiveIntermediates/ClaudeFiles/IntermediateBuildFilesPath/ClaudeFiles.build/Release-iphoneos/ClaudeFiles.build/Objects-normal/arm64/BufferedStream.dia -c /Users/runner/work/ClaudeFiles/ClaudeFiles/ClaudeFiles/FilzaJailedDS-SSV-Bypass/XPF/external/ChOma/src/BufferedStream.c -o /Users/runner/Library/Developer/Xcode/DerivedData/ClaudeFiles-booopeqlitkdrwgkyxixaicupuay/Build/Intermediates.noindex/ArchiveIntermediates/ClaudeFiles/IntermediateBuildFilesPath/ClaudeFiles.build/Release-iphoneos/ClaudeFiles.build/Objects-normal/arm64/BufferedStream.o
/Applications/Xcode_16.1.app/Contents/Developer/Toolchains/XcodeDefault.xctoolchain/usr/bin/clang -cc1 -Wundef-prefix\=TARGET_OS_ -fdiagnostics-show-note-include-stack -fmacro-backtrace-limit\=0 -ferror-limit 19 -serialize-diagnostic-file /Users/runner/Library/Developer/Xcode/DerivedData/ClaudeFiles-booopeqlitkdrwgkyxixaicupuay/Build/Intermediates.noindex/ArchiveIntermediates/ClaudeFiles/IntermediateBuildFilesPath/ClaudeFiles.build/Release-iphoneos/ClaudeFiles.build/Objects-normal/arm64/BufferedStream.dia -Wdeprecated-objc-isa-usage -Werror\=deprecated-objc-isa-usage -Werror\=implicit-function-declaration -Wnon-modular-include-in-framework-module -Werror\=non-modular-include-in-framework-module -Wno-trigraphs -Wno-missing-field-initializers -Wno-missing-prototypes -Werror\=return-type -Wdocumentation -Wunreachable-code -Wquoted-include-in-framework-header -Werror\=deprecated-objc-isa-usage -Werror\=objc-root-class -Wno-missing-braces -Wparentheses -Wswitch -Wunused-function -Wno-unused-label -Wno-unused-parameter -Wunused-variable -Wunused-value -Wempty-body -Wuninitialized -Wconditional-uninitialized -Wno-unknown-pragmas -Wno-shadow -Wno-four-char-constants -Wno-conversion -Wconstant-conversion -Wint-conversion -Wbool-conversion -Wenum-conversion -Wno-float-conversion -Wnon-literal-null-conversion -Wobjc-literal-conversion -Wshorten-64-to-32 -Wpointer-sign -Wno-newline-eof -Wno-implicit-fallthrough -Wdeprecated-declarations -Wno-sign-conversion -Winfinite-recursion -Wcomma -Wblock-capture-autoreleasing -Wstrict-prototypes -Wno-semicolon-before-method-body -Wunguarded-availability -Wno-unused-variable -Wno-shorten-64-to-32 -Wno-deprecated-declarations -Wno-unused-function -Wno-format -Wno-comma -Wno-incompatible-pointer-types-discards-qualifiers -Wno-strict-prototypes -Wno-reorder-init-list -Wno-implicit-int-float-conversion -Wno-c99-designator -Wno-final-dtor-non-final-class -Wno-extra-semi-stmt -Wno-misleading-indentation -Wno-implicit-fallthrough -Wno-enum-enum-conversion -Wno-enum-float-conversion -Wno-elaborated-enum-base -Wno-reserved-identifier -Wno-gnu-folding-constant -fmodule-map-file\=/Applications/Xcode_16.1.app/Contents/Developer/Platforms/iPhoneOS.platform/Developer/SDKs/iPhoneOS.sdk/usr/include/c_standard_library.modulemap -fmodule-map-file\=/Applications/Xcode_16.1.app/Contents/Developer/Platforms/iPhoneOS.platform/Developer/SDKs/iPhoneOS.sdk/usr/include/c_standard_library.modulemap -fmodule-map-file\=/Applications/Xcode_16.1.app/Contents/Developer/Platforms/iPhoneOS.platform/Developer/SDKs/iPhoneOS.sdk/usr/include/Darwin.modulemap -fmodule-map-file\=/Applications/Xcode_16.1.app/Contents/Developer/Toolchains/XcodeDefault.xctoolchain/usr/lib/clang/16/include/module.modulemap -fmodule-map-file\=/Applications/Xcode_16.1.app/Contents/Developer/Platforms/iPhoneOS.platform/Developer/SDKs/iPhoneOS.sdk/usr/include/c_standard_library.modulemap -fmodule-map-file\=/Applications/Xcode_16.1.app/Contents/Developer/Platforms/iPhoneOS.platform/Developer/SDKs/iPhoneOS.sdk/usr/include/DarwinBasic.modulemap -o /Users/runner/Library/Developer/Xcode/DerivedData/ClaudeFiles-booopeqlitkdrwgkyxixaicupuay/Build/Intermediates.noindex/ArchiveIntermediates/ClaudeFiles/IntermediateBuildFilesPath/ClaudeFiles.build/Release-iphoneos/ClaudeFiles.build/Objects-normal/arm64/BufferedStream.o -disable-free -emit-obj -x c /Users/runner/work/ClaudeFiles/ClaudeFiles/ClaudeFiles/FilzaJailedDS-SSV-Bypass/XPF/external/ChOma/src/BufferedStream.c -target-abi darwinpcs -target-cpu apple-a7 -target-feature +v8a -target-feature +aes -target-feature +fp-armv8 -target-feature +sha2 -target-feature +neon -target-feature +zcm -target-feature +zcz -triple arm64-apple-ios16.0.0 -target-linker-version 1115.7.3 -target-sdk-version\=18.1 -fmodules-validate-system-headers -fno-modulemap-allow-subdirectory-search -isysroot /Applications/Xcode_16.1.app/Contents/Developer/Platforms/iPhoneOS.platform/Developer/SDKs/iPhoneOS18.1.sdk -resource-dir /Applications/Xcode_16.1.app/Contents/Developer/Toolchains/XcodeDefault.xctoolchain/usr/lib/clang/16 -fmodule-format\=obj -fmodule-file\=Darwin\=/Users/runner/Library/Developer/Xcode/DerivedData/ClaudeFiles-booopeqlitkdrwgkyxixaicupuay/Build/Intermediates.noindex/ArchiveIntermediates/ClaudeFiles/IntermediateBuildFilesPath/ExplicitPrecompiledModules/Darwin-COT7K8GGHLREC37DHP0X0E15Q.pcm -fmodule-file\=_Builtin_stdbool\=/Users/runner/Library/Developer/Xcode/DerivedData/ClaudeFiles-booopeqlitkdrwgkyxixaicupuay/Build/Intermediates.noindex/ArchiveIntermediates/ClaudeFiles/IntermediateBuildFilesPath/ExplicitPrecompiledModules/_Builtin_stdbool-C7K6GWKHFZFLHIMXKBYGYW5P1.pcm -fmodule-file\=_stdio\=/Users/runner/Library/Developer/Xcode/DerivedData/ClaudeFiles-booopeqlitkdrwgkyxixaicupuay/Build/Intermediates.noindex/ArchiveIntermediates/ClaudeFiles/IntermediateBuildFilesPath/ExplicitPrecompiledModules/_stdio-8X9QF2A38P5VPKQT9GHP1DVX4.pcm -fmodule-file\=_stdlib\=/Users/runner/Library/Developer/Xcode/DerivedData/ClaudeFiles-booopeqlitkdrwgkyxixaicupuay/Build/Intermediates.noindex/ArchiveIntermediates/ClaudeFiles/IntermediateBuildFilesPath/ExplicitPrecompiledModules/_stdlib-1DGJ9QEK2CNM6D0JRBI8UT4KH.pcm -fmodule-file\=_string\=/Users/runner/Library/Developer/Xcode/DerivedData/ClaudeFiles-booopeqlitkdrwgkyxixaicupuay/Build/Intermediates.noindex/ArchiveIntermediates/ClaudeFiles/IntermediateBuildFilesPath/ExplicitPrecompiledModules/_string-6FRUJBTOZ639LEJJR0TNLH8R0.pcm -fmodule-file\=unistd\=/Users/runner/Library/Developer/Xcode/DerivedData/ClaudeFiles-booopeqlitkdrwgkyxixaicupuay/Build/Intermediates.noindex/ArchiveIntermediates/ClaudeFiles/IntermediateBuildFilesPath/ExplicitPrecompiledModules/unistd-D06ILPWOCA89SSV8WV9WXILL8.pcm -I /Users/runner/Library/Developer/Xcode/DerivedData/ClaudeFiles-booopeqlitkdrwgkyxixaicupuay/Build/Intermediates.noindex/ArchiveIntermediates/ClaudeFiles/IntermediateBuildFilesPath/ClaudeFiles.build/Release-iphoneos/ClaudeFiles.build/ClaudeFiles-own-target-headers.hmap -I /Users/runner/Library/Developer/Xcode/DerivedData/ClaudeFiles-booopeqlitkdrwgkyxixaicupuay/Build/Intermediates.noindex/ArchiveIntermediates/ClaudeFiles/IntermediateBuildFilesPath/ClaudeFiles.build/Release-iphoneos/ClaudeFiles.build/ClaudeFiles-all-target-headers.hmap -I /Users/runner/Library/Developer/Xcode/DerivedData/ClaudeFiles-booopeqlitkdrwgkyxixaicupuay/Build/Intermediates.noindex/ArchiveIntermediates/ClaudeFiles/BuildProductsPath/Release-iphoneos/include -I /Users/runner/work/ClaudeFiles/ClaudeFiles/ClaudeFiles/FilzaJailedDS-SSV-Bypass -I /Users/runner/work/ClaudeFiles/ClaudeFiles/ClaudeFiles/FilzaJailedDS-SSV-Bypass/kexploit -I /Users/runner/work/ClaudeFiles/ClaudeFiles/ClaudeFiles/FilzaJailedDS-SSV-Bypass/kpf -I /Users/runner/work/ClaudeFiles/ClaudeFiles/ClaudeFiles/FilzaJailedDS-SSV-Bypass/SSV -I /Users/runner/work/ClaudeFiles/ClaudeFiles/ClaudeFiles/FilzaJailedDS-SSV-Bypass/utils -I /Users/runner/work/ClaudeFiles/ClaudeFiles/ClaudeFiles/FilzaJailedDS-SSV-Bypass/XPF/src -I /Users/runner/work/ClaudeFiles/ClaudeFiles/ClaudeFiles/FilzaJailedDS-SSV-Bypass/XPF/external/ChOma/src -I /Users/runner/work/ClaudeFiles/ClaudeFiles/ClaudeFiles/FilzaJailedDS-SSV-Bypass/XPF/external/ChOma/include -I /Users/runner/work/ClaudeFiles/ClaudeFiles/ClaudeFiles/FilzaJailedDS-SSV-Bypass/shims -I /Users/runner/Library/Developer/Xcode/DerivedData/ClaudeFiles-booopeqlitkdrwgkyxixaicupuay/Build/Intermediates.noindex/ArchiveIntermediates/ClaudeFiles/IntermediateBuildFilesPath/ClaudeFiles.build/Release-iphoneos/ClaudeFiles.build/DerivedSources-normal/arm64 -I /Users/runner/Library/Developer/Xcode/DerivedData/ClaudeFiles-booopeqlitkdrwgkyxixaicupuay/Build/Intermediates.noindex/ArchiveIntermediates/ClaudeFiles/IntermediateBuildFilesPath/ClaudeFiles.build/Release-iphoneos/ClaudeFiles.build/DerivedSources/arm64 -I /Users/runner/Library/Developer/Xcode/DerivedData/ClaudeFiles-booopeqlitkdrwgkyxixaicupuay/Build/Intermediates.noindex/ArchiveIntermediates/ClaudeFiles/IntermediateBuildFilesPath/ClaudeFiles.build/Release-iphoneos/ClaudeFiles.build/DerivedSources -F /Users/runner/Library/Developer/Xcode/DerivedData/ClaudeFiles-booopeqlitkdrwgkyxixaicupuay/Build/Intermediates.noindex/ArchiveIntermediates/ClaudeFiles/BuildProductsPath/Release-iphoneos -iquote /Users/runner/Library/Developer/Xcode/DerivedData/ClaudeFiles-booopeqlitkdrwgkyxixaicupuay/Build/Intermediates.noindex/ArchiveIntermediates/ClaudeFiles/IntermediateBuildFilesPath/ClaudeFiles.build/Release-iphoneos/ClaudeFiles.build/ClaudeFiles-generated-files.hmap -iquote /Users/runner/Library/Developer/Xcode/DerivedData/ClaudeFiles-booopeqlitkdrwgkyxixaicupuay/Build/Intermediates.noindex/ArchiveIntermediates/ClaudeFiles/IntermediateBuildFilesPath/ClaudeFiles.build/Release-iphoneos/ClaudeFiles.build/ClaudeFiles-project-headers.hmap -isystem /Applications/Xcode_16.1.app/Contents/Developer/Platforms/iPhoneOS.platform/Developer/SDKs/iPhoneOS18.1.sdk/usr/local/include -isystem /Applications/Xcode_16.1.app/Contents/Developer/Toolchains/XcodeDefault.xctoolchain/usr/lib/clang/16/include -internal-externc-isystem /Applications/Xcode_16.1.app/Contents/Developer/Platforms/iPhoneOS.platform/Developer/SDKs/iPhoneOS18.1.sdk/usr/include -internal-externc-isystem /Applications/Xcode_16.1.app/Contents/Developer/Toolchains/XcodeDefault.xctoolchain/usr/include -ivfsstatcache /Users/runner/Library/Developer/Xcode/DerivedData/SDKStatCaches.noindex/iphoneos18.1-22B74-a5999746ac4ace560a5a822e68842f47.sdkstatcache -std\=gnu11 -fmodules -fno-implicit-modules -fmax-type-align\=16 -fpascal-strings -fstack-check -fvisibility\=hidden -fvisibility-inlines-hidden-static-local-var -mdarwin-stkchk-strong-link -fno-odr-hash-protocols -pic-level 2 -fencode-extended-block-signature -stack-protector 1 -fgnuc-version\=4.2.1 -fblocks -ffp-contract\=on -fclang-abi-compat\=4.0 -fno-experimental-relative-c++-abi-vtables -fno-file-reproducible -clang-vendor-feature\=+disableNonDependentMemberExprInCurrentInstantiation -clang-vendor-feature\=+enableAggressiveVLAFolding -clang-vendor-feature\=+revert09abecef7bbf -clang-vendor-feature\=+thisNoAlignAttr -clang-vendor-feature\=+thisNoNullAttr -clang-vendor-feature\=+disableAtImportPrivateFrameworkInImplementationError -O2 -fdebug-compilation-dir\=/Users/runner/work/ClaudeFiles/ClaudeFiles -fcoverage-compilation-dir\=/Users/runner/work/ClaudeFiles/ClaudeFiles -fobjc-msgsend-selector-stubs -fregister-global-dtors-with-atexit -fno-strict-return -dwarf-version\=4 -debugger-tuning\=lldb -disable-llvm-verifier -dwarf-ext-refs -mframe-pointer\=non-leaf -funwind-tables\=1 -vectorize-loops -vectorize-slp -clear-ast-before-backend -discard-value-names -main-file-name BufferedStream.c -finline-functions -debug-info-kind\=standalone -Os -fdiagnostics-hotness-threshold\=0 -fdiagnostics-misexpect-tolerance\=0 -D __GCC_HAVE_DWARF2_CFI_ASM\=1 -MT dependencies -dependency-file /Users/runner/Library/Developer/Xcode/DerivedData/ClaudeFiles-booopeqlitkdrwgkyxixaicupuay/Build/Intermediates.noindex/ArchiveIntermediates/ClaudeFiles/IntermediateBuildFilesPath/ClaudeFiles.build/Release-iphoneos/ClaudeFiles.build/Objects-normal/arm64/BufferedStream.d -skip-unused-modulemap-deps

CompileC /Users/runner/Library/Developer/Xcode/DerivedData/ClaudeFiles-booopeqlitkdrwgkyxixaicupuay/Build/Intermediates.noindex/ArchiveIntermediates/ClaudeFiles/IntermediateBuildFilesPath/ClaudeFiles.build/Release-iphoneos/ClaudeFiles.build/Objects-normal/arm64/CodeDirectory.o /Users/runner/work/ClaudeFiles/ClaudeFiles/ClaudeFiles/FilzaJailedDS-SSV-Bypass/XPF/external/ChOma/src/CodeDirectory.c normal arm64 c com.apple.compilers.llvm.clang.1_0.compiler (in target 'ClaudeFiles' from project 'ClaudeFiles')
    cd /Users/runner/work/ClaudeFiles/ClaudeFiles
    
    Using response file: /Users/runner/Library/Developer/Xcode/DerivedData/ClaudeFiles-booopeqlitkdrwgkyxixaicupuay/Build/Intermediates.noindex/ArchiveIntermediates/ClaudeFiles/IntermediateBuildFilesPath/ClaudeFiles.build/Release-iphoneos/ClaudeFiles.build/Objects-normal/arm64/7187679823f38a2a940e0043cdf9d637-common-args.resp
    
    /Applications/Xcode_16.1.app/Contents/Developer/Toolchains/XcodeDefault.xctoolchain/usr/bin/clang -x c -ivfsstatcache /Users/runner/Library/Developer/Xcode/DerivedData/SDKStatCaches.noindex/iphoneos18.1-22B74-a5999746ac4ace560a5a822e68842f47.sdkstatcache -fmessage-length\=0 -fdiagnostics-show-note-include-stack -fmacro-backtrace-limit\=0 -fno-color-diagnostics -fmodules-prune-interval\=86400 -fmodules-prune-after\=345600 -fbuild-session-file\=/Users/runner/Library/Developer/Xcode/DerivedData/ModuleCache.noindex/Session.modulevalidation -fmodules-validate-once-per-build-session -Wnon-modular-include-in-framework-module -Werror\=non-modular-include-in-framework-module -Wno-trigraphs -Wno-missing-field-initializers -Wno-missing-prototypes -Werror\=return-type -Wdocumentation -Wunreachable-code -Wquoted-include-in-framework-header -Werror\=deprecated-objc-isa-usage -Werror\=objc-root-class -Wno-missing-braces -Wparentheses -Wswitch -Wunused-function -Wno-unused-label -Wno-unused-parameter -Wunused-variable -Wunused-value -Wempty-body -Wuninitialized -Wconditional-uninitialized -Wno-unknown-pragmas -Wno-shadow -Wno-four-char-constants -Wno-conversion -Wconstant-conversion -Wint-conversion -Wbool-conversion -Wenum-conversion -Wno-float-conversion -Wnon-literal-null-conversion -Wobjc-literal-conversion -Wshorten-64-to-32 -Wpointer-sign -Wno-newline-eof -Wno-implicit-fallthrough -fstrict-aliasing -Wdeprecated-declarations -Wno-sign-conversion -Winfinite-recursion -Wcomma -Wblock-capture-autoreleasing -Wstrict-prototypes -Wno-semicolon-before-method-body -Wunguarded-availability -Wno-unused-variable -Wno-shorten-64-to-32 -Wno-deprecated-declarations -Wno-unused-function -Wno-format -Wno-comma -Wno-incompatible-pointer-types-discards-qualifiers -Wno-strict-prototypes @/Users/runner/Library/Developer/Xcode/DerivedData/ClaudeFiles-booopeqlitkdrwgkyxixaicupuay/Build/Intermediates.noindex/ArchiveIntermediates/ClaudeFiles/IntermediateBuildFilesPath/ClaudeFiles.build/Release-iphoneos/ClaudeFiles.build/Objects-normal/arm64/7187679823f38a2a940e0043cdf9d637-common-args.resp -MMD -MT dependencies -MF /Users/runner/Library/Developer/Xcode/DerivedData/ClaudeFiles-booopeqlitkdrwgkyxixaicupuay/Build/Intermediates.noindex/ArchiveIntermediates/ClaudeFiles/IntermediateBuildFilesPath/ClaudeFiles.build/Release-iphoneos/ClaudeFiles.build/Objects-normal/arm64/CodeDirectory.d --serialize-diagnostics /Users/runner/Library/Developer/Xcode/DerivedData/ClaudeFiles-booopeqlitkdrwgkyxixaicupuay/Build/Intermediates.noindex/ArchiveIntermediates/ClaudeFiles/IntermediateBuildFilesPath/ClaudeFiles.build/Release-iphoneos/ClaudeFiles.build/Objects-normal/arm64/CodeDirectory.dia -c /Users/runner/work/ClaudeFiles/ClaudeFiles/ClaudeFiles/FilzaJailedDS-SSV-Bypass/XPF/external/ChOma/src/CodeDirectory.c -o /Users/runner/Library/Developer/Xcode/DerivedData/ClaudeFiles-booopeqlitkdrwgkyxixaicupuay/Build/Intermediates.noindex/ArchiveIntermediates/ClaudeFiles/IntermediateBuildFilesPath/ClaudeFiles.build/Release-iphoneos/ClaudeFiles.build/Objects-normal/arm64/CodeDirectory.o
/Applications/Xcode_16.1.app/Contents/Developer/Toolchains/XcodeDefault.xctoolchain/usr/bin/clang -cc1 -Wundef-prefix\=TARGET_OS_ -fdiagnostics-show-note-include-stack -fmacro-backtrace-limit\=0 -ferror-limit 19 -serialize-diagnostic-file /Users/runner/Library/Developer/Xcode/DerivedData/ClaudeFiles-booopeqlitkdrwgkyxixaicupuay/Build/Intermediates.noindex/ArchiveIntermediates/ClaudeFiles/IntermediateBuildFilesPath/ClaudeFiles.build/Release-iphoneos/ClaudeFiles.build/Objects-normal/arm64/CodeDirectory.dia -Wdeprecated-objc-isa-usage -Werror\=deprecated-objc-isa-usage -Werror\=implicit-function-declaration -Wnon-modular-include-in-framework-module -Werror\=non-modular-include-in-framework-module -Wno-trigraphs -Wno-missing-field-initializers -Wno-missing-prototypes -Werror\=return-type -Wdocumentation -Wunreachable-code -Wquoted-include-in-framework-header -Werror\=deprecated-objc-isa-usage -Werror\=objc-root-class -Wno-missing-braces -Wparentheses -Wswitch -Wunused-function -Wno-unused-label -Wno-unused-parameter -Wunused-variable -Wunused-value -Wempty-body -Wuninitialized -Wconditional-uninitialized -Wno-unknown-pragmas -Wno-shadow -Wno-four-char-constants -Wno-conversion -Wconstant-conversion -Wint-conversion -Wbool-conversion -Wenum-conversion -Wno-float-conversion -Wnon-literal-null-conversion -Wobjc-literal-conversion -Wshorten-64-to-32 -Wpointer-sign -Wno-newline-eof -Wno-implicit-fallthrough -Wdeprecated-declarations -Wno-sign-conversion -Winfinite-recursion -Wcomma -Wblock-capture-autoreleasing -Wstrict-prototypes -Wno-semicolon-before-method-body -Wunguarded-availability -Wno-unused-variable -Wno-shorten-64-to-32 -Wno-deprecated-declarations -Wno-unused-function -Wno-format -Wno-comma -Wno-incompatible-pointer-types-discards-qualifiers -Wno-strict-prototypes -Wno-reorder-init-list -Wno-implicit-int-float-conversion -Wno-c99-designator -Wno-final-dtor-non-final-class -Wno-extra-semi-stmt -Wno-misleading-indentation -Wno-implicit-fallthrough -Wno-enum-enum-conversion -Wno-enum-float-conversion -Wno-elaborated-enum-base -Wno-reserved-identifier -Wno-gnu-folding-constant -fmodule-map-file\=/Applications/Xcode_16.1.app/Contents/Developer/Toolchains/XcodeDefault.xctoolchain/usr/lib/clang/16/include/module.modulemap -fmodule-map-file\=/Applications/Xcode_16.1.app/Contents/Developer/Toolchains/XcodeDefault.xctoolchain/usr/lib/clang/16/include/module.modulemap -fmodule-map-file\=/Applications/Xcode_16.1.app/Contents/Developer/Platforms/iPhoneOS.platform/Developer/SDKs/iPhoneOS.sdk/usr/include/c_standard_library.modulemap -fmodule-map-file\=/Applications/Xcode_16.1.app/Contents/Developer/Platforms/iPhoneOS.platform/Developer/SDKs/iPhoneOS.sdk/usr/include/CommonCrypto/module.modulemap -fmodule-map-file\=/Applications/Xcode_16.1.app/Contents/Developer/Toolchains/XcodeDefault.xctoolchain/usr/lib/clang/16/include/module.modulemap -fmodule-map-file\=/Applications/Xcode_16.1.app/Contents/Developer/Platforms/iPhoneOS.platform/Developer/SDKs/iPhoneOS.sdk/usr/include/c_standard_library.modulemap -fmodule-map-file\=/Applications/Xcode_16.1.app/Contents/Developer/Platforms/iPhoneOS.platform/Developer/SDKs/iPhoneOS.sdk/usr/include/c_standard_library.modulemap -fmodule-map-file\=/Applications/Xcode_16.1.app/Contents/Developer/Platforms/iPhoneOS.platform/Developer/SDKs/iPhoneOS.sdk/usr/include/mach-o/module.modulemap -fmodule-map-file\=/Applications/Xcode_16.1.app/Contents/Developer/Platforms/iPhoneOS.platform/Developer/SDKs/iPhoneOS.sdk/usr/include/Darwin.modulemap -fmodule-map-file\=/Applications/Xcode_16.1.app/Contents/Developer/Platforms/iPhoneOS.platform/Developer/SDKs/iPhoneOS.sdk/usr/include/c_standard_library.modulemap -fmodule-map-file\=/Applications/Xcode_16.1.app/Contents/Developer/Platforms/iPhoneOS.platform/Developer/SDKs/iPhoneOS.sdk/usr/include/DarwinBasic.modulemap -o /Users/runner/Library/Developer/Xcode/DerivedData/ClaudeFiles-booopeqlitkdrwgkyxixaicupuay/Build/Intermediates.noindex/ArchiveIntermediates/ClaudeFiles/IntermediateBuildFilesPath/ClaudeFiles.build/Release-iphoneos/ClaudeFiles.build/Objects-normal/arm64/CodeDirectory.o -disable-free -emit-obj -x c /Users/runner/work/ClaudeFiles/ClaudeFiles/ClaudeFiles/FilzaJailedDS-SSV-Bypass/XPF/external/ChOma/src/CodeDirectory.c -target-abi darwinpcs -target-cpu apple-a7 -target-feature +v8a -target-feature +aes -target-feature +fp-armv8 -target-feature +sha2 -target-feature +neon -target-feature +zcm -target-feature +zcz -triple arm64-apple-ios16.0.0 -target-linker-version 1115.7.3 -target-sdk-version\=18.1 -fmodules-validate-system-headers -fno-modulemap-allow-subdirectory-search -isysroot /Applications/Xcode_16.1.app/Contents/Developer/Platforms/iPhoneOS.platform/Developer/SDKs/iPhoneOS18.1.sdk -resource-dir /Applications/Xcode_16.1.app/Contents/Developer/Toolchains/XcodeDefault.xctoolchain/usr/lib/clang/16 -fmodule-format\=obj -fmodule-file\=CommonCrypto\=/Users/runner/Library/Developer/Xcode/DerivedData/ClaudeFiles-booopeqlitkdrwgkyxixaicupuay/Build/Intermediates.noindex/ArchiveIntermediates/ClaudeFiles/IntermediateBuildFilesPath/ExplicitPrecompiledModules/CommonCrypto-3C05VJJ58JY67RO8UV8VUEIJL.pcm -fmodule-file\=Darwin\=/Users/runner/Library/Developer/Xcode/DerivedData/ClaudeFiles-booopeqlitkdrwgkyxixaicupuay/Build/Intermediates.noindex/ArchiveIntermediates/ClaudeFiles/IntermediateBuildFilesPath/ExplicitPrecompiledModules/Darwin-COT7K8GGHLREC37DHP0X0E15Q.pcm -fmodule-file\=MachO\=/Users/runner/Library/Developer/Xcode/DerivedData/ClaudeFiles-booopeqlitkdrwgkyxixaicupuay/Build/Intermediates.noindex/ArchiveIntermediates/ClaudeFiles/IntermediateBuildFilesPath/ExplicitPrecompiledModules/MachO-1MB42U2H0CFC33UR5PQ9YUBHX.pcm -fmodule-file\=_Builtin_stdbool\=/Users/runner/Library/Developer/Xcode/DerivedData/ClaudeFiles-booopeqlitkdrwgkyxixaicupuay/Build/Intermediates.noindex/ArchiveIntermediates/ClaudeFiles/IntermediateBuildFilesPath/ExplicitPrecompiledModules/_Builtin_stdbool-C7K6GWKHFZFLHIMXKBYGYW5P1.pcm -fmodule-file\=_Builtin_stddef\=/Users/runner/Library/Developer/Xcode/DerivedData/ClaudeFiles-booopeqlitkdrwgkyxixaicupuay/Build/Intermediates.noindex/ArchiveIntermediates/ClaudeFiles/IntermediateBuildFilesPath/ExplicitPrecompiledModules/_Builtin_stddef-8AR0LDIW298TYOBH82AB4ZCBU.pcm -fmodule-file\=_Builtin_stdint\=/Users/runner/Library/Developer/Xcode/DerivedData/ClaudeFiles-booopeqlitkdrwgkyxixaicupuay/Build/Intermediates.noindex/ArchiveIntermediates/ClaudeFiles/IntermediateBuildFilesPath/ExplicitPrecompiledModules/_Builtin_stdint-ADHF6I6G8W6YCXLLFU2L5YLQ4.pcm -fmodule-file\=_math\=/Users/runner/Library/Developer/Xcode/DerivedData/ClaudeFiles-booopeqlitkdrwgkyxixaicupuay/Build/Intermediates.noindex/ArchiveIntermediates/ClaudeFiles/IntermediateBuildFilesPath/ExplicitPrecompiledModules/_math-EYTO2A38DIJXVZXUWBKNJ39K8.pcm -fmodule-file\=_stdio\=/Users/runner/Library/Developer/Xcode/DerivedData/ClaudeFiles-booopeqlitkdrwgkyxixaicupuay/Build/Intermediates.noindex/ArchiveIntermediates/ClaudeFiles/IntermediateBuildFilesPath/ExplicitPrecompiledModules/_stdio-8X9QF2A38P5VPKQT9GHP1DVX4.pcm -fmodule-file\=_stdlib\=/Users/runner/Library/Developer/Xcode/DerivedData/ClaudeFiles-booopeqlitkdrwgkyxixaicupuay/Build/Intermediates.noindex/ArchiveIntermediates/ClaudeFiles/IntermediateBuildFilesPath/ExplicitPrecompiledModules/_stdlib-1DGJ9QEK2CNM6D0JRBI8UT4KH.pcm -fmodule-file\=_string\=/Users/runner/Library/Developer/Xcode/DerivedData/ClaudeFiles-booopeqlitkdrwgkyxixaicupuay/Build/Intermediates.noindex/ArchiveIntermediates/ClaudeFiles/IntermediateBuildFilesPath/ExplicitPrecompiledModules/_string-6FRUJBTOZ639LEJJR0TNLH8R0.pcm -fmodule-file\=unistd\=/Users/runner/Library/Developer/Xcode/DerivedData/ClaudeFiles-booopeqlitkdrwgkyxixaicupuay/Build/Intermediates.noindex/ArchiveIntermediates/ClaudeFiles/IntermediateBuildFilesPath/ExplicitPrecompiledModules/unistd-D06ILPWOCA89SSV8WV9WXILL8.pcm -I /Users/runner/Library/Developer/Xcode/DerivedData/ClaudeFiles-booopeqlitkdrwgkyxixaicupuay/Build/Intermediates.noindex/ArchiveIntermediates/ClaudeFiles/IntermediateBuildFilesPath/ClaudeFiles.build/Release-iphoneos/ClaudeFiles.build/ClaudeFiles-own-target-headers.hmap -I /Users/runner/Library/Developer/Xcode/DerivedData/ClaudeFiles-booopeqlitkdrwgkyxixaicupuay/Build/Intermediates.noindex/ArchiveIntermediates/ClaudeFiles/IntermediateBuildFilesPath/ClaudeFiles.build/Release-iphoneos/ClaudeFiles.build/ClaudeFiles-all-target-headers.hmap -I /Users/runner/Library/Developer/Xcode/DerivedData/ClaudeFiles-booopeqlitkdrwgkyxixaicupuay/Build/Intermediates.noindex/ArchiveIntermediates/ClaudeFiles/BuildProductsPath/Release-iphoneos/include -I /Users/runner/work/ClaudeFiles/ClaudeFiles/ClaudeFiles/FilzaJailedDS-SSV-Bypass -I /Users/runner/work/ClaudeFiles/ClaudeFiles/ClaudeFiles/FilzaJailedDS-SSV-Bypass/kexploit -I /Users/runner/work/ClaudeFiles/ClaudeFiles/ClaudeFiles/FilzaJailedDS-SSV-Bypass/kpf -I /Users/runner/work/ClaudeFiles/ClaudeFiles/ClaudeFiles/FilzaJailedDS-SSV-Bypass/SSV -I /Users/runner/work/ClaudeFiles/ClaudeFiles/ClaudeFiles/FilzaJailedDS-SSV-Bypass/utils -I /Users/runner/work/ClaudeFiles/ClaudeFiles/ClaudeFiles/FilzaJailedDS-SSV-Bypass/XPF/src -I /Users/runner/work/ClaudeFiles/ClaudeFiles/ClaudeFiles/FilzaJailedDS-SSV-Bypass/XPF/external/ChOma/src -I /Users/runner/work/ClaudeFiles/ClaudeFiles/ClaudeFiles/FilzaJailedDS-SSV-Bypass/XPF/external/ChOma/include -I /Users/runner/work/ClaudeFiles/ClaudeFiles/ClaudeFiles/FilzaJailedDS-SSV-Bypass/shims -I /Users/runner/Library/Developer/Xcode/DerivedData/ClaudeFiles-booopeqlitkdrwgkyxixaicupuay/Build/Intermediates.noindex/ArchiveIntermediates/ClaudeFiles/IntermediateBuildFilesPath/ClaudeFiles.build/Release-iphoneos/ClaudeFiles.build/DerivedSources-normal/arm64 -I /Users/runner/Library/Developer/Xcode/DerivedData/ClaudeFiles-booopeqlitkdrwgkyxixaicupuay/Build/Intermediates.noindex/ArchiveIntermediates/ClaudeFiles/IntermediateBuildFilesPath/ClaudeFiles.build/Release-iphoneos/ClaudeFiles.build/DerivedSources/arm64 -I /Users/runner/Library/Developer/Xcode/DerivedData/ClaudeFiles-booopeqlitkdrwgkyxixaicupuay/Build/Intermediates.noindex/ArchiveIntermediates/ClaudeFiles/IntermediateBuildFilesPath/ClaudeFiles.build/Release-iphoneos/ClaudeFiles.build/DerivedSources -F /Users/runner/Library/Developer/Xcode/DerivedData/ClaudeFiles-booopeqlitkdrwgkyxixaicupuay/Build/Intermediates.noindex/ArchiveIntermediates/ClaudeFiles/BuildProductsPath/Release-iphoneos -iquote /Users/runner/Library/Developer/Xcode/DerivedData/ClaudeFiles-booopeqlitkdrwgkyxixaicupuay/Build/Intermediates.noindex/ArchiveIntermediates/ClaudeFiles/IntermediateBuildFilesPath/ClaudeFiles.build/Release-iphoneos/ClaudeFiles.build/ClaudeFiles-generated-files.hmap -iquote /Users/runner/Library/Developer/Xcode/DerivedData/ClaudeFiles-booopeqlitkdrwgkyxixaicupuay/Build/Intermediates.noindex/ArchiveIntermediates/ClaudeFiles/IntermediateBuildFilesPath/ClaudeFiles.build/Release-iphoneos/ClaudeFiles.build/ClaudeFiles-project-headers.hmap -isystem /Applications/Xcode_16.1.app/Contents/Developer/Platforms/iPhoneOS.platform/Developer/SDKs/iPhoneOS18.1.sdk/usr/local/include -isystem /Applications/Xcode_16.1.app/Contents/Developer/Toolchains/XcodeDefault.xctoolchain/usr/lib/clang/16/include -internal-externc-isystem /Applications/Xcode_16.1.app/Contents/Developer/Platforms/iPhoneOS.platform/Developer/SDKs/iPhoneOS18.1.sdk/usr/include -internal-externc-isystem /Applications/Xcode_16.1.app/Contents/Developer/Toolchains/XcodeDefault.xctoolchain/usr/include -ivfsstatcache /Users/runner/Library/Developer/Xcode/DerivedData/SDKStatCaches.noindex/iphoneos18.1-22B74-a5999746ac4ace560a5a822e68842f47.sdkstatcache -std\=gnu11 -fmodules -fno-implicit-modules -fmax-type-align\=16 -fpascal-strings -fstack-check -fvisibility\=hidden -fvisibility-inlines-hidden-static-local-var -mdarwin-stkchk-strong-link -fno-odr-hash-protocols -pic-level 2 -fencode-extended-block-signature -stack-protector 1 -fgnuc-version\=4.2.1 -fblocks -ffp-contract\=on -fclang-abi-compat\=4.0 -fno-experimental-relative-c++-abi-vtables -fno-file-reproducible -clang-vendor-feature\=+disableNonDependentMemberExprInCurrentInstantiation -clang-vendor-feature\=+enableAggressiveVLAFolding -clang-vendor-feature\=+revert09abecef7bbf -clang-vendor-feature\=+thisNoAlignAttr -clang-vendor-feature\=+thisNoNullAttr -clang-vendor-feature\=+disableAtImportPrivateFrameworkInImplementationError -O2 -fdebug-compilation-dir\=/Users/runner/work/ClaudeFiles/ClaudeFiles -fcoverage-compilation-dir\=/Users/runner/work/ClaudeFiles/ClaudeFiles -fobjc-msgsend-selector-stubs -fregister-global-dtors-with-atexit -fno-strict-return -dwarf-version\=4 -debugger-tuning\=lldb -disable-llvm-verifier -dwarf-ext-refs -mframe-pointer\=non-leaf -funwind-tables\=1 -vectorize-loops -vectorize-slp -clear-ast-before-backend -discard-value-names -main-file-name CodeDirectory.c -finline-functions -debug-info-kind\=standalone -Os -fdiagnostics-hotness-threshold\=0 -fdiagnostics-misexpect-tolerance\=0 -D __GCC_HAVE_DWARF2_CFI_ASM\=1 -MT dependencies -dependency-file /Users/runner/Library/Developer/Xcode/DerivedData/ClaudeFiles-booopeqlitkdrwgkyxixaicupuay/Build/Intermediates.noindex/ArchiveIntermediates/ClaudeFiles/IntermediateBuildFilesPath/ClaudeFiles.build/Release-iphoneos/ClaudeFiles.build/Objects-normal/arm64/CodeDirectory.d -skip-unused-modulemap-deps

CompileC /Users/runner/Library/Developer/Xcode/DerivedData/ClaudeFiles-booopeqlitkdrwgkyxixaicupuay/Build/Intermediates.noindex/ArchiveIntermediates/ClaudeFiles/IntermediateBuildFilesPath/ClaudeFiles.build/Release-iphoneos/ClaudeFiles.build/Objects-normal/arm64/CSBlob.o /Users/runner/work/ClaudeFiles/ClaudeFiles/ClaudeFiles/FilzaJailedDS-SSV-Bypass/XPF/external/ChOma/src/CSBlob.c normal arm64 c com.apple.compilers.llvm.clang.1_0.compiler (in target 'ClaudeFiles' from project 'ClaudeFiles')
    cd /Users/runner/work/ClaudeFiles/ClaudeFiles
    
    Using response file: /Users/runner/Library/Developer/Xcode/DerivedData/ClaudeFiles-booopeqlitkdrwgkyxixaicupuay/Build/Intermediates.noindex/ArchiveIntermediates/ClaudeFiles/IntermediateBuildFilesPath/ClaudeFiles.build/Release-iphoneos/ClaudeFiles.build/Objects-normal/arm64/7187679823f38a2a940e0043cdf9d637-common-args.resp
    
    /Applications/Xcode_16.1.app/Contents/Developer/Toolchains/XcodeDefault.xctoolchain/usr/bin/clang -x c -ivfsstatcache /Users/runner/Library/Developer/Xcode/DerivedData/SDKStatCaches.noindex/iphoneos18.1-22B74-a5999746ac4ace560a5a822e68842f47.sdkstatcache -fmessage-length\=0 -fdiagnostics-show-note-include-stack -fmacro-backtrace-limit\=0 -fno-color-diagnostics -fmodules-prune-interval\=86400 -fmodules-prune-after\=345600 -fbuild-session-file\=/Users/runner/Library/Developer/Xcode/DerivedData/ModuleCache.noindex/Session.modulevalidation -fmodules-validate-once-per-build-session -Wnon-modular-include-in-framework-module -Werror\=non-modular-include-in-framework-module -Wno-trigraphs -Wno-missing-field-initializers -Wno-missing-prototypes -Werror\=return-type -Wdocumentation -Wunreachable-code -Wquoted-include-in-framework-header -Werror\=deprecated-objc-isa-usage -Werror\=objc-root-class -Wno-missing-braces -Wparentheses -Wswitch -Wunused-function -Wno-unused-label -Wno-unused-parameter -Wunused-variable -Wunused-value -Wempty-body -Wuninitialized -Wconditional-uninitialized -Wno-unknown-pragmas -Wno-shadow -Wno-four-char-constants -Wno-conversion -Wconstant-conversion -Wint-conversion -Wbool-conversion -Wenum-conversion -Wno-float-conversion -Wnon-literal-null-conversion -Wobjc-literal-conversion -Wshorten-64-to-32 -Wpointer-sign -Wno-newline-eof -Wno-implicit-fallthrough -fstrict-aliasing -Wdeprecated-declarations -Wno-sign-conversion -Winfinite-recursion -Wcomma -Wblock-capture-autoreleasing -Wstrict-prototypes -Wno-semicolon-before-method-body -Wunguarded-availability -Wno-unused-variable -Wno-shorten-64-to-32 -Wno-deprecated-declarations -Wno-unused-function -Wno-format -Wno-comma -Wno-incompatible-pointer-types-discards-qualifiers -Wno-strict-prototypes @/Users/runner/Library/Developer/Xcode/DerivedData/ClaudeFiles-booopeqlitkdrwgkyxixaicupuay/Build/Intermediates.noindex/ArchiveIntermediates/ClaudeFiles/IntermediateBuildFilesPath/ClaudeFiles.build/Release-iphoneos/ClaudeFiles.build/Objects-normal/arm64/7187679823f38a2a940e0043cdf9d637-common-args.resp -MMD -MT dependencies -MF /Users/runner/Library/Developer/Xcode/DerivedData/ClaudeFiles-booopeqlitkdrwgkyxixaicupuay/Build/Intermediates.noindex/ArchiveIntermediates/ClaudeFiles/IntermediateBuildFilesPath/ClaudeFiles.build/Release-iphoneos/ClaudeFiles.build/Objects-normal/arm64/CSBlob.d --serialize-diagnostics /Users/runner/Library/Developer/Xcode/DerivedData/ClaudeFiles-booopeqlitkdrwgkyxixaicupuay/Build/Intermediates.noindex/ArchiveIntermediates/ClaudeFiles/IntermediateBuildFilesPath/ClaudeFiles.build/Release-iphoneos/ClaudeFiles.build/Objects-normal/arm64/CSBlob.dia -c /Users/runner/work/ClaudeFiles/ClaudeFiles/ClaudeFiles/FilzaJailedDS-SSV-Bypass/XPF/external/ChOma/src/CSBlob.c -o /Users/runner/Library/Developer/Xcode/DerivedData/ClaudeFiles-booopeqlitkdrwgkyxixaicupuay/Build/Intermediates.noindex/ArchiveIntermediates/ClaudeFiles/IntermediateBuildFilesPath/ClaudeFiles.build/Release-iphoneos/ClaudeFiles.build/Objects-normal/arm64/CSBlob.o
/Applications/Xcode_16.1.app/Contents/Developer/Toolchains/XcodeDefault.xctoolchain/usr/bin/clang -cc1 -Wundef-prefix\=TARGET_OS_ -fdiagnostics-show-note-include-stack -fmacro-backtrace-limit\=0 -ferror-limit 19 -serialize-diagnostic-file /Users/runner/Library/Developer/Xcode/DerivedData/ClaudeFiles-booopeqlitkdrwgkyxixaicupuay/Build/Intermediates.noindex/ArchiveIntermediates/ClaudeFiles/IntermediateBuildFilesPath/ClaudeFiles.build/Release-iphoneos/ClaudeFiles.build/Objects-normal/arm64/CSBlob.dia -Wdeprecated-objc-isa-usage -Werror\=deprecated-objc-isa-usage -Werror\=implicit-function-declaration -Wnon-modular-include-in-framework-module -Werror\=non-modular-include-in-framework-module -Wno-trigraphs -Wno-missing-field-initializers -Wno-missing-prototypes -Werror\=return-type -Wdocumentation -Wunreachable-code -Wquoted-include-in-framework-header -Werror\=deprecated-objc-isa-usage -Werror\=objc-root-class -Wno-missing-braces -Wparentheses -Wswitch -Wunused-function -Wno-unused-label -Wno-unused-parameter -Wunused-variable -Wunused-value -Wempty-body -Wuninitialized -Wconditional-uninitialized -Wno-unknown-pragmas -Wno-shadow -Wno-four-char-constants -Wno-conversion -Wconstant-conversion -Wint-conversion -Wbool-conversion -Wenum-conversion -Wno-float-conversion -Wnon-literal-null-conversion -Wobjc-literal-conversion -Wshorten-64-to-32 -Wpointer-sign -Wno-newline-eof -Wno-implicit-fallthrough -Wdeprecated-declarations -Wno-sign-conversion -Winfinite-recursion -Wcomma -Wblock-capture-autoreleasing -Wstrict-prototypes -Wno-semicolon-before-method-body -Wunguarded-availability -Wno-unused-variable -Wno-shorten-64-to-32 -Wno-deprecated-declarations -Wno-unused-function -Wno-format -Wno-comma -Wno-incompatible-pointer-types-discards-qualifiers -Wno-strict-prototypes -Wno-reorder-init-list -Wno-implicit-int-float-conversion -Wno-c99-designator -Wno-final-dtor-non-final-class -Wno-extra-semi-stmt -Wno-misleading-indentation -Wno-implicit-fallthrough -Wno-enum-enum-conversion -Wno-enum-float-conversion -Wno-elaborated-enum-base -Wno-reserved-identifier -Wno-gnu-folding-constant -fmodule-map-file\=/Applications/Xcode_16.1.app/Contents/Developer/Platforms/iPhoneOS.platform/Developer/SDKs/iPhoneOS.sdk/usr/include/c_standard_library.modulemap -fmodule-map-file\=/Applications/Xcode_16.1.app/Contents/Developer/Toolchains/XcodeDefault.xctoolchain/usr/lib/clang/16/include/module.modulemap -fmodule-map-file\=/Applications/Xcode_16.1.app/Contents/Developer/Toolchains/XcodeDefault.xctoolchain/usr/lib/clang/16/include/module.modulemap -fmodule-map-file\=/Applications/Xcode_16.1.app/Contents/Developer/Platforms/iPhoneOS.platform/Developer/SDKs/iPhoneOS.sdk/usr/include/c_standard_library.modulemap -fmodule-map-file\=/Applications/Xcode_16.1.app/Contents/Developer/Toolchains/XcodeDefault.xctoolchain/usr/lib/clang/16/include/module.modulemap -fmodule-map-file\=/Applications/Xcode_16.1.app/Contents/Developer/Platforms/iPhoneOS.platform/Developer/SDKs/iPhoneOS.sdk/usr/include/Darwin.modulemap -fmodule-map-file\=/Applications/Xcode_16.1.app/Contents/Developer/Platforms/iPhoneOS.platform/Developer/SDKs/iPhoneOS.sdk/usr/include/c_standard_library.modulemap -fmodule-map-file\=/Applications/Xcode_16.1.app/Contents/Developer/Platforms/iPhoneOS.platform/Developer/SDKs/iPhoneOS.sdk/usr/include/c_standard_library.modulemap -fmodule-map-file\=/Applications/Xcode_16.1.app/Contents/Developer/Platforms/iPhoneOS.platform/Developer/SDKs/iPhoneOS.sdk/usr/include/DarwinBasic.modulemap -fmodule-map-file\=/Applications/Xcode_16.1.app/Contents/Developer/Platforms/iPhoneOS.platform/Developer/SDKs/iPhoneOS.sdk/usr/include/mach-o/module.modulemap -fmodule-map-file\=/Applications/Xcode_16.1.app/Contents/Developer/Platforms/iPhoneOS.platform/Developer/SDKs/iPhoneOS.sdk/usr/include/CommonCrypto/module.modulemap -o /Users/runner/Library/Developer/Xcode/DerivedData/ClaudeFiles-booopeqlitkdrwgkyxixaicupuay/Build/Intermediates.noindex/ArchiveIntermediates/ClaudeFiles/IntermediateBuildFilesPath/ClaudeFiles.build/Release-iphoneos/ClaudeFiles.build/Objects-normal/arm64/CSBlob.o -disable-free -emit-obj -x c /Users/runner/work/ClaudeFiles/ClaudeFiles/ClaudeFiles/FilzaJailedDS-SSV-Bypass/XPF/external/ChOma/src/CSBlob.c -target-abi darwinpcs -target-cpu apple-a7 -target-feature +v8a -target-feature +aes -target-feature +fp-armv8 -target-feature +sha2 -target-feature +neon -target-feature +zcm -target-feature +zcz -triple arm64-apple-ios16.0.0 -target-linker-version 1115.7.3 -target-sdk-version\=18.1 -fmodules-validate-system-headers -fno-modulemap-allow-subdirectory-search -isysroot /Applications/Xcode_16.1.app/Contents/Developer/Platforms/iPhoneOS.platform/Developer/SDKs/iPhoneOS18.1.sdk -resource-dir /Applications/Xcode_16.1.app/Contents/Developer/Toolchains/XcodeDefault.xctoolchain/usr/lib/clang/16 -fmodule-format\=obj -fmodule-file\=CommonCrypto\=/Users/runner/Library/Developer/Xcode/DerivedData/ClaudeFiles-booopeqlitkdrwgkyxixaicupuay/Build/Intermediates.noindex/ArchiveIntermediates/ClaudeFiles/IntermediateBuildFilesPath/ExplicitPrecompiledModules/CommonCrypto-3C05VJJ58JY67RO8UV8VUEIJL.pcm -fmodule-file\=Darwin\=/Users/runner/Library/Developer/Xcode/DerivedData/ClaudeFiles-booopeqlitkdrwgkyxixaicupuay/Build/Intermediates.noindex/ArchiveIntermediates/ClaudeFiles/IntermediateBuildFilesPath/ExplicitPrecompiledModules/Darwin-COT7K8GGHLREC37DHP0X0E15Q.pcm -fmodule-file\=MachO\=/Users/runner/Library/Developer/Xcode/DerivedData/ClaudeFiles-booopeqlitkdrwgkyxixaicupuay/Build/Intermediates.noindex/ArchiveIntermediates/ClaudeFiles/IntermediateBuildFilesPath/ExplicitPrecompiledModules/MachO-1MB42U2H0CFC33UR5PQ9YUBHX.pcm -fmodule-file\=_Builtin_stdbool\=/Users/runner/Library/Developer/Xcode/DerivedData/ClaudeFiles-booopeqlitkdrwgkyxixaicupuay/Build/Intermediates.noindex/ArchiveIntermediates/ClaudeFiles/IntermediateBuildFilesPath/ExplicitPrecompiledModules/_Builtin_stdbool-C7K6GWKHFZFLHIMXKBYGYW5P1.pcm -fmodule-file\=_Builtin_stddef\=/Users/runner/Library/Developer/Xcode/DerivedData/ClaudeFiles-booopeqlitkdrwgkyxixaicupuay/Build/Intermediates.noindex/ArchiveIntermediates/ClaudeFiles/IntermediateBuildFilesPath/ExplicitPrecompiledModules/_Builtin_stddef-8AR0LDIW298TYOBH82AB4ZCBU.pcm -fmodule-file\=_Builtin_stdint\=/Users/runner/Library/Developer/Xcode/DerivedData/ClaudeFiles-booopeqlitkdrwgkyxixaicupuay/Build/Intermediates.noindex/ArchiveIntermediates/ClaudeFiles/IntermediateBuildFilesPath/ExplicitPrecompiledModules/_Builtin_stdint-ADHF6I6G8W6YCXLLFU2L5YLQ4.pcm -fmodule-file\=_math\=/Users/runner/Library/Developer/Xcode/DerivedData/ClaudeFiles-booopeqlitkdrwgkyxixaicupuay/Build/Intermediates.noindex/ArchiveIntermediates/ClaudeFiles/IntermediateBuildFilesPath/ExplicitPrecompiledModules/_math-EYTO2A38DIJXVZXUWBKNJ39K8.pcm -fmodule-file\=_stdio\=/Users/runner/Library/Developer/Xcode/DerivedData/ClaudeFiles-booopeqlitkdrwgkyxixaicupuay/Build/Intermediates.noindex/ArchiveIntermediates/ClaudeFiles/IntermediateBuildFilesPath/ExplicitPrecompiledModules/_stdio-8X9QF2A38P5VPKQT9GHP1DVX4.pcm -fmodule-file\=_stdlib\=/Users/runner/Library/Developer/Xcode/DerivedData/ClaudeFiles-booopeqlitkdrwgkyxixaicupuay/Build/Intermediates.noindex/ArchiveIntermediates/ClaudeFiles/IntermediateBuildFilesPath/ExplicitPrecompiledModules/_stdlib-1DGJ9QEK2CNM6D0JRBI8UT4KH.pcm -fmodule-file\=_string\=/Users/runner/Library/Developer/Xcode/DerivedData/ClaudeFiles-booopeqlitkdrwgkyxixaicupuay/Build/Intermediates.noindex/ArchiveIntermediates/ClaudeFiles/IntermediateBuildFilesPath/ExplicitPrecompiledModules/_string-6FRUJBTOZ639LEJJR0TNLH8R0.pcm -fmodule-file\=unistd\=/Users/runner/Library/Developer/Xcode/DerivedData/ClaudeFiles-booopeqlitkdrwgkyxixaicupuay/Build/Intermediates.noindex/ArchiveIntermediates/ClaudeFiles/IntermediateBuildFilesPath/ExplicitPrecompiledModules/unistd-D06ILPWOCA89SSV8WV9WXILL8.pcm -I /Users/runner/Library/Developer/Xcode/DerivedData/ClaudeFiles-booopeqlitkdrwgkyxixaicupuay/Build/Intermediates.noindex/ArchiveIntermediates/ClaudeFiles/IntermediateBuildFilesPath/ClaudeFiles.build/Release-iphoneos/ClaudeFiles.build/ClaudeFiles-own-target-headers.hmap -I /Users/runner/Library/Developer/Xcode/DerivedData/ClaudeFiles-booopeqlitkdrwgkyxixaicupuay/Build/Intermediates.noindex/ArchiveIntermediates/ClaudeFiles/IntermediateBuildFilesPath/ClaudeFiles.build/Release-iphoneos/ClaudeFiles.build/ClaudeFiles-all-target-headers.hmap -I /Users/runner/Library/Developer/Xcode/DerivedData/ClaudeFiles-booopeqlitkdrwgkyxixaicupuay/Build/Intermediates.noindex/ArchiveIntermediates/ClaudeFiles/BuildProductsPath/Release-iphoneos/include -I /Users/runner/work/ClaudeFiles/ClaudeFiles/ClaudeFiles/FilzaJailedDS-SSV-Bypass -I /Users/runner/work/ClaudeFiles/ClaudeFiles/ClaudeFiles/FilzaJailedDS-SSV-Bypass/kexploit -I /Users/runner/work/ClaudeFiles/ClaudeFiles/ClaudeFiles/FilzaJailedDS-SSV-Bypass/kpf -I /Users/runner/work/ClaudeFiles/ClaudeFiles/ClaudeFiles/FilzaJailedDS-SSV-Bypass/SSV -I /Users/runner/work/ClaudeFiles/ClaudeFiles/ClaudeFiles/FilzaJailedDS-SSV-Bypass/utils -I /Users/runner/work/ClaudeFiles/ClaudeFiles/ClaudeFiles/FilzaJailedDS-SSV-Bypass/XPF/src -I /Users/runner/work/ClaudeFiles/ClaudeFiles/ClaudeFiles/FilzaJailedDS-SSV-Bypass/XPF/external/ChOma/src -I /Users/runner/work/ClaudeFiles/ClaudeFiles/ClaudeFiles/FilzaJailedDS-SSV-Bypass/XPF/external/ChOma/include -I /Users/runner/work/ClaudeFiles/ClaudeFiles/ClaudeFiles/FilzaJailedDS-SSV-Bypass/shims -I /Users/runner/Library/Developer/Xcode/DerivedData/ClaudeFiles-booopeqlitkdrwgkyxixaicupuay/Build/Intermediates.noindex/ArchiveIntermediates/ClaudeFiles/IntermediateBuildFilesPath/ClaudeFiles.build/Release-iphoneos/ClaudeFiles.build/DerivedSources-normal/arm64 -I /Users/runner/Library/Developer/Xcode/DerivedData/ClaudeFiles-booopeqlitkdrwgkyxixaicupuay/Build/Intermediates.noindex/ArchiveIntermediates/ClaudeFiles/IntermediateBuildFilesPath/ClaudeFiles.build/Release-iphoneos/ClaudeFiles.build/DerivedSources/arm64 -I /Users/runner/Library/Developer/Xcode/DerivedData/ClaudeFiles-booopeqlitkdrwgkyxixaicupuay/Build/Intermediates.noindex/ArchiveIntermediates/ClaudeFiles/IntermediateBuildFilesPath/ClaudeFiles.build/Release-iphoneos/ClaudeFiles.build/DerivedSources -F /Users/runner/Library/Developer/Xcode/DerivedData/ClaudeFiles-booopeqlitkdrwgkyxixaicupuay/Build/Intermediates.noindex/ArchiveIntermediates/ClaudeFiles/BuildProductsPath/Release-iphoneos -iquote /Users/runner/Library/Developer/Xcode/DerivedData/ClaudeFiles-booopeqlitkdrwgkyxixaicupuay/Build/Intermediates.noindex/ArchiveIntermediates/ClaudeFiles/IntermediateBuildFilesPath/ClaudeFiles.build/Release-iphoneos/ClaudeFiles.build/ClaudeFiles-generated-files.hmap -iquote /Users/runner/Library/Developer/Xcode/DerivedData/ClaudeFiles-booopeqlitkdrwgkyxixaicupuay/Build/Intermediates.noindex/ArchiveIntermediates/ClaudeFiles/IntermediateBuildFilesPath/ClaudeFiles.build/Release-iphoneos/ClaudeFiles.build/ClaudeFiles-project-headers.hmap -isystem /Applications/Xcode_16.1.app/Contents/Developer/Platforms/iPhoneOS.platform/Developer/SDKs/iPhoneOS18.1.sdk/usr/local/include -isystem /Applications/Xcode_16.1.app/Contents/Developer/Toolchains/XcodeDefault.xctoolchain/usr/lib/clang/16/include -internal-externc-isystem /Applications/Xcode_16.1.app/Contents/Developer/Platforms/iPhoneOS.platform/Developer/SDKs/iPhoneOS18.1.sdk/usr/include -internal-externc-isystem /Applications/Xcode_16.1.app/Contents/Developer/Toolchains/XcodeDefault.xctoolchain/usr/include -ivfsstatcache /Users/runner/Library/Developer/Xcode/DerivedData/SDKStatCaches.noindex/iphoneos18.1-22B74-a5999746ac4ace560a5a822e68842f47.sdkstatcache -std\=gnu11 -fmodules -fno-implicit-modules -fmax-type-align\=16 -fpascal-strings -fstack-check -fvisibility\=hidden -fvisibility-inlines-hidden-static-local-var -mdarwin-stkchk-strong-link -fno-odr-hash-protocols -pic-level 2 -fencode-extended-block-signature -stack-protector 1 -fgnuc-version\=4.2.1 -fblocks -ffp-contract\=on -fclang-abi-compat\=4.0 -fno-experimental-relative-c++-abi-vtables -fno-file-reproducible -clang-vendor-feature\=+disableNonDependentMemberExprInCurrentInstantiation -clang-vendor-feature\=+enableAggressiveVLAFolding -clang-vendor-feature\=+revert09abecef7bbf -clang-vendor-feature\=+thisNoAlignAttr -clang-vendor-feature\=+thisNoNullAttr -clang-vendor-feature\=+disableAtImportPrivateFrameworkInImplementationError -O2 -fdebug-compilation-dir\=/Users/runner/work/ClaudeFiles/ClaudeFiles -fcoverage-compilation-dir\=/Users/runner/work/ClaudeFiles/ClaudeFiles -fobjc-msgsend-selector-stubs -fregister-global-dtors-with-atexit -fno-strict-return -dwarf-version\=4 -debugger-tuning\=lldb -disable-llvm-verifier -dwarf-ext-refs -mframe-pointer\=non-leaf -funwind-tables\=1 -vectorize-loops -vectorize-slp -clear-ast-before-backend -discard-value-names -main-file-name CSBlob.c -finline-functions -debug-info-kind\=standalone -Os -fdiagnostics-hotness-threshold\=0 -fdiagnostics-misexpect-tolerance\=0 -D __GCC_HAVE_DWARF2_CFI_ASM\=1 -MT dependencies -dependency-file /Users/runner/Library/Developer/Xcode/DerivedData/ClaudeFiles-booopeqlitkdrwgkyxixaicupuay/Build/Intermediates.noindex/ArchiveIntermediates/ClaudeFiles/IntermediateBuildFilesPath/ClaudeFiles.build/Release-iphoneos/ClaudeFiles.build/Objects-normal/arm64/CSBlob.d -skip-unused-modulemap-deps

CompileC /Users/runner/Library/Developer/Xcode/DerivedData/ClaudeFiles-booopeqlitkdrwgkyxixaicupuay/Build/Intermediates.noindex/ArchiveIntermediates/ClaudeFiles/IntermediateBuildFilesPath/ClaudeFiles.build/Release-iphoneos/ClaudeFiles.build/Objects-normal/arm64/Base64.o /Users/runner/work/ClaudeFiles/ClaudeFiles/ClaudeFiles/FilzaJailedDS-SSV-Bypass/XPF/external/ChOma/src/Base64.c normal arm64 c com.apple.compilers.llvm.clang.1_0.compiler (in target 'ClaudeFiles' from project 'ClaudeFiles')
    cd /Users/runner/work/ClaudeFiles/ClaudeFiles
    
    Using response file: /Users/runner/Library/Developer/Xcode/DerivedData/ClaudeFiles-booopeqlitkdrwgkyxixaicupuay/Build/Intermediates.noindex/ArchiveIntermediates/ClaudeFiles/IntermediateBuildFilesPath/ClaudeFiles.build/Release-iphoneos/ClaudeFiles.build/Objects-normal/arm64/7187679823f38a2a940e0043cdf9d637-common-args.resp
    
    /Applications/Xcode_16.1.app/Contents/Developer/Toolchains/XcodeDefault.xctoolchain/usr/bin/clang -x c -ivfsstatcache /Users/runner/Library/Developer/Xcode/DerivedData/SDKStatCaches.noindex/iphoneos18.1-22B74-a5999746ac4ace560a5a822e68842f47.sdkstatcache -fmessage-length\=0 -fdiagnostics-show-note-include-stack -fmacro-backtrace-limit\=0 -fno-color-diagnostics -fmodules-prune-interval\=86400 -fmodules-prune-after\=345600 -fbuild-session-file\=/Users/runner/Library/Developer/Xcode/DerivedData/ModuleCache.noindex/Session.modulevalidation -fmodules-validate-once-per-build-session -Wnon-modular-include-in-framework-module -Werror\=non-modular-include-in-framework-module -Wno-trigraphs -Wno-missing-field-initializers -Wno-missing-prototypes -Werror\=return-type -Wdocumentation -Wunreachable-code -Wquoted-include-in-framework-header -Werror\=deprecated-objc-isa-usage -Werror\=objc-root-class -Wno-missing-braces -Wparentheses -Wswitch -Wunused-function -Wno-unused-label -Wno-unused-parameter -Wunused-variable -Wunused-value -Wempty-body -Wuninitialized -Wconditional-uninitialized -Wno-unknown-pragmas -Wno-shadow -Wno-four-char-constants -Wno-conversion -Wconstant-conversion -Wint-conversion -Wbool-conversion -Wenum-conversion -Wno-float-conversion -Wnon-literal-null-conversion -Wobjc-literal-conversion -Wshorten-64-to-32 -Wpointer-sign -Wno-newline-eof -Wno-implicit-fallthrough -fstrict-aliasing -Wdeprecated-declarations -Wno-sign-conversion -Winfinite-recursion -Wcomma -Wblock-capture-autoreleasing -Wstrict-prototypes -Wno-semicolon-before-method-body -Wunguarded-availability -Wno-unused-variable -Wno-shorten-64-to-32 -Wno-deprecated-declarations -Wno-unused-function -Wno-format -Wno-comma -Wno-incompatible-pointer-types-discards-qualifiers -Wno-strict-prototypes @/Users/runner/Library/Developer/Xcode/DerivedData/ClaudeFiles-booopeqlitkdrwgkyxixaicupuay/Build/Intermediates.noindex/ArchiveIntermediates/ClaudeFiles/IntermediateBuildFilesPath/ClaudeFiles.build/Release-iphoneos/ClaudeFiles.build/Objects-normal/arm64/7187679823f38a2a940e0043cdf9d637-common-args.resp -MMD -MT dependencies -MF /Users/runner/Library/Developer/Xcode/DerivedData/ClaudeFiles-booopeqlitkdrwgkyxixaicupuay/Build/Intermediates.noindex/ArchiveIntermediates/ClaudeFiles/IntermediateBuildFilesPath/ClaudeFiles.build/Release-iphoneos/ClaudeFiles.build/Objects-normal/arm64/Base64.d --serialize-diagnostics /Users/runner/Library/Developer/Xcode/DerivedData/ClaudeFiles-booopeqlitkdrwgkyxixaicupuay/Build/Intermediates.noindex/ArchiveIntermediates/ClaudeFiles/IntermediateBuildFilesPath/ClaudeFiles.build/Release-iphoneos/ClaudeFiles.build/Objects-normal/arm64/Base64.dia -c /Users/runner/work/ClaudeFiles/ClaudeFiles/ClaudeFiles/FilzaJailedDS-SSV-Bypass/XPF/external/ChOma/src/Base64.c -o /Users/runner/Library/Developer/Xcode/DerivedData/ClaudeFiles-booopeqlitkdrwgkyxixaicupuay/Build/Intermediates.noindex/ArchiveIntermediates/ClaudeFiles/IntermediateBuildFilesPath/ClaudeFiles.build/Release-iphoneos/ClaudeFiles.build/Objects-normal/arm64/Base64.o
/Applications/Xcode_16.1.app/Contents/Developer/Toolchains/XcodeDefault.xctoolchain/usr/bin/clang -cc1 -Wundef-prefix\=TARGET_OS_ -fdiagnostics-show-note-include-stack -fmacro-backtrace-limit\=0 -ferror-limit 19 -serialize-diagnostic-file /Users/runner/Library/Developer/Xcode/DerivedData/ClaudeFiles-booopeqlitkdrwgkyxixaicupuay/Build/Intermediates.noindex/ArchiveIntermediates/ClaudeFiles/IntermediateBuildFilesPath/ClaudeFiles.build/Release-iphoneos/ClaudeFiles.build/Objects-normal/arm64/Base64.dia -Wdeprecated-objc-isa-usage -Werror\=deprecated-objc-isa-usage -Werror\=implicit-function-declaration -Wnon-modular-include-in-framework-module -Werror\=non-modular-include-in-framework-module -Wno-trigraphs -Wno-missing-field-initializers -Wno-missing-prototypes -Werror\=return-type -Wdocumentation -Wunreachable-code -Wquoted-include-in-framework-header -Werror\=deprecated-objc-isa-usage -Werror\=objc-root-class -Wno-missing-braces -Wparentheses -Wswitch -Wunused-function -Wno-unused-label -Wno-unused-parameter -Wunused-variable -Wunused-value -Wempty-body -Wuninitialized -Wconditional-uninitialized -Wno-unknown-pragmas -Wno-shadow -Wno-four-char-constants -Wno-conversion -Wconstant-conversion -Wint-conversion -Wbool-conversion -Wenum-conversion -Wno-float-conversion -Wnon-literal-null-conversion -Wobjc-literal-conversion -Wshorten-64-to-32 -Wpointer-sign -Wno-newline-eof -Wno-implicit-fallthrough -Wdeprecated-declarations -Wno-sign-conversion -Winfinite-recursion -Wcomma -Wblock-capture-autoreleasing -Wstrict-prototypes -Wno-semicolon-before-method-body -Wunguarded-availability -Wno-unused-variable -Wno-shorten-64-to-32 -Wno-deprecated-declarations -Wno-unused-function -Wno-format -Wno-comma -Wno-incompatible-pointer-types-discards-qualifiers -Wno-strict-prototypes -Wno-reorder-init-list -Wno-implicit-int-float-conversion -Wno-c99-designator -Wno-final-dtor-non-final-class -Wno-extra-semi-stmt -Wno-misleading-indentation -Wno-implicit-fallthrough -Wno-enum-enum-conversion -Wno-enum-float-conversion -Wno-elaborated-enum-base -Wno-reserved-identifier -Wno-gnu-folding-constant -fmodule-map-file\=/Applications/Xcode_16.1.app/Contents/Developer/Toolchains/XcodeDefault.xctoolchain/usr/lib/clang/16/include/module.modulemap -fmodule-map-file\=/Applications/Xcode_16.1.app/Contents/Developer/Platforms/iPhoneOS.platform/Developer/SDKs/iPhoneOS.sdk/usr/include/c_standard_library.modulemap -o /Users/runner/Library/Developer/Xcode/DerivedData/ClaudeFiles-booopeqlitkdrwgkyxixaicupuay/Build/Intermediates.noindex/ArchiveIntermediates/ClaudeFiles/IntermediateBuildFilesPath/ClaudeFiles.build/Release-iphoneos/ClaudeFiles.build/Objects-normal/arm64/Base64.o -disable-free -emit-obj -x c /Users/runner/work/ClaudeFiles/ClaudeFiles/ClaudeFiles/FilzaJailedDS-SSV-Bypass/XPF/external/ChOma/src/Base64.c -target-abi darwinpcs -target-cpu apple-a7 -target-feature +v8a -target-feature +aes -target-feature +fp-armv8 -target-feature +sha2 -target-feature +neon -target-feature +zcm -target-feature +zcz -triple arm64-apple-ios16.0.0 -target-linker-version 1115.7.3 -target-sdk-version\=18.1 -fmodules-validate-system-headers -fno-modulemap-allow-subdirectory-search -isysroot /Applications/Xcode_16.1.app/Contents/Developer/Platforms/iPhoneOS.platform/Developer/SDKs/iPhoneOS18.1.sdk -resource-dir /Applications/Xcode_16.1.app/Contents/Developer/Toolchains/XcodeDefault.xctoolchain/usr/lib/clang/16 -fmodule-format\=obj -fmodule-file\=_Builtin_stdint\=/Users/runner/Library/Developer/Xcode/DerivedData/ClaudeFiles-booopeqlitkdrwgkyxixaicupuay/Build/Intermediates.noindex/ArchiveIntermediates/ClaudeFiles/IntermediateBuildFilesPath/ExplicitPrecompiledModules/_Builtin_stdint-ADHF6I6G8W6YCXLLFU2L5YLQ4.pcm -fmodule-file\=_stdlib\=/Users/runner/Library/Developer/Xcode/DerivedData/ClaudeFiles-booopeqlitkdrwgkyxixaicupuay/Build/Intermediates.noindex/ArchiveIntermediates/ClaudeFiles/IntermediateBuildFilesPath/ExplicitPrecompiledModules/_stdlib-1DGJ9QEK2CNM6D0JRBI8UT4KH.pcm -I /Users/runner/Library/Developer/Xcode/DerivedData/ClaudeFiles-booopeqlitkdrwgkyxixaicupuay/Build/Intermediates.noindex/ArchiveIntermediates/ClaudeFiles/IntermediateBuildFilesPath/ClaudeFiles.build/Release-iphoneos/ClaudeFiles.build/ClaudeFiles-own-target-headers.hmap -I /Users/runner/Library/Developer/Xcode/DerivedData/ClaudeFiles-booopeqlitkdrwgkyxixaicupuay/Build/Intermediates.noindex/ArchiveIntermediates/ClaudeFiles/IntermediateBuildFilesPath/ClaudeFiles.build/Release-iphoneos/ClaudeFiles.build/ClaudeFiles-all-target-headers.hmap -I /Users/runner/Library/Developer/Xcode/DerivedData/ClaudeFiles-booopeqlitkdrwgkyxixaicupuay/Build/Intermediates.noindex/ArchiveIntermediates/ClaudeFiles/BuildProductsPath/Release-iphoneos/include -I /Users/runner/work/ClaudeFiles/ClaudeFiles/ClaudeFiles/FilzaJailedDS-SSV-Bypass -I /Users/runner/work/ClaudeFiles/ClaudeFiles/ClaudeFiles/FilzaJailedDS-SSV-Bypass/kexploit -I /Users/runner/work/ClaudeFiles/ClaudeFiles/ClaudeFiles/FilzaJailedDS-SSV-Bypass/kpf -I /Users/runner/work/ClaudeFiles/ClaudeFiles/ClaudeFiles/FilzaJailedDS-SSV-Bypass/SSV -I /Users/runner/work/ClaudeFiles/ClaudeFiles/ClaudeFiles/FilzaJailedDS-SSV-Bypass/utils -I /Users/runner/work/ClaudeFiles/ClaudeFiles/ClaudeFiles/FilzaJailedDS-SSV-Bypass/XPF/src -I /Users/runner/work/ClaudeFiles/ClaudeFiles/ClaudeFiles/FilzaJailedDS-SSV-Bypass/XPF/external/ChOma/src -I /Users/runner/work/ClaudeFiles/ClaudeFiles/ClaudeFiles/FilzaJailedDS-SSV-Bypass/XPF/external/ChOma/include -I /Users/runner/work/ClaudeFiles/ClaudeFiles/ClaudeFiles/FilzaJailedDS-SSV-Bypass/shims -I /Users/runner/Library/Developer/Xcode/DerivedData/ClaudeFiles-booopeqlitkdrwgkyxixaicupuay/Build/Intermediates.noindex/ArchiveIntermediates/ClaudeFiles/IntermediateBuildFilesPath/ClaudeFiles.build/Release-iphoneos/ClaudeFiles.build/DerivedSources-normal/arm64 -I /Users/runner/Library/Developer/Xcode/DerivedData/ClaudeFiles-booopeqlitkdrwgkyxixaicupuay/Build/Intermediates.noindex/ArchiveIntermediates/ClaudeFiles/IntermediateBuildFilesPath/ClaudeFiles.build/Release-iphoneos/ClaudeFiles.build/DerivedSources/arm64 -I /Users/runner/Library/Developer/Xcode/DerivedData/ClaudeFiles-booopeqlitkdrwgkyxixaicupuay/Build/Intermediates.noindex/ArchiveIntermediates/ClaudeFiles/IntermediateBuildFilesPath/ClaudeFiles.build/Release-iphoneos/ClaudeFiles.build/DerivedSources -F /Users/runner/Library/Developer/Xcode/DerivedData/ClaudeFiles-booopeqlitkdrwgkyxixaicupuay/Build/Intermediates.noindex/ArchiveIntermediates/ClaudeFiles/BuildProductsPath/Release-iphoneos -iquote /Users/runner/Library/Developer/Xcode/DerivedData/ClaudeFiles-booopeqlitkdrwgkyxixaicupuay/Build/Intermediates.noindex/ArchiveIntermediates/ClaudeFiles/IntermediateBuildFilesPath/ClaudeFiles.build/Release-iphoneos/ClaudeFiles.build/ClaudeFiles-generated-files.hmap -iquote /Users/runner/Library/Developer/Xcode/DerivedData/ClaudeFiles-booopeqlitkdrwgkyxixaicupuay/Build/Intermediates.noindex/ArchiveIntermediates/ClaudeFiles/IntermediateBuildFilesPath/ClaudeFiles.build/Release-iphoneos/ClaudeFiles.build/ClaudeFiles-project-headers.hmap -isystem /Applications/Xcode_16.1.app/Contents/Developer/Platforms/iPhoneOS.platform/Developer/SDKs/iPhoneOS18.1.sdk/usr/local/include -isystem /Applications/Xcode_16.1.app/Contents/Developer/Toolchains/XcodeDefault.xctoolchain/usr/lib/clang/16/include -internal-externc-isystem /Applications/Xcode_16.1.app/Contents/Developer/Platforms/iPhoneOS.platform/Developer/SDKs/iPhoneOS18.1.sdk/usr/include -internal-externc-isystem /Applications/Xcode_16.1.app/Contents/Developer/Toolchains/XcodeDefault.xctoolchain/usr/include -ivfsstatcache /Users/runner/Library/Developer/Xcode/DerivedData/SDKStatCaches.noindex/iphoneos18.1-22B74-a5999746ac4ace560a5a822e68842f47.sdkstatcache -std\=gnu11 -fmodules -fno-implicit-modules -fmax-type-align\=16 -fpascal-strings -fstack-check -fvisibility\=hidden -fvisibility-inlines-hidden-static-local-var -mdarwin-stkchk-strong-link -fno-odr-hash-protocols -pic-level 2 -fencode-extended-block-signature -stack-protector 1 -fgnuc-version\=4.2.1 -fblocks -ffp-contract\=on -fclang-abi-compat\=4.0 -fno-experimental-relative-c++-abi-vtables -fno-file-reproducible -clang-vendor-feature\=+disableNonDependentMemberExprInCurrentInstantiation -clang-vendor-feature\=+enableAggressiveVLAFolding -clang-vendor-feature\=+revert09abecef7bbf -clang-vendor-feature\=+thisNoAlignAttr -clang-vendor-feature\=+thisNoNullAttr -clang-vendor-feature\=+disableAtImportPrivateFrameworkInImplementationError -O2 -fdebug-compilation-dir\=/Users/runner/work/ClaudeFiles/ClaudeFiles -fcoverage-compilation-dir\=/Users/runner/work/ClaudeFiles/ClaudeFiles -fobjc-msgsend-selector-stubs -fregister-global-dtors-with-atexit -fno-strict-return -dwarf-version\=4 -debugger-tuning\=lldb -disable-llvm-verifier -dwarf-ext-refs -mframe-pointer\=non-leaf -funwind-tables\=1 -vectorize-loops -vectorize-slp -clear-ast-before-backend -discard-value-names -main-file-name Base64.c -finline-functions -debug-info-kind\=standalone -Os -fdiagnostics-hotness-threshold\=0 -fdiagnostics-misexpect-tolerance\=0 -D __GCC_HAVE_DWARF2_CFI_ASM\=1 -MT dependencies -dependency-file /Users/runner/Library/Developer/Xcode/DerivedData/ClaudeFiles-booopeqlitkdrwgkyxixaicupuay/Build/Intermediates.noindex/ArchiveIntermediates/ClaudeFiles/IntermediateBuildFilesPath/ClaudeFiles.build/Release-iphoneos/ClaudeFiles.build/Objects-normal/arm64/Base64.d -skip-unused-modulemap-deps

Ld /Users/runner/Library/Developer/Xcode/DerivedData/ClaudeFiles-booopeqlitkdrwgkyxixaicupuay/Build/Intermediates.noindex/ArchiveIntermediates/ClaudeFiles/InstallationBuildProductsLocation/Applications/ClaudeFiles.app/ClaudeFiles normal (in target 'ClaudeFiles' from project 'ClaudeFiles')
    cd /Users/runner/work/ClaudeFiles/ClaudeFiles
    /Applications/Xcode_16.1.app/Contents/Developer/Toolchains/XcodeDefault.xctoolchain/usr/bin/clang -Xlinker -reproducible -target arm64-apple-ios16.0 -isysroot /Applications/Xcode_16.1.app/Contents/Developer/Platforms/iPhoneOS.platform/Developer/SDKs/iPhoneOS18.1.sdk -Os -L/Users/runner/Library/Developer/Xcode/DerivedData/ClaudeFiles-booopeqlitkdrwgkyxixaicupuay/Build/Intermediates.noindex/ArchiveIntermediates/ClaudeFiles/IntermediateBuildFilesPath/EagerLinkingTBDs/Release-iphoneos -L/Users/runner/Library/Developer/Xcode/DerivedData/ClaudeFiles-booopeqlitkdrwgkyxixaicupuay/Build/Intermediates.noindex/ArchiveIntermediates/ClaudeFiles/BuildProductsPath/Release-iphoneos -F/Users/runner/Library/Developer/Xcode/DerivedData/ClaudeFiles-booopeqlitkdrwgkyxixaicupuay/Build/Intermediates.noindex/ArchiveIntermediates/ClaudeFiles/IntermediateBuildFilesPath/EagerLinkingTBDs/Release-iphoneos -F/Users/runner/Library/Developer/Xcode/DerivedData/ClaudeFiles-booopeqlitkdrwgkyxixaicupuay/Build/Intermediates.noindex/ArchiveIntermediates/ClaudeFiles/BuildProductsPath/Release-iphoneos -filelist /Users/runner/Library/Developer/Xcode/DerivedData/ClaudeFiles-booopeqlitkdrwgkyxixaicupuay/Build/Intermediates.noindex/ArchiveIntermediates/ClaudeFiles/IntermediateBuildFilesPath/ClaudeFiles.build/Release-iphoneos/ClaudeFiles.build/Objects-normal/arm64/ClaudeFiles.LinkFileList -Xlinker -rpath -Xlinker @executable_path/Frameworks -dead_strip -Xlinker -object_path_lto -Xlinker /Users/runner/Library/Developer/Xcode/DerivedData/ClaudeFiles-booopeqlitkdrwgkyxixaicupuay/Build/Intermediates.noindex/ArchiveIntermediates/ClaudeFiles/IntermediateBuildFilesPath/ClaudeFiles.build/Release-iphoneos/ClaudeFiles.build/Objects-normal/arm64/ClaudeFiles_lto.o -Xlinker -final_output -Xlinker /Applications/ClaudeFiles.app/ClaudeFiles -fobjc-arc -fobjc-link-runtime -L/Applications/Xcode_16.1.app/Contents/Developer/Toolchains/XcodeDefault.xctoolchain/usr/lib/swift/iphoneos -L/usr/lib/swift -Xlinker -add_ast_path -Xlinker /Users/runner/Library/Developer/Xcode/DerivedData/ClaudeFiles-booopeqlitkdrwgkyxixaicupuay/Build/Intermediates.noindex/ArchiveIntermediates/ClaudeFiles/IntermediateBuildFilesPath/ClaudeFiles.build/Release-iphoneos/ClaudeFiles.build/Objects-normal/arm64/ClaudeFiles.swiftmodule -Xlinker -dependency_info -Xlinker /Users/runner/Library/Developer/Xcode/DerivedData/ClaudeFiles-booopeqlitkdrwgkyxixaicupuay/Build/Intermediates.noindex/ArchiveIntermediates/ClaudeFiles/IntermediateBuildFilesPath/ClaudeFiles.build/Release-iphoneos/ClaudeFiles.build/Objects-normal/arm64/ClaudeFiles_dependency_info.dat -o /Users/runner/Library/Developer/Xcode/DerivedData/ClaudeFiles-booopeqlitkdrwgkyxixaicupuay/Build/Intermediates.noindex/ArchiveIntermediates/ClaudeFiles/InstallationBuildProductsLocation/Applications/ClaudeFiles.app/ClaudeFiles
ld: warning: Could not parse or use implicit file '/Applications/Xcode_16.1.app/Contents/Developer/Platforms/iPhoneOS.platform/Developer/SDKs/iPhoneOS.sdk/System/Library/Frameworks/SwiftUICore.framework/SwiftUICore.tbd': cannot link directly with 'SwiftUICore' because product being built is not an allowed client of it
Undefined symbols for architecture arm64:
  "_g_exploitDone", referenced from:
      _patch_sandbox_ext in sandbox.o
  "_g_patching_in_progress", referenced from:
      _patch_sandbox_ext in sandbox.o
ld: symbol(s) not found for architecture arm64
clang: error: linker command failed with exit code 1 (use -v to see invocation)

note: Disabling previews because SWIFT_VERSION is set and SWIFT_OPTIMIZATION_LEVEL=-O, expected -Onone (in target 'ClaudeFiles' from project 'ClaudeFiles')
** ARCHIVE FAILED **


The following build commands failed:
	Ld /Users/runner/Library/Developer/Xcode/DerivedData/ClaudeFiles-booopeqlitkdrwgkyxixaicupuay/Build/Intermediates.noindex/ArchiveIntermediates/ClaudeFiles/InstallationBuildProductsLocation/Applications/ClaudeFiles.app/ClaudeFiles normal (in target 'ClaudeFiles' from project 'ClaudeFiles')
	Archiving project ClaudeFiles with scheme ClaudeFiles
(2 failures)
